[27/04/2019 - 13:18:41] - Admin {ffffff}Saimu{33ff00}: Evento Em Instantes, clique em 'SIM', para ir!
[28/02/2020 - 11:04:02] - Admin {ffffff}cloZe{33ff00}: GMX Em Instantes - Atualizações Diárias, Tire 'F8' (PRINT) Do Seu /RG!
[28/02/2020 - 11:04:08] - Admin {ffffff}cloZe{33ff00}: RC (Respawn de Carros) em instantes, entrem em seus veículos!
[28/02/2020 - 11:04:14] - Admin {ffffff}cloZe{33ff00}: Administrador Disponível! Se precisar de ajuda digite /relato que logo será atendido.
[28/02/2020 - 11:04:25] - Admin {ffffff}cloZe{33ff00}: RC (Respawn de Carros) + AB (Abastecimento) em instantes, entrem em seus veículos!
[28/02/2020 - 11:38:10] - Admin {ffffff}winRAR{33ff00}: oi
[28/02/2020 - 12:25:35] - Admin {ffffff}winRAR{33ff00}: ALO
[28/02/2020 - 13:07:17] - Admin {ffffff}winRAR{33ff00}: VO NO BANCOS
[03/03/2020 - 00:46:30] - Admin {ffffff}winRAR{33ff00}: asopdk
[21/06/2021 - 22:03:03] - [Admin Vgzinn_Zs]: isso ai depois vejo
[21/06/2021 - 22:03:07] - [Admin Vgzinn_Zs]: ate amanha
[21/06/2021 - 22:04:13] - [Admin Vgzinn_Zs]: dmr jajaj vejo isso
[21/06/2021 - 22:08:07] - [Admin Vgzinn_Zs]: olhem as regras pq agr nos n vai perdoa n
[21/06/2021 - 23:03:27] - [Admin Vgzinn]: NNN RIUQUEL
[21/06/2021 - 23:03:34] - [Admin Vgzinn]: SE DER GRANA VOU DA BAN
[21/06/2021 - 23:03:44] - [Admin Vgzinn]: JA DISSE Q VOLTO TUDO AO 0
[21/06/2021 - 23:04:47] - [Admin Vgzinn]: AI GANHA
[21/06/2021 - 23:04:58] - [Admin Vgzinn]: mais ta sem beneficio
[21/06/2021 - 23:05:06] - [Admin Vgzinn]: so esperar
[21/06/2021 - 23:05:33] - [Admin Vgzinn]: so qm compro é reebolsado
[21/06/2021 - 23:05:33] - [Admin Riquelme_Emanuel]: SE VG NAMORAR CMG EU VOU DOAR 10000000000KK PRA GERAL KKKKKKKK
[21/06/2021 - 23:05:39] - [Admin Vgzinn]: vsfd
[21/06/2021 - 23:05:39] - [Admin Riquelme_Emanuel]: ZOAS
[21/06/2021 - 23:05:59] - [Admin Vgzinn]: sem sei man
[21/06/2021 - 23:07:42] - [Admin Riquelme_Emanuel]: RAPAZIADA ASSIM QUE ESTIVER BASTANTE ORG E CORP VOU FAZER GUERRA
[21/06/2021 - 23:47:50] - [Admin Vgzinn]: se n mudar vou da adv na org!
[21/06/2021 - 23:52:07] - [Admin Riquelme_Emanuel]: BOA NOITE A TODOS ORGS DISP POR 7 INVITES E CORP POR 5 ADQUIRA JA!!! NO DS
[22/06/2021 - 00:53:01] - [Admin Riquelme_Emanuel]: PARA FALAR NO CHAT GLOBAL USE: /cl
[22/06/2021 - 18:29:30] - [Admin Vgzinn_Zs]: No
[22/06/2021 - 18:29:43] - [Admin Vgzinn_Zs]: No
[22/06/2021 - 18:29:49] - [Admin Vgzinn_Zs]: n sou pm~
[22/06/2021 - 19:01:14] - [Admin Vgzinn_Zs]: oxi pode ue
[24/06/2021 - 16:34:09] - [Admin Vgzinn_Zs]: fumassa vai toma no seu cur S2
[24/06/2021 - 18:54:17] - [Admin Riquelme_Emanuel]: quem quer x1 valendo 100k digita /bp eu
[24/06/2021 - 18:54:59] - [Admin Riquelme_Emanuel]: CALMA
[24/06/2021 - 18:56:12] - [Admin Riquelme_Emanuel]: mandei parar
[24/06/2021 - 18:57:38] - [Admin Riquelme_Emanuel]: se matar 20 min de cadeia sem do
[24/06/2021 - 18:57:46] - [Admin Riquelme_Emanuel]: sem atirar
[24/06/2021 - 18:58:14] - [Admin Riquelme_Emanuel]: calma
[24/06/2021 - 19:00:06] - [Admin Riquelme_Emanuel]: venha ak dnv
[24/06/2021 - 19:01:58] - [Admin Riquelme_Emanuel]: kauan e connor fica de lado esperando
[24/06/2021 - 19:05:28] - [Admin Riquelme_Emanuel]: kauan e connor agr
[24/06/2021 - 19:05:58] - [Admin Riquelme_Emanuel]: camaaa
[24/06/2021 - 19:06:01] - [Admin Riquelme_Emanuel]: calmaaaaaa
[24/06/2021 - 19:06:06] - [Admin Riquelme_Emanuel]: nem comecei porra karalho
[24/06/2021 - 19:06:16] - [Admin Riquelme_Emanuel]: 1
[24/06/2021 - 19:06:18] - [Admin Riquelme_Emanuel]: 2
[24/06/2021 - 19:06:19] - [Admin Riquelme_Emanuel]: 3
[24/06/2021 - 19:07:19] - [Admin Riquelme_Emanuel]: boa
[24/06/2021 - 19:07:27] - [Admin Riquelme_Emanuel]: eu e connor
[24/06/2021 - 19:09:56] - [Admin Riquelme_Emanuel]: connor
[24/06/2021 - 19:10:18] - [Admin Riquelme_Emanuel]: eu e connor dnv ele crashou
[24/06/2021 - 19:11:29] - [Admin Riquelme_Emanuel]: briga de carro agora
[24/06/2021 - 19:12:13] - [Admin Riquelme_Emanuel]: auto cbug top fumassa
[24/06/2021 - 19:12:30] - [Admin Riquelme_Emanuel]: ta constatando aki n me engana
[24/06/2021 - 19:13:28] - [Admin Riquelme_Emanuel]: connor pega teu carro
[24/06/2021 - 19:13:36] - [Admin Riquelme_Emanuel]: vem fumassa
[24/06/2021 - 19:13:43] - [Admin Riquelme_Emanuel]: vem fumassa
[24/06/2021 - 19:13:44] - [Admin Riquelme_Emanuel]: vem fumassa
[24/06/2021 - 19:13:45] - [Admin Riquelme_Emanuel]: vem fumassa
[24/06/2021 - 19:13:45] - [Admin Riquelme_Emanuel]: vem fumassa
[24/06/2021 - 19:13:46] - [Admin Riquelme_Emanuel]: vem fumassa
[24/06/2021 - 19:15:52] - [Admin Riquelme_Emanuel]: pega um carro fumassa gay
[24/06/2021 - 19:16:07] - [Admin Riquelme_Emanuel]: e so resenha pow mds
[24/06/2021 - 19:16:21] - [Admin Riquelme_Emanuel]: carrinho de bate  bate
[24/06/2021 - 19:16:59] - [Admin Riquelme_Emanuel]: KKKKK
[24/06/2021 - 19:18:00] - [Admin Riquelme_Emanuel]: sem auto cbug fumassa ou ban
[24/06/2021 - 19:19:07] - [Admin Riquelme_Emanuel]: vai de ban fdp sem auto
[24/06/2021 - 19:19:47] - [Admin Riquelme_Emanuel]: MOMENTO RESENHA ATIVADO
[24/06/2021 - 19:20:16] - [Admin Riquelme_Emanuel]: MOMENTO RESENHA ATIVADO
[24/06/2021 - 19:20:18] - [Admin Riquelme_Emanuel]: MOMENTO RESENHA ATIVADO
[24/06/2021 - 19:20:19] - [Admin Riquelme_Emanuel]: MOMENTO RESENHA ATIVADO
[24/06/2021 - 19:20:19] - [Admin Riquelme_Emanuel]: MOMENTO RESENHA ATIVADO
[24/06/2021 - 19:20:20] - [Admin Riquelme_Emanuel]: MOMENTO RESENHA ATIVADO
[24/06/2021 - 19:20:20] - [Admin Riquelme_Emanuel]: MOMENTO RESENHA ATIVADO
[24/06/2021 - 19:20:21] - [Admin Riquelme_Emanuel]: MOMENTO RESENHA ATIVADO
[24/06/2021 - 19:21:17] - [Admin Riquelme_Emanuel]: geral fica aki na groove
[24/06/2021 - 19:38:05] - [Admin Riquelme_Emanuel]: QUEREM COMPETICAO? /BP EU
[24/06/2021 - 19:38:28] - [Admin Riquelme_Emanuel]: EU VGZADA OLHA ZAP
[24/06/2021 - 19:38:32] - [Admin Riquelme_Emanuel]: EI*
[24/06/2021 - 19:40:29] - [Admin Vgzinn_Zs]: SE CONTINUAR CONNOR VAI DE BAN.
[24/06/2021 - 19:40:39] - [Admin Riquelme_Emanuel]: JA PRDEU PARCERIA 
[24/06/2021 - 19:46:31] - [Admin Vgzinn_Zs]: /ban jaja vai ser resolbido
[24/06/2021 - 19:46:35] - [Admin Vgzinn_Zs]: /ban jaja vai ser resolvido
[24/06/2021 - 19:55:31] - [Admin Riquelme_Emanuel]: GERAL CONTRA MIM DE BAZUKA
[24/06/2021 - 19:55:51] - [Admin Riquelme_Emanuel]: KKKK  
[24/06/2021 - 20:01:56] - [Admin Riquelme_Emanuel]: EU SOU O MESTRE DOS MAGOS
[24/06/2021 - 20:04:49] - [Admin Riquelme_Emanuel]: geral entra no,onibus
[24/06/2021 - 21:31:44] - [Admin Jaozin_Silva]: Administrador Disponível! Se precisar de ajuda digite /relato que logo será atendido.
[24/06/2021 - 23:14:52] - [Admin Riquelme_Emanuel]: BOA NOITE GOSTOSAS
[24/06/2021 - 23:15:14] - [Admin Riquelme_Emanuel]: ADEMIRO ON
[24/06/2021 - 23:15:37] - [Admin Riquelme_Emanuel]: CASO QUEIRE FALAR COM TODOS USE /BP
[25/06/2021 - 00:44:26] - [Admin Riquelme_Emanuel]: QUEM CHEGAR NA PRACA DA PREFEITURA PRIMEIRO GANHA 200k
[25/06/2021 - 00:45:03] - [Admin Riquelme_Emanuel]: wilian vencendor
[25/06/2021 - 00:46:16] - [Admin Riquelme_Emanuel]: QM CHEGAR NA GROOVE GANHA 200k
[25/06/2021 - 00:46:55] - [Admin Riquelme_Emanuel]: fumassa ganhado
[25/06/2021 - 01:41:23] - [Admin Riquelme_Emanuel]: ADM ON QUALQUER DUVIDA /RELATORIO
[25/06/2021 - 01:42:48] - [Admin Riquelme_Emanuel]: 10 ON EVENTINHO VALENDO CARRO DE INV
[25/06/2021 - 01:51:39] - [Admin Vgzinn_Zs]: NAO me chamem pq to ocupado okay?
[25/06/2021 - 01:53:56] - [Admin Riquelme_Emanuel]: 10 ON EVENTINHO VALENDO INFERNUS DE INV EITAAA
[25/06/2021 - 01:54:05] - [Admin Riquelme_Emanuel]: FALTA SO 1
[25/06/2021 - 01:54:57] - [Admin Riquelme_Emanuel]: 10 ON EVENTO VALENDO nrg500 DE INV
[25/06/2021 - 01:55:39] - [Admin Riquelme_Emanuel]: VAMOS SO ESCOLHER UM EVENTO CALMEM
[25/06/2021 - 01:56:47] - [Admin Vgzinn_Zs]: ele vai da rlx
[25/06/2021 - 02:01:42] - [Admin Riquelme_Emanuel]: QM GANHOU?
[25/06/2021 - 02:03:01] - [Admin Riquelme_Emanuel]: EVENTINHO VALENDO 200k ??????
[25/06/2021 - 02:05:28] - [Admin Riquelme_Emanuel]: KAUA VENCEDOR
[25/06/2021 - 02:06:08] - [Admin Riquelme_Emanuel]: QUAL QUEREM?
[25/06/2021 - 02:09:19] - [Admin Riquelme_Emanuel]: EVENTO VALENDO 500K AGORA
[25/06/2021 - 02:11:17] - [Admin Riquelme_Emanuel]: KKKKKKKKK SATISFACAO RAPAZIADA
[25/06/2021 - 02:18:56] - [Admin Riquelme_Emanuel]: EVENTOS FINALIZADOS POR HJ
[25/06/2021 - 03:01:36] - [Admin Menor_vl]: rc em 10 segundos 
[25/06/2021 - 12:15:25] - [Admin Riquelme_Emanuel]: QUER FALAR NO BATE PAPO? USE /P
[25/06/2021 - 12:15:29] - [Admin Riquelme_Emanuel]: QUER FALAR NO BATE PAPO? USE /BP
[25/06/2021 - 15:15:08] - [Admin Riquelme_Emanuel]: RECRUTAMENTO STAFF ON AGORA NO DS!!!!
[25/06/2021 - 15:15:12] - [Admin Riquelme_Emanuel]: RECRUTAMENTO STAFF ON AGORA NO DS!!!!
[25/06/2021 - 15:15:12] - [Admin Riquelme_Emanuel]: RECRUTAMENTO STAFF ON AGORA NO DS!!!!
[25/06/2021 - 15:15:22] - [Admin Riquelme_Emanuel]: RECRUTAMENTO STAFF ON AGORA NO DS!!!!
[25/06/2021 - 15:47:57] - [Admin Riquelme_Emanuel]: REC STAFF OFF 15 HRS TEM MAS
[25/06/2021 - 15:48:20] - [Admin Riquelme_Emanuel]: SE BATER 15 ON VAMOS FAZER EVETINHO RAPAZIADA DIVULGA AI EM
[25/06/2021 - 15:48:46] - [Admin Riquelme_Emanuel]: SE BATER 15 ON VAMOS FAZER EVENTINHO DIVULGA AI EMM EITAAA
[25/06/2021 - 15:49:16] - [Admin Riquelme_Emanuel]: NA VDD QM QUISER EVENTO AI DA /BP EU
[25/06/2021 - 15:49:36] - [Admin Riquelme_Emanuel]: VALENDO 300K
[25/06/2021 - 15:49:55] - [Admin Riquelme_Emanuel]: EVENTO DE CORRIDA? /bp sim
[25/06/2021 - 15:50:26] - [Admin Riquelme_Emanuel]: VOU FAZER VARIAS CORRIDAS ENTAO PQ TEM,MTS KKKKK
[25/06/2021 - 15:50:38] - [Admin Riquelme_Emanuel]: CORRIDA DE BARCO
[25/06/2021 - 15:57:06] - [Admin Riquelme_Emanuel]: EVENTINHO VALENDO 1 REAL?
[25/06/2021 - 16:02:42] - [Admin Vgzinn_Zs]: Gmx Em Instantes!
[25/06/2021 - 16:05:22] - [Admin Vgzinn_Zs]: rapaziada KKKKKKKKKKKKKKK fiz merda
[25/06/2021 - 16:05:30] - [Admin Vgzinn_Zs]: jaja do outra gmx
[25/06/2021 - 16:05:48] - [Admin Vgzinn_Zs]: claro KKKKKKKKKKKK
[25/06/2021 - 16:06:06] - [Admin Vgzinn_Zs]: DIFICIL
[25/06/2021 - 16:06:28] - [Admin Vgzinn_Zs]: ata 
[25/06/2021 - 16:06:37] - [Admin Vgzinn_Zs]: tlgd ksksksksk
[25/06/2021 - 16:07:02] - [Admin Vgzinn_Zs]: RAPAZIADA DE ORG SO PODE 157 N PODE CAXINHA!!!!!!!!!!!
[25/06/2021 - 16:10:33] - [Admin Vgzinn_Zs]: MAIS Q PORRAAA FIZ ERRADO DNV
[25/06/2021 - 16:11:21] - [Admin Vgzinn_Zs]: gente toma cuidado q na praça ta um limbo
[25/06/2021 - 16:11:27] - [Admin Vgzinn_Zs]: to resolvendo ja
[25/06/2021 - 16:19:24] - [Admin Riquelme_Emanuel]: SE NOS BATER 15 ON VAMOS FAZER O EVENTO 7 DE SETEMBRO ENTAO JA DIVULGA AI PR SEU AMIGO O SERVE
[25/06/2021 - 16:25:25] - [Admin Vgzinn_Zs]: falei pra n ir praca
[25/06/2021 - 16:25:31] - [Admin Vgzinn_Zs]: gmx em 10 segundos
[25/06/2021 - 16:27:11] - [Admin Vgzinn_Zs]: renicia
[25/06/2021 - 16:27:18] - [Admin Vgzinn_Zs]: gente descula os /gmx
[25/06/2021 - 16:27:29] - [Admin Vgzinn_Zs]: mais arrumei a praça
[25/06/2021 - 16:27:59] - [Admin Riquelme_Emanuel]: LEMBRANDO OS BANDIDOS PODEM ROUBAR MAS SO 157 MAO ARMADA NDA DE CAIXINHA
[25/06/2021 - 16:31:51] - [Admin Riquelme_Emanuel]: 15 ON EVENTO 7 DE SETEMBRO EM
[25/06/2021 - 16:32:34] - [Admin Riquelme_Emanuel]: 15 ON EVENTO 7 DE SETEMBRO EM
[25/06/2021 - 16:35:01] - [Admin Riquelme_Emanuel]: DIVULGA O SV RAPAZIADA BATER 15 ON
[25/06/2021 - 16:38:54] - [Admin Vgzinn_Zs]: base é safe
[25/06/2021 - 16:41:54] - [Admin Vgzinn_Zs]: bora rapaziada 15 on sorteio
[25/06/2021 - 16:41:57] - [Admin Vgzinn_Zs]: bora rapaziada 15 on sorteio
[25/06/2021 - 16:45:54] - [Admin Vgzinn_Zs]: conce jaja ta pronta em hehe
[25/06/2021 - 16:51:08] - [Admin Vgzinn_Zs]: tem print?
[25/06/2021 - 16:54:26] - [Admin Vgzinn_Zs]: RC (Respawn de Carros) em instantes, entrem em seus veículos!
[25/06/2021 - 17:10:01] - [Admin Riquelme_Emanuel]: EVENTO?
[25/06/2021 - 17:11:01] - [Admin Riquelme_Emanuel]: QUEREM GUERRA NO MORRO?
[25/06/2021 - 17:11:35] - [Admin Vgzinn_Zs]: GUERRA DO MORRO AEEE
[25/06/2021 - 17:11:38] - [Admin Riquelme_Emanuel]: GERAL MORRO TROCAR TIRO
[25/06/2021 - 17:12:05] - [Admin Vgzinn_Zs]: SO ORGS!
[25/06/2021 - 17:12:15] - [Admin Vgzinn_Zs]: SE EU VER CIVIL LA VOU DA CADEIA
[25/06/2021 - 17:14:22] - [Admin Riquelme_Emanuel]: EVENTINHO VALENDO 100k BORA?
[25/06/2021 - 17:17:37] - [Admin Riquelme_Emanuel]: todos veio?
[25/06/2021 - 21:06:41] - [Admin Riquelme_Emanuel]: EVENTO?
[25/06/2021 - 21:06:50] - [Admin Riquelme_Emanuel]: /BP SIM
[25/06/2021 - 21:07:03] - [Admin Riquelme_Emanuel]: EVENTO? /bp SIM
[25/06/2021 - 21:12:57] - [Admin Riquelme_Emanuel]: /HORAS
[25/06/2021 - 21:14:11] - [Admin Riquelme_Emanuel]: SV CAIU
[25/06/2021 - 21:17:12] - [Admin Riquelme_Emanuel]: EVENTO?
[25/06/2021 - 21:17:49] - [Admin Riquelme_Emanuel]: VALENDO 500K
[25/06/2021 - 21:18:57] - [Admin Riquelme_Emanuel]: 15 ON EVENTO 7 DE SETEMBRO
[25/06/2021 - 21:21:05] - [Admin Riquelme_Emanuel]: 15 ON EVENTO 7 DE SETEMBRO
[25/06/2021 - 21:27:55] - [Admin Riquelme_Emanuel]: ADM TRABALHANDO
[25/06/2021 - 21:34:59] - [Admin Riquelme_Emanuel]: QUER FALAR COM TODOS? /bp
[25/06/2021 - 21:57:05] - [Admin Riquelme_Emanuel]: 15 ON PORRAAAAAAAAAAA
[25/06/2021 - 21:57:21] - [Admin Riquelme_Emanuel]: BORA BATER 20 ON RAPAZIADAAAA
[25/06/2021 - 21:57:23] - [Admin Riquelme_Emanuel]: BORA BATER 20 ON RAPAZIADAAAA
[25/06/2021 - 22:08:23] - [Admin Riquelme_Emanuel]: CAIXINHA LIBERADO!!!!
[25/06/2021 - 22:08:26] - [Admin Riquelme_Emanuel]: CAIXINHA LIBERADO!!!!
[25/06/2021 - 22:08:28] - [Admin Riquelme_Emanuel]: CAIXINHA LIBERADO!!!!
[25/06/2021 - 22:10:34] - [Admin Riquelme_Emanuel]: PODEM FAZER CAIXINHA
[25/06/2021 - 22:58:11] - [Admin Vgzinn]: olhem as regras para n ser punido em!
[25/06/2021 - 23:06:48] - [Admin Vgzinn]: rapaziada o voip ta normal? fala no /bp
[25/06/2021 - 23:54:13] - [Admin Menor_vl]: RC EM 10 segundos 
[26/06/2021 - 00:21:47] - [Admin Riquelme_Emanuel]: 10 ON EVENTO JA DIVULGA O SV
[26/06/2021 - 00:41:29] - [Admin Riquelme_Emanuel]: QUEM LEU E GAY
[26/06/2021 - 01:35:59] - [Admin Riquelme_Emanuel]: ALGM JA VIU A FAVELA DO MORRO?
[26/06/2021 - 01:37:30] - [Admin Riquelme_Emanuel]: QUEREM GUERRA DO MORRO?
[26/06/2021 - 01:38:13] - [Admin Vgzinn]: Rapaziada Depois Vejam O Aviso No Discord
[26/06/2021 - 01:38:21] - [Admin Riquelme_Emanuel]: CIVIL N VEM GUERRA OU CADEIA
[26/06/2021 - 02:13:27] - [Admin Vgzinn]: RC (Respawn de Carros) em instantes, entrem em seus veículos!
[26/06/2021 - 02:14:00] - [Admin Vgzinn]: rapaziada vou testar um cmd novo aq
[26/06/2021 - 02:14:09] - [Admin Vgzinn]: se cair ele so vai reniciar
[26/06/2021 - 02:40:16] - [Admin Vgzinn]: N VEM NO CAIXA
[26/06/2021 - 02:40:22] - [Admin Vgzinn]: TESTENANDO UM NGC
[26/06/2021 - 03:03:44] - [Admin Menor_vl]: rc em 10 segundos 
[26/06/2021 - 14:49:42] - [Admin Riquelme_Emanuel]: YT NO SERVE RAPAZIAD
[26/06/2021 - 14:49:45] - [Admin Riquelme_Emanuel]: YT NO SERVE RAPAZIADA
[26/06/2021 - 14:50:16] - [Admin Riquelme_Emanuel]: ELE SO FOI TROCAR DE GRAVADOR PQ N SAI A VOZ DELE
[26/06/2021 - 14:50:34] - [Admin Riquelme_Emanuel]: ENQUANTO ISSO,ADM ON
[26/06/2021 - 15:20:26] - [Admin Riquelme_Emanuel]: 15 ON EVENTO VALENDO 800k
[26/06/2021 - 15:26:20] - [Admin Riquelme_Emanuel]: ESPERA CONTINUAR ACAO MANDRAKINHO
[26/06/2021 - 15:31:54] - [Admin Riquelme_Emanuel]: EVENTO?
[26/06/2021 - 15:32:11] - [Admin Riquelme_Emanuel]: EVENTO? 5 /bp sim dou evento
[26/06/2021 - 15:32:53] - [Admin Riquelme_Emanuel]: TO PENSANDO EM FAZER GUERRA DO MORRO
[26/06/2021 - 15:33:19] - [Admin Riquelme_Emanuel]: GUERRA DO MORRO INICIADA
[26/06/2021 - 15:38:44] - [Admin Riquelme_Emanuel]: PODEM SE MATAR
[26/06/2021 - 15:40:47] - [Admin Riquelme_Emanuel]: GUERRA DO MORROOOO
[26/06/2021 - 15:41:58] - [Admin Riquelme_Emanuel]: QM FOR GUERRA DO MORRO SOBE FAVELA POR CIMA POR BAIXO BUGA
[26/06/2021 - 15:44:41] - [Admin Riquelme_Emanuel]: SE CRASHOU SIM
[26/06/2021 - 15:45:06] - [Admin Riquelme_Emanuel]: EVITEM PG LUCAS DESCEU AS ESCADAS DE CARRO BLINDADO DA PM
[26/06/2021 - 15:46:51] - [Admin Riquelme_Emanuel]: NAO ME MATA PORRA
[26/06/2021 - 15:48:01] - [Admin Riquelme_Emanuel]: QM MORRER VOLTA E FDS
[26/06/2021 - 15:53:12] - [Admin Riquelme_Emanuel]: MAS PRA FRENTE VAI TER HS,RAPAZIADA
[26/06/2021 - 15:53:25] - [Admin Riquelme_Emanuel]: TAMO NO,PROJETO DE BOTAR HS
[26/06/2021 - 15:55:08] - [Admin Riquelme_Emanuel]: QUEM A MELHOR ORG ? PCC OU CV?
[26/06/2021 - 15:59:47] - [Admin Riquelme_Emanuel]: CADE VCS MORRO RAPAZIADAAAAAAA
[26/06/2021 - 16:06:01] - [Admin Menor_vl]: rc em 10 segundos 
[26/06/2021 - 16:07:22] - [Admin Riquelme_Emanuel]: 2 DA TARDE TEM GUERRA DNV EMM
[26/06/2021 - 16:08:39] - [Admin Menor_vl]: rc em 10 segundos 
[26/06/2021 - 17:01:38] - [Admin Riquelme_Emanuel]: NRA(ARMADO SAFE) PREFEITURA E SAFE PORRA
[26/06/2021 - 17:07:14] - [Admin Vgzinn]: Rapaziada Aconteceu Outro Bug?
[26/06/2021 - 17:08:08] - [Admin Vgzinn]: se reniciar dnv seis manda pra mim
[26/06/2021 - 17:35:33] - [Admin Vgzinn]: QM VIM NO HOSPITAL GANHA 40K
[26/06/2021 - 17:35:43] - [Admin Vgzinn]: DE LS
[26/06/2021 - 17:40:51] - [Admin Riquelme_Emanuel]: QM CHEGAR NA PREFEITURA GANHA 50K
[26/06/2021 - 17:48:10] - [Admin Riquelme_Emanuel]: valendo 500k
[26/06/2021 - 17:52:15] - [Admin Riquelme_Emanuel]: VOU FAZER OUTRO FALLOUT MAS IREI TELAR VOU TROLAR E TENTSR DERRUBAR
[26/06/2021 - 17:56:16] - [Admin Riquelme_Emanuel]: QUEREM EVENTO DE CORRIDA A PE?
[26/06/2021 - 18:49:29] - [Admin Vgzinn]: se ficar dando mais de 50k fumassa vou da reset na org
[26/06/2021 - 18:49:43] - [Admin Vgzinn]: 500k por dia pra um motorista ta doido é?
[26/06/2021 - 18:49:52] - [Admin Vgzinn]: seu eu fica sabendo vou da reset.
[26/06/2021 - 22:41:08] - [Admin Vgzinn]: RC (Respawn de Carros) em instantes, entrem em seus veículos!
[26/06/2021 - 23:17:14] - [Admin Menor_vl]: rc em 10 segundos
[26/06/2021 - 23:30:47] - [Admin Vgzinn]: se eu souber qm ta colocando bot vai perde a net
[26/06/2021 - 23:33:06] - [Admin Vgzinn]: sem xingamentos.
[26/06/2021 - 23:38:59] - [Admin Vgzinn]: se eu pegar o registro de kills posso da ban na pm inteira?
[26/06/2021 - 23:39:17] - [Admin Vgzinn]: e tão invadindo sem avisar
[26/06/2021 - 23:39:37] - [Admin Vgzinn]: se tiver print ou video denuncia
[26/06/2021 - 23:40:03] - [Admin Vgzinn]: se tiver print ou video denuncia
[26/06/2021 - 23:40:35] - [Admin Vgzinn]: ue se n dava vc n tava na cadeia staff agr
[26/06/2021 - 23:49:56] - [Admin Vgzinn]: RC (Respawn de Carros) em instantes, entrem em seus veículos!
[26/06/2021 - 23:51:26] - [Admin Menor_vl]: quem for participar do evento entra call
[26/06/2021 - 23:55:30] - [Admin Vgzinn]: so qm tiver call q vou puxar
[26/06/2021 - 23:56:37] - [Admin Vgzinn]: so qm tiver call q vou puxar
[26/06/2021 - 23:59:08] - [Admin Vgzinn]: so qm tiver call
[26/06/2021 - 23:59:59] - [Admin Vgzinn]: so qm tiver call
[27/06/2021 - 03:02:20] - [Admin Vgzinn]: RC (Respawn de Carros) em instantes, entrem em seus veículos!
[27/06/2021 - 03:24:02] - [Admin Riquelme_Emanuel]: VOU TROLAR NO EVENTO FICAR MAS DIFICIL EMM
[27/06/2021 - 03:44:35] - [Admin Riquelme_Emanuel]: VOU FAZER EVENTO DE CORRIDA QM DER ESC OU TAB PRA IR NA FRENTE VAI DE KICK
[27/06/2021 - 03:51:14] - [Admin Riquelme_Emanuel]: GUERRA DO MORRO? /bp sim
[27/06/2021 - 04:36:55] - [Admin Menor_vl]: rc em 10 segundos
[27/06/2021 - 04:56:31] - [Admin Vgzinn]: foi jantar
[27/06/2021 - 04:57:29] - [Admin Vgzinn]: foi jantar
[27/06/2021 - 16:13:47] - [Admin Riquelme_Emanuel]: /CAIXINHA
[27/06/2021 - 16:16:59] - [Admin Riquelme_Emanuel]: PODEM FAZER CAIXINHA TA DANDO 70 K AGORA
[27/06/2021 - 16:34:51] - [Admin Vgzinn]: quando bater 25 mandem print huh vou mimi
[27/06/2021 - 16:59:54] - [Admin Riquelme_Emanuel]: QUEM USAR /BP PARA SEQUESTRAR E ALGM VER DENUNCIA PARA SEQUESTRAR ENCONTRE A PESSOAS
[27/06/2021 - 18:08:25] - [Admin Vgzinn]: RC (Respawn de Carros) em instantes, entrem em seus veículos!
[27/06/2021 - 18:43:35] - [Admin Vgzinn]: RC (Respawn de Carros) em instantes, entrem em seus veículos!
[27/06/2021 - 18:58:32] - [Admin Vgzinn]: qm vim atrapalhar vou da cadeia
[27/06/2021 - 19:01:50] - [Admin Vgzinn]: orgs novas sera add em breve emm 
[27/06/2021 - 19:27:37] - [Admin Vgzinn]: RC (Respawn de Carros) em instantes, entrem em seus veículos!
[27/06/2021 - 23:05:30] - [Admin Riquelme_Emanuel]: YT VAI VIM GRAVAR RAPAZIADA
[27/06/2021 - 23:13:52] - [Admin Vgzinn]: GG RAPAZIADA SO AGRADECEE
[27/06/2021 - 23:13:53] - [Admin Menor_vl]: e o bvl no topo
[27/06/2021 - 23:14:36] - [Admin Vgzinn]: sorteio sera no discord jaja
[27/06/2021 - 23:25:39] - [Admin Riquelme_Emanuel]: /BP
[27/06/2021 - 23:58:00] - [Admin Menor_vl]: sorteio on no dc
[28/06/2021 - 00:00:58] - [Admin Vgzinn]: RC (Respawn de Carros) em instantes, entrem em seus veículos!
[28/06/2021 - 02:09:18] - [Admin Natan_Insane]: ESTOU ON PARA QUALQUER DUVIDA DE /N OU /RELATORIO
[28/06/2021 - 02:11:03] - [Admin Natan_Insane]: ESTOU ON PARA QUALQUER DUVIDA DE /N OU /RELATORIO
[28/06/2021 - 02:15:23] - [Admin Natan_Insane]: ESTOU ON PARA QUALQUER DUVIDA DE /N OU /RELATORIO
[28/06/2021 - 02:19:13] - [Admin Natan_Insane]: ESTOU ON PARA QUALQUER DUVIDA DE /N OU /RELATORIO
[28/06/2021 - 02:19:55] - [Admin Natan_Insane]: RC EM 10 SEGUNDOS ENTREM EM SEUS CARROS
[28/06/2021 - 02:23:14] - [Admin Natan_Insane]: ESTOU ON PARA QUALQUER DUVIDA DE /N OU /RELATORIO
[28/06/2021 - 02:30:46] - [Admin Natan_Insane]: ESTOU ON PARA QUALQUER DUVIDA DE /N OU /RELATORIO
[28/06/2021 - 02:38:01] - [Admin Natan_Insane]: ESTOU ON PARA QUALQUER DUVIDA DE /N OU /RELATORIO
[28/06/2021 - 02:43:53] - [Admin Natan_Insane]: ESTOU ON PARA QUALQUER DUVIDA DE /N OU /RELATORIO
[28/06/2021 - 03:53:32] - [Admin Natan_Insane]: QUALQUER DUVIDA DE /N OU /RELATORIO
[28/06/2021 - 17:05:29] - [Admin Vgzinn]: guerra ja comeco
[28/06/2021 - 17:05:35] - [Admin Vgzinn]: sim
[28/06/2021 - 17:07:18] - [Admin Vgzinn]: regras att
[28/06/2021 - 17:09:25] - [Admin Vgzinn]: sim
[28/06/2021 - 17:37:00] - [Admin Riquelme_Emanuel]: BOA TARDE FMLL
[28/06/2021 - 17:37:51] - [Admin Riquelme_Emanuel]: PARABENS,PM
[28/06/2021 - 17:38:18] - [Admin Riquelme_Emanuel]: EVENTO? /bp sim
[28/06/2021 - 21:29:00] - [Admin Vgzinn]: GMX Em Instantes - Atualizações Diárias, Tire 'F8' (PRINT) Do Seu /RG!
[28/06/2021 - 21:32:14] - [Admin Vgzinn]: RC (Respawn de Carros) em instantes, entrem em seus veículos!
[29/06/2021 - 00:09:03] - [Admin Vgzinn]: RC (Respawn de Carros) em instantes, entrem em seus veículos!
[29/06/2021 - 00:39:12] - [Admin Riquelme_Emanuel]: GERAL /CONTRATO 9 2000
[29/06/2021 - 00:39:27] - [Admin Riquelme_Emanuel]: kkkkk
[29/06/2021 - 00:40:18] - [Admin Riquelme_Emanuel]: 15 ON MORRIN
[29/06/2021 - 00:59:47] - [Admin Vgzinn]: RC (Respawn de Carros) em instantes, entrem em seus veículos!
[29/06/2021 - 14:36:53] - [Admin Riquelme_Emanuel]: LIDER DA HITMANS CALL SUPORTE IMEDIATAMENTE!
[29/06/2021 - 14:49:18] - [Admin Vgzinn]: hitmans se n perdir tag no discord vai tomar adv
[29/06/2021 - 14:50:25] - [Admin Vgzinn]: okay
[29/06/2021 - 15:12:46] - [Admin Riquelme_Emanuel]: CASO FUGA EXISTE O 1/3 SE BATER EM ALGO DA 1/3 SE BATER 2/3 se bater 3/3 E SE NAO PARA E CADEIA
[29/06/2021 - 15:19:37] - [Admin Riquelme_Emanuel]: SEM RPFTW GLR
[29/06/2021 - 15:21:42] - [Admin Natan_Insane]: CUIDADO COM  O ANT RP TROPA TENTEM FAZER O RP DEREITINHO
[29/06/2021 - 15:21:51] - [Admin Riquelme_Emanuel]: EVENTO? /BP SIM
[29/06/2021 - 15:35:45] - [Admin Riquelme_Emanuel]: EVENTINHO BBS?
[29/06/2021 - 15:36:29] - [Admin Riquelme_Emanuel]: VALENDO 500K
[29/06/2021 - 15:46:05] - [Admin Riquelme_Emanuel]: DENUNCIEM
[29/06/2021 - 16:01:32] - [Admin Riquelme_Emanuel]: PORRA HITMANS NAO VAI MORRO SO GANGUES E FACCAO HITMANS E ORG ASSASINA
[29/06/2021 - 16:02:05] - [Admin Riquelme_Emanuel]: PORRA HITMANS NAO VAI MORRO SO GANGUES E FACCAO HITMANS E ORG ASSASINA
[29/06/2021 - 16:09:49] - [Admin Riquelme_Emanuel]: GUERRA NO PIER QUEM VEM? GERAL PODE VIM
[29/06/2021 - 16:10:28] - [Admin Riquelme_Emanuel]: GUERRA NO PIER GERAL PODE VIM MENOS CIVIL VALE TUDO
[29/06/2021 - 16:11:32] - [Admin Riquelme_Emanuel]: GUERRA NO PIER GERAL PODE VIM MENOS CIVIL VALE TUDO NO PIER DA RODA GIGANTE
[29/06/2021 - 16:12:54] - [Admin Riquelme_Emanuel]: ESSA GUERRA E PRA ORGS Q N PODEM MORRO TODAS AS ORGS VEEMMM
[29/06/2021 - 16:13:20] - [Admin Riquelme_Emanuel]: GUERRA NO PIER GERAL PODE VIM MENOS CIVIL VALE TUDO NO PIER DA RODA GIGANTE
[29/06/2021 - 16:13:21] - [Admin Riquelme_Emanuel]: GUERRA NO PIER GERAL PODE VIM MENOS CIVIL VALE TUDO NO PIER DA RODA GIGANTE
[29/06/2021 - 16:14:28] - [Admin Riquelme_Emanuel]: QUEM VIR GUERRA PIER A ORG Q SAIR VIVA GANHA 500k
[29/06/2021 - 16:16:28] - [Admin Riquelme_Emanuel]: QUEM VIR GUERRA PIER A ORG Q SAIR VIVA GANHA 500k
[29/06/2021 - 16:19:50] - [Admin Riquelme_Emanuel]: PD VOLTAR
[29/06/2021 - 16:21:01] - [Admin Riquelme_Emanuel]: GERAL VOLTA PIERRR
[29/06/2021 - 16:30:59] - [Admin Riquelme_Emanuel]: GUERRA DO PIER FINALIZADA
[29/06/2021 - 16:35:20] - [Admin Riquelme_Emanuel]: MAS EVENTIS JAJA
[29/06/2021 - 16:35:26] - [Admin Riquelme_Emanuel]: MAS EVENTIS JAJA
[29/06/2021 - 16:37:50] - [Admin Riquelme_Emanuel]: KKKKKKKKKKKK
[29/06/2021 - 16:39:25] - [Admin Riquelme_Emanuel]: eventinnnn???
[29/06/2021 - 16:49:14] - [Admin Riquelme_Emanuel]: BALLAS KOS?
[29/06/2021 - 16:54:47] - [Admin Riquelme_Emanuel]: BAILAO DO BVL BROTA CALL MUSICA DISCORD BVL AGORAAAAA
[29/06/2021 - 18:59:31] - [Admin Menor_vl]: c correr base pode invadir sem avisar
[29/06/2021 - 20:45:56] - [Admin Riquelme_Emanuel]: OPAMM
[29/06/2021 - 22:23:18] - [Admin Vgzinn]: Rapaziada
[29/06/2021 - 22:23:40] - [Admin Vgzinn]: Nos Ta precisando de 15 reais
[29/06/2021 - 22:23:50] - [Admin Vgzinn]: tenho 7 se alguem ajuda dou um vip
[29/06/2021 - 22:24:09] - [Admin Vgzinn]: e um carro de inv
[29/06/2021 - 22:24:48] - [Admin Vgzinn]: mais é isso tlgd e um bug q n sei ajeitar
[29/06/2021 - 22:25:07] - [Admin Vgzinn]: qm n puder ta suaves garay 
[29/06/2021 - 22:30:25] - [Admin Fumassa]: VIU ALGO DE ERRADO?ALGUEM COMETENDO ANT RP /REPORT ID MOTIVO
[29/06/2021 - 22:38:21] - [Admin Fumassa]: VIU ATO ANT RP? /REPORT ID MOTIVO 
[29/06/2021 - 22:41:14] - [Admin Fumassa]: VIU ATO ANT RP? /REPORT ID MOTIVO 
[29/06/2021 - 23:00:02] - [Admin Natan_Insane]: TODOS DE ORG/CORP QUERO VER COM TITULOS DEM /TITULOS E COLOQUEM OBG
[29/06/2021 - 23:01:22] - [Admin Natan_Insane]: TODOS DE ORG/CORP QUERO VER COM TITULOS DEM /TITULOS E COLOQUEM OBG
[29/06/2021 - 23:05:41] - [Admin Natan_Insane]: TODOS DE ORG/CORP QUERO VER COM TITULOS DEM /TITULOS E COLOQUEM OBG
[29/06/2021 - 23:09:59] - [Admin Fumassa]: SEM ORGxORG OU VAI LEVAR ADV
[29/06/2021 - 23:10:20] - [Admin Natan_Insane]: TODOS DE ORG/CORP QUERO VER COM TITULOS DEM /TITULOS E COLOQUEM OBG
[29/06/2021 - 23:26:50] - [Admin Victor_Insanity]: ..
[29/06/2021 - 23:29:36] - [Admin Fumassa]: PRECISA DE AJUDA? /RELATORIO OU /N 
[29/06/2021 - 23:32:20] - [Admin Fumassa]: PRECISA DE AJUDA? /RELATORIO OU /N QUE IREMOS ATE VOCE
[30/06/2021 - 01:05:33] - [Admin Natan_Insane]: ADM ON QUALQUER DUVIDA /N OU /RELATORIO
[30/06/2021 - 02:29:42] - [Admin Kauan_Santos]: HQ FALTANDO CARROS?
[30/06/2021 - 03:52:19] - [Admin Natan_Insane]: TA PRECISANDO DE AJUDA? DE /N OU /RELATORIO
[30/06/2021 - 03:59:50] - [Admin Natan_Insane]: TA PRECISANDO DE AJUDA? DE /N OU /RELATORIO
[30/06/2021 - 13:05:23] - [Admin Fumassa]: QUEM QUER EVENTO DE X1? /BP EU
[30/06/2021 - 13:12:40] - [Admin Kauan_Santos]: ESTOU EM ATENDIMENTO USE /N OU /RELATORIO
[30/06/2021 - 13:18:35] - [Admin Kauan_Santos]: ESTOU ATENDENDO QUALQUER DUVIDA /N OU /ATENDIMENTO
[30/06/2021 - 13:20:03] - [Admin Natan_Insane]: VIU ALGUEM INFRINGINDO AS REGRAS DE /REPORT [ID] [MOTIVO]
[30/06/2021 - 14:03:06] - [Admin Kauan_Santos]: ESTOU EM ATT USE /N OU /ATENDIMENTO
[30/06/2021 - 14:13:01] - [Admin Kauan_Santos]: ESTOU EM ATT USE /N OU /ATENDIMENTO
[30/06/2021 - 14:14:33] - [Admin Kauan_Santos]: ESTOU EM ATT USE /N OU /ATENDIMENTO
[30/06/2021 - 14:15:56] - [Admin Kauan_Santos]: ESTOU EM ATT USE /N OU /ATENDIMENTO OU /RELATORIO
[30/06/2021 - 14:37:41] - [Admin Kauan_Santos]: ESTOU EM ATT USE /N OU /ATENDIMENTO OU /RELATORIO
[30/06/2021 - 14:55:39] - [Admin Kauan_Santos]: ESTOU EM ATT USE /N OU /ATENDIMENTO OU /RELATORIO
[30/06/2021 - 14:56:16] - [Admin Victor_Insanity]: ESTOU EM ATT USE /N OU /ATENDIMENTO OU /RELATORIO
[30/06/2021 - 15:19:41] - [Admin Fumassa]: ESTOU EM ATENDIMENTO QUALQUER DUVIDA /RELATORIO /N OU /DUVIDA
[30/06/2021 - 15:21:34] - [Admin Fumassa]: ESTOU EM ATENDIMENTO QUALQUER DUVIDA /RELATORIO /N OU /DUVIDA
[30/06/2021 - 15:32:30] - [Admin Kauan_Santos]: ESTOU EM ATT QUALQUER DUVIDA /N OU /RELATORIO OU /ATENDIMENTO
[30/06/2021 - 15:42:40] - [Admin Kauan_Santos]: ESTOU EM ATT QUALQUER DUVIDA /N OU /RELATORIO OU /ATENDIMENTO
[30/06/2021 - 16:25:11] - [Admin Fumassa]: QUALQUER DUVIDA /RELATORIO OU /N
[30/06/2021 - 17:39:28] - [Admin Vgzinn]: ORGS Q N PARTICIPAM SAI DAAE KJKK
[30/06/2021 - 18:07:38] - [Admin Vgzinn]: QM VIM NA PREFEITURA GANHA 20K
[30/06/2021 - 19:59:16] - [Admin Vgzinn]: lembrando rapaziada a loterica ta bugada
[30/06/2021 - 19:59:24] - [Admin Vgzinn]: qm ganhar ganha so 2kk
[30/06/2021 - 19:59:30] - [Admin Vgzinn]: ja to resolvendo
[30/06/2021 - 19:59:45] - [Admin Vgzinn]: prefeito dandograna na prefeitura
[30/06/2021 - 20:06:13] - [Admin Vgzinn]: auxilio dentro da prefeitura
[30/06/2021 - 20:06:58] - [Admin Vgzinn]: ballas pra dominar tem q avisar 2 hrs antes viu
[30/06/2021 - 20:11:49] - [Admin Fumassa]: QUERO TODOS MEMBROS DE ORG COM TAG NO DS SE N VAI LEVAR ADV NA ORG
[30/06/2021 - 21:26:08] - [Admin Vgzinn]: id 2 tira porte
[30/06/2021 - 22:03:10] - [Admin Vgzinn]: gente fala um carro bom pra orgs sem ser sultan
[30/06/2021 - 22:03:16] - [Admin Vgzinn]: q tenha 4 portas
[30/06/2021 - 22:03:26] - [Admin Vgzinn]: q peguei +160
[30/06/2021 - 22:03:48] - [Admin Vgzinn]: se souber o id tmb agradeço
[30/06/2021 - 22:31:48] - [Admin Victor_Insanity]: QUALQUER DENUCIA MANDA NO /RELATORIO OU /N
[30/06/2021 - 22:32:23] - [Admin Fumassa]: VIU ATO ANT RP? /REPORT ID MOTIBO
[30/06/2021 - 22:36:49] - [Admin Vgzinn]: qm tiver de arma em lugar safe vai ser de cadeia
[30/06/2021 - 22:38:24] - [Admin Vgzinn]: qm tiver de arma em lugar safe vai ser de cadeia
[30/06/2021 - 22:46:13] - [Admin Vgzinn]: olha o /n indevido
[30/06/2021 - 22:57:45] - [Admin Vgzinn]: boa rapaziada hj completa 1 semana de sv on
[30/06/2021 - 22:57:58] - [Admin Vgzinn]: agradeco geral ai por ta jogando aqui
[30/06/2021 - 22:58:11] - [Admin Vgzinn]: e é issu uaiiiiiiiii bora crescer mais e mais
[30/06/2021 - 23:25:17] - [Admin Vgzinn]: RC (Respawn de Carros) em instantes, entrem em seus veículos!
[30/06/2021 - 23:49:01] - [Admin Terrorista_Mobile]: SER TIVER ALGUMA DUVIDA USE /DUVIDA OU ESTA PRECISANDO DE AJUDA USE /RELATORIO
[01/07/2021 - 00:04:41] - [Admin Terrorista_Mobile]: SER TIVER COM DUVIDA USE /DUVIDA OU QUE AJUDA USE /RELATORIO
[01/07/2021 - 00:10:25] - [Admin Terrorista_Mobile]: SER TIVER COM DUVIDA USE /DUVIDA OU QUE AJUDA USE /RELATORIO
[01/07/2021 - 00:40:11] - [Admin Vgzinn]: ORGS DE FIVEM TA VINDO EM
[01/07/2021 - 00:46:11] - [Admin Vgzinn]: fudeu rapaziada as orgs estao acabandooo
[01/07/2021 - 00:57:45] - [Admin Vgzinn]: rapaziada ta lagando muito?
[01/07/2021 - 00:57:56] - [Admin Vgzinn]: rapaziada ta lagando muito?
[01/07/2021 - 00:58:06] - [Admin Riquelme_Emanuel]: SIM
[01/07/2021 - 00:58:20] - [Admin Vgzinn]: rapaziada ta lagando muito? responde no /bp
[01/07/2021 - 01:08:10] - [Admin Riquelme_Emanuel]: QM GANHOU? /bp cv /bp hit
[01/07/2021 - 01:08:49] - [Admin Vgzinn]: RC (Respawn de Carros) em instantes, entrem em seus veículos!
[01/07/2021 - 01:18:23] - [Admin Vgzinn]: primeira invasao do sv garay kk
[01/07/2021 - 01:46:42] - [Admin Vgzinn]: terrorista e kauan ja avisei sobre isso ae
[01/07/2021 - 01:46:54] - [Admin Vgzinn]: se fica dando tapa quando cara ta rp
[01/07/2021 - 01:47:03] - [Admin Vgzinn]: vou da adv
[01/07/2021 - 02:14:56] - [Admin Terrorista_Mobile]: ESTA COM DUVIDA? USE /DUVIDA OU QUE AJUDA USE /RELATORIO
[01/07/2021 - 12:17:02] - [Admin Vgzinn]: serve hackeado
[01/07/2021 - 13:44:12] - [Admin Victor_Insanity]: id 13 1/3 sem choro
[01/07/2021 - 13:44:24] - [Admin Victor_Insanity]: id 13 1/3 sem choro
[01/07/2021 - 14:12:22] - [Admin Terrorista_Mobile]: PRECISA DE AJUDA ?  USE /RELATORIO OU ALGUMA DUVIDA USE /DUVIDA
[01/07/2021 - 14:24:19] - [Admin Victor_Insanity]: ID 1 1/3 DM e,KOS
[01/07/2021 - 14:24:39] - [Admin Victor_Insanity]: ID 1      1/3 DM E KOS
[01/07/2021 - 14:24:41] - [Admin Victor_Insanity]: ID 1      1/3 DM E KOS
[01/07/2021 - 16:46:12] - [Admin Kauan_Santos]: ESTOU ATENDENDO QUALQUER DUVIDA /RELATORIO OU /N OU /ATENDIMENTO
[01/07/2021 - 20:45:20] - [Admin Vgzinn]: GMX Em Instantes - Atualizações Diárias, Tire 'F8' (PRINT) Do Seu /RG!
[01/07/2021 - 23:12:01] - [Admin Vgzinn]: rapaziada n vem na pista
[01/07/2021 - 23:12:07] - [Admin Vgzinn]: vou testa um ngc aq
[01/07/2021 - 23:12:52] - [Admin Vgzinn]: rapaziada n vem na pista
[02/07/2021 - 00:20:57] - [Admin Natan_Insane]: PARA FALAR NO CHAT GLOBAL DEM /BP
[02/07/2021 - 01:20:16] - [Admin Riquelme_Emanuel]: opa
[02/07/2021 - 02:32:56] - [Admin Vgzinn]: rapaziada seis ta em acao?
[02/07/2021 - 02:33:25] - [Admin Vgzinn]: GMX Em Instantes - Atualizações Diárias, Tire 'F8' (PRINT) Do Seu /RG!
[02/07/2021 - 02:33:37] - [Admin Vgzinn]: gmx para correçoes de bugs
[02/07/2021 - 03:08:51] - [Admin Natan_Insane]: TA PRECISANDO DE AJUDA? DE /N OU /RELATORIO QUE ESTAREMOS AJUDANDO
[02/07/2021 - 03:30:27] - [Admin Natan_Insane]: TA PRECISANDO DE AJUDA? DE /N OU /RELATORIO QUE ESTAREMOS AJUDANDO
[02/07/2021 - 03:56:56] - [Admin Natan_Insane]: TA PRECISANDO DE AJUDA? DE /N OU /RELATORIO QUE NOS AJUDAREMOS
[02/07/2021 - 03:59:42] - [Admin Natan_Insane]: TA PRECISANDO DE AJUDA? DE /N OU /RELATORIO QUE NOS AJUDAREMOS
[02/07/2021 - 04:02:34] - [Admin Vinicius_Russef]: 2
[02/07/2021 - 11:35:21] - [Admin Natan_Insane]: TA PRECISANDO DE AJUDA? DE /N OU /RELATORIO QUE NOS AJUDAREMOS
[02/07/2021 - 11:44:30] - [Admin Natan_Insane]: TA PRECISANDO DE AJUDA? DE /N OU /RELATORIO QUE NOS AJUDAREMOS
[02/07/2021 - 11:53:55] - [Admin Natan_Insane]: TA PRECISANDO DE AJUDA? DE /N OU /RELATORIO QUE NOS AJUDAREMOS
[02/07/2021 - 12:01:54] - [Admin Natan_Insane]: TA PRECISANDO DE AJUDA? DE /N OU /RELATORIO QUE NOS AJUDAREMOS
[02/07/2021 - 16:09:07] - [Admin Vgzinn]: RC (Respawn de Carros) em instantes, entrem em seus veículos!
[02/07/2021 - 17:14:05] - [Admin Kauan_Santos]: ESTOU ATENDENDO QUALQUER DUVIDA USE /N OU /RELATORIO OU /ATENDIMENTO
[02/07/2021 - 17:21:18] - [Admin Kauan_Santos]: ESTOU ATENDENDO QUALQUER DUVIDA USE /N OU /RELATORIO OU /ATENDIMENTO
[02/07/2021 - 17:24:15] - [Admin Kauan_Santos]: TO ATENDENDO QUALUER DUVIDA USE /N OU /ATENDIMENTO OU /RELATORIO
[02/07/2021 - 17:31:14] - [Admin Kauan_Santos]: ESTOU EM ATENDIMENTO USE /N /RELATORIO OU /ATENDIMENTO
[02/07/2021 - 18:05:48] - [Admin Vgzinn]: 35 ON SORTEIO NO DISCORD
[02/07/2021 - 18:14:54] - [Admin Vgzinn]: A TDT E A TDE JAJAJ SERAO ARRUMADO
[02/07/2021 - 18:18:39] - [Admin Menor_vl]: id 12 forcando rp vai cadeia
[02/07/2021 - 18:28:53] - [Admin Vgzinn]: porrar
[02/07/2021 - 18:29:06] - [Admin Vgzinn]: para de puxar arma qm n tem porte
[02/07/2021 - 18:29:54] - [Admin Vgzinn]: vou la corrigir calma ae
[02/07/2021 - 19:42:19] - [Admin Vgzinn]: tao em acao?
[02/07/2021 - 19:42:35] - [Admin Vgzinn]: tao em acao?
[02/07/2021 - 19:43:38] - [Admin Vgzinn]: ngm mais faz acao 
[02/07/2021 - 19:46:53] - [Admin Vgzinn]: ja falei q dia vou fazer
[02/07/2021 - 19:54:35] - [Admin Vgzinn]: geral olha em aviso no discord
[02/07/2021 - 19:59:25] - [Admin Vgzinn]: olhem discord
[03/07/2021 - 00:12:01] - [Admin Vgzinn]: guerra rolando
[03/07/2021 - 00:12:14] - [Admin Vgzinn]: guerra do morroo
[03/07/2021 - 00:12:30] - [Admin Vgzinn]: pqp
[03/07/2021 - 00:14:47] - [Admin Vgzinn]: NAO
[03/07/2021 - 00:15:05] - [Admin Vgzinn]: QUANDO ACABAR A GUERRA VAI TER SORTEIO NO DC
[03/07/2021 - 00:18:25] - [Admin Riquelme_Emanuel]: algm sabe a tecla pra ver o tab no pc?
[03/07/2021 - 00:22:08] - [Admin Vgzinn]: RC (Respawn de Carros) em instantes, entrem em seus veículos!
[03/07/2021 - 00:29:18] - [Admin Riquelme_Emanuel]: 50 ON GLR BORAAAAAA?
[03/07/2021 - 00:33:05] - [Admin Vgzinn]: SO QM TA NO NOME
[03/07/2021 - 00:33:10] - [Admin Vgzinn]: NA GUERRA
[03/07/2021 - 00:43:38] - [Admin Vgzinn]: RC (Respawn de Carros) em instantes, entrem em seus veículos!
[03/07/2021 - 00:44:14] - [Admin Vgzinn]: 00:00 aumentos os slots
[03/07/2021 - 00:53:59] - [Admin Terrorista_Mobile]: PRECISA DE AJUDA? USE /RELATORIO OU ALGUMA DUVIDA USE /DUVIDA
[03/07/2021 - 01:01:22] - [Admin Vgzinn]: rapaziada
[03/07/2021 - 01:01:37] - [Admin Vgzinn]: q vai invadir da um tempo pra enguica
[03/07/2021 - 01:01:42] - [Admin Vgzinn]: organizar
[03/07/2021 - 01:17:16] - [Admin Vgzinn]: ja tao na invasao???
[03/07/2021 - 01:18:52] - [Admin Vgzinn]: RC (Respawn de Carros) em instantes, entrem em seus veículos!
[03/07/2021 - 01:20:05] - [Admin Vgzinn]: ja tao na invasao???
[03/07/2021 - 01:20:43] - [Admin Vgzinn]: n pode voltar na invasao em vou tela
[03/07/2021 - 01:23:39] - [Admin Vgzinn]: 23:00 VAI TER MUDANCA DE HOST
[03/07/2021 - 01:25:57] - [Admin Vgzinn]: avisei
[03/07/2021 - 01:27:00] - [Admin Vgzinn]: quer print do chat kill?
[03/07/2021 - 01:44:51] - [Admin Vgzinn]: 23:00 EMM
[03/07/2021 - 01:47:42] - [Admin Vgzinn]: 23:00 aumenta os slots
[03/07/2021 - 01:49:52] - [Admin Vgzinn]: RC (Respawn de Carros) em instantes, entrem em seus veículos!
[03/07/2021 - 01:58:04] - [Admin Vgzinn]: 23:00 MUDANCA DE SLOTS
[03/07/2021 - 02:08:06] - [Admin Vgzinn]: GMX Em Instantes - Atualizações Diárias, Tire 'F8' (PRINT) Do Seu /RG!
[03/07/2021 - 02:19:28] - [Admin Vgzinn]: RC (Respawn de Carros) em instantes, entrem em seus veículos!
[03/07/2021 - 02:22:49] - [Admin Vgzinn]: gg tdt?
[03/07/2021 - 02:23:28] - [Admin Vgzinn]: parabens a tropa da turquia
[03/07/2021 - 03:10:30] - [Admin Kauan_Churritos]: 4 KOS nao
[03/07/2021 - 03:12:32] - [Admin Fumassa]: ESTOU ATENDIMENTO /RELATORIO OU /N
[03/07/2021 - 05:25:09] - [Admin Vgzinn]: RC (Respawn de Carros) em instantes, entrem em seus veículos!
[03/07/2021 - 13:34:40] - [Admin Fumassa]: VIU ATO ANT RP?/REPORT ID MOTIVO OU PRINT E DENUNCIE DS
[03/07/2021 - 14:41:49] - [Admin Victor_Insanity]: ESTOU ON AGORA QUALQUER DUVIDA OU DENUCIA MANDA NO /RA
[03/07/2021 - 14:41:59] - [Admin Victor_Insanity]: ESTOU ON AGORA QUALQUER DUVIDA OU DENUCIA MANDA NO /RELATORIO
[03/07/2021 - 14:59:20] - [Admin Victor_Insanity]: ESTOU ON QUALQUER DUVIDA OU DENUNIA MANDA NO /RELATORIO
[03/07/2021 - 15:13:21] - [Admin Victor_Insanity]: ESTOU ON QUALQUER DUVIDA OU DENUNIA MANDA NO /RELATORIO
[03/07/2021 - 15:13:57] - [Admin Victor_Insanity]: ESTOU ON QUALQUER DUVIDA OU DENUCIA MANDA NO /RELATORIO
[03/07/2021 - 15:20:23] - [Admin Victor_Insanity]: ESTOU ON QUALQUER DUVIDA OU DENUCIA MANDA NO /RELATORIO
[03/07/2021 - 15:23:53] - [Admin Victor_Insanity]: ESTOU ON QUALQUER DUVIDA OU DENUCIA MANDA NO /RELATORIO
[03/07/2021 - 15:38:57] - [Admin Victor_Insanity]: QUALQUER DUVIDA OU DENUCIA MANDA NO,/RELATORIO
[03/07/2021 - 15:39:14] - [Admin Fumassa]: VIU ATO ANT RP?/REPORT ID
[03/07/2021 - 15:39:47] - [Admin Victor_Insanity]: QUALQUER DUVIDA OU DENUCIA MANDA NO,/RELATORIO
[03/07/2021 - 15:41:04] - [Admin Victor_Insanity]: QUALQUER DUVIDA OU DENUCIA MANDA NO,/RELATORIO OU NO /N
[03/07/2021 - 16:55:24] - [Admin Vgzinn]: rapaziada quer ganhar 50k?
[03/07/2021 - 16:55:50] - [Admin Vgzinn]: ent voces vao da /gps e vai em fazenda com interior
[03/07/2021 - 16:56:02] - [Admin Vgzinn]: o primeiro a chegar na FAZENDA 9 GANHA
[03/07/2021 - 17:20:24] - [Admin Vgzinn]: RC (Respawn de Carros) em instantes, entrem em seus veículos!
[03/07/2021 - 17:42:00] - [Admin Victor_Insanity]: ESTOU ON QUALQUER DUVIDA OU DENUCIA MANDA NO /RELATORIO OU /N
[03/07/2021 - 17:43:08] - [Admin Victor_Insanity]: ESTOU ON QUALQUER DUVIDA OU DENUCIA MANDA NO /RELATORIO OU /N
[03/07/2021 - 18:00:57] - [Admin Vgzinn]: GUERRA NAO E TODOS OS DIAS PORRA
[03/07/2021 - 18:01:07] - [Admin Vgzinn]: Q GANG Q MORRE  JA ERA ACABO
[03/07/2021 - 18:02:19] - [Admin Vgzinn]: IGUAL ONTEM A ENGUICA PERDEU PRA TDT FI
[03/07/2021 - 18:02:28] - [Admin Vgzinn]: ACABOU N TEM ESSE DE IR LA E VINGAR
[03/07/2021 - 18:02:37] - [Admin Vgzinn]: PERDEU PERDEU MDS
[03/07/2021 - 18:02:46] - [Admin Vgzinn]: PARECENDO SERVE DE PVP SFD
[03/07/2021 - 18:02:53] - [Admin Victor_Insanity]: O VGZINN
[03/07/2021 - 18:03:14] - [Admin Victor_Insanity]: MIN ENPRESTA UM BAGUIO AQUI
[03/07/2021 - 18:03:28] - [Admin Vgzinn]: NAO
[03/07/2021 - 18:06:18] - [Admin Vgzinn]: RC (Respawn de Carros) + AB (Abastecimento) em instantes, entrem em seus veículos!
[03/07/2021 - 18:13:28] - [Admin Victor_Insanity]: QUALQUER DUVIDA OU DENUCIA MANDA NO /RELATORIO OU NO /N
[03/07/2021 - 19:39:00] - [Admin Kauan_Santos]: ESTOU EM ATENDIMENTO USE /N OU /RELATORIO OU /ATENDIMENTO
[03/07/2021 - 19:42:46] - [Admin Kauan_Santos]: ESTOU EM ATT QUALQUER COISA USE /N OU /RELATORIO OU /ATENDIMENTO
[03/07/2021 - 19:44:39] - [Admin Kauan_Santos]: ESTOU EM ATT QUALQUER COISA USE /N OU /RELATORIO OU /ATENDIMENTO
[03/07/2021 - 22:32:15] - [Admin Victor_Insanity]: ESTOU ON QUALQUER DUVIDA OU DENUCIA MANDA NO /RELATORIO OU NO /N
[03/07/2021 - 22:35:53] - [Admin Natan_Insane]: TA PRECISANDO DE AJUDA? DE /N OU /RELATORIO QUE IREMOS ATENDER
[03/07/2021 - 22:59:21] - [Admin Natan_Insane]: TA PRECISANDO DE AJUDA? DE /N OU /RELATORIO QUE IREMOS AJUDAR
[03/07/2021 - 23:00:47] - [Admin Natan_Insane]: TA PRECISANDO DE AJUDA? DE /N OU /RELATORIO QUE IREMOS AJUDAR
[04/07/2021 - 01:38:00] - [Admin Natan_Insane]: TA PRECISANDO DE AJUDA? DE /N OU /RELATORIO QUE IREMOS AJUDAR
[04/07/2021 - 01:53:53] - [Admin Vgzinn]: precisa ter 4 pra cofre
[04/07/2021 - 01:58:00] - [Admin Vgzinn]: RC (Respawn de Carros) em instantes, entrem em seus veículos!
[04/07/2021 - 02:40:38] - [Admin Vgzinn]: sistema de hs ou lock on?
[04/07/2021 - 02:41:21] - [Admin Menor_vl]: tamo com o sistema ja 
[04/07/2021 - 02:41:30] - [Admin Menor_vl]: so falta colocar
[04/07/2021 - 04:06:36] - [Admin Vinicius_Russef]: ALGUEM QUER X1 COM O ADEMIRO AQUI?
[04/07/2021 - 12:04:54] - [Admin Natan_Insane]: TA PRECISANDO DE AJUDA? DE /N OU /RELATORIO QUE IREMOS AJUDAR
[04/07/2021 - 15:39:35] - [Admin Victor_Insanity]: ESTOU ON QUALQUER DUVIDA OU DENUCIA MANDA NO /RELATORIO OU NO /N
[04/07/2021 - 16:11:21] - [Admin Victor_Insanity]: QUALQUER DUVIDA OU DENUCIA MANDA NO /RELATORIO OU NO /N
[04/07/2021 - 18:43:33] - [Admin Vgzinn]: Servidor Entrara Em manutencao as 15:50
[04/07/2021 - 19:10:50] - [Admin Vgzinn]: serve entrara em manu
[04/07/2021 - 21:06:37] - [Admin Vgzinn]: /MENUCAR 
[04/07/2021 - 21:06:47] - [Admin Vgzinn]: /MENUV
[04/07/2021 - 21:10:55] - [Admin Vgzinn]: RC (Respawn de Carros) em instantes, entrem em seus veículos!
[05/07/2021 - 01:17:29] - [Admin Kauan_Santos]: ESTOU EN ATT QUALQUR COISA USE /N OU /RELATORIO
[05/07/2021 - 01:25:58] - [Admin Vgzinn]: RC (Respawn de Carros) em instantes, entrem em seus veículos!
[05/07/2021 - 01:30:40] - [Admin Vgzinn]: jaja atualizacao pra tirar os carro
[05/07/2021 - 01:31:27] - [Admin Vgzinn]: isso q da de n estacionar mds
[05/07/2021 - 01:33:02] - [Admin Vgzinn]: n vem na conce se n explode
[05/07/2021 - 01:38:13] - [Admin Vgzinn]: n comprem carrooo
[05/07/2021 - 03:19:01] - [Admin Vgzinn]: PUXEM OS CARRO NOS MV Q E MELHOR
[05/07/2021 - 03:19:16] - [Admin Vgzinn]: SO DA /GPS E VAI EM GERAL
[05/07/2021 - 03:20:19] - [Admin Vgzinn]: QM PERDEU O DIN VOLTO
[05/07/2021 - 03:25:39] - [Admin Vgzinn]: carro na conce n quero em
[05/07/2021 - 03:32:35] - [Admin Vgzinn]: g
[05/07/2021 - 03:33:06] - [Admin Vgzinn]: qm e da tropa da enguica ja to arrumando
[05/07/2021 - 03:34:07] - [Admin Vgzinn]: qm e da tropa da enguica ja to arrumando
[05/07/2021 - 03:37:41] - [Admin Vgzinn]: qm ta bugado to resolvendo calmo
[05/07/2021 - 04:04:02] - [Admin Natan_Insane]: TA PRECISANDO DE AJUDA? DE /N OU /RELATORIO QUE IREMOS AJUDAR
[05/07/2021 - 04:10:57] - [Admin Vgzinn]: RC (Respawn de Carros) em instantes, entrem em seus veículos!
[05/07/2021 - 04:11:08] - [Admin Natan_Insane]: TA PRECISANDO DE AJUDA? DE /N OU /RELATORIO QUE IREMOS AJUDAR
[05/07/2021 - 04:14:13] - [Admin Vgzinn]: mdssssssssssssssssss
[05/07/2021 - 04:14:20] - [Admin Vgzinn]: olha a conce
[05/07/2021 - 04:14:25] - [Admin Vgzinn]: porra ai fica foda
[05/07/2021 - 07:54:21] - [Admin Kauan_Churritos]: ESTA COM DUVIDA? use /n, /relatorio ou /duvida
[05/07/2021 - 11:53:28] - [Admin Victor_Insanity]: ESTOU ON QUALQUER DUVIDA OU DENUCIA MANDA NO /RELATORIO OU NO /N
[05/07/2021 - 16:52:56] - [Admin ICARO_Walker]: HOJE AS 14HR PREFEITO VAI FAZER UMA CARREATA
[05/07/2021 - 17:21:48] - [Admin ICARO_Walker]: QUEN NAO FICA NA FILA VAI LEVAR CADEIA
[05/07/2021 - 17:22:03] - [Admin ICARO_Walker]: QUEN NAO FICA NA FILA VAI LEVAR CADEIA
[05/07/2021 - 17:22:04] - [Admin ICARO_Walker]: QUEN NAO FICA NA FILA VAI LEVAR CADEIA
[05/07/2021 - 19:56:07] - [Admin Vgzinn]: RC (Respawn de Carros) em instantes, entrem em seus veículos!
[06/07/2021 - 11:27:57] - [Admin Victor_Insanity]: ESTOU ON QUALQUER DUVIDA OU DENUCIA MANDA NO /RELATORIO OU NO /N
[06/07/2021 - 12:28:06] - [Admin Victor_Insanity]: ESTOU ON QUALQUER DUVIDA OU DENUCIA MANDA NO /RELATORIO OU NO /N
[06/07/2021 - 13:17:36] - [Admin Vgzinn]: RAPAZIADANN VAI VIM COISA BOA AE EMM
[06/07/2021 - 13:17:51] - [Admin Vgzinn]: RC (Respawn de Carros) em instantes, entrem em seus veículos!
[06/07/2021 - 13:19:51] - [Admin Vgzinn]: qm sabe mais coisas huhu
[07/07/2021 - 12:24:28] - [Admin Vgzinn]: discord quase foi pro saco por causa de um fdp
[07/07/2021 - 12:24:39] - [Admin Vgzinn]: vou desbanir todos
[07/07/2021 - 14:05:16] - [Admin Vgzinn]: quem foi de ban no ds do me chamar
[07/07/2021 - 14:05:33] - [Admin Vgzinn]: RC (Respawn de Carros) em instantes, entrem em seus veículos!
[07/07/2021 - 16:52:08] - [Admin Vgzinn]: ADV na loz
[07/07/2021 - 17:44:29] - [Admin alemao_noguira]: rc em 15 segundos
[07/07/2021 - 18:33:20] - [Admin Vgzinn]: BORA SUBIR O SV NOVAMENTE HEHE
[07/07/2021 - 18:35:24] - [Admin alemao_noguira]: rc em 15 segundos
[07/07/2021 - 19:13:10] - [Admin alemao_noguira]: rc em 15 segundos 
[07/07/2021 - 20:16:50] - [Admin alemao_noguira]: rc em instantes!!!!
[07/07/2021 - 20:16:52] - [Admin alemao_noguira]: rc em instantes!!!!
[07/07/2021 - 20:42:06] - [Admin Vgzinn]: RC (Respawn de Carros) em instantes, entrem em seus veículos!
[07/07/2021 - 21:52:29] - [Admin alemao_noguira]: Administrador Disponível! Se precisar de ajuda digite /relato que logo será atendido.
[07/07/2021 - 21:56:06] - [Admin alemao_noguira]: RC (Respawn de Carros) em instantes, entrem em seus veículos!
[07/07/2021 - 22:06:52] - [Admin Vgzinn]: TEM CHAT DE DENUNCIA NO DC 
[07/07/2021 - 22:07:10] - [Admin Vgzinn]: N PRECISA FICA FALANDO DE MAE 
[07/07/2021 - 22:08:35] - [Admin Vgzinn]: ENGUICA SE CMC JA SABE
[07/07/2021 - 22:08:54] - [Admin Vgzinn]: Membro faz merda e culla o sv kk mds
[07/07/2021 - 22:10:13] - [Admin Vgzinn]: RC (Respawn de Carros) em instantes, entrem em seus veículos!
[07/07/2021 - 23:07:25] - [Admin Alex_souza_FPS]: ADMS ON QUALQUER DENUNCIA USE /REPORT OU DUVIDA USE /N
[07/07/2021 - 23:14:44] - [Admin alemao_noguira]: guerra no morro inciada todas orgs participantes
[07/07/2021 - 23:31:48] - [Admin Alex_souza_FPS]: ADM ON QUALQUER DENUNCIA USEM /REPORT OU DUVIDA USEM O /N
[08/07/2021 - 00:19:48] - [Admin Alex_souza_FPS]: ADM ON QUALQUER DENUNCIA USEM /REPORT OU QUALQUER DUVIDA USEM /N
[08/07/2021 - 00:26:09] - [Admin Vgzinn]: quero LIDER OU SUB DA EB ROTA E BOPE no meu pv
[08/07/2021 - 01:28:34] - [Admin Victor_Insanity]: 12 tentou assaltar em sefe 
[08/07/2021 - 02:41:21] - [Admin FalconZinn7S]: RC (Respawn de Carros) em instantes, entrem em seus veículos!
[08/07/2021 - 02:48:19] - [Admin Vgzinn]: RAPAZIADA Q N ESTA NO NOSSO DC
[08/07/2021 - 02:48:47] - [Admin Vgzinn]: TALVEZ IREMOS TROCAR DE IP ENT FICA LIGADO
[08/07/2021 - 02:48:54] - [Admin Vgzinn]: NGM IRA PERDE NADA
[08/07/2021 - 02:50:51] - [Admin FalconZinn7S]: Administrador Disponível! Se precisar de ajuda digite /relato que logo será atendido.
[08/07/2021 - 03:00:32] - [Admin FalconZinn7S]: NAO PODE SNIPER EM CAIXA!
[08/07/2021 - 03:07:56] - [Admin FalconZinn7S]: RC EM 20S
[08/07/2021 - 03:22:30] - [Admin Alex_souza_FPS]: ADM ON QUALQUER DENUNCIA USEM /REPORT OU QUALQUER DUVIDA USEM /N 
[08/07/2021 - 03:40:09] - [Admin alemao_noguira]: rc em 10 segundos
[08/07/2021 - 05:15:39] - [Admin Vgzinn]: MAIS  UM XINGAMENTO A FAMILIAR VOU DA BAN
[08/07/2021 - 05:15:48] - [Admin Vgzinn]: PORRA CRESCEM
[08/07/2021 - 11:58:38] - [Admin FalconZinn7S]: RC (Respawn de Carros) em instantes, entrem em seus veículos!
[08/07/2021 - 13:37:36] - [Admin alemao_noguira]: rc em 5 segundos
[08/07/2021 - 14:14:36] - [Admin alemao_noguira]: RC (Respawn de Carros) em instantes, entrem em seus veículos!
[08/07/2021 - 16:34:50] - [Admin alemao_noguira]: RC (Respawn de Carros) em instantes, entrem em seus veículos!
[08/07/2021 - 17:29:56] - [Admin alemao_noguira]: Administrador Disponível! Se precisar de ajuda digite /relato que logo será atendido.
[08/07/2021 - 18:23:59] - [Admin HARlDADE]: RC EM 5 SEGUNDOS 
[08/07/2021 - 21:41:00] - [Admin Alex_souza_FPS]: ADM ON QUALQUER DENUNCIA USE /REPORT OU QUALQUER DUVIDA USEM /N
[08/07/2021 - 21:56:25] - [Admin FalconZinn7S]: RC (Respawn de Carros) em instantes, entrem em seus veículos!
[08/07/2021 - 21:56:37] - [Admin FalconZinn7S]: RC (Respawn de Carros) em instantes, entrem em seus veículos!
[08/07/2021 - 22:35:13] - [Admin FalconZinn7S]: RC (Respawn de Carros) em instantes, entrem em seus veículos!
[08/07/2021 - 22:35:18] - [Admin FalconZinn7S]: RC (Respawn de Carros) em instantes, entrem em seus veículos!
[09/07/2021 - 01:13:35] - [Admin Alex_souza_FPS]: TODO MUNDO DE ORGS USANDO TAG DA ORG DA /TITULOS NOME ORG
[09/07/2021 - 01:19:46] - [Admin Alex_souza_FPS]: RAPAZIADA SISTEMA HS ATIVADO 
[09/07/2021 - 01:20:26] - [Admin Alex_souza_FPS]: FOI ATIVADO A MUITO TEMPO SO VIM FALAR AGR PQ TAVA COM PREGUICA
[09/07/2021 - 01:40:47] - [Admin alemao_noguira]: RC (Respawn de Carros) em instantes, entrem em seus veículos!
[09/07/2021 - 02:42:07] - [Admin Vgzinn]: RC (Respawn de Carros) em instantes, entrem em seus veículos!
[09/07/2021 - 04:09:08] - [Admin Natan_Insane]: TA PRECISANDO DE AJUDA? DE /N OU /RELATORIO QUE IREMOS AJUDAR
[09/07/2021 - 04:24:44] - [Admin Natan_Insane]: TA PRECISANDO DE AJUDA? DE /N OU /RELATORIO QUE IREMOS AJUDAR
[09/07/2021 - 04:31:30] - [Admin Natan_Insane]: TA PRECISANDO DE AJUDA? DE /N OU /RELATORIO QUE IREMOS AJUDAR
[09/07/2021 - 04:51:25] - [Admin Natan_Insane]: TA PRECISANDO DE AJUDA? DE /N OU /RELATORIO QUE IREMOS AJUDAR
[09/07/2021 - 16:20:44] - [Admin alemao_noguira]: RC (Respawn de Carros) em instantes, entrem em seus veículos!
[09/07/2021 - 16:40:57] - [Admin alemao_noguira]: guerra do morro em instantes!!!
[09/07/2021 - 17:01:40] - [Admin Carlos_Sales]: /CAIXINHA
[09/07/2021 - 17:37:55] - [Admin alemao_noguira]: Evento Em Instantes, clique em 'SIM', para ir!
[09/07/2021 - 17:48:11] - [Admin Carlos_Sales]: HELPER ATENDENDO MANDE SUAS DUVIDAS!
[09/07/2021 - 18:10:56] - [Admin alemao_noguira]: RC (Respawn de Carros) em instantes, entrem em seus veículos!
[09/07/2021 - 18:16:59] - [Admin HARlDADE]: 0 CJ
[09/07/2021 - 23:04:58] - [Admin Vgzinn]: RADIOORG
[09/07/2021 - 23:05:06] - [Admin Vgzinn]: RADIOCORP
[09/07/2021 - 23:05:37] - [Admin Vgzinn]: SO RADIOORG MSM
[09/07/2021 - 23:10:54] - [Admin Carlos_Sales]: E O FIM DO LOCK ON TROPA
[09/07/2021 - 23:19:16] - [Admin Carlos_Sales]: SISTEMA DE HS TA ON TROPA!!!!
[10/07/2021 - 02:07:22] - [Admin Carlos_Sales]: VOLTOU O VOIP E  O RADIO POR VOIP!!!!
[10/07/2021 - 02:08:32] - [Admin Carlos_Sales]: E O HS TBM
[10/07/2021 - 02:09:14] - [Admin Vgzinn]: SE O SV RENICIA FALA PA NOS OU DESLIGAR
[10/07/2021 - 03:13:15] - [Admin alemao_noguira]: RC (Respawn de Carros) em instantes, entrem em seus veículos!
[10/07/2021 - 03:16:56] - [Admin Vgzinn]: SERVE PARO?
[10/07/2021 - 03:17:04] - [Admin Vgzinn]: DE RENICIAR?
[10/07/2021 - 03:20:13] - [Admin Vgzinn]: VOIP E RADINHO TA SUAVES NE?
[10/07/2021 - 03:20:47] - [Admin Vgzinn]: qual q n ta pegando?
[10/07/2021 - 04:32:33] - [Admin Natan_Insane]: TA PRECISANDO DE AJUDA? DE /N OU /RELATORIO QUE IREMOS AJUDAR
[10/07/2021 - 04:35:24] - [Admin Vgzinn]: RC (Respawn de Carros) em instantes, entrem em seus veículos!
[10/07/2021 - 04:35:25] - [Admin alemao_noguira]: RC (Respawn de Carros) em instantes, entrem em seus veículos!
[10/07/2021 - 05:54:29] - [Admin HARlDADE]: QUALQUER DUVIDA DE /N E QUALQUER AJUDA DE /RELATORIO
[10/07/2021 - 15:31:06] - [Admin Alex_souza_FPS]: ADM ON QUALQUER DENUNCIA USEM /REPORT OU QUALQUER DUVIDA USEM /N
[10/07/2021 - 17:36:37] - [Admin Carlos_Sales]: /CAIXINHA
[10/07/2021 - 18:02:01] - [Admin Alex_souza_FPS]: X1 FECHADO OBGD A TODOS QUE PARTICIPOU
[10/07/2021 - 18:09:56] - [Admin alemao_noguira]: RC (Respawn de Carros) em instantes, entrem em seus veículos!
[10/07/2021 - 18:16:18] - [Admin alemao_noguira]: guerra do morro em instates  
[10/07/2021 - 19:47:13] - [Admin alemao_noguira]: rc em instantes
[10/07/2021 - 20:03:25] - [Admin Alex_souza_FPS]: X1 VALENDO 10K PQ O ADM TA POBRE MANDEM IDS
[10/07/2021 - 20:04:34] - [Admin Alex_souza_FPS]: X1 VALENDO 10K PQ O ADM TA POBRE MANDEM IDS
[10/07/2021 - 20:10:36] - [Admin Alex_souza_FPS]: X1 VALENDO 10 K PQ O ADM TA POBRE MANDEM IDS PRA PARTICIPAR NAO PODE SER REPITIDO
[10/07/2021 - 20:15:08] - [Admin Alex_souza_FPS]: X1 VALENDO 10 K PQ O ADM TA POBRE MANDEM IDS PRA PARTICIPAR NAO PODE SER REPITIDO
[10/07/2021 - 20:18:53] - [Admin Alex_souza_FPS]: X1 VALENDO 10 K PQ O ADM TA POBRE MANDEM IDS PRA PARTICIPAR NAO PODE SER REPITIDO
[10/07/2021 - 20:22:54] - [Admin Alex_souza_FPS]: ULTIMO RAUD FALEM IDS
[11/07/2021 - 00:03:02] - [Admin Vgzinn]: GMX Em Instantes - Atualizações Diárias, Tire 'F8' (PRINT) Do Seu /RG!
[11/07/2021 - 00:10:52] - [Admin Vgzinn]: gmx jajaj dnv
[11/07/2021 - 00:15:34] - [Admin Vgzinn]: REMOVI SO BUGS RELAXEM
[11/07/2021 - 01:12:33] - [Admin Vgzinn]: RC (Respawn de Carros) em instantes, entrem em seus veículos!
[11/07/2021 - 01:37:20] - [Admin alemao_noguira]: RC (Respawn de Carros) em instantes, entrem em seus veículos!
[11/07/2021 - 05:33:48] - [Admin alemao_noguira]: RC (Respawn de Carros) em instantes, entrem em seus veículos!
[11/07/2021 - 06:16:39] - [Admin alemao_noguira]: RC (Respawn de Carros) em instantes, entrem em seus veículos!
[11/07/2021 - 12:07:27] - [Admin Alex_souza_FPS]: ADM ON QUALQUER DENUNCIA USEM /REPORT OU QUALQUER DUVIDA /N
[11/07/2021 - 12:56:26] - [Admin Alex_souza_FPS]: bora jogar rapaziada CHAMA OS AMIGOS OS POLICIA PRA FAZER ACAO
[11/07/2021 - 12:56:40] - [Admin Alex_souza_FPS]: VAMO FICAR PARADO NAO
[11/07/2021 - 17:18:53] - [Admin Vgzinn]: RC (Respawn de Carros) em instantes, entrem em seus veículos!
[11/07/2021 - 17:47:38] - [Admin Vgzinn]: que tal bate 50 hoje rola um sorteio daquele modelo
[11/07/2021 - 18:10:56] - [Admin Kauan_Santos]: ESTOU EM ATT USE /N OU /RELATORIO QUALQUER COISA USE /ATENDIMENTO TB
[11/07/2021 - 18:13:50] - [Admin Kauan_Santos]: ESTOU EM ATT USE /N OU /RELATORIO QUALQUER COISA USE /ATENDIMENTO TBM
[11/07/2021 - 18:57:49] - [Admin Vgzinn]: RC (Respawn de Carros) em instantes, entrem em seus veículos!
[11/07/2021 - 20:15:40] - [Admin Vgzinn]: RC (Respawn de Carros) + AB (Abastecimento) em instantes, entrem em seus veículos!
[11/07/2021 - 20:26:10] - [Admin Vgzinn]: TEM UMA ABA CHAMADA DENUNCIA LA NO DISCORD
[11/07/2021 - 20:42:23] - [Admin Alex_souza_FPS]: NAO USEM /ANL COMO CHAT PUBLICO
[11/07/2021 - 20:47:14] - [Admin Vgzinn]: invasao n e infinita 
[11/07/2021 - 20:47:24] - [Admin Vgzinn]: se mato tudo ja acabo
[11/07/2021 - 20:47:40] - [Admin Vgzinn]: tem uma aba de denuncia
[11/07/2021 - 20:48:15] - [Admin Vgzinn]: vai aprende a escreve primeiro mds
[11/07/2021 - 20:48:29] - [Admin Vgzinn]: eles aviso in game
[11/07/2021 - 20:48:35] - [Admin Vgzinn]: rlx
[11/07/2021 - 20:52:46] - [Admin Vgzinn]: boa noite pa todos #paz
[11/07/2021 - 22:04:55] - [Admin Vgzinn]: desculpa `=´
[11/07/2021 - 22:58:25] - [Admin Alex_souza_FPS]: QUEM CONSEGUIR MATA A VEIA VAI GANHAR 100k AGR NA MAO
[11/07/2021 - 22:59:52] - [Admin Alex_souza_FPS]: QUEM MATAR A VEIA NO CASO O VG IRAR GANHAR 100K TIRA PRINT E ME MANDA
[11/07/2021 - 23:42:48] - [Admin Alex_souza_FPS]: to terminando meu trabalho aki rapaziada boa noite a geral ate amanha
[12/07/2021 - 01:13:39] - [Admin Vgzinn]: RC (Respawn de Carros) em instantes, entrem em seus veículos!
[12/07/2021 - 04:04:57] - [Admin Vgzinn]: RC (Respawn de Carros) em instantes, entrem em seus veículos!
[12/07/2021 - 04:43:46] - [Admin Vgzinn]: RC (Respawn de Carros) em instantes, entrem em seus veículos!
[12/07/2021 - 15:32:47] - [Admin ICARO_Walker]: ESTAR PROIBIDO COMETER X1 SEM IR PARA ARENA
[12/07/2021 - 21:53:38] - [Admin alemao_noguira]: Administrador Disponível! Se precisar de ajuda digite /relato que logo será atendido.
[12/07/2021 - 21:54:07] - [Admin alemao_noguira]: RC (Respawn de Carros) em instantes, entrem em seus veículos!
[12/07/2021 - 22:35:45] - [Admin Vgzinn]: desculpa gente huh foi erro do servico nosso
[12/07/2021 - 22:44:51] - [Admin Carlos_Sales]: DICA DE /PLAYERSON PRA SABER QUANTOS PM TEM ON!!!!
[12/07/2021 - 23:20:43] - [Admin alemao_noguira]: RC (Respawn de Carros) em instantes, entrem em seus veículos!
[13/07/2021 - 01:42:30] - [Admin Alex_souza_FPS]: quem conseguir explodir um onibus rosa vai ganhar 200k
[13/07/2021 - 01:44:28] - [Admin Alex_souza_FPS]: quem conseguir explodir um onibus rosa vai ganhar 200k
[13/07/2021 - 01:44:46] - [Admin Alex_souza_FPS]: dica perto da conse
[13/07/2021 - 01:48:45] - [Admin Alex_souza_FPS]: quem conseguir explodir um onibus rosa vai ganhar 200k
[13/07/2021 - 01:51:38] - [Admin Alex_souza_FPS]: quem conseguir explodir um onibus rosa vai ganhar 200k
[13/07/2021 - 02:21:24] - [Admin Vgzinn]: RC (Respawn de Carros) em instantes, entrem em seus veículos!
[13/07/2021 - 04:52:25] - [Admin Vgzinn]: AE RAPAZIADA FICO BOA A HUD?????
[13/07/2021 - 04:52:32] - [Admin Vgzinn]: AE RAPAZIADA FICO BOA A HUD?????
[13/07/2021 - 04:52:56] - [Admin Vgzinn]: DEPOIS OLHEM O VELOCIMETRO UHUHU
[13/07/2021 - 13:22:47] - [Admin alemao_noguira]: RC (Respawn de Carros) em instantes, entrem em seus veículos!
[13/07/2021 - 15:58:10] - [Admin alemao_noguira]: RC (Respawn de Carros) em instantes, entrem em seus veículos!
[13/07/2021 - 17:25:22] - [Admin Alex_souza_FPS]: TREINAMENTO DO LADO DO HOSPITAL NAO ATRAPALHEM
[13/07/2021 - 17:36:16] - [Admin Vgzinn]: RC (Respawn de Carros) em instantes, entrem em seus veículos!
[13/07/2021 - 17:37:12] - [Admin Vgzinn]: TAO COM MUITO LAG? OU TA SUAVE?
[13/07/2021 - 17:38:07] - [Admin Vgzinn]: ISSO E O SETTIME DELA NOS VAI TIRAR
[13/07/2021 - 17:41:11] - [Admin Vgzinn]: NAO DEIXEM CARRO NA CONCE!!!
[13/07/2021 - 18:49:00] - [Admin alemao_noguira]: RC (Respawn de Carros) em instantes, entrem em seus veículos!
[13/07/2021 - 21:38:16] - [Admin Vgzinn]: RC (Respawn de Carros) em instantes, entrem em seus veículos!
[13/07/2021 - 22:27:29] - [Admin Vgzinn]: todos cairam?? ou so alguns
[13/07/2021 - 22:28:06] - [Admin Vgzinn]: RC (Respawn de Carros) em instantes, entrem em seus veículos!
[13/07/2021 - 22:59:21] - [Admin Vgzinn]: nos vai esperarr a invasao
[13/07/2021 - 22:59:39] - [Admin Vgzinn]: hoje msm
[13/07/2021 - 22:59:51] - [Admin Vgzinn]: quando acabarem a acao me falem
[13/07/2021 - 23:20:30] - [Admin Vgzinn]: CABO A INVASAO??
[13/07/2021 - 23:20:59] - [Admin Vgzinn]: CABO OU N ACABO GARAY KK
[13/07/2021 - 23:21:54] - [Admin alemao_noguira]: RC (Respawn de Carros) em instantes, entrem em seus veículos!
[13/07/2021 - 23:41:22] - [Admin Vgzinn]: SO APAGA CACHE NA TELA MDS
[13/07/2021 - 23:41:30] - [Admin Vgzinn]: DO SAMP 
[14/07/2021 - 00:03:07] - [Admin ICARO_Walker]: VOU ESTAR COMECANDO A MELHORIA PARA PARAR DE FICA REINICIANDO SOSINHO 
[14/07/2021 - 00:03:13] - [Admin ICARO_Walker]: VOU ESTAR COMECANDO A MELHORIA PARA PARAR DE FICA REINICIANDO SOSINHO 
[14/07/2021 - 00:03:15] - [Admin ICARO_Walker]: VOU ESTAR COMECANDO A MELHORIA PARA PARAR DE FICA REINICIANDO SOSINHO 
[14/07/2021 - 00:03:18] - [Admin ICARO_Walker]: VOU ESTAR COMECANDO A MELHORIA PARA PARAR DE FICA REINICIANDO SOSINHO 
[14/07/2021 - 00:03:21] - [Admin ICARO_Walker]: VOU ESTAR COMECANDO A MELHORIA PARA PARAR DE FICA REINICIANDO SOSINHO 
[14/07/2021 - 00:03:25] - [Admin ICARO_Walker]: VOU ESTAR COMECANDO A MELHORIA PARA PARAR DE FICA REINICIANDO SOSINHO 
[14/07/2021 - 00:03:33] - [Admin ICARO_Walker]: VOU ESTAR COMECANDO A MELHORIA PARA PARAR DE FICA REINICIANDO SOSINHO 
[14/07/2021 - 00:04:18] - [Admin ICARO_Walker]: VOU TA DANDO SO 10 MINUTO
[14/07/2021 - 00:04:43] - [Admin Vgzinn]: QM USAR ANIMACAO BUGADA VOU DA BAN!!!!!
[14/07/2021 - 00:04:51] - [Admin ICARO_Walker]: VOU TA DANDO SO 10 MINUTO 21:14 SERVIDOR VAI ENTRAR EM MELHORIAS E VAI ABRIR AS 22HR
[14/07/2021 - 00:05:10] - [Admin ICARO_Walker]: VOU TA DANDO SO 10 MINUTO 21:14 SERVIDOR VAI ENTRAR EM MELHORIAS E VAI ABRIR AS 22HR
[14/07/2021 - 00:05:13] - [Admin ICARO_Walker]: VOU TA DANDO SO 10 MINUTO 21:14 SERVIDOR VAI ENTRAR EM MELHORIAS E VAI ABRIR AS 22HR
[14/07/2021 - 00:05:15] - [Admin ICARO_Walker]: VOU TA DANDO SO 10 MINUTO 21:14 SERVIDOR VAI ENTRAR EM MELHORIAS E VAI ABRIR AS 22HR
[14/07/2021 - 03:48:03] - [Admin Kauan_Santos]: QUALQUER DENUNC
[14/07/2021 - 03:48:26] - [Admin Kauan_Santos]: QUALQUER DUVIDA USE /N OU /RELATORIO OU /ATENDMIMENTO
[14/07/2021 - 03:58:23] - [Admin Kauan_Santos]: FLW TO TERMINANDO MEU TURNO MOTIVO CELL 5 POR CENTO
[14/07/2021 - 04:40:30] - [Admin Vgzinn]: RC (Respawn de Carros) em instantes, entrem em seus veículos!
[14/07/2021 - 05:13:55] - [Admin Vgzinn]: boa rapaziada so fe
[14/07/2021 - 05:38:06] - [Admin alemao_noguira]: RC (Respawn de Carros) em instantes, entrem em seus veículos!
[14/07/2021 - 12:22:06] - [Admin Alex_souza_FPS]: QUEM ESTIVER COM O CARRO BUGADO CONVERSA COM O ICARO ELE DEVOLVE O DIN DIN
[14/07/2021 - 13:53:34] - [Admin Vgzinn]: RC (Respawn de Carros) em instantes, entrem em seus veículos!
[14/07/2021 - 18:46:54] - [Admin alemao_noguira]: RC (Respawn de Carros) em instantes, entrem em seus veículos!
[14/07/2021 - 20:01:33] - [Admin alemao_noguira]: RC (Respawn de Carros) em instantes, entrem em seus veículos!
[14/07/2021 - 21:06:09] - [Admin Vgzinn]: RC (Respawn de Carros) em instantes, entrem em seus veículos!
[14/07/2021 - 21:07:42] - [Admin Vgzinn]: AI PESSOAL AGRADECO TODOS OS DIAS QUE VCS ESTAO AE EM 30 ON TODO DIA 
[14/07/2021 - 21:10:11] - [Admin Vgzinn]: sera q bate o record? 
[14/07/2021 - 21:10:35] - [Admin Vgzinn]: se pega 51 bateu KKKKKKKKKK
[14/07/2021 - 21:31:15] - [Admin Vgzinn]: 51 on vai que eu faco sorteio?? uhuh
[14/07/2021 - 21:31:37] - [Admin ICARO_Walker]: RAPAZIA DO EST
[14/07/2021 - 22:31:34] - [Admin Vgzinn]: RC (Respawn de Carros) em instantes, entrem em seus veículos!
[14/07/2021 - 22:55:17] - [Admin Vgzinn]: BATEUUU UAIIIIII :3
[14/07/2021 - 23:24:55] - [Admin Vgzinn]: rapaziada se o sv da uma lagada e pq nos ta mexendo aq
[14/07/2021 - 23:47:18] - [Admin Vgzinn]: RC (Respawn de Carros) em instantes, entrem em seus veículos!
[15/07/2021 - 00:42:18] - [Admin Vgzinn]: RC (Respawn de Carros) em instantes, entrem em seus veículos!
[15/07/2021 - 02:08:01] - [Admin Vgzinn]: RC (Respawn de Carros) em instantes, entrem em seus veículos!
[15/07/2021 - 02:59:29] - [Admin alemao_noguira]: RC (Respawn de Carros) em instantes, entrem em seus veículos!
[15/07/2021 - 14:00:30] - [Admin alemao_noguira]: RC (Respawn de Carros) em instantes, entrem em seus veículos!
[15/07/2021 - 18:17:38] - [Admin Kauan_Santos]: ESTOU EM ATT QUALQUER COISA USE /N OU /RELATORIO
[15/07/2021 - 18:24:06] - [Admin Vgzinn]: RC (Respawn de Carros) em instantes, entrem em seus veículos!
[15/07/2021 - 18:37:36] - [Admin alemao_noguira]: RC (Respawn de Carros) em instantes, entrem em seus veículos!
[15/07/2021 - 19:20:00] - [Admin alemao_noguira]: RC (Respawn de Carros) em instantes, entrem em seus veículos!
[15/07/2021 - 21:13:05] - [Admin alemao_noguira]: RC (Respawn de Carros) em instantes, entrem em seus veículos!
[15/07/2021 - 21:42:23] - [Admin Vgzinn]: mais uma negociacao no /bp vou da kick na acao
[15/07/2021 - 22:19:09] - [Admin alemao_noguira]: Evento Em Instantes, clique em 'SIM', para ir!
[15/07/2021 - 23:47:13] - [Admin Vgzinn]: RC (Respawn de Carros) em instantes, entrem em seus veículos!
[16/07/2021 - 01:17:11] - [Admin alemao_noguira]: RC (Respawn de Carros) em instantes, entrem em seus veículos!
[16/07/2021 - 01:44:18] - [Admin Vgzinn]: RC (Respawn de Carros) em instantes, entrem em seus veículos!
[16/07/2021 - 03:38:55] - [Admin Russo]: att de radio pa vcs :3
[16/07/2021 - 03:41:19] - [Admin Russo]: agr saporra buga aq
[16/07/2021 - 03:42:18] - [Admin Russo]: chama eu pra org alguem q tekm radio
[16/07/2021 - 06:15:49] - [Admin Russo]: AFF os kra n deixa o admiro master mimi
[16/07/2021 - 14:45:48] - [Admin Carlos_Sales]: DICA USE /PLAYERSON PRA SABER QUANTOS PM TEM ON!!!
[16/07/2021 - 17:23:12] - [Admin Russo]: RC (Respawn de Carros) em instantes, entrem em seus veículos!
[16/07/2021 - 18:57:42] - [Admin Russo]: RC (Respawn de Carros) em instantes, entrem em seus veículos!
[16/07/2021 - 19:03:44] - [Admin Russo]: gente n vale a pena usar isso KKK serve ja e facil cara
[16/07/2021 - 19:04:03] - [Admin Russo]: num custa bd joga normal KKSKSK
[16/07/2021 - 19:04:13] - [Admin Russo]: e bom q do mais ban hiuhi
[16/07/2021 - 19:15:18] - [Admin Russo]: pprt gente se for pra usar hack melhor nem usar KKKKKKKK
[16/07/2021 - 19:15:23] - [Admin Russo]: SO VERGONHA
[16/07/2021 - 19:34:07] - [Admin Russo]: RC (Respawn de Carros) em instantes, entrem em seus veículos!
[16/07/2021 - 22:42:04] - [Admin alemao_noguira]: RC (Respawn de Carros) em instantes, entrem em seus veículos!
[17/07/2021 - 00:35:42] - [Admin Russo]: RC (Respawn de Carros) em instantes, entrem em seus veículos!
[17/07/2021 - 01:45:46] - [Admin Natan_Insane]: TA PRECISANDO DE AJUDA? DE /N OU /RELATORIO QUE IREMOS AJUDAR
[26/05/2024 - 19:56:45] - [Admin Apxgui]: LC DA O BUMBUM
[26/05/2024 - 19:56:46] - [Admin Apxgui]: LC DA O BUMBUM
[26/05/2024 - 19:58:50] - [Admin Apxgui]: LC DA O BUMBUM
[26/05/2024 - 19:58:50] - [Admin Apxgui]: LC DA O BUMBUM
[26/05/2024 - 19:58:51] - [Admin Apxgui]: LC DA O BUMBUM
[26/05/2024 - 19:58:51] - [Admin Apxgui]: LC DA O BUMBUM
[26/05/2024 - 20:01:49] - [STAFF Apxgui]: LC DA O BUMBUM
[26/05/2024 - 20:01:50] - [STAFF Apxgui]: LC DA O BUMBUM
[26/05/2024 - 20:01:51] - [STAFF Apxgui]: LC DA O BUMBUM
[26/05/2024 - 20:01:52] - [STAFF Apxgui]: LC DA O BUMBUM
[26/05/2024 - 20:04:49] - {1C1C1C}[STAFF Apxgui]: OIIIIIIIIIIIIIIIIIIIIIIIIIIIIIIIII
[26/05/2024 - 20:04:51] - {1C1C1C}[STAFF Apxgui]: OIIIIIIIIIIIIIIIIIIIIIIIIIIIIIIIII
[26/05/2024 - 20:04:52] - {1C1C1C}[STAFF Apxgui]: OIIIIIIIIIIIIIIIIIIIIIIIIIIIIIIIII
[26/05/2024 - 20:08:54] - {FF0000}[STAFF {FFFFFF}Apxgui{FF0000}]: OIIIIIIIIIIII
[26/05/2024 - 20:08:57] - {FF0000}[STAFF {FFFFFF}Apxgui{FF0000}]: OIIIIIIIIIIII
[26/05/2024 - 20:08:58] - {FF0000}[STAFF {FFFFFF}Apxgui{FF0000}]: OIIIIIIIIIIII
[26/05/2024 - 20:08:59] - {FF0000}[STAFF {FFFFFF}Apxgui{FF0000}]: OIIIIIIIIIIII
[26/05/2024 - 20:08:59] - {FF0000}[STAFF {FFFFFF}Apxgui{FF0000}]: OIIIIIIIIIIII
[26/05/2024 - 20:09:00] - {FF0000}[STAFF {FFFFFF}Apxgui{FF0000}]: OIIIIIIIIIIII
[26/05/2024 - 20:09:01] - {FF0000}[STAFF {FFFFFF}Apxgui{FF0000}]: OIIIIIIIIIIII
[26/05/2024 - 20:09:01] - {FF0000}[STAFF {FFFFFF}Apxgui{FF0000}]: OIIIIIIIIIIII
[26/05/2024 - 20:09:02] - {FF0000}[STAFF {FFFFFF}Apxgui{FF0000}]: OIIIIIIIIIIII
[26/05/2024 - 20:11:30] - {FF0000}[STAFF {FFFFFF}Apxgui{FF0000}]: AIIIIIIIIIIIIIIIIIIIIIIIIIIIIIIIIIIIIIIIIIIIIIII
[26/05/2024 - 20:11:40] - {FF0000}[STAFF {FFFFFF}Apxgui{FF0000}]: AIIIIIIIIIIIIIIIIIIIIIIIIIIIIIIIIIIIIIIIIIIIIIII
[26/05/2024 - 20:11:49] - {FF0000}[STAFF {FFFFFF}Apxgui{FF0000}]: ATENCAO RC ON
[27/05/2024 - 01:14:58] - {FF0000}[STAFF {FFFFFF}Apxgui{FF0000}]: oi
[27/05/2024 - 17:53:59] - {FF0000}[STAFF {FFFFFF}Apxgui{FF0000}]: fds
