[24/06/2021 - 21:12:51] - ADMIN CMD: Jaozin_Silva foi banido permanentemente por Vgzinn_Zs, Motivo[k]
[25/06/2021 - 22:13:10] - ADMIN CMD: Bico_Samp foi banido permanentemente por Riquelme_Emanuel, Motivo[HACK]
[26/06/2021 - 19:10:38] - ADMIN CMD: DUDU244 foi banido permanentemente por Riquelme_Emanuel, Motivo[sobet]
[27/06/2021 - 23:09:19] - [2021/06/27 - 23:09:19] Vgzinn baniu Bkzin_phjr com seu martelinho do ban

[29/06/2021 - 00:02:22] - ADMIN CMD: LUPPEX_GAMING foi banido permanentemente por Vgzinn, Motivo[hack aqui nao]
[01/07/2021 - 16:06:19] - ADMIN CMD: Guilherme_Brabo foi banido permanentemente por Menor_vl, Motivo[hack aki nao]
[02/07/2021 - 18:38:32] - ADMIN CMD: Xitado.cs foi banido permanentemente por Vgzinn, Motivo[HOJE NAO TELEPORTE]
[03/07/2021 - 16:02:46] - ADMIN CMD: Jose_Carlosss foi banido permanentemente por Menor_vl, Motivo[aki nao ]
[03/07/2021 - 16:19:31] - ADMIN CMD: Poze_menuON foi banido permanentemente por Riquelme_Emanuel, Motivo[hackudao]
[03/07/2021 - 16:21:13] - ADMIN CMD: Vinicius_cv foi banido permanentemente por Riquelme_Emanuel, Motivo[dnv?]
[03/07/2021 - 16:36:36] - ADMIN CMD: emanueli_linda foi banido permanentemente por Vgzinn, Motivo[hack aqui nao]
[03/07/2021 - 17:16:18] - ADMIN CMD: Lipe_Mobile foi banido permanentemente por Vgzinn, Motivo[kk mais hack q n sabe usar]
[03/07/2021 - 18:47:04] - ANTIXITER: Jacinto_pinto[25] pegou um Jet Pack pelo s0beit e foi banido automaticamente !
[04/07/2021 - 21:50:34] - [2021/07/04 - 21:50:34] Vgzinn baniu Pobe_jhony com seu martelinho do ban

[04/07/2021 - 23:39:15] - ADMIN CMD: bope_kelly foi banido permanentemente por Vgzinn, Motivo[Sobeit]
[05/07/2021 - 03:56:49] - ADMIN CMD: Stark foi banido permanentemente por Vgzinn, Motivo[para de usar sobeit tmnc]
[05/07/2021 - 14:45:45] - ADMIN CMD: ERIMAX_OLH_BALLAS foi banido permanentemente por Riquelme_Emanuel, Motivo[ofensa sv regra nao pd ofender sv ou ban]
[05/07/2021 - 14:58:51] - ADMIN CMD: Fumassa foi banido permanentemente por Riquelme_Emanuel, Motivo[ofensa]
[05/07/2021 - 17:26:38] - ADMIN CMD: Lzinn_07 foi banido permanentemente por Riquelme_Emanuel, Motivo[ofensa adm essa regra e ban]
[05/07/2021 - 21:44:02] - ANTIXITER: Ratao_[31] pegou um Jet Pack pelo s0beit e foi banido automaticamente !
[06/07/2021 - 21:33:10] - ADMIN CMD: Alisson_Samp foi banido permanentemente por Riquelme_Emanuel, Motivo[HACK]
[07/07/2021 - 16:52:37] - ADMIN CMD: Gefin_DAboca foi banido permanentemente por Vgzinn, Motivo[ok]
[07/07/2021 - 16:54:21] - ADMIN CMD: Riquelme_Emanuel foi banido permanentemente por Vgzinn, Motivo[mama]
[07/07/2021 - 16:56:39] - ADMIN CMD: Moreno_DAboca foi banido permanentemente por Vgzinn, Motivo[ja vai tmb]
[07/07/2021 - 21:08:54] - ADMIN CMD: Dejax_ foi banido permanentemente por Vgzinn, Motivo[.]
[07/07/2021 - 22:09:30] - ADMIN CMD: TWJOKER foi banido permanentemente por Vgzinn, Motivo[ok]
[08/07/2021 - 23:49:10] - ADMIN CMD: Felipe_SG foi banido permanentemente por Vgzinn, Motivo[RACISTA NAO]
[11/07/2021 - 13:49:52] - ANTIXITER: exe_sad[2] pegou um Jet Pack pelo s0beit e foi banido automaticamente !
[11/07/2021 - 17:07:11] - ANTIXITER: Wendell_Fnk[23] pegou um Jet Pack pelo s0beit e foi banido automaticamente !
[13/07/2021 - 00:10:44] - ADMIN CMD: SAD_TRISTE1 foi banido permanentemente por Vgzinn, Motivo[KKKKKKKKKK]
[13/07/2021 - 21:47:42] - ADMIN CMD: Sagaz_Fpss foi banido permanentemente por Vgzinn, Motivo[NUNCA NEM VI]
[13/07/2021 - 21:52:12] - ADMIN CMD: NupoeTrH_ foi banido permanentemente por Vgzinn, Motivo[kk]
[13/07/2021 - 21:52:20] - ADMIN CMD: Suzy_Trem foi banido permanentemente por Vgzinn, Motivo[kk]
[14/07/2021 - 05:05:50] - ADMIN CMD: FALIDIN_FPS foi banido permanentemente por Vgzinn, Motivo[serve merda q vc esta nu e?]
[14/07/2021 - 18:37:25] - ANTIXITER: Eduzin_FPSx[3] pegou um Jet Pack pelo s0beit e foi banido automaticamente !
[16/07/2021 - 05:36:33] - ADMIN CMD: DECLIPS foi banido permanentemente por Russo, Motivo[hacker]
[16/07/2021 - 05:36:50] - ADMIN CMD: ReiDelas foi banido permanentemente por Russo, Motivo[hacker]
[16/07/2021 - 05:37:09] - ADMIN CMD: Mario foi banido permanentemente por Russo, Motivo[hacker]
[16/07/2021 - 06:14:50] - ADMIN CMD: Capudinha foi banido permanentemente por Russo, Motivo[deixa eu dormir]
[16/07/2021 - 06:15:17] - ADMIN CMD: JamelinhaFF foi banido permanentemente por Russo, Motivo[o msm]
[16/07/2021 - 06:47:13] - ADMIN CMD: Angel_BB foi banido permanentemente por Russo, Motivo[antxitermelhoradu]
[16/07/2021 - 18:51:55] - ADMIN CMD: ARABE_DA_TDTT foi banido permanentemente por Russo, Motivo[ok]
[16/07/2021 - 18:52:32] - ADMIN CMD: Aquaman foi banido permanentemente por Russo, Motivo[ok]
[16/07/2021 - 19:03:06] - ADMIN CMD: 6EISCAPAS. foi banido permanentemente por Russo, Motivo[kk]
[16/07/2021 - 19:04:58] - ADMIN CMD: Bonezinho_TDTT foi banido permanentemente por Russo, Motivo[kk]
[16/07/2021 - 19:14:50] - ADMIN CMD: RomeuSantos foi banido permanentemente por Russo, Motivo[kk]
[16/07/2021 - 23:40:07] - ADMIN CMD: vgzinnn_n_ foi banido permanentemente por Russo, Motivo[kk]
