ADMIN CMD: Connor.Legends foi banido temporariamente por Riquelme_Emanuel, Motivo[1], Desban[1/1/1]
ADMIN CMD: Jaozin_Silva foi banido temporariamente por Vgzinn_Zs, Motivo[k], Desban[1/1/1]
ADMIN CMD: Jaozin_Silva foi banido temporariamente por Vgzinn_Zs, Motivo[TESTE], Desban[10/1/21]
ADMIN CMD: Jaozin_Silva foi banido temporariamente por Vgzinn_Zs, Motivo[TESTE], Desban[10/1/21]
ADMIN CMD: SilvestreBLK foi banido temporariamente por ICARO_Walker, Motivo[Sobeit], Desban[30/1/1]
ADMIN CMD: kayk foi banido temporariamente por alemao_noguira, Motivo[sobeit ruim em], Desban[30/30/276447232]
ADMIN CMD: Luffy_77 foi banido temporariamente por alemao_noguira, Motivo[sobeit ruim o seu ], Desban[30/25/1215752192]
ADMIN CMD: Tony_Helper foi banido temporariamente por ICARO_Walker, Motivo[M], Desban[10/10/10]
ADMIN CMD: Marcio_junio foi banido temporariamente por ICARO_Walker, Motivo[SOBEITE], Desban[10/10/10]
ADMIN CMD: dourado foi banido temporariamente por ICARO_Walker, Motivo[Sobeit], Desban[10/10/10]
ADMIN CMD: ALQUIMIA_YT foi banido temporariamente por alemao_noguira, Motivo[vai jogar em um serve que nao e lixo entao seu putADMIN CMD: TEMPERATURA foi banido temporariamente por ICARO_Walker, Motivo[VDM], Desban[10/10/10]
ADMIN CMD: POZE_RP foi banido temporariamente por ICARO_Walker, Motivo[HACK], Desban[10/10/10]
ADMIN CMD: SAD_TRISTE foi banido temporariamente por alemao_noguira, Motivo[xiter], Desban[1/1/1073741824]
ADMIN CMD: NHX_SHELBY foi banido temporariamente por Markola, Motivo[hack], Desban[999/9999/999]
ADMIN CMD: NHX_SHELBY foi banido temporariamente por Markola, Motivo[desiste cqra], Desban[999/999/999]
ADMIN CMD: CRN_TRALHA foi banido temporariamente por Markola, Motivo[bye bye], Desban[8998/999/999]
ADMIN CMD: CACAU_FOFA foi banido temporariamente por Markola, Motivo[999 vpn.], Desban[999/999/999]
ADMIN CMD: L7_TA_TRISTE foi banido temporariamente por Markola, Motivo[999 hack dei tvon .], Desban[999/999/999]
ADMIN CMD: KERLON24 foi banido temporariamente por alemao_noguira, Motivo[uso de lock on ], Desban[1/1/1661992960]
ADMIN CMD: Capudinha foi banido temporariamente por Natan_Insane, Motivo[HACKER], Desban[16/6/2021]
ADMIN CMD: desodorante foi banido temporariamente por alemao_noguira, Motivo[hack lixo fdp], Desban[1/1/1316134912]
ADMIN CMD: angela_ foi banido temporariamente por alemao_noguira, Motivo[xiter de merda], Desban[1/1/1316134912]
