A casa de Kira_Do_Moster foi vendida por falta de dinheiro no cofre.
A casa de jaozinho foi vendida por falta de dinheiro no cofre.
A casa de Kira_Do_Moster foi vendida por falta de dinheiro no cofre.
A casa de Kauan_Santos foi vendida por falta de dinheiro no cofre.
A casa de jaozinho foi vendida por falta de dinheiro no cofre.
A casa de Kauan_Santos foi vendida por falta de dinheiro no cofre.
A casa de Kauan_Santos foi vendida por falta de dinheiro no cofre.
A casa de texugo_gg foi vendida por falta de dinheiro no cofre.
A casa de jaozinho foi vendida por falta de dinheiro no cofre.
A casa de Fumassa foi vendida por falta de dinheiro no cofre.
A casa de Kauan_Santos foi vendida por falta de dinheiro no cofre.
A casa de Kauan_Santos foi vendida por falta de dinheiro no cofre.
A casa de Ezequiel_Saffo foi vendida por falta de dinheiro no cofre.
A casa de KINGZIN.Fe foi vendida por falta de dinheiro no cofre.
A casa de Miguel_Malta foi vendida por falta de dinheiro no cofre.
A casa de KINGZIN.Fe foi vendida por falta de dinheiro no cofre.
A casa de Texuguin_ foi vendida por falta de dinheiro no cofre.
A casa de Maicon_Lopes foi vendida por falta de dinheiro no cofre.
A casa de pdrinx_zika foi vendida por falta de dinheiro no cofre.
A casa de Luan_gameX foi vendida por falta de dinheiro no cofre.
A casa de alan_dofernandes foi vendida por falta de dinheiro no cofre.
A casa de Ghostx_Non foi vendida por falta de dinheiro no cofre.
A casa de Texuguin_ foi vendida por falta de dinheiro no cofre.
A casa de KINGZIN.Fe foi vendida por falta de dinheiro no cofre.
A casa de Luan_gameX foi vendida por falta de dinheiro no cofre.
A casa de Alexx_Tururu foi vendida por falta de dinheiro no cofre.
A casa de Scarface04 foi vendida por falta de dinheiro no cofre.
A casa de DANIEL_DO_TREMM foi vendida por falta de dinheiro no cofre.
A casa de Maicon_Lopes foi vendida por falta de dinheiro no cofre.
A casa de Ghostx_Non foi vendida por falta de dinheiro no cofre.
A casa de pdrinx_zika foi vendida por falta de dinheiro no cofre.
A casa de Texuguin_ foi vendida por falta de dinheiro no cofre.
A casa de F7_NXS foi vendida por falta de dinheiro no cofre.
A casa de HARlDADE foi vendida por falta de dinheiro no cofre.
A casa de Bkey_DuMonster foi vendida por falta de dinheiro no cofre.
A casa de Bonezinho_TDT foi vendida por falta de dinheiro no cofre.
A casa de HARlDADE foi vendida por falta de dinheiro no cofre.
A casa de KINGZIN.Fe foi vendida por falta de dinheiro no cofre.
A casa de Luan_gameX foi vendida por falta de dinheiro no cofre.
A casa de Alexx_Tururu foi vendida por falta de dinheiro no cofre.
A casa de Scarface04 foi vendida por falta de dinheiro no cofre.
A casa de DANIEL_DO_TREMM foi vendida por falta de dinheiro no cofre.
A casa de Carlos_Sales foi vendida por falta de dinheiro no cofre.
A casa de Maicon_Lopes foi vendida por falta de dinheiro no cofre.
A casa de Bkey_DuMonster foi vendida por falta de dinheiro no cofre.
A casa de Ghostx_Non foi vendida por falta de dinheiro no cofre.
A casa de Bonezinho_TDT foi vendida por falta de dinheiro no cofre.
A casa de pdrinx_zika foi vendida por falta de dinheiro no cofre.
A casa de HARlDADE foi vendida por falta de dinheiro no cofre.
A casa de F7_NXS foi vendida por falta de dinheiro no cofre.
A casa de KINGZIN.Fe foi vendida por falta de dinheiro no cofre.
A casa de KINGZIN.Fe foi vendida por falta de dinheiro no cofre.
A casa de Luan_gameX foi vendida por falta de dinheiro no cofre.
A casa de Alexx_Tururu foi vendida por falta de dinheiro no cofre.
A casa de Carlos_Sales foi vendida por falta de dinheiro no cofre.
A casa de DANIEL_DO_TREMM foi vendida por falta de dinheiro no cofre.
A casa de Carlos_Sales foi vendida por falta de dinheiro no cofre.
A casa de Maicon_Lopes foi vendida por falta de dinheiro no cofre.
A casa de Bkey_DuMonster foi vendida por falta de dinheiro no cofre.
A casa de Ghostx_Non foi vendida por falta de dinheiro no cofre.
A casa de Bonezinho_TDT foi vendida por falta de dinheiro no cofre.
A casa de pdrinx_zika foi vendida por falta de dinheiro no cofre.
A casa de F7_NXS foi vendida por falta de dinheiro no cofre.
A casa de Borges_Escobar foi vendida por falta de dinheiro no cofre.
A casa de Borges_Escobar foi vendida por falta de dinheiro no cofre.
A casa de KINGZIN.Fe foi vendida por falta de dinheiro no cofre.
A casa de Borges_Escobar foi vendida por falta de dinheiro no cofre.
A casa de KINGZIN.Fe foi vendida por falta de dinheiro no cofre.
A casa de Luan_gameX foi vendida por falta de dinheiro no cofre.
A casa de Alexx_Tururu foi vendida por falta de dinheiro no cofre.
A casa de Carlos_Sales foi vendida por falta de dinheiro no cofre.
A casa de DANIEL_DO_TREMM foi vendida por falta de dinheiro no cofre.
A casa de Carlos_Sales foi vendida por falta de dinheiro no cofre.
A casa de Carlos_Sales foi vendida por falta de dinheiro no cofre.
A casa de Maicon_Lopes foi vendida por falta de dinheiro no cofre.
A casa de Bkey_DuMonster foi vendida por falta de dinheiro no cofre.
A casa de Ghostx_Non foi vendida por falta de dinheiro no cofre.
A casa de Bonezinho_TDT foi vendida por falta de dinheiro no cofre.
A casa de F7_NXS foi vendida por falta de dinheiro no cofre.
A casa de Borges_Escobar foi vendida por falta de dinheiro no cofre.
A casa de KINGZIN.Fe foi vendida por falta de dinheiro no cofre.
A casa de Borges_Escobar foi vendida por falta de dinheiro no cofre.
A casa de KINGZIN.Fe foi vendida por falta de dinheiro no cofre.
A casa de Borges_Escobar foi vendida por falta de dinheiro no cofre.
A casa de KINGZIN.Fe foi vendida por falta de dinheiro no cofre.
A casa de Borges_Escobar foi vendida por falta de dinheiro no cofre.
A casa de KINGZIN.Fe foi vendida por falta de dinheiro no cofre.
A casa de Borges_Escobar foi vendida por falta de dinheiro no cofre.
A casa de KINGZIN.Fe foi vendida por falta de dinheiro no cofre.
A casa de Borges_Escobar foi vendida por falta de dinheiro no cofre.
A casa de KINGZIN.Fe foi vendida por falta de dinheiro no cofre.
A casa de Borges_Escobar foi vendida por falta de dinheiro no cofre.
A casa de KINGZIN.Fe foi vendida por falta de dinheiro no cofre.
A casa de Luan_gameX foi vendida por falta de dinheiro no cofre.
A casa de Alexx_Tururu foi vendida por falta de dinheiro no cofre.
A casa de Carlos_Sales foi vendida por falta de dinheiro no cofre.
A casa de PATOLYNO foi vendida por falta de dinheiro no cofre.
A casa de DANIEL_DO_TREMM foi vendida por falta de dinheiro no cofre.
A casa de Carlos_Sales foi vendida por falta de dinheiro no cofre.
A casa de Carlos_Sales foi vendida por falta de dinheiro no cofre.
A casa de Maicon_Lopes foi vendida por falta de dinheiro no cofre.
A casa de Bkey_DuMonster foi vendida por falta de dinheiro no cofre.
A casa de Ghostx_Non foi vendida por falta de dinheiro no cofre.
A casa de Bonezinho_TDT foi vendida por falta de dinheiro no cofre.
A casa de F7_NXS foi vendida por falta de dinheiro no cofre.
A casa de Borges_Escobar foi vendida por falta de dinheiro no cofre.
A casa de Carlos_Sales foi vendida por falta de dinheiro no cofre.
A casa de Borges_Escobar foi vendida por falta de dinheiro no cofre.
A casa de KINGZIN.Fe foi vendida por falta de dinheiro no cofre.
A casa de Borges_Escobar foi vendida por falta de dinheiro no cofre.
A casa de KINGZIN.Fe foi vendida por falta de dinheiro no cofre.
A casa de texugo_gg foi vendida por falta de dinheiro no cofre.
A casa de Luan_gameX foi vendida por falta de dinheiro no cofre.
A casa de Alexx_Tururu foi vendida por falta de dinheiro no cofre.
A casa de Carlos_Sales foi vendida por falta de dinheiro no cofre.
A casa de PATOLYNO foi vendida por falta de dinheiro no cofre.
A casa de DANIEL_DO_TREMM foi vendida por falta de dinheiro no cofre.
A casa de Borges_Escobar foi vendida por falta de dinheiro no cofre.
A casa de Carlos_Sales foi vendida por falta de dinheiro no cofre.
A casa de Carlos_Sales foi vendida por falta de dinheiro no cofre.
A casa de Maicon_Lopes foi vendida por falta de dinheiro no cofre.
A casa de Bkey_DuMonster foi vendida por falta de dinheiro no cofre.
A casa de Ghostx_Non foi vendida por falta de dinheiro no cofre.
A casa de Bonezinho_TDT foi vendida por falta de dinheiro no cofre.
A casa de F7_NXS foi vendida por falta de dinheiro no cofre.
A casa de Borges_Escobar foi vendida por falta de dinheiro no cofre.
A casa de KINGZIN.Fe foi vendida por falta de dinheiro no cofre.
A casa de Borges_Escobar foi vendida por falta de dinheiro no cofre.
A casa de KINGZIN.Fe foi vendida por falta de dinheiro no cofre.
A casa de Borges_Escobar foi vendida por falta de dinheiro no cofre.
A casa de KINGZIN.Fe foi vendida por falta de dinheiro no cofre.
A casa de Borges_Escobar foi vendida por falta de dinheiro no cofre.
A casa de KINGZIN.Fe foi vendida por falta de dinheiro no cofre.
A casa de Borges_Escobar foi vendida por falta de dinheiro no cofre.
A casa de KINGZIN.Fe foi vendida por falta de dinheiro no cofre.
A casa de Borges_Escobar foi vendida por falta de dinheiro no cofre.
A casa de KINGZIN.Fe foi vendida por falta de dinheiro no cofre.
A casa de Borges_Escobar foi vendida por falta de dinheiro no cofre.
A casa de KINGZIN.Fe foi vendida por falta de dinheiro no cofre.
A casa de Borges_Escobar foi vendida por falta de dinheiro no cofre.
A casa de KINGZIN.Fe foi vendida por falta de dinheiro no cofre.
A casa de Borges_Escobar foi vendida por falta de dinheiro no cofre.
A casa de KINGZIN.Fe foi vendida por falta de dinheiro no cofre.
A casa de Borges_Escobar foi vendida por falta de dinheiro no cofre.
A casa de KINGZIN.Fe foi vendida por falta de dinheiro no cofre.
A casa de Borges_Escobar foi vendida por falta de dinheiro no cofre.
A casa de KINGZIN.Fe foi vendida por falta de dinheiro no cofre.
A casa de Borges_Escobar foi vendida por falta de dinheiro no cofre.
A casa de KINGZIN.Fe foi vendida por falta de dinheiro no cofre.
A casa de Borges_Escobar foi vendida por falta de dinheiro no cofre.
A casa de KINGZIN.Fe foi vendida por falta de dinheiro no cofre.
A casa de Borges_Escobar foi vendida por falta de dinheiro no cofre.
A casa de KINGZIN.Fe foi vendida por falta de dinheiro no cofre.
A casa de Borges_Escobar foi vendida por falta de dinheiro no cofre.
A casa de KINGZIN.Fe foi vendida por falta de dinheiro no cofre.
A casa de Borges_Escobar foi vendida por falta de dinheiro no cofre.
A casa de KINGZIN.Fe foi vendida por falta de dinheiro no cofre.
A casa de Borges_Escobar foi vendida por falta de dinheiro no cofre.
A casa de KINGZIN.Fe foi vendida por falta de dinheiro no cofre.
A casa de Borges_Escobar foi vendida por falta de dinheiro no cofre.
A casa de KINGZIN.Fe foi vendida por falta de dinheiro no cofre.
A casa de Borges_Escobar foi vendida por falta de dinheiro no cofre.
A casa de KINGZIN.Fe foi vendida por falta de dinheiro no cofre.
A casa de Borges_Escobar foi vendida por falta de dinheiro no cofre.
A casa de KINGZIN.Fe foi vendida por falta de dinheiro no cofre.
A casa de Borges_Escobar foi vendida por falta de dinheiro no cofre.
A casa de KINGZIN.Fe foi vendida por falta de dinheiro no cofre.
A casa de Borges_Escobar foi vendida por falta de dinheiro no cofre.
A casa de KINGZIN.Fe foi vendida por falta de dinheiro no cofre.
A casa de Borges_Escobar foi vendida por falta de dinheiro no cofre.
A casa de KINGZIN.Fe foi vendida por falta de dinheiro no cofre.
A casa de Borges_Escobar foi vendida por falta de dinheiro no cofre.
A casa de KINGZIN.Fe foi vendida por falta de dinheiro no cofre.
A casa de Borges_Escobar foi vendida por falta de dinheiro no cofre.
A casa de KINGZIN.Fe foi vendida por falta de dinheiro no cofre.
A casa de Borges_Escobar foi vendida por falta de dinheiro no cofre.
A casa de KINGZIN.Fe foi vendida por falta de dinheiro no cofre.
A casa de Borges_Escobar foi vendida por falta de dinheiro no cofre.
A casa de KINGZIN.Fe foi vendida por falta de dinheiro no cofre.
A casa de Borges_Escobar foi vendida por falta de dinheiro no cofre.
A casa de KINGZIN.Fe foi vendida por falta de dinheiro no cofre.
A casa de Borges_Escobar foi vendida por falta de dinheiro no cofre.
A casa de KINGZIN.Fe foi vendida por falta de dinheiro no cofre.
A casa de Borges_Escobar foi vendida por falta de dinheiro no cofre.
A casa de KINGZIN.Fe foi vendida por falta de dinheiro no cofre.
A casa de Borges_Escobar foi vendida por falta de dinheiro no cofre.
A casa de KINGZIN.Fe foi vendida por falta de dinheiro no cofre.
A casa de Borges_Escobar foi vendida por falta de dinheiro no cofre.
A casa de KINGZIN.Fe foi vendida por falta de dinheiro no cofre.
A casa de Borges_Escobar foi vendida por falta de dinheiro no cofre.
A casa de KINGZIN.Fe foi vendida por falta de dinheiro no cofre.
A casa de Borges_Escobar foi vendida por falta de dinheiro no cofre.
A casa de KINGZIN.Fe foi vendida por falta de dinheiro no cofre.
A casa de Borges_Escobar foi vendida por falta de dinheiro no cofre.
A casa de KINGZIN.Fe foi vendida por falta de dinheiro no cofre.
A casa de Borges_Escobar foi vendida por falta de dinheiro no cofre.
A casa de KINGZIN.Fe foi vendida por falta de dinheiro no cofre.
A casa de Borges_Escobar foi vendida por falta de dinheiro no cofre.
A casa de KINGZIN.Fe foi vendida por falta de dinheiro no cofre.
A casa de Borges_Escobar foi vendida por falta de dinheiro no cofre.
A casa de KINGZIN.Fe foi vendida por falta de dinheiro no cofre.
A casa de Borges_Escobar foi vendida por falta de dinheiro no cofre.
A casa de KINGZIN.Fe foi vendida por falta de dinheiro no cofre.
A casa de Borges_Escobar foi vendida por falta de dinheiro no cofre.
A casa de KINGZIN.Fe foi vendida por falta de dinheiro no cofre.
A casa de Borges_Escobar foi vendida por falta de dinheiro no cofre.
A casa de KINGZIN.Fe foi vendida por falta de dinheiro no cofre.
A casa de Borges_Escobar foi vendida por falta de dinheiro no cofre.
A casa de KINGZIN.Fe foi vendida por falta de dinheiro no cofre.
A casa de texugo_gg foi vendida por falta de dinheiro no cofre.
A casa de Luan_gameX foi vendida por falta de dinheiro no cofre.
A casa de Duartex_ foi vendida por falta de dinheiro no cofre.
A casa de Alexx_Tururu foi vendida por falta de dinheiro no cofre.
A casa de Carlos_Sales foi vendida por falta de dinheiro no cofre.
A casa de PATOLYNO foi vendida por falta de dinheiro no cofre.
A casa de DANIEL_DO_TREMM foi vendida por falta de dinheiro no cofre.
A casa de Borges_Escobar foi vendida por falta de dinheiro no cofre.
A casa de Carlos_Sales foi vendida por falta de dinheiro no cofre.
A casa de Carlos_Sales foi vendida por falta de dinheiro no cofre.
A casa de Maicon_Lopes foi vendida por falta de dinheiro no cofre.
A casa de Bkey_DuMonster foi vendida por falta de dinheiro no cofre.
A casa de Ghostx_Non foi vendida por falta de dinheiro no cofre.
A casa de Bonezinho_TDT foi vendida por falta de dinheiro no cofre.
A casa de F7_NXS foi vendida por falta de dinheiro no cofre.
A casa de apxgui_entrou foi vendida por falta de dinheiro no cofre.
A casa de Apxgui foi vendida por falta de dinheiro no cofre.
