[28/02/2020 - 12:10:24] - ** VIP winRAR: vem
[24/06/2021 - 21:48:16] - ** VIP Jaozin_Silva: opa
[25/06/2021 - 17:00:00] - ** VIP Vgzinn_Zs: da /v riq
[26/06/2021 - 19:02:45] - ** VIP Kira_Do_Moster: opa
[26/06/2021 - 19:02:51] - ** VIP Riquelme_Emanuel: opa
[26/06/2021 - 19:03:10] - ** VIP Riquelme_Emanuel: to telando u vagabundo q esta com sobeit,possivelmente
[26/06/2021 - 19:03:35] - ** VIP Riquelme_Emanuel: .
[26/06/2021 - 19:04:20] - ** VIP Kira_Do_Moster: kkkkk
[26/06/2021 - 19:04:35] - ** VIP Kira_Do_Moster: qual o nome
[26/06/2021 - 19:04:42] - ** VIP Kira_Do_Moster: ?
[26/06/2021 - 19:04:49] - ** VIP Riquelme_Emanuel: dudu id 12
[26/06/2021 - 19:05:02] - ** VIP Riquelme_Emanuel: k
[27/06/2021 - 03:37:34] - ** VIP jaozinho: kkkk
[27/06/2021 - 03:37:39] - ** VIP Fumassa: eai
[27/06/2021 - 03:38:09] - ** VIP jaozinho: q bosta
[27/06/2021 - 03:38:12] - ** VIP jaozinho: cai
[27/06/2021 - 18:41:37] - ** VIP Vgzinn: l
[27/06/2021 - 18:46:29] - ** VIP Vgzinn: teste
[27/06/2021 - 18:46:38] - ** VIP Kira_Do_Moster: seu lindo
[30/06/2021 - 16:31:37] - ** VIP Fumassa: ALHUEM?
[30/06/2021 - 16:31:57] - ** VIP Fumassa: alguem?
[30/06/2021 - 16:32:06] - ** VIP Kira_Do_Moster: op
[30/06/2021 - 16:32:51] - ** VIP Fumassa: EU GANHEI VIP POR SER ADM EO KAUAN N K
[30/06/2021 - 20:32:47] - ** VIP jaozinho: testando
[30/06/2021 - 21:46:30] - ** VIP jaozinho: fumasa
[30/06/2021 - 21:46:37] - ** VIP Fumassa: OI
[30/06/2021 - 21:46:38] - ** VIP jaozinho: entra dc
[30/06/2021 - 21:46:43] - ** VIP Fumassa: PRA QUE?
[30/06/2021 - 21:46:59] - ** VIP jaozinho: pra vc setar a tag e um cara na org bope
[30/06/2021 - 21:47:10] - ** VIP jaozinho: ele ja tem 5 invites
[30/06/2021 - 21:47:13] - ** VIP Fumassa: UE
[30/06/2021 - 21:47:26] - ** VIP Fumassa: N SOU RESP ORG N PQP MANO
[30/06/2021 - 21:51:23] - ** VIP Fumassa: pqp joao
[30/06/2021 - 21:51:33] - ** VIP Fumassa: CHAMO SO PRA ISSO ;-;
[01/07/2021 - 23:39:50] - ** VIP jaozinho: .
[10/07/2021 - 03:19:46] - ** VIP Vgzinn: VOIP E RADINHO TA SUAVE?
[13/07/2021 - 22:43:40] - ** VIP jaozinho: tudo gay
[13/07/2021 - 22:43:55] - ** VIP Vgzinn: teu pai
[13/07/2021 - 22:44:02] - ** VIP jaozinho: lkkksk
[27/05/2024 - 00:58:42] - ** VIP Apxgui: salve rebaim de fi do karai
[16/06/2024 - 22:00:28] - ** VIP Junio_Fenomeno: oi?kk
[16/06/2024 - 22:00:47] - ** VIP Junio_Fenomeno: vtmnc
[16/06/2024 - 22:00:52] - ** VIP Junio_Fenomeno: toma no cu kk
[16/06/2024 - 22:00:59] - ** VIP Junio_Fenomeno: gay
[16/06/2024 - 22:01:04] - ** VIP Junio_Fenomeno: safado
[16/06/2024 - 22:01:06] - ** VIP Junio_Fenomeno: adm
[16/06/2024 - 22:01:11] - ** VIP Junio_Fenomeno: falido
