[21/06/2021 - 04:05:33] - ~b~Nike_exe: ~w~kk
[21/06/2021 - 22:08:26] - ~b~Vgzinn_Zs: ~w~.
[22/06/2021 - 00:14:43] - ~b~Vgzinn_Zs: ~w~GMX EM INSTANTES
[22/06/2021 - 00:14:45] - ~b~Vgzinn_Zs: ~w~GMX EM INSTANTES
[22/06/2021 - 00:14:53] - ~b~Vgzinn_Zs: ~w~GMX EM INSTANTES
[22/06/2021 - 00:15:11] - ~b~Vgzinn_Zs: ~w~GMX EM INSTANTES
[22/06/2021 - 00:15:22] - ~b~Vgzinn_Zs: ~w~GMX EM INSTANTES
[22/06/2021 - 18:30:10] - ~b~Vgzinn_Zs: ~w~gmx em  10 seg
[22/06/2021 - 18:30:13] - ~b~Vgzinn_Zs: ~w~gmx em  10 seg
[22/06/2021 - 18:30:13] - ~b~Vgzinn_Zs: ~w~gmx em  10 seg
[22/06/2021 - 18:30:14] - ~b~Vgzinn_Zs: ~w~gmx em  10 seg
[22/06/2021 - 18:30:15] - ~b~Vgzinn_Zs: ~w~gmx em  10 seg
[22/06/2021 - 18:30:16] - ~b~Vgzinn_Zs: ~w~gmx em  10 seg
[22/06/2021 - 18:30:16] - ~b~Vgzinn_Zs: ~w~gmx em  10 seg
[23/06/2021 - 20:30:07] - ~b~Nike_exe: ~w~/pedircontas
[23/06/2021 - 20:36:07] - ~b~Nike_exe: ~w~volta aki tk
[24/06/2021 - 21:23:49] - ~b~Vgzinn_Zs: ~w~gmx em instantes
[24/06/2021 - 21:23:53] - ~b~Vgzinn_Zs: ~w~gmx em instantes
[24/06/2021 - 23:22:39] - ~b~Vgzinn_Zs: ~w~GMX EM 20 SEG
[24/06/2021 - 23:22:41] - ~b~Vgzinn_Zs: ~w~GMX EM 20 SEG
[24/06/2021 - 23:22:44] - ~b~Vgzinn_Zs: ~w~GMX EM 20 SEG
[25/06/2021 - 16:03:04] - ~b~Vgzinn_Zs: ~w~Gmx Em Instantes!
[25/06/2021 - 16:03:05] - ~b~Vgzinn_Zs: ~w~Gmx Em Instantes!
[25/06/2021 - 16:03:06] - ~b~Vgzinn_Zs: ~w~Gmx Em Instantes!
[25/06/2021 - 16:09:09] - ~b~Vgzinn_Zs: ~w~ULTIMA GMX EM INSTANTES
[25/06/2021 - 16:09:10] - ~b~Vgzinn_Zs: ~w~ULTIMA GMX EM INSTANTES
[25/06/2021 - 16:09:12] - ~b~Vgzinn_Zs: ~w~ULTIMA GMX EM INSTANTES
[25/06/2021 - 16:09:13] - ~b~Vgzinn_Zs: ~w~ULTIMA GMX EM INSTANTES
[25/06/2021 - 16:09:15] - ~b~Vgzinn_Zs: ~w~ULTIMA GMX EM INSTANTES
[25/06/2021 - 16:09:16] - ~b~Vgzinn_Zs: ~w~ULTIMA GMX EM INSTANTES
[25/06/2021 - 16:09:17] - ~b~Vgzinn_Zs: ~w~ULTIMA GMX EM INSTANTES
[25/06/2021 - 16:37:16] - ~b~Vgzinn_Zs: ~w~15 ON SORTEIO ACONTECE EM
[25/06/2021 - 16:37:17] - ~b~Vgzinn_Zs: ~w~15 ON SORTEIO ACONTECE EM
[25/06/2021 - 16:37:18] - ~b~Vgzinn_Zs: ~w~15 ON SORTEIO ACONTECE EM
[25/06/2021 - 16:38:48] - ~b~Vgzinn_Zs: ~w~15 ON SORTEIO ACONTECE EM
[25/06/2021 - 23:54:35] - ~b~Menor_vl: ~w~rc em 10 segundos
[26/06/2021 - 01:56:04] - ~b~Vgzinn: ~w~25 on mais sorteio
[26/06/2021 - 17:36:31] - ~b~Vgzinn: ~w~natan e willian ganho
[26/06/2021 - 17:41:31] - ~b~Vgzinn: ~w~NATAN E WILLIAN NOVAMENTE
[26/06/2021 - 22:39:31] - ~b~Vgzinn: ~w~25 on sorteio em hehe
[26/06/2021 - 22:39:44] - ~b~Vgzinn: ~w~21:00 hrs evento em hehe
[26/06/2021 - 22:50:00] - ~b~Vgzinn: ~w~25 on sorteio em hehe
[26/06/2021 - 23:45:02] - ~b~Vgzinn: ~w~EVENTO AS 21:00 EMM
[26/06/2021 - 23:45:03] - ~b~Vgzinn: ~w~EVENTO AS 21:00 EMM
[26/06/2021 - 23:45:12] - ~b~Vgzinn: ~w~QM FOR ENTRE CALL AS 20:50
[26/06/2021 - 23:45:14] - ~b~Vgzinn: ~w~QM FOR ENTRE CALL AS 20:50
[26/06/2021 - 23:51:02] - ~b~Menor_vl: ~w~call evento quem for participar
[26/06/2021 - 23:54:26] - ~b~Vgzinn: ~w~QM FOR ENTRE CALL!!!!!!!!!
[26/06/2021 - 23:58:53] - ~b~Vgzinn: ~w~QM FOR no evento corre ENTRE CALL!!!!!!!!!
[26/06/2021 - 23:58:54] - ~b~Vgzinn: ~w~QM FOR no evento corre ENTRE CALL!!!!!!!!!
[26/06/2021 - 23:58:55] - ~b~Vgzinn: ~w~QM FOR no evento corre ENTRE CALL!!!!!!!!!
[26/06/2021 - 23:58:55] - ~b~Vgzinn: ~w~QM FOR no evento corre ENTRE CALL!!!!!!!!!
[26/06/2021 - 23:58:56] - ~b~Vgzinn: ~w~QM FOR no evento corre ENTRE CALL!!!!!!!!!
[26/06/2021 - 23:58:56] - ~b~Vgzinn: ~w~QM FOR no evento corre ENTRE CALL!!!!!!!!!
[26/06/2021 - 23:58:57] - ~b~Vgzinn: ~w~QM FOR no evento corre ENTRE CALL!!!!!!!!!
[26/06/2021 - 23:58:57] - ~b~Vgzinn: ~w~QM FOR no evento corre ENTRE CALL!!!!!!!!!
[27/06/2021 - 00:00:02] - ~b~Vgzinn: ~w~QM FOR no evento corre ENTRE CALL!!!!!!!!!
[27/06/2021 - 00:02:11] - ~b~Menor_vl: ~w~call evento quem quiser participar
[27/06/2021 - 00:04:06] - ~b~Vgzinn: ~w~valendo vip em 
[27/06/2021 - 00:04:09] - ~b~Vgzinn: ~w~valendo vip em 
[27/06/2021 - 00:04:16] - ~b~Vgzinn: ~w~valendo vip
[27/06/2021 - 00:04:17] - ~b~Vgzinn: ~w~valendo vip
[27/06/2021 - 00:05:39] - ~b~Menor_vl: ~w~evento valendo vip,entrem call
[27/06/2021 - 00:08:07] - ~b~Vgzinn: ~w~so qm tiver call ira participar vai cmc as 21:10
[27/06/2021 - 00:08:09] - ~b~Vgzinn: ~w~so qm tiver call ira participar vai cmc as 21:10
[27/06/2021 - 00:08:10] - ~b~Vgzinn: ~w~so qm tiver call ira participar vai cmc as 21:10
[27/06/2021 - 00:08:11] - ~b~Vgzinn: ~w~so qm tiver call ira participar vai cmc as 21:10
[27/06/2021 - 00:08:11] - ~b~Vgzinn: ~w~so qm tiver call ira participar vai cmc as 21:10
[27/06/2021 - 00:08:12] - ~b~Vgzinn: ~w~so qm tiver call ira participar vai cmc as 21:10
[27/06/2021 - 00:22:21] - ~b~Vgzinn: ~w~vai ter dnv entrem call!!!!
[27/06/2021 - 00:22:23] - ~b~Vgzinn: ~w~vai ter dnv entrem call!!!!
[27/06/2021 - 00:22:23] - ~b~Vgzinn: ~w~vai ter dnv entrem call!!!!
[27/06/2021 - 00:22:24] - ~b~Vgzinn: ~w~vai ter dnv entrem call!!!!
[27/06/2021 - 00:22:24] - ~b~Vgzinn: ~w~vai ter dnv entrem call!!!!
[27/06/2021 - 00:22:25] - ~b~Vgzinn: ~w~vai ter dnv entrem call!!!!
[27/06/2021 - 00:22:25] - ~b~Vgzinn: ~w~vai ter dnv entrem call!!!!
[27/06/2021 - 00:24:43] - ~b~Menor_vl: ~w~vai ter dnv evento entrem call
[27/06/2021 - 16:16:21] - ~b~Vgzinn: ~w~25 on sorteio!!
[27/06/2021 - 16:17:48] - ~b~Vgzinn: ~w~/caixinha
[27/06/2021 - 16:17:49] - ~b~Vgzinn: ~w~/caixinha
[27/06/2021 - 16:17:50] - ~b~Vgzinn: ~w~/caixinha
[27/06/2021 - 16:17:50] - ~b~Vgzinn: ~w~/caixinha
[27/06/2021 - 16:17:51] - ~b~Vgzinn: ~w~/caixinha
[27/06/2021 - 16:17:52] - ~b~Vgzinn: ~w~/caixinha
[27/06/2021 - 16:17:54] - ~b~Vgzinn: ~w~/caixinha
[27/06/2021 - 16:17:54] - ~b~Vgzinn: ~w~/caixinha
[27/06/2021 - 16:17:55] - ~b~Vgzinn: ~w~/caixinha
[27/06/2021 - 16:18:04] - ~b~Vgzinn: ~w~/caixinha
[27/06/2021 - 16:18:15] - ~b~Vgzinn: ~w~/caixinha
[27/06/2021 - 16:23:05] - ~b~Vgzinn: ~w~/caixinha
[27/06/2021 - 16:32:09] - ~b~Vgzinn: ~w~/caixinha
[27/06/2021 - 23:11:26] - ~b~Vgzinn: ~w~caixinha
[27/06/2021 - 23:12:16] - ~b~Vgzinn: ~w~25 ON SORTEIO
[27/06/2021 - 23:18:14] - ~b~Vgzinn: ~w~/caixinha
[27/06/2021 - 23:57:36] - ~b~Menor_vl: ~w~sorteio on no dc 
[27/06/2021 - 23:57:49] - ~b~Menor_vl: ~w~sorteio on no dc 
[27/06/2021 - 23:58:05] - ~b~Menor_vl: ~w~sorteio on no dc 
[27/06/2021 - 23:58:12] - ~b~Vgzinn: ~w~SORTEIO ROLANDO DISCORD
[27/06/2021 - 23:58:13] - ~b~Vgzinn: ~w~SORTEIO ROLANDO DISCORD
[27/06/2021 - 23:58:13] - ~b~Vgzinn: ~w~SORTEIO ROLANDO DISCORD
[27/06/2021 - 23:58:14] - ~b~Vgzinn: ~w~SORTEIO ROLANDO DISCORD
[27/06/2021 - 23:58:14] - ~b~Vgzinn: ~w~SORTEIO ROLANDO DISCORD
[27/06/2021 - 23:58:14] - ~b~Vgzinn: ~w~SORTEIO ROLANDO DISCORD
[27/06/2021 - 23:58:15] - ~b~Vgzinn: ~w~SORTEIO ROLANDO DISCORD
[27/06/2021 - 23:58:15] - ~b~Vgzinn: ~w~SORTEIO ROLANDO DISCORD
[27/06/2021 - 23:58:23] - ~b~Vgzinn: ~w~SORTEIO ROLANDO DISCORD
[28/06/2021 - 16:34:59] - ~b~Menor_vl: ~w~rc em 10 segundos
[28/06/2021 - 16:37:09] - ~b~Menor_vl: ~w~15 on vai ter guerra
[28/06/2021 - 17:17:55] - ~b~Natan_Insane: ~w~PODE TODAS ARMAS NA MORRO
[28/06/2021 - 22:19:01] - ~b~Menor_vl: ~w~rc em 10 min
[28/06/2021 - 23:09:56] - ~b~Natan_Insane: ~w~/CAIXINHA
[28/06/2021 - 23:14:22] - ~b~Menor_vl: ~w~rc em 10 segundos
[29/06/2021 - 13:11:13] - ~b~Menor_vl: ~w~rc em 10 segundos
[29/06/2021 - 13:38:28] - ~b~Menor_vl: ~w~quem planto maconho no meio da rua
[29/06/2021 - 15:36:23] - ~b~Menor_vl: ~w~rc em 10 segundos
[29/06/2021 - 16:31:04] - ~b~Natan_Insane: ~w~/CAIXINHA TROPA
[29/06/2021 - 16:31:25] - ~b~Natan_Insane: ~w~/CAIXINHA TROPA
[29/06/2021 - 16:31:42] - ~b~Riquelme_Emanuel: ~w~GUERRA PIER FINALIZADA
[29/06/2021 - 16:32:10] - ~b~Riquelme_Emanuel: ~w~HITMANS
[29/06/2021 - 16:32:33] - ~b~Riquelme_Emanuel: ~w~RC EM 10 SEGUNDOS
[29/06/2021 - 16:55:01] - ~b~Riquelme_Emanuel: ~w~BAILAO DO BVL AGORA BROTA CALL MUSICA DISCORD BVL
[29/06/2021 - 16:55:06] - ~b~Riquelme_Emanuel: ~w~BAILAO DO BVL AGORA BROTA CALL MUSICA DISCORD BVL
[29/06/2021 - 16:57:31] - ~b~Riquelme_Emanuel: ~w~GERAL MORRO E ENTRA CALL MUSICA DISCORD BVL BAILAOOOO
[29/06/2021 - 16:57:37] - ~b~Riquelme_Emanuel: ~w~GERAL MORRO E ENTRA CALL MUSICA DISCORD BVL BAILAOOOO
[29/06/2021 - 16:57:40] - ~b~Riquelme_Emanuel: ~w~GERAL MORRO E ENTRA CALL MUSICA DISCORD BVL BAILAOOOO
[29/06/2021 - 16:58:33] - ~b~Riquelme_Emanuel: ~w~GERAL MORRO E ENTRA CALL MUSICA DISCORD BVL BAILAOOOO
[29/06/2021 - 17:01:55] - ~b~Riquelme_Emanuel: ~w~GERAL CALL MUSICA DISCORD BVL BAILAO QUEM QUER SER CHAMADO /BP EU
[29/06/2021 - 17:02:51] - ~b~Riquelme_Emanuel: ~w~GERAL CALL MUSICA DISCORD QM ENTRAR FALA /BP PUXA
[29/06/2021 - 17:04:18] - ~b~Riquelme_Emanuel: ~w~GERAL CALL MUSICA DISCORD QM ENTRAR FALA /BP PUXA
[29/06/2021 - 17:11:31] - ~b~Riquelme_Emanuel: ~w~GERAL CALL MUSICA DISCORD QM ENTRAR FALA /BP PUXA
[29/06/2021 - 17:19:13] - ~b~Riquelme_Emanuel: ~w~GERAL RAJADA PRA CIMA
[29/06/2021 - 17:19:20] - ~b~Riquelme_Emanuel: ~w~GERAL RAJADAO PRA CIMA
[29/06/2021 - 18:48:51] - ~b~Menor_vl: ~w~rc em 10 segundos
[29/06/2021 - 19:01:09] - ~b~Menor_vl: ~w~rc em 10 segundos
[29/06/2021 - 23:00:47] - ~b~Natan_Insane: ~w~TODOS DE ORG/CORP QUERO VER COM TITULOS DEM /TITULOS E COLOQUEM OBG
[30/06/2021 - 03:17:38] - ~b~Fumassa: ~w~QUEM EO ADM MAIS GATO /BP NOME
[30/06/2021 - 17:33:24] - ~b~Vgzinn: ~w~/caixinha
[30/06/2021 - 17:33:26] - ~b~Vgzinn: ~w~/caixinha
[30/06/2021 - 17:33:31] - ~b~Vgzinn: ~w~/caixinha
[30/06/2021 - 17:33:37] - ~b~Vgzinn: ~w~/caixinha
[30/06/2021 - 17:33:50] - ~b~Vgzinn: ~w~/caixinha
[30/06/2021 - 17:33:59] - ~b~Riquelme_Emanuel: ~w~/CU
[30/06/2021 - 17:35:13] - ~b~Riquelme_Emanuel: ~w~GUERRA NO PIER DPS DA GUERRA DO MORR
[30/06/2021 - 17:35:37] - ~b~Riquelme_Emanuel: ~w~PARA TODAS ORGS ASSASINAS EB GATE E ETC
[30/06/2021 - 18:08:06] - ~b~Vgzinn: ~w~SMOKE GANHO
[30/06/2021 - 19:57:14] - ~b~Vgzinn: ~w~geral pref qm quiser grana
[30/06/2021 - 20:02:45] - ~b~Vgzinn: ~w~dentro da pref corre!!!!
[30/06/2021 - 20:02:57] - ~b~Vgzinn: ~w~dentro da pref corre!!!!
[30/06/2021 - 20:03:22] - ~b~Vgzinn: ~w~dentro da pref corre!!!!
[30/06/2021 - 20:05:45] - ~b~Vgzinn: ~w~dentro da pref corre!!!!
[30/06/2021 - 20:05:46] - ~b~Vgzinn: ~w~dentro da pref corre!!!!
[30/06/2021 - 20:05:47] - ~b~Vgzinn: ~w~dentro da pref corre!!!!
[30/06/2021 - 20:05:47] - ~b~Vgzinn: ~w~dentro da pref corre!!!!
[30/06/2021 - 22:06:26] - ~b~Vgzinn: ~w~/caixinha
[30/06/2021 - 22:19:06] - ~b~Vgzinn: ~w~/caixinha
[30/06/2021 - 22:32:56] - ~b~Vgzinn: ~w~35 on sorteio
[30/06/2021 - 22:32:59] - ~b~Vgzinn: ~w~35 on sorteio
[30/06/2021 - 22:38:51] - ~b~Vgzinn: ~w~/CAIXINHA
[01/07/2021 - 00:52:04] - ~b~Vgzinn: ~w~/caixinha
[01/07/2021 - 00:55:36] - ~b~Vgzinn: ~w~35 on sorteio no discord
[01/07/2021 - 00:57:37] - ~b~Riquelme_Emanuel: ~w~DEEM SEUS PALPITES QM GANHA? /bp hitmans /bp cv
[01/07/2021 - 00:57:45] - ~b~Riquelme_Emanuel: ~w~DEEM SEUS PALPITES QM GANHA? /bp hitmans /bp cv
[01/07/2021 - 01:13:47] - ~b~Riquelme_Emanuel: ~w~NGM VOLTOU ACAO
[01/07/2021 - 01:20:51] - ~b~Riquelme_Emanuel: ~w~BAILAO ? /bp sim
[01/07/2021 - 01:20:53] - ~b~Riquelme_Emanuel: ~w~BAILAO ? /bp sim
[01/07/2021 - 01:20:54] - ~b~Riquelme_Emanuel: ~w~BAILAO ? /bp sim
[01/07/2021 - 01:20:56] - ~b~Riquelme_Emanuel: ~w~BAILAO ? /bp sim
[01/07/2021 - 01:21:21] - ~b~Riquelme_Emanuel: ~w~GERAL CALL MUSICA DISCORD BVL
[01/07/2021 - 01:21:24] - ~b~Riquelme_Emanuel: ~w~GERAL CALL MUSICA DISCORD BVL
[01/07/2021 - 01:24:01] - ~b~Riquelme_Emanuel: ~w~QM FOR BAILAO VEM CALL JOGANDO 1
[01/07/2021 - 01:24:20] - ~b~Riquelme_Emanuel: ~w~QM FOR BAILAO VEM CALL JOGANDO 1
[01/07/2021 - 01:24:21] - ~b~Riquelme_Emanuel: ~w~QM FOR BAILAO VEM CALL JOGANDO 1
[01/07/2021 - 01:24:21] - ~b~Riquelme_Emanuel: ~w~QM FOR BAILAO VEM CALL JOGANDO 1
[01/07/2021 - 01:25:23] - ~b~Riquelme_Emanuel: ~w~QM QUISER VIM BAILAO DA /BP EU Q VO PUXAR
[01/07/2021 - 01:32:23] - ~b~Riquelme_Emanuel: ~w~/cu
[01/07/2021 - 01:33:37] - ~b~Riquelme_Emanuel: ~w~/PAL
[01/07/2021 - 12:31:38] - ~b~Riquelme_Emanuel: ~w~/CU
[01/07/2021 - 12:32:38] - ~b~Riquelme_Emanuel: ~w~/PAL /BCT
[01/07/2021 - 12:33:31] - ~b~Riquelme_Emanuel: ~w~/VGZIN
[01/07/2021 - 14:28:40] - ~b~Terrorista_Mobile: ~w~/CAIXINHA
[01/07/2021 - 15:06:31] - ~b~Terrorista_Mobile: ~w~/CAIXINHA
[01/07/2021 - 15:22:58] - ~b~Terrorista_Mobile: ~w~/CAIXINHA QUEM,NAO PEGOU CAIXA
[01/07/2021 - 15:40:40] - ~b~Riquelme_Emanuel: ~w~/CU
[01/07/2021 - 15:40:58] - ~b~Riquelme_Emanuel: ~w~/CU
[01/07/2021 - 16:02:46] - ~b~Menor_vl: ~w~rc em 10 segundos
[01/07/2021 - 17:37:52] - ~b~Menor_vl: ~w~rc em 10 segundos
[01/07/2021 - 20:46:12] - ~b~Vgzinn: ~w~gmx em 10 seg
[01/07/2021 - 22:02:23] - ~b~Natan_Insane: ~w~/CAIXINHA
[01/07/2021 - 23:16:15] - ~b~Vgzinn: ~w~/caixinha
[01/07/2021 - 23:16:19] - ~b~Vgzinn: ~w~/caixinha
[01/07/2021 - 23:18:21] - ~b~Menor_vl: ~w~rc em 10 segundos
[02/07/2021 - 01:42:59] - ~b~Menor_vl: ~w~rc em 10 segundos
[02/07/2021 - 02:33:44] - ~b~Vgzinn: ~w~10 seg
[02/07/2021 - 03:21:13] - ~b~Natan_Insane: ~w~/CAIXINHA
[02/07/2021 - 13:15:22] - ~b~Menor_vl: ~w~rc em 10 segundos
[02/07/2021 - 13:19:58] - ~b~Menor_vl: ~w~rc 
[02/07/2021 - 13:20:06] - ~b~Menor_vl: ~w~rc  em 10 segundos
[02/07/2021 - 13:52:45] - ~b~Natan_Insane: ~w~/CAIXINHA
[02/07/2021 - 13:52:53] - ~b~Natan_Insane: ~w~/CAIXINHA
[02/07/2021 - 13:53:07] - ~b~Natan_Insane: ~w~/CAIXINHA
[02/07/2021 - 13:54:22] - ~b~Natan_Insane: ~w~/CAIXINHA
[02/07/2021 - 13:55:47] - ~b~Natan_Insane: ~w~/CAIXINHA
[02/07/2021 - 13:57:05] - ~b~Natan_Insane: ~w~/CAIXINHA
[02/07/2021 - 14:06:52] - ~b~Natan_Insane: ~w~/CAIXINHA
[02/07/2021 - 14:09:21] - ~b~Natan_Insane: ~w~/CAIXINHA
[02/07/2021 - 14:53:06] - ~b~Menor_vl: ~w~rm em 10 segundos
[02/07/2021 - 16:14:01] - ~b~Vgzinn: ~w~/CAICINHA
[02/07/2021 - 16:14:05] - ~b~Vgzinn: ~w~/CAIXINHA]
[02/07/2021 - 16:55:17] - ~b~Fumassa: ~w~/CAIXINHA
[02/07/2021 - 17:12:54] - ~b~Menor_vl: ~w~rc em 10 segundos
[02/07/2021 - 17:43:40] - ~b~Menor_vl: ~w~rc em 10 segundos
[02/07/2021 - 17:56:29] - ~b~Fumassa: ~w~/CAIXINHA
[02/07/2021 - 18:04:22] - ~b~Fumassa: ~w~/CAIXINHA
[02/07/2021 - 18:07:32] - ~b~Fumassa: ~w~/CAIXINHA
[02/07/2021 - 18:13:18] - ~b~Menor_vl: ~w~rc em 10 segundos
[02/07/2021 - 18:19:00] - ~b~Natan_Insane: ~w~/CAIXINHA
[02/07/2021 - 18:19:12] - ~b~Natan_Insane: ~w~/CAIXINHA
[02/07/2021 - 18:19:41] - ~b~Natan_Insane: ~w~/CAIXINHA
[02/07/2021 - 18:20:01] - ~b~Natan_Insane: ~w~/CAIXINHA
[02/07/2021 - 18:31:22] - ~b~Natan_Insane: ~w~/CAIXINHA
[02/07/2021 - 18:33:33] - ~b~Natan_Insane: ~w~/CAIXINHA
[02/07/2021 - 18:40:23] - ~b~Natan_Insane: ~w~/CAIXINHA
[02/07/2021 - 19:37:28] - ~b~Natan_Insane: ~w~/CAIXINHA
[02/07/2021 - 19:37:37] - ~b~Natan_Insane: ~w~/CAIXINHA
[02/07/2021 - 19:38:11] - ~b~Natan_Insane: ~w~/CAIXINHA
[02/07/2021 - 19:42:55] - ~b~Vgzinn: ~w~gmx em 20 seg
[02/07/2021 - 19:42:57] - ~b~Vgzinn: ~w~gmx em 20 seg
[02/07/2021 - 19:42:57] - ~b~Vgzinn: ~w~gmx em 20 seg
[02/07/2021 - 19:42:58] - ~b~Vgzinn: ~w~gmx em 20 seg
[02/07/2021 - 19:42:58] - ~b~Vgzinn: ~w~gmx em 20 seg
[02/07/2021 - 19:42:59] - ~b~Vgzinn: ~w~gmx em 20 seg
[02/07/2021 - 19:42:59] - ~b~Vgzinn: ~w~gmx em 20 seg
[02/07/2021 - 19:44:52] - ~b~Vgzinn: ~w~gmx em 10 seg
[02/07/2021 - 19:44:54] - ~b~Vgzinn: ~w~gmx em 10 seg
[02/07/2021 - 19:44:55] - ~b~Vgzinn: ~w~gmx em 10 seg
[02/07/2021 - 19:44:55] - ~b~Vgzinn: ~w~gmx em 10 seg
[02/07/2021 - 19:44:56] - ~b~Vgzinn: ~w~gmx em 10 seg
[03/07/2021 - 00:07:09] - ~b~Fumassa: ~w~/CAIXINHA
[03/07/2021 - 00:07:15] - ~b~Natan_Insane: ~w~/CAIXINHA
[03/07/2021 - 00:07:23] - ~b~Natan_Insane: ~w~/CAIXINHA
[03/07/2021 - 00:07:35] - ~b~Natan_Insane: ~w~/CAIXINHA
[03/07/2021 - 00:07:58] - ~b~Natan_Insane: ~w~/CAIXINHA
[03/07/2021 - 00:09:57] - ~b~Fumassa: ~w~/CAIXINHA
[03/07/2021 - 00:09:59] - ~b~Vgzinn: ~w~35 on sorteio
[03/07/2021 - 00:10:31] - ~b~Vgzinn: ~w~35 on sorteio
[03/07/2021 - 00:11:19] - ~b~Vgzinn: ~w~35 on sorteio
[03/07/2021 - 00:18:14] - ~b~Vgzinn: ~w~LOTA A HOST LOGO SFDD
[03/07/2021 - 00:19:51] - ~b~Vgzinn: ~w~40 VEII
[03/07/2021 - 00:21:41] - ~b~Riquelme_Emanuel: ~w~40 onnnnnnn
[03/07/2021 - 00:22:44] - ~b~Vgzinn: ~w~50?? GOGOGO
[03/07/2021 - 00:31:18] - ~b~Vgzinn: ~w~KKKKKKKKKKKKKKKK
[03/07/2021 - 00:31:18] - ~b~Vgzinn: ~w~KKKKK
[03/07/2021 - 00:31:25] - ~b~Vgzinn: ~w~LOTO KKKKKKKKKK
[03/07/2021 - 00:36:24] - ~b~Vgzinn: ~w~kkkkkkkkk LOTO A HOST
[03/07/2021 - 00:51:35] - ~b~Natan_Insane: ~w~/CAIXINHA
[03/07/2021 - 00:51:48] - ~b~Natan_Insane: ~w~/CAIXINHA
[03/07/2021 - 01:08:29] - ~b~Fumassa: ~w~/CAIXINHA 
[03/07/2021 - 01:08:36] - ~b~Fumassa: ~w~/CAIXINHA 
[03/07/2021 - 01:20:59] - ~b~Terrorista_Mobile: ~w~QUEM MORRER NA INVASAO NAO VOLTA
[03/07/2021 - 01:22:59] - ~b~Vgzinn: ~w~/caixinha
[03/07/2021 - 01:26:19] - ~b~Terrorista_Mobile: ~w~QUEM MORRER NA INVASAO NAO VOLTA ULTIMO AVISO
[03/07/2021 - 01:55:58] - ~b~Fumassa: ~w~/CAIXINHA
[03/07/2021 - 01:56:29] - ~b~Fumassa: ~w~/CAIXINHA
[03/07/2021 - 01:57:41] - ~b~Vgzinn: ~w~SORTEIO ROLANDO NO DISCORD
[03/07/2021 - 01:57:43] - ~b~Vgzinn: ~w~SORTEIO ROLANDO NO DISCORD
[03/07/2021 - 01:57:44] - ~b~Vgzinn: ~w~SORTEIO ROLANDO NO DISCORD
[03/07/2021 - 01:57:44] - ~b~Vgzinn: ~w~SORTEIO ROLANDO NO DISCORD
[03/07/2021 - 01:57:45] - ~b~Vgzinn: ~w~SORTEIO ROLANDO NO DISCORD
[03/07/2021 - 01:57:45] - ~b~Vgzinn: ~w~SORTEIO ROLANDO NO DISCORD
[03/07/2021 - 01:57:46] - ~b~Vgzinn: ~w~SORTEIO ROLANDO NO DISCORD
[03/07/2021 - 01:57:46] - ~b~Vgzinn: ~w~SORTEIO ROLANDO NO DISCORD
[03/07/2021 - 01:57:47] - ~b~Vgzinn: ~w~SORTEIO ROLANDO NO DISCORD
[03/07/2021 - 01:57:47] - ~b~Vgzinn: ~w~SORTEIO ROLANDO NO DISCORD
[03/07/2021 - 01:57:48] - ~b~Vgzinn: ~w~SORTEIO ROLANDO NO DISCORD
[03/07/2021 - 01:57:48] - ~b~Vgzinn: ~w~SORTEIO ROLANDO NO DISCORD
[03/07/2021 - 01:57:49] - ~b~Vgzinn: ~w~SORTEIO ROLANDO NO DISCORD
[03/07/2021 - 02:01:02] - ~b~Vgzinn: ~w~TALVEZ SERVE VAI RENICIAR!
[03/07/2021 - 02:01:03] - ~b~Vgzinn: ~w~TALVEZ SERVE VAI RENICIAR!
[03/07/2021 - 02:05:45] - ~b~Natan_Insane: ~w~/CAIXINHA
[03/07/2021 - 02:26:14] - ~b~Riquelme_Emanuel: ~w~evento?
[03/07/2021 - 02:38:39] - ~b~Fumassa: ~w~/CAIXINHA
[03/07/2021 - 02:39:48] - ~b~Vgzinn: ~w~tmj rapaziada rumo 100 on
[03/07/2021 - 02:39:50] - ~b~Vgzinn: ~w~tmj rapaziada rumo 100 on
[03/07/2021 - 02:39:50] - ~b~Vgzinn: ~w~tmj rapaziada rumo 100 on
[03/07/2021 - 02:39:51] - ~b~Vgzinn: ~w~tmj rapaziada rumo 100 on
[03/07/2021 - 02:39:51] - ~b~Vgzinn: ~w~tmj rapaziada rumo 100 on
[03/07/2021 - 02:39:51] - ~b~Vgzinn: ~w~tmj rapaziada rumo 100 on
[03/07/2021 - 02:39:55] - ~b~Vgzinn: ~w~tmj rapaziada rumo 100 on
[03/07/2021 - 03:10:27] - ~b~Fumassa: ~w~/CAIXINHA
[03/07/2021 - 13:29:45] - ~b~Natan_Insane: ~w~/CAIXINHA
[03/07/2021 - 13:31:42] - ~b~Fumassa: ~w~/CAIXINHA
[03/07/2021 - 13:31:50] - ~b~Natan_Insane: ~w~/CAIXINHA
[03/07/2021 - 13:31:52] - ~b~Natan_Insane: ~w~/CAIXINHA
[03/07/2021 - 13:32:01] - ~b~Fumassa: ~w~/CAIXINHA
[03/07/2021 - 13:49:13] - ~b~Fumassa: ~w~/CAIXINHA
[03/07/2021 - 15:55:50] - ~b~Menor_vl: ~w~rc em 10 segundos
[03/07/2021 - 16:54:30] - ~b~Vgzinn: ~w~/CAIXINHA
[03/07/2021 - 16:54:39] - ~b~Vgzinn: ~w~/CAIXINHA
[03/07/2021 - 16:57:57] - ~b~Vgzinn: ~w~NATAN GANHOU
[03/07/2021 - 17:04:16] - ~b~Fumassa: ~w~/CAIXINHA BAIANOS
[03/07/2021 - 19:21:42] - ~b~Menor_vl: ~w~/caixinha
[03/07/2021 - 21:14:10] - ~b~Menor_vl: ~w~rc em 10 segundo
[03/07/2021 - 22:25:01] - ~b~Menor_vl: ~w~/caixinha
[03/07/2021 - 22:55:55] - ~b~Natan_Insane: ~w~/CAIXINHA
[03/07/2021 - 23:03:27] - ~b~Terrorista_Mobile: ~w~/CAIXINHA
[04/07/2021 - 00:36:43] - ~b~Natan_Insane: ~w~/CAIXINHA
[04/07/2021 - 00:38:25] - ~b~Menor_vl: ~w~rc em 10 segundos
[04/07/2021 - 01:04:23] - ~b~Riquelme_Emanuel: ~w~sv rp e rpg
[04/07/2021 - 01:06:09] - ~b~Vgzinn: ~w~Conce Hoje em?
[04/07/2021 - 01:06:12] - ~b~Vgzinn: ~w~Conce Hoje em?
[04/07/2021 - 01:25:53] - ~b~Natan_Insane: ~w~/CAIXINHA
[04/07/2021 - 01:34:10] - ~b~Vgzinn: ~w~50 ON? UAII
[04/07/2021 - 02:30:41] - ~b~Natan_Insane: ~w~/CAIXINHA
[04/07/2021 - 03:19:51] - ~b~Natan_Insane: ~w~/CAIXINHA
[04/07/2021 - 13:20:07] - ~b~Fumassa: ~w~TEM PAO VELHO?
[04/07/2021 - 13:20:14] - ~b~Natan_Insane: ~w~NAO
[04/07/2021 - 13:20:52] - ~b~Fumassa: ~w~COMO FAZ PRA SE GAY?
[04/07/2021 - 14:03:39] - ~b~Natan_Insane: ~w~/CAIXINA
[04/07/2021 - 14:03:45] - ~b~Natan_Insane: ~w~/CAIXINHA
[04/07/2021 - 14:59:26] - ~b~Fumassa: ~w~/CAIXINHA
[04/07/2021 - 15:04:30] - ~b~Fumassa: ~w~/CAIXINHA,
[04/07/2021 - 15:53:46] - ~b~Natan_Insane: ~w~/CAIXINHA
[04/07/2021 - 17:35:12] - ~b~Fumassa: ~w~/CAIXINHA 
[04/07/2021 - 17:35:17] - ~b~Fumassa: ~w~/CAIXINHA 
[04/07/2021 - 17:35:30] - ~b~Fumassa: ~w~/CAIXINHA
[04/07/2021 - 18:43:17] - ~b~Vgzinn: ~w~Servidor Entrará Em manutenção as 15:50
[04/07/2021 - 18:43:18] - ~b~Vgzinn: ~w~Servidor Entrará Em manutenção as 15:50
[04/07/2021 - 18:43:25] - ~b~Vgzinn: ~w~Servidor Entrara Em manutencao as 15:50
[04/07/2021 - 18:43:37] - ~b~Vgzinn: ~w~Servidor Entrara Em manutencao as 15:50
[04/07/2021 - 19:10:36] - ~b~Vgzinn: ~w~serve entrara em manu
[04/07/2021 - 19:10:38] - ~b~Vgzinn: ~w~serve entrara em manu
[04/07/2021 - 19:12:38] - ~b~Vgzinn: ~w~serve sera desligado em 10 segs
[04/07/2021 - 19:12:41] - ~b~Vgzinn: ~w~serve sera desligado em 10 segs
[04/07/2021 - 21:05:35] - ~b~Menor_vl: ~w~conce ja ta on
[04/07/2021 - 21:35:47] - ~b~Natan_Insane: ~w~/CAIXINHA
[04/07/2021 - 21:36:03] - ~b~Natan_Insane: ~w~/CAIXINHA
[04/07/2021 - 21:40:57] - ~b~Riquelme_Emanuel: ~w~VG VAI DE BAN MOTIVO: NORDESTINOFOBICO
[04/07/2021 - 21:41:25] - ~b~Vgzinn: ~w~KKKKKKK
[04/07/2021 - 21:41:31] - ~b~Fumassa: ~w~VGZIN BAN MOTIVO : NORDESTINO DA BAIANO
[04/07/2021 - 21:42:00] - ~b~Fumassa: ~w~QUEM QUER BAN NO FUMASSA /BP EU
[04/07/2021 - 21:42:49] - ~b~Fumassa: ~w~GOSTARAO DA CONCE?/BP SIM
[04/07/2021 - 21:55:44] - ~b~Vgzinn: ~w~/caixinha
[04/07/2021 - 21:55:46] - ~b~Vgzinn: ~w~/caixinha
[04/07/2021 - 21:55:47] - ~b~Vgzinn: ~w~/caixinha
[04/07/2021 - 21:55:47] - ~b~Vgzinn: ~w~/caixinha
[04/07/2021 - 21:55:48] - ~b~Vgzinn: ~w~/caixinha
[04/07/2021 - 21:55:48] - ~b~Vgzinn: ~w~/caixinha
[04/07/2021 - 21:55:49] - ~b~Vgzinn: ~w~/caixinha
[04/07/2021 - 23:59:38] - ~b~Menor_vl: ~w~/caixinha
[05/07/2021 - 03:42:28] - ~b~Vgzinn: ~w~gmx em 20 segundos
[05/07/2021 - 03:42:29] - ~b~Vgzinn: ~w~gmx em 20 segundos
[05/07/2021 - 03:42:30] - ~b~Vgzinn: ~w~gmx em 20 segundos
[05/07/2021 - 03:42:30] - ~b~Vgzinn: ~w~gmx em 20 segundos
[05/07/2021 - 03:42:31] - ~b~Vgzinn: ~w~gmx em 20 segundos
[05/07/2021 - 03:42:31] - ~b~Vgzinn: ~w~gmx em 20 segundos
[05/07/2021 - 03:42:32] - ~b~Vgzinn: ~w~gmx em 20 segundos
[05/07/2021 - 03:42:33] - ~b~Vgzinn: ~w~gmx em 20 segundos
[05/07/2021 - 03:42:33] - ~b~Vgzinn: ~w~gmx em 20 segundos
[05/07/2021 - 03:42:34] - ~b~Vgzinn: ~w~gmx em 20 segundos
[05/07/2021 - 03:42:50] - ~b~Vgzinn: ~w~gmx em 20 segundos
[05/07/2021 - 04:01:12] - ~b~Menor_vl: ~w~/caixinha
[05/07/2021 - 04:04:19] - ~b~Natan_Insane: ~w~/CAIXINHA
[05/07/2021 - 14:37:53] - ~b~Riquelme_Emanuel: ~w~EVENTO VIVO OU MORTO? /bp sim /bp nao
[05/07/2021 - 14:41:01] - ~b~Riquelme_Emanuel: ~w~EVENTO VIVO OU MORTO QM FOR PARTICIPAR DA /BP E FALA ID
[05/07/2021 - 14:41:03] - ~b~Riquelme_Emanuel: ~w~EVENTO VIVO OU MORTO QM FOR PARTICIPAR DA /BP E FALA ID
[05/07/2021 - 14:41:05] - ~b~Riquelme_Emanuel: ~w~EVENTO VIVO OU MORTO QM FOR PARTICIPAR DA /BP E FALA ID
[05/07/2021 - 14:42:08] - ~b~Riquelme_Emanuel: ~w~QM TA AQUI VAI PAREDE
[05/07/2021 - 14:42:09] - ~b~Riquelme_Emanuel: ~w~QM TA AQUI VAI PAREDE
[05/07/2021 - 14:42:10] - ~b~Riquelme_Emanuel: ~w~QM TA AQUI VAI PAREDE
[05/07/2021 - 14:42:11] - ~b~Riquelme_Emanuel: ~w~QM TA AQUI VAI PAREDE
[05/07/2021 - 14:42:11] - ~b~Riquelme_Emanuel: ~w~QM TA AQUI VAI PAREDE
[05/07/2021 - 14:42:20] - ~b~Riquelme_Emanuel: ~w~QM TA AQUI VAI PAREDE
[05/07/2021 - 14:42:21] - ~b~Riquelme_Emanuel: ~w~QM TA AQUI VAI PAREDE
[05/07/2021 - 14:42:38] - ~b~Riquelme_Emanuel: ~w~ALGM MAS?
[05/07/2021 - 14:42:52] - ~b~Riquelme_Emanuel: ~w~ALGM MAS?
[05/07/2021 - 14:43:17] - ~b~Riquelme_Emanuel: ~w~ALGM MAS?
[05/07/2021 - 14:43:43] - ~b~Riquelme_Emanuel: ~w~QM TA AQUI VAI PAREDE
[05/07/2021 - 14:44:02] - ~b~Riquelme_Emanuel: ~w~VAI COMECAR
[05/07/2021 - 14:44:03] - ~b~Riquelme_Emanuel: ~w~VAI COMECAR
[05/07/2021 - 14:44:11] - ~b~Riquelme_Emanuel: ~w~VIVO
[05/07/2021 - 14:44:26] - ~b~Riquelme_Emanuel: ~w~VIVO
[05/07/2021 - 14:44:57] - ~b~Riquelme_Emanuel: ~w~morto
[05/07/2021 - 14:45:54] - ~b~Riquelme_Emanuel: ~w~VIVO
[05/07/2021 - 14:45:58] - ~b~Riquelme_Emanuel: ~w~MORTO
[05/07/2021 - 14:46:03] - ~b~Riquelme_Emanuel: ~w~VIVO
[05/07/2021 - 14:46:06] - ~b~Riquelme_Emanuel: ~w~MORTO
[05/07/2021 - 14:46:19] - ~b~Riquelme_Emanuel: ~w~VIV
[05/07/2021 - 14:46:34] - ~b~Riquelme_Emanuel: ~w~GERAL PERDEU KKKK FALEI VIV NAO VIVO
[05/07/2021 - 14:47:05] - ~b~Riquelme_Emanuel: ~w~EVENTO DNV?
[05/07/2021 - 14:49:18] - ~b~Riquelme_Emanuel: ~w~EVENTO DNV QM QUISER /BP E SEU ID
[05/07/2021 - 14:49:24] - ~b~Riquelme_Emanuel: ~w~EVENTO DNV QM QUISER /BP E SEU ID
[05/07/2021 - 14:49:44] - ~b~Riquelme_Emanuel: ~w~EVENTO DNV QM QUISER /BP E SEU ID
[05/07/2021 - 14:49:46] - ~b~Riquelme_Emanuel: ~w~EVENTO DNV QM QUISER /BP E SEU ID
[05/07/2021 - 14:49:48] - ~b~Riquelme_Emanuel: ~w~EVENTO DNV QM QUISER /BP E SEU ID
[05/07/2021 - 14:49:49] - ~b~Riquelme_Emanuel: ~w~EVENTO DNV QM QUISER /BP E SEU ID
[05/07/2021 - 14:49:49] - ~b~Riquelme_Emanuel: ~w~EVENTO DNV QM QUISER /BP E SEU ID
[05/07/2021 - 14:50:14] - ~b~Riquelme_Emanuel: ~w~EVENTO DNV QM QUISER /BP E SEU ID
[05/07/2021 - 14:50:15] - ~b~Riquelme_Emanuel: ~w~EVENTO DNV QM QUISER /BP E SEU ID
[05/07/2021 - 14:51:16] - ~b~Riquelme_Emanuel: ~w~vai cmc
[05/07/2021 - 14:51:23] - ~b~Riquelme_Emanuel: ~w~VIVO
[05/07/2021 - 14:51:38] - ~b~Riquelme_Emanuel: ~w~VIVO
[05/07/2021 - 14:51:45] - ~b~Riquelme_Emanuel: ~w~MORTO
[05/07/2021 - 14:51:50] - ~b~Riquelme_Emanuel: ~w~VIVO
[05/07/2021 - 14:51:54] - ~b~Riquelme_Emanuel: ~w~MORTO
[05/07/2021 - 14:51:57] - ~b~Riquelme_Emanuel: ~w~VIVO
[05/07/2021 - 14:52:02] - ~b~Riquelme_Emanuel: ~w~MOR
[05/07/2021 - 14:52:44] - ~b~Riquelme_Emanuel: ~w~VI
[05/07/2021 - 14:53:27] - ~b~Natan_Insane: ~w~VIVO KKK
[05/07/2021 - 14:53:44] - ~b~Riquelme_Emanuel: ~w~GRINGO GANHOU E RECEBEU RECONPENSA DE 100k
[05/07/2021 - 14:53:52] - ~b~Natan_Insane: ~w~FALA DEIREITO RIQUELME
[05/07/2021 - 14:54:19] - ~b~ICARO_Walker: ~w~PARA DE FALA NO CNN FALA NO,LOCAL TA ATRAPALHANDO QUEM TA FAZENDO ACAO
[05/07/2021 - 16:50:47] - ~b~Riquelme_Emanuel: ~w~/CAIXINHA
[05/07/2021 - 16:51:04] - ~b~Riquelme_Emanuel: ~w~/CAIXINHA
[05/07/2021 - 17:16:40] - ~b~ICARO_Walker: ~w~TODOS QUE QUEREM PARTICIPA DA CARREATA EM FRENTWE DA PREFEITURA
[05/07/2021 - 17:16:43] - ~b~ICARO_Walker: ~w~TODOS QUE QUEREM PARTICIPA DA CARREATA EM FRENTWE DA PREFEITURA
[05/07/2021 - 17:16:54] - ~b~ICARO_Walker: ~w~TODOS QUE QUEREM PARTICIPA DA CARREATA EM FRENTWE DA PREFEITURA
[05/07/2021 - 17:17:00] - ~b~ICARO_Walker: ~w~TODOS QUE QUEREM PARTICIPA DA CARREATA EM FRENTWE DA PREFEITURA
[05/07/2021 - 17:17:51] - ~b~ICARO_Walker: ~w~TODOS QUE QUEREM PARTICIPA DA CARREATA EM FRENTWE DA PREFEITURA
[05/07/2021 - 17:18:50] - ~b~ICARO_Walker: ~w~TODOS QUE QUEREM PARTICIPA DA CARREATA EM FRENTWE DA PREFEITURA
[05/07/2021 - 17:19:20] - ~b~Riquelme_Emanuel: ~w~CARREATA DO PRESIDENTE NA PRACA
[05/07/2021 - 17:20:41] - ~b~ICARO_Walker: ~w~TODOS QUE QUEREN PARTICIPAR FICA ATRAS DO CARRO MOSTRO
[05/07/2021 - 17:20:58] - ~b~Riquelme_Emanuel: ~w~CARREATA PRACA
[05/07/2021 - 17:21:18] - ~b~ICARO_Walker: ~w~TODOS QUE QUEREN PARTICIPAR FICA ATRAS DO CARRO MOSTRO
[05/07/2021 - 17:22:17] - ~b~ICARO_Walker: ~w~TODOS NAO PODEM ATIRAR
[05/07/2021 - 17:22:31] - ~b~ICARO_Walker: ~w~FIQUEM EM FILA
[05/07/2021 - 17:22:33] - ~b~ICARO_Walker: ~w~FIQUEM EM FILA
[05/07/2021 - 17:23:04] - ~b~ICARO_Walker: ~w~REPEITAO A FILA
[05/07/2021 - 17:23:19] - ~b~ICARO_Walker: ~w~REPEITAO A FILA
[05/07/2021 - 17:24:03] - ~b~ICARO_Walker: ~w~REPEITAO A FILA
[05/07/2021 - 17:24:04] - ~b~ICARO_Walker: ~w~REPEITAO A FILA
[05/07/2021 - 17:24:05] - ~b~ICARO_Walker: ~w~REPEITAO A FILA
[05/07/2021 - 17:24:06] - ~b~ICARO_Walker: ~w~REPEITAO A FILA
[05/07/2021 - 17:24:06] - ~b~ICARO_Walker: ~w~REPEITAO A FILA
[05/07/2021 - 17:24:07] - ~b~ICARO_Walker: ~w~REPEITAO A FILA
[05/07/2021 - 17:24:08] - ~b~ICARO_Walker: ~w~REPEITAO A FILA
[05/07/2021 - 17:24:08] - ~b~ICARO_Walker: ~w~REPEITAO A FILA
[05/07/2021 - 17:24:34] - ~b~ICARO_Walker: ~w~TODOS ATRAS DO CARRO DO PREFEITO
[05/07/2021 - 17:30:14] - ~b~ICARO_Walker: ~w~CARREATA TODOS DE PE
[05/07/2021 - 17:32:06] - ~b~Riquelme_Emanuel: ~w~CARREATA NA PREFEITURA APE BROTAAAA
[05/07/2021 - 17:32:08] - ~b~Riquelme_Emanuel: ~w~CARREATA NA PREFEITURA APE BROTAAAA
[05/07/2021 - 17:32:08] - ~b~Riquelme_Emanuel: ~w~CARREATA NA PREFEITURA APE BROTAAAA
[05/07/2021 - 17:32:09] - ~b~Riquelme_Emanuel: ~w~CARREATA NA PREFEITURA APE BROTAAAA
[05/07/2021 - 17:32:11] - ~b~Riquelme_Emanuel: ~w~CARREATA NA PREFEITURA APE BROTAAAA
[05/07/2021 - 17:32:48] - ~b~Riquelme_Emanuel: ~w~CARREATA NA PREFEITURA APE BROTAAAA
[05/07/2021 - 17:32:49] - ~b~Riquelme_Emanuel: ~w~CARREATA NA PREFEITURA APE BROTAAAA
[05/07/2021 - 17:32:50] - ~b~Riquelme_Emanuel: ~w~CARREATA NA PREFEITURA APE BROTAAAA
[05/07/2021 - 17:35:35] - ~b~ICARO_Walker: ~w~TAMOS EM FRENTE DA PREFEITURA
[05/07/2021 - 17:35:37] - ~b~ICARO_Walker: ~w~TAMOS EM FRENTE DA PREFEITURA
[05/07/2021 - 17:35:38] - ~b~ICARO_Walker: ~w~TAMOS EM FRENTE DA PREFEITURA
[05/07/2021 - 17:37:20] - ~b~ICARO_Walker: ~w~TAMOS ATRAS DE MIN AQUI
[05/07/2021 - 17:37:57] - ~b~ICARO_Walker: ~w~VAMOS PASSEATA EM FRENTE DA PREFEITURA
[05/07/2021 - 17:38:05] - ~b~ICARO_Walker: ~w~VAMOS PASSEATA EM FRENTE DA PREFEITURA
[05/07/2021 - 18:04:09] - ~b~ICARO_Walker: ~w~VAMOS TA DANDO 5K DE AXILIO PARA QUEM CHEGA NA PREFEITURA
[05/07/2021 - 18:07:53] - ~b~ICARO_Walker: ~w~PREFEITO ESTA DENTRO DA PREFEITURA DANDO O AUXILIO
[05/07/2021 - 18:15:20] - ~b~ICARO_Walker: ~w~VAMOS ESTA PARANDO DE DA AUXILO POIS TEVE UM ATENTANDO A VIDA DO PREFEITO E DO VICE 
[05/07/2021 - 18:43:42] - ~b~ICARO_Walker: ~w~PREFEITO ESTA NO PRIMEIRO PIER DANDO AUXILIO
[05/07/2021 - 18:43:51] - ~b~ICARO_Walker: ~w~PREFEITO ESTA NO PRIMEIRO PIER DANDO AUXILIO
[05/07/2021 - 21:26:25] - ~b~Natan_Insane: ~w~/CAIXINHA
[05/07/2021 - 22:09:18] - ~b~Natan_Insane: ~w~/CAIXINHA
[05/07/2021 - 22:12:34] - ~b~Menor_vl: ~w~rc em 10 segundos
[05/07/2021 - 22:27:17] - ~b~Menor_vl: ~w~caixinha
[05/07/2021 - 22:27:28] - ~b~Menor_vl: ~w~/caixinha
[05/07/2021 - 23:16:13] - ~b~Menor_vl: ~w~/caixinha
[05/07/2021 - 23:26:23] - ~b~ICARO_Walker: ~w~VOU ETAR DANDO RC NO SERVIDOR
[05/07/2021 - 23:26:25] - ~b~ICARO_Walker: ~w~VOU ETAR DANDO RC NO SERVIDOR
[05/07/2021 - 23:26:25] - ~b~ICARO_Walker: ~w~VOU ETAR DANDO RC NO SERVIDOR
[05/07/2021 - 23:26:32] - ~b~ICARO_Walker: ~w~VOU ESTAR DANDO RC NO SERVIDOR
[06/07/2021 - 01:17:22] - ~b~Menor_vl: ~w~o primeiro a chega em min na praca ganha 100k
[06/07/2021 - 01:18:02] - ~b~Menor_vl: ~w~o primeiro a chega em min na praca ganha 100k
[06/07/2021 - 01:19:28] - ~b~Menor_vl: ~w~o primeiro a chega em min na praca ganha 100k
[06/07/2021 - 02:53:32] - ~b~Terrorista_Mobile: ~w~/caixinha
[06/07/2021 - 14:07:28] - ~b~Natan_Insane: ~w~/CAIXINHA
[06/07/2021 - 15:15:32] - ~b~Menor_vl: ~w~rc em 10 segundos
[06/07/2021 - 17:06:24] - ~b~Menor_vl: ~w~rc em 10 segundos
[06/07/2021 - 17:14:35] - ~b~Menor_vl: ~w~/caixinha
[06/07/2021 - 21:15:24] - ~b~Riquelme_Emanuel: ~w~/CU
[06/07/2021 - 21:15:35] - ~b~Riquelme_Emanuel: ~w~/CU
[06/07/2021 - 21:33:43] - ~b~Riquelme_Emanuel: ~w~PRESS CHAT AI F
[06/07/2021 - 21:34:04] - ~b~Riquelme_Emanuel: ~w~/BP F
[06/07/2021 - 21:34:24] - ~b~Riquelme_Emanuel: ~w~F
[07/07/2021 - 02:37:37] - ~b~Menor_vl: ~w~rc em 10 segundos
[07/07/2021 - 19:47:04] - ~b~Vgzinn: ~w~/caixinha
[07/07/2021 - 20:50:24] - ~b~alemao_noguira: ~w~/caixinha geral
[07/07/2021 - 23:15:16] - ~b~Menor_vl: ~w~/caixinha
[07/07/2021 - 23:38:36] - ~b~Menor_vl: ~w~rc em 10 segundos
[08/07/2021 - 01:33:12] - ~b~Natan_Insane: ~w~/CAIXINHA
[08/07/2021 - 03:48:46] - ~b~ICARO_Walker: ~w~RESPAWN DE CARROS
[08/07/2021 - 03:48:56] - ~b~ICARO_Walker: ~w~RESPAWN DE CARROS EM 1  MINUTO
[08/07/2021 - 13:29:40] - ~b~alemao_noguira: ~w~bom dia rapaziada
[08/07/2021 - 13:29:52] - ~b~alemao_noguira: ~w~como 6 tao
[08/07/2021 - 16:33:00] - ~b~alemao_noguira: ~w~boa tarde rapaziada como 6 tao
[08/07/2021 - 21:14:25] - ~b~Menor_vl: ~w~rc em 10 segundos
[08/07/2021 - 21:17:22] - ~b~Menor_vl: ~w~/caixinha
[08/07/2021 - 22:48:57] - ~b~Natan_Insane: ~w~/CAIXINHA
[09/07/2021 - 13:23:17] - ~b~Alex_souza_FPS: ~w~r
[10/07/2021 - 17:36:56] - ~b~Vgzinn: ~w~/caixinha
[10/07/2021 - 18:44:07] - ~b~Carlos_Sales: ~w~GUERRA AINDA ROLANDO!!
[10/07/2021 - 19:44:07] - ~b~alemao_noguira: ~w~2
[10/07/2021 - 19:44:15] - ~b~alemao_noguira: ~w~/caixinha
[10/07/2021 - 20:39:38] - ~b~Carlos_Sales: ~w~/CAIXINHA
[10/07/2021 - 21:12:49] - ~b~Menor_vl: ~w~eventos em 10 segundos
[10/07/2021 - 21:17:16] - ~b~Menor_vl: ~w~rc em 10 segundos
[10/07/2021 - 22:26:39] - ~b~Carlos_Sales: ~w~/CAIXINHA
[10/07/2021 - 23:48:17] - ~b~jaozinho: ~w~/caixinha
[11/07/2021 - 02:10:51] - ~b~Natan_Insane: ~w~/CAIXINHA
[11/07/2021 - 02:11:33] - ~b~Natan_Insane: ~w~/CAIXINHA
[11/07/2021 - 05:03:56] - ~b~ICARO_Walker: ~w~SERVIDOR VAI ESTAR REINICIANDO DAQUI 10 MINUTOS
[11/07/2021 - 05:03:59] - ~b~ICARO_Walker: ~w~SERVIDOR VAI ESTAR REINICIANDO DAQUI 10 MINUTOS
[11/07/2021 - 05:04:00] - ~b~ICARO_Walker: ~w~SERVIDOR VAI ESTAR REINICIANDO DAQUI 10 MINUTOS
[11/07/2021 - 05:04:00] - ~b~ICARO_Walker: ~w~SERVIDOR VAI ESTAR REINICIANDO DAQUI 10 MINUTOS
[11/07/2021 - 05:04:01] - ~b~ICARO_Walker: ~w~SERVIDOR VAI ESTAR REINICIANDO DAQUI 10 MINUTOS
[11/07/2021 - 05:04:02] - ~b~ICARO_Walker: ~w~SERVIDOR VAI ESTAR REINICIANDO DAQUI 10 MINUTOS
[11/07/2021 - 05:04:03] - ~b~ICARO_Walker: ~w~SERVIDOR VAI ESTAR REINICIANDO DAQUI 10 MINUTOS
[11/07/2021 - 05:04:03] - ~b~ICARO_Walker: ~w~SERVIDOR VAI ESTAR REINICIANDO DAQUI 10 MINUTOS
[11/07/2021 - 05:04:04] - ~b~ICARO_Walker: ~w~SERVIDOR VAI ESTAR REINICIANDO DAQUI 10 MINUTOS
[11/07/2021 - 05:04:05] - ~b~ICARO_Walker: ~w~SERVIDOR VAI ESTAR REINICIANDO DAQUI 10 MINUTOS
[11/07/2021 - 05:04:06] - ~b~ICARO_Walker: ~w~SERVIDOR VAI ESTAR REINICIANDO DAQUI 10 MINUTOS
[11/07/2021 - 06:48:36] - ~b~alemao_noguira: ~w~boa noite 
[11/07/2021 - 06:55:56] - ~b~alemao_noguira: ~w~r boa noite a geral fui :>
[11/07/2021 - 15:08:45] - ~b~Carlos_Sales: ~w~100K E DO PAI
[11/07/2021 - 15:09:34] - ~b~Alex_souza_FPS: ~w~.
[11/07/2021 - 15:40:01] - ~b~Carlos_Sales: ~w~/CAIXINHA
[11/07/2021 - 15:59:10] - ~b~Carlos_Sales: ~w~TO DE OLHO TA!
[11/07/2021 - 17:13:18] - ~b~Carlos_Sales: ~w~/CAIXINHA
[11/07/2021 - 17:27:34] - ~b~ICARO_Walker: ~w~VOU ESTAR DANDO RC
[11/07/2021 - 17:27:36] - ~b~ICARO_Walker: ~w~VOU ESTAR DANDO RC
[11/07/2021 - 17:27:36] - ~b~ICARO_Walker: ~w~VOU ESTAR DANDO RC
[11/07/2021 - 17:27:36] - ~b~ICARO_Walker: ~w~VOU ESTAR DANDO RC
[11/07/2021 - 17:27:37] - ~b~ICARO_Walker: ~w~VOU ESTAR DANDO RC
[11/07/2021 - 17:27:37] - ~b~ICARO_Walker: ~w~VOU ESTAR DANDO RCT
[11/07/2021 - 18:25:11] - ~b~Vgzinn: ~w~/caixinha
[11/07/2021 - 19:26:02] - ~b~ICARO_Walker: ~w~VOU TA DANDO RC AGR
[11/07/2021 - 20:05:22] - ~b~jaozinho: ~w~/CAIXINHA
[11/07/2021 - 20:15:06] - ~b~XandyBR: ~w~atin
[11/07/2021 - 20:15:11] - ~b~Vgzinn: ~w~amem
[11/07/2021 - 20:38:53] - ~b~Vgzinn: ~w~/CAIXINHA
[11/07/2021 - 23:02:34] - ~b~Carlos_Sales: ~w~/CAIXINHA
[11/07/2021 - 23:19:41] - ~b~jaozinho: ~w~/caixinha
[11/07/2021 - 23:54:56] - ~b~jaozinho: ~w~/caixinha
[12/07/2021 - 16:00:56] - ~b~ICARO_Walker: ~w~RC AGORA RAPAZIADA
[12/07/2021 - 16:00:58] - ~b~ICARO_Walker: ~w~RC AGORA RAPAZIADA
[12/07/2021 - 16:30:17] - ~b~ICARO_Walker: ~w~RC EM  1 MINUTO
[12/07/2021 - 16:30:18] - ~b~ICARO_Walker: ~w~RC EM  1 MINUTO
[12/07/2021 - 16:30:19] - ~b~ICARO_Walker: ~w~RC EM  1 MINUTO
[12/07/2021 - 16:30:20] - ~b~ICARO_Walker: ~w~RC EM  1 MINUTO
[12/07/2021 - 16:30:20] - ~b~ICARO_Walker: ~w~RC EM  1 MINUTOT
[12/07/2021 - 16:52:31] - ~b~jaozinho: ~w~/caixinha
[12/07/2021 - 17:37:45] - ~b~jaozinho: ~w~/caixinha
[12/07/2021 - 18:01:23] - ~b~jaozinho: ~w~/CAIXINHA
[12/07/2021 - 21:30:02] - ~b~jaozinho: ~w~/caixinha
[12/07/2021 - 22:08:37] - ~b~Carlos_Sales: ~w~/CAIXINHA
[12/07/2021 - 22:17:20] - ~b~Carlos_Sales: ~w~/CAIXINHA
[12/07/2021 - 23:24:47] - ~b~ICARO_Walker: ~w~SERVIDOR VAI REINICIAR
[12/07/2021 - 23:24:49] - ~b~ICARO_Walker: ~w~SERVIDOR VAI REINICIAR
[12/07/2021 - 23:24:50] - ~b~ICARO_Walker: ~w~SERVIDOR VAI REINICIAR
[12/07/2021 - 23:24:52] - ~b~ICARO_Walker: ~w~SERVIDOR VAI REINICIA
[12/07/2021 - 23:24:53] - ~b~ICARO_Walker: ~w~SERVIDOR VAI REINICIA
[12/07/2021 - 23:24:54] - ~b~ICARO_Walker: ~w~SERVIDOR VAI REINICIA
[12/07/2021 - 23:24:56] - ~b~ICARO_Walker: ~w~SERVIDOR VAI REINICIA
[12/07/2021 - 23:24:57] - ~b~ICARO_Walker: ~w~SERVIDOR VAI REINICIA
[12/07/2021 - 23:24:58] - ~b~ICARO_Walker: ~w~SERVIDOR VAI REINICIA
[12/07/2021 - 23:24:59] - ~b~ICARO_Walker: ~w~SERVIDOR VAI REINICIA
[12/07/2021 - 23:25:01] - ~b~ICARO_Walker: ~w~SERVIDOR VAI REINICIA
[12/07/2021 - 23:25:02] - ~b~ICARO_Walker: ~w~SERVIDOR VAI REINICIA
[12/07/2021 - 23:25:06] - ~b~ICARO_Walker: ~w~SERVIDOR VAI REINICIA
[12/07/2021 - 23:25:07] - ~b~ICARO_Walker: ~w~SERVIDOR VAI REINICIA
[12/07/2021 - 23:25:08] - ~b~ICARO_Walker: ~w~SERVIDOR VAI REINICIA
[12/07/2021 - 23:40:37] - ~b~Carlos_Sales: ~w~/CAIXINHA
[12/07/2021 - 23:49:10] - ~b~jaozinho: ~w~/caixinha
[13/07/2021 - 00:25:21] - ~b~Carlos_Sales: ~w~/CAIXINHA
[13/07/2021 - 00:52:10] - ~b~Alex_souza_FPS: ~w~/CAIXINHA
[13/07/2021 - 03:20:35] - ~b~ICARO_Walker: ~w~QUEM ATRAPALHAR A ACAO DA TDL + TDE
[13/07/2021 - 03:20:41] - ~b~ICARO_Walker: ~w~QUEM ATRAPALHAR A ACAO DA TDL + TDE VAI TOMA CADEIA
[13/07/2021 - 03:20:43] - ~b~ICARO_Walker: ~w~QUEM ATRAPALHAR A ACAO DA TDL + TDE VAI TOMA CADEIA
[13/07/2021 - 03:20:44] - ~b~ICARO_Walker: ~w~QUEM ATRAPALHAR A ACAO DA TDL + TDE VAI TOMA CADEIA
[13/07/2021 - 03:20:45] - ~b~ICARO_Walker: ~w~QUEM ATRAPALHAR A ACAO DA TDL + TDE VAI TOMA CADEIA
[13/07/2021 - 03:20:46] - ~b~ICARO_Walker: ~w~QUEM ATRAPALHAR A ACAO DA TDL + TDE VAI TOMA CADEIA
[13/07/2021 - 03:20:47] - ~b~ICARO_Walker: ~w~QUEM ATRAPALHAR A ACAO DA TDL + TDE VAI TOMA CADEIA
[13/07/2021 - 03:20:47] - ~b~ICARO_Walker: ~w~QUEM ATRAPALHAR A ACAO DA TDL + TDE VAI TOMA CADEIA
[13/07/2021 - 03:20:48] - ~b~ICARO_Walker: ~w~QUEM ATRAPALHAR A ACAO DA TDL + TDE VAI TOMA CADEIA
[13/07/2021 - 04:46:44] - ~b~Vgzinn: ~w~GMX EM 20 SEGUNDOS!!! 
[13/07/2021 - 04:47:31] - ~b~Vgzinn: ~w~GMX EM 20 SEGUNDOS!!
[13/07/2021 - 04:47:34] - ~b~Vgzinn: ~w~GMX EM 20 SEGUNDOS!!
[13/07/2021 - 04:47:52] - ~b~Vgzinn: ~w~GMX EM 20 SEGUNDOS!!
[13/07/2021 - 06:48:45] - ~b~Menor_vl: ~w~rc em 10 segundos
[13/07/2021 - 15:43:55] - ~b~Carlos_Sales: ~w~/CAIXINHA
[13/07/2021 - 15:56:42] - ~b~alemao_noguira: ~w~boa tarde rapaziada
[13/07/2021 - 16:17:12] - ~b~jaozinho: ~w~/CAIXINHA
[13/07/2021 - 16:28:35] - ~b~jaozinho: ~w~/caixinha
[13/07/2021 - 17:32:36] - ~b~Alex_souza_FPS: ~w~/CAIXINHA
[13/07/2021 - 18:02:13] - ~b~Alex_souza_FPS: ~w~/CAIXINHA
[13/07/2021 - 18:02:14] - ~b~Alex_souza_FPS: ~w~/CAIXINHA
[13/07/2021 - 18:02:14] - ~b~Alex_souza_FPS: ~w~/CAIXINHA
[13/07/2021 - 18:02:15] - ~b~Alex_souza_FPS: ~w~/CAIXINHA
[13/07/2021 - 18:42:18] - ~b~jaozinho: ~w~/caixinha
[13/07/2021 - 19:20:17] - ~b~jaozinho: ~w~/caixinha
[13/07/2021 - 20:05:15] - ~b~Carlos_Sales: ~w~/CAIXINHA
[13/07/2021 - 21:39:14] - ~b~jaozinho: ~w~/caixinha
[13/07/2021 - 22:50:30] - ~b~jaozinho: ~w~/caixinha
[13/07/2021 - 22:52:26] - ~b~Vgzinn: ~w~/caixinha
[13/07/2021 - 22:57:08] - ~b~ICARO_Walker: ~w~VAMOS ESTAR REINICIANDO
[13/07/2021 - 22:57:09] - ~b~ICARO_Walker: ~w~VAMOS ESTAR REINICIANDO
[13/07/2021 - 22:57:10] - ~b~ICARO_Walker: ~w~VAMOS ESTAR REINICIANDO
[13/07/2021 - 22:57:10] - ~b~ICARO_Walker: ~w~VAMOS ESTAR REINICIANDO
[13/07/2021 - 22:57:11] - ~b~ICARO_Walker: ~w~VAMOS ESTAR REINICIANDO
[13/07/2021 - 22:57:11] - ~b~ICARO_Walker: ~w~VAMOS ESTAR REINICIANDO
[13/07/2021 - 22:57:29] - ~b~ICARO_Walker: ~w~VAMOS ESTAR ENTRANDO EM MANUTECAO
[13/07/2021 - 22:57:30] - ~b~ICARO_Walker: ~w~VAMOS ESTAR ENTRANDO EM MANUTECAO
[13/07/2021 - 22:57:30] - ~b~ICARO_Walker: ~w~VAMOS ESTAR ENTRANDO EM MANUTECAO
[13/07/2021 - 22:57:31] - ~b~ICARO_Walker: ~w~VAMOS ESTAR ENTRANDO EM MANUTECAO
[13/07/2021 - 22:57:31] - ~b~ICARO_Walker: ~w~VAMOS ESTAR ENTRANDO EM MANUTECAO
[13/07/2021 - 22:57:32] - ~b~ICARO_Walker: ~w~VAMOS ESTAR ENTRANDO EM MANUTECAO
[13/07/2021 - 22:57:32] - ~b~ICARO_Walker: ~w~VAMOS ESTAR ENTRANDO EM MANUTECAO
[13/07/2021 - 22:57:32] - ~b~ICARO_Walker: ~w~VAMOS ESTAR ENTRANDO EM MANUTECAO
[13/07/2021 - 22:57:33] - ~b~ICARO_Walker: ~w~VAMOS ESTAR ENTRANDO EM MANUTECAOT
[13/07/2021 - 22:57:36] - ~b~ICARO_Walker: ~w~VAMOS ESTAR ENTRANDO EM MANUTECAO
[14/07/2021 - 00:02:40] - ~b~ICARO_Walker: ~w~VOU ESTAR COMECANDO A MELHORIA PARA PARAR DE FICA REINICIANDO SOSINHO 
[14/07/2021 - 00:02:41] - ~b~ICARO_Walker: ~w~VOU ESTAR COMECANDO A MELHORIA PARA PARAR DE FICA REINICIANDO SOSINHO 
[14/07/2021 - 00:02:41] - ~b~ICARO_Walker: ~w~VOU ESTAR COMECANDO A MELHORIA PARA PARAR DE FICA REINICIANDO SOSINHO 
[14/07/2021 - 00:02:42] - ~b~ICARO_Walker: ~w~VOU ESTAR COMECANDO A MELHORIA PARA PARAR DE FICA REINICIANDO SOSINHO 
[14/07/2021 - 00:02:42] - ~b~ICARO_Walker: ~w~VOU ESTAR COMECANDO A MELHORIA PARA PARAR DE FICA REINICIANDO SOSINHO 
[14/07/2021 - 00:02:43] - ~b~ICARO_Walker: ~w~VOU ESTAR COMECANDO A MELHORIA PARA PARAR DE FICA REINICIANDO SOSINHO 
[14/07/2021 - 00:02:43] - ~b~ICARO_Walker: ~w~VOU ESTAR COMECANDO A MELHORIA PARA PARAR DE FICA REINICIANDO SOSINHO 
[14/07/2021 - 01:20:27] - ~b~Carlos_Sales: ~w~/CAIXINHA
[14/07/2021 - 01:55:39] - ~b~Carlos_Sales: ~w~/CAIXINHA
[14/07/2021 - 15:33:21] - ~b~Alex_souza_FPS: ~w~/CAIXINHA
[14/07/2021 - 17:27:32] - ~b~alemao_noguira: ~w~/caixinha
[14/07/2021 - 19:57:17] - ~b~jaozinho: ~w~/caixinha
[14/07/2021 - 20:07:31] - ~b~Menor_vl: ~w~/caixinha
[14/07/2021 - 21:40:18] - ~b~jaozinho: ~w~/CAIXINHA
[14/07/2021 - 22:27:29] - ~b~Vgzinn: ~w~51 on sera????
[14/07/2021 - 22:30:50] - ~b~Vgzinn: ~w~bora a a  so 4
[14/07/2021 - 22:30:54] - ~b~Vgzinn: ~w~bora a a  so 4
[14/07/2021 - 22:32:26] - ~b~Vgzinn: ~w~/caixinha
[14/07/2021 - 22:32:34] - ~b~Vgzinn: ~w~/caixinha
[14/07/2021 - 22:54:33] - ~b~Vgzinn: ~w~+1
[14/07/2021 - 23:15:12] - ~b~jaozinho: ~w~/caixinha
[15/07/2021 - 01:05:53] - ~b~jaozinho: ~w~/caixinha
[15/07/2021 - 01:05:57] - ~b~jaozinho: ~w~/caixinha
[15/07/2021 - 01:05:59] - ~b~jaozinho: ~w~/caixinha
[15/07/2021 - 01:10:02] - ~b~jaozinho: ~w~/caixinha
[15/07/2021 - 03:59:43] - ~b~Natan_Insane: ~w~/CAIXINHA
[15/07/2021 - 04:00:13] - ~b~ICARO_Walker: ~w~RC EM 5 SEGUNDO
[15/07/2021 - 04:00:13] - ~b~ICARO_Walker: ~w~RC EM 5 SEGUNDO
[15/07/2021 - 04:00:19] - ~b~ICARO_Walker: ~w~RC EM 5 SEGUNDO
[15/07/2021 - 04:00:20] - ~b~ICARO_Walker: ~w~RC EM 5 SEGUNDO
[15/07/2021 - 04:00:21] - ~b~ICARO_Walker: ~w~RC EM 5 SEGUNDO
[15/07/2021 - 04:00:22] - ~b~ICARO_Walker: ~w~RC EM 5 SEGUNDO
[15/07/2021 - 04:00:23] - ~b~ICARO_Walker: ~w~RC EM 5 SEGUNDO
[15/07/2021 - 04:00:24] - ~b~ICARO_Walker: ~w~RC EM 5 SEGUNDO
[15/07/2021 - 04:00:25] - ~b~ICARO_Walker: ~w~RC EM 5 SEGUNDOT
[15/07/2021 - 04:00:27] - ~b~ICARO_Walker: ~w~RC EM 5 SEGUNDO
[15/07/2021 - 04:00:29] - ~b~ICARO_Walker: ~w~RC EM 5 SEGUNDO
[15/07/2021 - 14:19:21] - ~b~Carlos_Sales: ~w~/CAIXINHA
[15/07/2021 - 15:57:46] - ~b~Alex_souza_FPS: ~w~/caixinha
[15/07/2021 - 15:57:49] - ~b~Alex_souza_FPS: ~w~/caixinha
[15/07/2021 - 15:57:50] - ~b~Alex_souza_FPS: ~w~/caixinha
[15/07/2021 - 15:57:51] - ~b~Alex_souza_FPS: ~w~/caixinha
[15/07/2021 - 15:57:52] - ~b~Alex_souza_FPS: ~w~/caixinha
[15/07/2021 - 15:57:59] - ~b~Alex_souza_FPS: ~w~/caixinha
[15/07/2021 - 15:58:00] - ~b~Alex_souza_FPS: ~w~/caixinha
[15/07/2021 - 15:58:01] - ~b~Alex_souza_FPS: ~w~/caixinha
[15/07/2021 - 15:58:04] - ~b~Alex_souza_FPS: ~w~/caixinha
[15/07/2021 - 17:51:21] - ~b~Alex_souza_FPS: ~w~/CAIXINHA
[15/07/2021 - 17:51:22] - ~b~Alex_souza_FPS: ~w~/CAIXINHA
[15/07/2021 - 17:51:23] - ~b~Alex_souza_FPS: ~w~/CAIXINHA
[15/07/2021 - 17:51:23] - ~b~Alex_souza_FPS: ~w~/CAIXINHA
[15/07/2021 - 17:51:24] - ~b~Alex_souza_FPS: ~w~/CAIXINHA
[15/07/2021 - 17:51:24] - ~b~Alex_souza_FPS: ~w~/CAIXINHA
[15/07/2021 - 17:51:25] - ~b~Alex_souza_FPS: ~w~/CAIXINHA
[15/07/2021 - 18:47:01] - ~b~jaozinho: ~w~/caixinha
[15/07/2021 - 18:47:05] - ~b~jaozinho: ~w~/caixinha
[15/07/2021 - 20:20:53] - ~b~jaozinho: ~w~/caixinha
[15/07/2021 - 20:20:57] - ~b~jaozinho: ~w~/caixinha
[15/07/2021 - 21:03:08] - ~b~Alex_souza_FPS: ~w~/caixinha
[15/07/2021 - 21:03:08] - ~b~Alex_souza_FPS: ~w~/caixinha
[15/07/2021 - 21:03:10] - ~b~Alex_souza_FPS: ~w~/caixinha
[15/07/2021 - 21:03:11] - ~b~Alex_souza_FPS: ~w~/caixinha
[15/07/2021 - 21:03:12] - ~b~Alex_souza_FPS: ~w~/caixinha
[15/07/2021 - 21:03:12] - ~b~Alex_souza_FPS: ~w~/caixinha
[15/07/2021 - 21:03:13] - ~b~Alex_souza_FPS: ~w~/caixinha
[15/07/2021 - 21:03:14] - ~b~Alex_souza_FPS: ~w~/caixinha
[15/07/2021 - 21:03:17] - ~b~Alex_souza_FPS: ~w~/caixinha
[15/07/2021 - 21:03:18] - ~b~Alex_souza_FPS: ~w~/caixinha
[15/07/2021 - 21:03:19] - ~b~Alex_souza_FPS: ~w~/caixinha
[15/07/2021 - 21:03:20] - ~b~Alex_souza_FPS: ~w~/caixinha
[15/07/2021 - 21:03:20] - ~b~Alex_souza_FPS: ~w~/caixinha
[15/07/2021 - 21:03:21] - ~b~Alex_souza_FPS: ~w~/caixinha
[15/07/2021 - 21:03:22] - ~b~Alex_souza_FPS: ~w~/caixinha
[15/07/2021 - 21:22:24] - ~b~jaozinho: ~w~/caixinha
[15/07/2021 - 21:35:35] - ~b~Vgzinn: ~w~/caixinha
[16/07/2021 - 00:53:32] - ~b~jaozinho: ~w~/caixinha
[16/07/2021 - 01:17:50] - ~b~Alex_souza_FPS: ~w~/CAIXINHA
[16/07/2021 - 01:17:51] - ~b~Alex_souza_FPS: ~w~/CAIXINHA
[16/07/2021 - 01:17:52] - ~b~Alex_souza_FPS: ~w~/CAIXINHA
[16/07/2021 - 01:17:52] - ~b~Alex_souza_FPS: ~w~/CAIXINHA
[16/07/2021 - 01:17:53] - ~b~Alex_souza_FPS: ~w~/CAIXINHA
[16/07/2021 - 01:17:54] - ~b~Alex_souza_FPS: ~w~/CAIXINHA
[16/07/2021 - 01:17:54] - ~b~Alex_souza_FPS: ~w~/CAIXINHA
[16/07/2021 - 01:17:55] - ~b~Alex_souza_FPS: ~w~/CAIXINHA
[16/07/2021 - 01:17:56] - ~b~Alex_souza_FPS: ~w~/CAIXINHA
[16/07/2021 - 01:17:58] - ~b~Alex_souza_FPS: ~w~/CAIXINHA
[16/07/2021 - 01:18:52] - ~b~Alex_souza_FPS: ~w~/PLAYERSON
[16/07/2021 - 01:18:53] - ~b~Alex_souza_FPS: ~w~/PLAYERSON
[16/07/2021 - 01:18:54] - ~b~Alex_souza_FPS: ~w~/PLAYERSON
[16/07/2021 - 01:18:54] - ~b~Alex_souza_FPS: ~w~/PLAYERSON
[16/07/2021 - 01:18:55] - ~b~Alex_souza_FPS: ~w~/PLAYERSON
[16/07/2021 - 03:36:24] - ~b~Russo: ~w~GMX EM 20 SEGUNDOS
[16/07/2021 - 03:36:33] - ~b~Russo: ~w~GMX EM 20 SEGUNDOS
[16/07/2021 - 03:36:35] - ~b~Russo: ~w~GMX EM 20 SEGUNDOS
[16/07/2021 - 13:47:02] - ~b~Natan_Insane: ~w~/CAIXINHA
[16/07/2021 - 14:46:18] - ~b~Carlos_Sales: ~w~/CAIXINHA
[16/07/2021 - 17:13:30] - ~b~Russo: ~w~lindao chego
[16/07/2021 - 17:25:33] - ~b~Russo: ~w~/caixinha
[16/07/2021 - 17:25:35] - ~b~Russo: ~w~/caixinha
[16/07/2021 - 17:25:36] - ~b~Russo: ~w~/caixinha
[16/07/2021 - 20:53:57] - ~b~Carlos_Sales: ~w~/CAIXINHA
[16/07/2021 - 22:56:43] - ~b~jaozinho: ~w~/caixinha
[16/07/2021 - 23:21:25] - ~b~jaozinho: ~w~/caixinhaw
[16/07/2021 - 23:21:28] - ~b~jaozinho: ~w~/caixinha
[16/07/2021 - 23:31:20] - ~b~jaozinho: ~w~/caixinha
[16/07/2021 - 23:40:02] - ~b~jaozinho: ~w~QUEM VIER PIER PRIMEIRO GANHA 100K
[16/07/2021 - 23:40:21] - ~b~jaozinho: ~w~QUEM VIER PIER PRIMEIRO GANHA 100K
[16/07/2021 - 23:41:19] - ~b~jaozinho: ~w~sueco fps vencedor
[16/07/2021 - 23:46:31] - ~b~jaozinho: ~w~/caixinha
[16/07/2021 - 23:56:50] - ~b~jaozinho: ~w~/caixinha
[16/07/2021 - 23:56:52] - ~b~jaozinho: ~w~/caixinha
[17/07/2021 - 00:34:39] - ~b~jaozinho: ~w~/caixinha
[17/07/2021 - 01:58:29] - ~b~Russo: ~w~GMX JAJA
[17/07/2021 - 01:58:55] - ~b~Russo: ~w~SO UM RENICIO
[17/07/2021 - 02:56:32] - ~b~Carlos_Sales: ~w~/CAIXINHA SEUS VAGABUNDINHO
[28/05/2024 - 08:57:21] - ~b~Apxgui: ~w~RAUANY SUA GOSTOSA DO KRAI
[28/06/2024 - 09:19:59] - ~b~Apxgui: ~w~PARA DESTRUIR O CARRO BASTA DAR O COMANDO /CARCV
[11/02/2025 - 18:02:40] - ~b~Guilherme_Santiago: ~w~by apxgui desenvolvedor
[11/02/2025 - 18:03:12] - ~b~Guilherme_Santiago: ~w~by apxgui desenvolvedor
[21/02/2025 - 23:00:11] - ~b~zApxgui_Street: ~w~25
[21/02/2025 - 23:00:16] - ~b~zApxgui_Street: ~w~25
[23/02/2025 - 01:41:39] - ~b~zApxgui_Street: ~w~comi o cu de quem leu
