[23/04/2020 - 23:48:12] - [Ítem Inventário]: O Admin cloZe está dando um ítem M4 Costas, ID:[2035] para o jogador cloZe.
[23/04/2020 - 23:58:06] - [Ítem Inventário]: O Admin cloZe1 está dando um ítem M4 Costas, ID:[2035] para o jogador cloZe1.
[23/04/2020 - 23:58:50] - [Ítem Inventário]: O Admin cloZe1 está dando um ítem M4 Costas, ID:[2035] para o jogador cloZe1.
[23/04/2020 - 23:59:14] - [Ítem Inventário]: O Admin cloZe1 está dando um ítem M4 Costas, ID:[2035] para o jogador cloZe1.
[02/05/2020 - 00:41:15] - [Ítem Inventário]: O Admin cloZe está dando um ítem Pipa, ID:[2499] para o jogador cloZe.
[21/06/2021 - 22:33:26] - [Ítem Inventário]: O Admin Riquelme_Emanuel está dando um ítem Infernus, ID:[411] para o jogador Riquelme_Emanuel.
[21/06/2021 - 22:35:14] - [Ítem Inventário]: O Admin Riquelme_Emanuel está dando um ítem R1, ID:[522] para o jogador Riquelme_Emanuel.
[22/06/2021 - 00:59:25] - [Ítem Inventário]: O Admin Vgzinn_Zs está dando um ítem Infernus, ID:[411] para o jogador Vgzinn_Zs.
[23/06/2021 - 17:05:12] - [Ítem Inventário]: O Admin Riquelme_Emanuel está dando um ítem Banshee, ID:[429] para o jogador Riquelme_Emanuel.
[23/06/2021 - 19:31:29] - [Ítem Inventário]: O Admin Riquelme_Emanuel está dando um ítem Infernus, ID:[411] para o jogador Herizera_Silvaa.
[23/06/2021 - 21:29:03] - [Ítem Inventário]: O Admin Riquelme_Emanuel está dando um ítem Monster A, ID:[556] para o jogador Connor.Legends.
[23/06/2021 - 21:29:08] - [Ítem Inventário]: O Admin Riquelme_Emanuel está dando um ítem Uranus, ID:[558] para o jogador Connor.Legends.
[24/06/2021 - 00:30:33] - [Ítem Inventário]: O Admin Riquelme_Emanuel está dando um ítem Newsvan, ID:[582] para o jogador Riquelme_Emanuel.
[24/06/2021 - 00:30:38] - [Ítem Inventário]: O Admin Riquelme_Emanuel está dando um ítem Stafford, ID:[580] para o jogador Riquelme_Emanuel.
[24/06/2021 - 00:33:03] - [Ítem Inventário]: O Admin Riquelme_Emanuel está dando um ítem Bandito, ID:[568] para o jogador Riquelme_Emanuel.
[24/06/2021 - 00:33:19] - [Ítem Inventário]: O Admin Riquelme_Emanuel está dando um ítem Bandito, ID:[568] para o jogador Riquelme_Emanuel.
[24/06/2021 - 00:33:31] - [Ítem Inventário]: O Admin Riquelme_Emanuel está dando um ítem Bandito, ID:[568] para o jogador Riquelme_Emanuel.
[24/06/2021 - 00:34:18] - [Ítem Inventário]: O Admin Riquelme_Emanuel está dando um ítem Bandito, ID:[568] para o jogador Riquelme_Emanuel.
[24/06/2021 - 00:34:24] - [Ítem Inventário]: O Admin Riquelme_Emanuel está dando um ítem Bandito, ID:[568] para o jogador Riquelme_Emanuel.
[24/06/2021 - 00:34:37] - [Ítem Inventário]: O Admin Riquelme_Emanuel está dando um ítem Bandito, ID:[568] para o jogador Connor.Legends.
[24/06/2021 - 15:27:28] - [Ítem Inventário]: O Admin Vgzinn_Zs está dando um ítem Bobcat, ID:[422] para o jogador Vgzinn_Zs.
[24/06/2021 - 18:51:01] - [Ítem Inventário]: O Admin Riquelme_Emanuel está dando um ítem Slamvan, ID:[535] para o jogador Connor.Legends.
[24/06/2021 - 18:52:56] - [Ítem Inventário]: O Admin Riquelme_Emanuel está dando um ítem Blade, ID:[536] para o jogador Connor.Legends.
[24/06/2021 - 18:53:23] - [Ítem Inventário]: O Admin Riquelme_Emanuel está dando um ítem Monster A, ID:[556] para o jogador Connor.Legends.
[24/06/2021 - 19:10:58] - [Ítem Inventário]: O Admin Riquelme_Emanuel está dando um ítem Monster A, ID:[556] para o jogador Riquelme_Emanuel.
[25/06/2021 - 02:02:09] - [Ítem Inventário]: O Admin Riquelme_Emanuel está dando um ítem R1, ID:[522] para o jogador Willian_Robert.
[26/06/2021 - 01:39:00] - [Ítem Inventário]: O Admin Vgzinn está dando um ítem R1, ID:[522] para o jogador Vgzinn.
[27/06/2021 - 03:06:42] - [Ítem Inventário]: O Admin Vgzinn está dando um ítem R1, ID:[522] para o jogador Yan_Shelby.
[27/06/2021 - 03:07:56] - [Ítem Inventário]: O Admin Vgzinn está dando um ítem R1, ID:[522] para o jogador Yan_Shelby.
[27/06/2021 - 03:08:29] - [Ítem Inventário]: O Admin Vgzinn está dando um ítem R1, ID:[522] para o jogador Menor_vl.
[27/06/2021 - 14:23:05] - [Ítem Inventário]: O Admin Riquelme_Emanuel está dando um ítem CRF, ID:[468] para o jogador Riquelme_Emanuel.
[29/06/2021 - 00:11:21] - [Ítem Inventário]: O Admin Vgzinn está dando um ítem Carrera, ID:[480] para o jogador Vgzinn.
[29/06/2021 - 00:13:14] - [Ítem Inventário]: O Admin Vgzinn está dando um ítem Subaru, ID:[560] para o jogador Vgzinn.
[29/06/2021 - 15:56:31] - [Ítem Inventário]: O Admin Riquelme_Emanuel está dando um ítem Vespa, ID:[462] para o jogador Riquelme_Emanuel.
[29/06/2021 - 15:57:01] - [Ítem Inventário]: O Admin Riquelme_Emanuel está dando um ítem Subaru, ID:[560] para o jogador Riquelme_Emanuel.
[30/06/2021 - 16:06:42] - [Ítem Inventário]: O Admin Vgzinn está dando um ítem Infernus, ID:[411] para o jogador iilegal_elemts.
[30/06/2021 - 17:03:49] - [Ítem Inventário]: O Admin Vgzinn está dando um ítem Infernus, ID:[411] para o jogador Vgzinn.
[30/06/2021 - 17:13:49] - [Ítem Inventário]: O Admin Vgzinn está dando um ítem Infernus, ID:[411] para o jogador Fumassa.
[30/06/2021 - 21:14:40] - [Ítem Inventário]: O Admin Vgzinn está dando um ítem Sunrise, ID:[550] para o jogador Vgzinn.
[30/06/2021 - 21:17:38] - [Ítem Inventário]: O Admin Vgzinn está dando um ítem Alpha, ID:[602] para o jogador Vgzinn.
[30/06/2021 - 21:19:18] - [Ítem Inventário]: O Admin Vgzinn está dando um ítem Tahoma, ID:[566] para o jogador Vgzinn.
[30/06/2021 - 21:20:36] - [Ítem Inventário]: O Admin Vgzinn está dando um ítem Intruder, ID:[546] para o jogador Vgzinn.
[30/06/2021 - 21:21:11] - [Ítem Inventário]: O Admin Vgzinn está dando um ítem Primo, ID:[547] para o jogador Vgzinn.
[30/06/2021 - 21:22:23] - [Ítem Inventário]: O Admin Vgzinn está dando um ítem Nebula, ID:[516] para o jogador Vgzinn.
[30/06/2021 - 21:46:33] - [Ítem Inventário]: O Admin Vgzinn está dando um ítem Tornado, ID:[576] para o jogador Vgzinn.
[30/06/2021 - 22:05:06] - [Ítem Inventário]: O Admin Vgzinn está dando um ítem Premier, ID:[426] para o jogador Vgzinn.
[01/07/2021 - 01:19:50] - [Ítem Inventário]: O Admin Vgzinn está dando um ítem Elegy, ID:[562] para o jogador Vgzinn.
[05/07/2021 - 14:26:43] - [Ítem Inventário]: O Admin Riquelme_Emanuel está dando um ítem Infernus, ID:[411] para o jogador Riquelme_Emanuel.
[06/07/2021 - 01:05:55] - [Ítem Inventário]: O Admin Menor_vl está dando um ítem Infernus, ID:[411] para o jogador Menor_vl.
[11/07/2021 - 23:45:22] - [Ítem Inventário]: O Admin Vgzinn está dando um ítem R1, ID:[522] para o jogador F7_NXS.
[15/07/2021 - 22:44:47] - [Ítem Inventário]: O Admin Vgzinn está dando um ítem R1, ID:[522] para o jogador F7_NXS.
[17/07/2021 - 02:14:27] - [Ítem Inventário]: O Admin Russo está dando um ítem Subaru, ID:[560] para o jogador Vinicius_Russef.
[20/05/2024 - 15:00:32] - [Ítem Inventário]: O Admin apxgui está dando um ítem CRF, ID:[468] para o jogador apxgui.
[20/05/2024 - 15:00:42] - [Ítem Inventário]: O Admin apxgui está dando um ítem Solair, ID:[458] para o jogador apxgui.
[20/05/2024 - 15:02:03] - [Ítem Inventário]: O Admin apxgui está dando um ítem Helicoptero, ID:[487] para o jogador apxgui.
[22/05/2024 - 21:26:14] - [Ítem Inventário]: O Admin apxgui está dando um ítem Subaru, ID:[560] para o jogador apxgui.
[23/05/2024 - 15:40:08] - [Ítem Inventário]: O Admin juninnskasd está dando um ítem Subaru, ID:[560] para o jogador juninnskasd.
[23/05/2024 - 15:48:10] - [Ítem Inventário]: O Admin juninnskasd está dando um ítem R1, ID:[522] para o jogador juninnskasd.
[23/05/2024 - 18:37:17] - [Ítem Inventário]: O Admin juninnskasd está dando um ítem R1, ID:[522] para o jogador juninnskasd.
[23/05/2024 - 18:37:23] - [Ítem Inventário]: O Admin juninnskasd está dando um ítem Infernus, ID:[411] para o jogador juninnskasd.
[25/05/2024 - 02:49:14] - [Ítem Inventário]: O Admin Juan_Antonnyy está dando um ítem Subaru, ID:[560] para o jogador Juan_Antonnyy.
[25/05/2024 - 14:12:42] - [Ítem Inventário]: O Admin Juan_Antonnyy está dando um ítem Skin 1, ID:[1] para o jogador Juan_Antonnyy.
[25/05/2024 - 14:12:49] - [Ítem Inventário]: O Admin Juan_Antonnyy está dando um ítem Skin 0, ID:[0] para o jogador Juan_Antonnyy.
[25/05/2024 - 14:19:20] - [Ítem Inventário]: O Admin Juan_Antonnyy está dando um ítem Subaru, ID:[560] para o jogador Juan_Antonnyy.
[25/05/2024 - 19:15:28] - [Ítem Inventário]: O Admin Juan_Antonnyy está dando um ítem R1, ID:[522] para o jogador Juan_Antonnyy.
[27/05/2024 - 18:13:03] - [Ítem Inventário]: O Admin Apxgui está dando um ítem Infernus, ID:[411] para o jogador Apxgui.
[29/05/2024 - 18:44:26] - [Ítem Inventário]: O Admin apxgui está dando um ítem R1, ID:[522] para o jogador apxgui.
[30/05/2024 - 02:56:27] - [Ítem Inventário]: O Admin apxgui está dando um ítem CRF, ID:[468] para o jogador apxgui.
[30/05/2024 - 02:56:34] - [Ítem Inventário]: O Admin apxgui está dando um ítem Dozer, ID:[486] para o jogador apxgui.
[04/06/2024 - 23:10:08] - [Ítem Inventário]: O Admin Apxgui está dando um ítem Quad, ID:[471] para o jogador Apxgui.
[07/06/2024 - 08:20:26] - [Ítem Inventário]: O Admin Apxgui está dando um ítem Mountain Bike, ID:[510] para o jogador Apxgui.
[07/06/2024 - 11:16:36] - [Ítem Inventário]: O Admin Apxgui está dando um ítem Tanker, ID:[514] para o jogador Apxgui.
[09/06/2024 - 06:15:06] - [Ítem Inventário]: O Admin Apxgui_do69 está dando um ítem Infernus, ID:[411] para o jogador Apxgui_do69.
[09/06/2024 - 06:24:34] - [Ítem Inventário]: O Admin Apxgui_do69 está dando um ítem Skin 294, ID:[294] para o jogador Apxgui_do69.
[10/06/2024 - 00:38:01] - [Ítem Inventário]: O Admin Apxgui está dando um ítem MX-5, ID:[559] para o jogador Apxgui.
[10/06/2024 - 11:42:09] - [Ítem Inventário]: O Admin apxgui_entrou está dando um ítem Skin 294, ID:[294] para o jogador apxgui_entrou.
[10/06/2024 - 11:44:36] - [Ítem Inventário]: O Admin apxgui_entrou está dando um ítem Skin 294, ID:[294] para o jogador apxgui_entrou.
[10/06/2024 - 12:21:10] - [Ítem Inventário]: O Admin apxgui_entrou está dando um ítem Hotring Racer, ID:[503] para o jogador apxgui_entrou.
[10/06/2024 - 12:23:34] - [Ítem Inventário]: O Admin apxgui_entrou está dando um ítem Hotring Racer, ID:[503] para o jogador apxgui_entrou.
[10/06/2024 - 12:23:54] - [Ítem Inventário]: O Admin apxgui_entrou está dando um ítem Infernus, ID:[411] para o jogador apxgui_entrou.
[10/06/2024 - 12:34:23] - [Ítem Inventário]: O Admin apxgui_entrou está dando um ítem R1, ID:[522] para o jogador apxgui_entrou.
[10/06/2024 - 12:34:30] - [Ítem Inventário]: O Admin apxgui_entrou está dando um ítem Mountain Bike, ID:[510] para o jogador apxgui_entrou.
[11/06/2024 - 01:45:40] - [Ítem Inventário]: O Admin apxgui está dando um ítem Brilho Na Skin, ID:[1276] para o jogador apxgui.
[11/06/2024 - 01:46:19] - [Ítem Inventário]: O Admin apxgui está dando um ítem Tubarao shark acc, ID:[1608] para o jogador apxgui.
[11/06/2024 - 01:47:33] - [Ítem Inventário]: O Admin apxgui está dando um ítem Bandeira vermelha, ID:[19306] para o jogador apxgui.
[11/06/2024 - 01:48:05] - [Ítem Inventário]: O Admin apxgui está dando um ítem Cigarro raro, ID:[19625] para o jogador apxgui.
[11/06/2024 - 01:48:44] - [Ítem Inventário]: O Admin apxgui está dando um ítem Faisca, ID:[18717] para o jogador apxgui.
[11/06/2024 - 01:49:29] - [Ítem Inventário]: O Admin apxgui está dando um ítem Minigun de acc, ID:[362] para o jogador apxgui.
[11/06/2024 - 01:50:31] - [Ítem Inventário]: O Admin apxgui está dando um ítem Sniper Costas, ID:[1687] para o jogador apxgui.
[11/06/2024 - 01:59:16] - [Ítem Inventário]: O Admin apxgui está dando um ítem Faisca, ID:[18717] para o jogador apxgui.
[15/06/2024 - 12:59:16] - [Ítem Inventário]: O Admin Apx está dando um ítem FBI Rancher, ID:[490] para o jogador Apx.
[15/06/2024 - 13:18:28] - [Ítem Inventário]: O Admin Apx está dando um ítem R1, ID:[522] para o jogador Apx.
[17/06/2024 - 01:50:11] - [Ítem Inventário]: O Admin Junio_Fenomeno está dando um ítem Subaru, ID:[560] para o jogador Junio_Fenomeno.
[17/06/2024 - 05:04:22] - [Ítem Inventário]: O Admin Junio_Fenomeno está dando um ítem R1, ID:[522] para o jogador Junio_Fenomeno.
[01/07/2024 - 18:11:20] - [Ítem Inventário]: O Admin Apxgui_Scripter está dando um ítem Subaru, ID:[560] para o jogador Apxgui_Scripter.
[01/07/2024 - 18:14:29] - [Ítem Inventário]: O Admin Apxgui_Scripterr está dando um ítem Subaru, ID:[560] para o jogador Apxgui_Scripterr.
[01/07/2024 - 18:14:31] - [Ítem Inventário]: O Admin Apxgui_Scripterr está dando um ítem R1, ID:[522] para o jogador Apxgui_Scripterr.
[01/07/2024 - 18:14:34] - [Ítem Inventário]: O Admin Apxgui_Scripterr está dando um ítem Bobcat, ID:[422] para o jogador Apxgui_Scripterr.
[10/02/2025 - 15:22:18] - [Ítem Inventário]: O Admin Guilherme_Antonio está dando um ítem R1, ID:[522] para o jogador Guilherme_Antonio.
[10/02/2025 - 22:43:06] - [Ítem Inventário]: O Admin Guilherme_Santiago está dando um ítem R1, ID:[522] para o jogador Guilherme_Santiago.
[11/02/2025 - 17:41:17] - [Ítem Inventário]: O Admin Guilherme_Santiago está dando um ítem Subaru, ID:[560] para o jogador Guilherme_Santiago.
[11/02/2025 - 18:15:14] - [Ítem Inventário]: O Admin Guilherme_Santiago está dando um ítem FBI Rancher, ID:[490] para o jogador Guilherme_Santiago.
[11/02/2025 - 18:15:19] - [Ítem Inventário]: O Admin Guilherme_Santiago está dando um ítem Trailer B, ID:[590] para o jogador Guilherme_Santiago.
[11/02/2025 - 18:15:25] - [Ítem Inventário]: O Admin Guilherme_Santiago está dando um ítem Carrera, ID:[480] para o jogador Guilherme_Santiago.
[11/02/2025 - 18:15:31] - [Ítem Inventário]: O Admin Guilherme_Santiago está dando um ítem Dozer, ID:[486] para o jogador Guilherme_Santiago.
[11/02/2025 - 18:15:37] - [Ítem Inventário]: O Admin Guilherme_Santiago está dando um ítem BF-400, ID:[581] para o jogador Guilherme_Santiago.
[16/02/2025 - 13:08:25] - [Ítem Inventário]: O Admin Apxgui_Dvolta está dando um ítem BMX, ID:[481] para o jogador Apxgui_Dvolta.
[16/02/2025 - 13:08:30] - [Ítem Inventário]: O Admin Apxgui_Dvolta está dando um ítem BF-400, ID:[581] para o jogador Apxgui_Dvolta.
[16/02/2025 - 13:08:35] - [Ítem Inventário]: O Admin Apxgui_Dvolta está dando um ítem Virgo, ID:[491] para o jogador Apxgui_Dvolta.
[16/02/2025 - 13:08:43] - [Ítem Inventário]: O Admin Apxgui_Dvolta está dando um ítem BMX, ID:[481] para o jogador Apxgui_Dvolta.
[16/02/2025 - 13:08:46] - [Ítem Inventário]: O Admin Apxgui_Dvolta está dando um ítem Trailer C, ID:[591] para o jogador Apxgui_Dvolta.
[16/02/2025 - 13:08:49] - [Ítem Inventário]: O Admin Apxgui_Dvolta está dando um ítem Trailer B, ID:[590] para o jogador Apxgui_Dvolta.
[16/02/2025 - 13:08:54] - [Ítem Inventário]: O Admin Apxgui_Dvolta está dando um ítem FBI Rancher, ID:[490] para o jogador Apxgui_Dvolta.
[16/02/2025 - 22:49:39] - [Ítem Inventário]: O Admin Guilherme_Antonio está dando um ítem Infernus, ID:[411] para o jogador Guilherme_Antonio.
[20/02/2025 - 02:49:42] - [Ítem Inventário]: O Admin zApxgui_Street está dando um ítem Infernus, ID:[411] para o jogador zApxgui_Street.
[21/02/2025 - 02:48:39] - [Ítem Inventário]: O Admin zApxgui_Street está dando um ítem R1, ID:[522] para o jogador zApxgui_Street.
[25/02/2025 - 05:11:12] - [Ítem Inventário]: O Admin zApxgui_Street está dando um ítem Infernus, ID:[411] para o jogador zApxgui_Street.
[14/04/2025 - 02:13:07] - [Ítem Inventário]: O Admin zApxgui_Street está dando um ítem Helicoptero, ID:[487] para o jogador zApxgui_Street.
[14/04/2025 - 23:41:34] - [Ítem Inventário]: O Admin zApxgui_Street está dando um ítem Sinalizador, ID:[18728] para o jogador zApxgui_Street.
[15/04/2025 - 00:19:22] - [Ítem Inventário]: O Admin zApxgui_Street está dando um ítem Ambulancia, ID:[416] para o jogador zApxgui_Street.
[15/04/2025 - 06:55:14] - [Ítem Inventário]: O Admin zApxgui_Street está dando um ítem Subaru, ID:[560] para o jogador zApxgui_Street.
[18/05/2025 - 03:49:47] - [ï¿½tem Inventï¿½rio]: O Admin zApxgui_Street estï¿½ dando um ï¿½tem RC Goblin, ID:[501] para o jogador zApxgui_Street.
[30/06/2025 - 13:45:35] - [ï¿½tem Inventï¿½rio]: O Admin Apx_Dygeras estï¿½ dando um ï¿½tem R1, ID:[522] para o jogador Apx_Dygeras.
[30/06/2025 - 13:45:39] - [ï¿½tem Inventï¿½rio]: O Admin Apx_Dygeras estï¿½ dando um ï¿½tem Subaru, ID:[560] para o jogador Apx_Dygeras.
[30/06/2025 - 13:45:48] - [ï¿½tem Inventï¿½rio]: O Admin Apx_Dygeras estï¿½ dando um ï¿½tem Infernus, ID:[411] para o jogador Apx_Dygeras.
[30/06/2025 - 15:32:21] - [ï¿½tem Inventï¿½rio]: O Admin Apx_Dygeras estï¿½ dando um ï¿½tem Helicoptero, ID:[487] para o jogador Apx_Dygeras.
[30/06/2025 - 20:16:23] - [ï¿½tem Inventï¿½rio]: O Admin zApxgui_Street estï¿½ dando um ï¿½tem Tractor, ID:[531] para o jogador zApxgui_Street.
[30/06/2025 - 20:20:37] - [ï¿½tem Inventï¿½rio]: O Admin zApxgui_Street estï¿½ dando um ï¿½tem Combine, ID:[532] para o jogador zApxgui_Street.
[30/06/2025 - 20:23:44] - [ï¿½tem Inventï¿½rio]: O Admin zApxgui_Street estï¿½ dando um ï¿½tem Walton, ID:[478] para o jogador zApxgui_Street.
