[03/04/2019 - 10:15:05] - AdmAviso: [0]BerN tentou divulgar: pq tu não usa o nome Brasil Play Fury.
[28/02/2020 - 11:39:15] - AdmAviso: [1]winRAR tentou divulgar: bpg.
[28/02/2020 - 11:40:34] - AdmAviso: [1]winRAR tentou divulgar: qnd tu fala bpg cai.
[28/02/2020 - 23:29:11] - AdmAviso: [0]winRAR tentou divulgar: entra ai rapazeada bps.brasilplayshox.
[23/06/2021 - 21:26:39] - AdmAviso: [1]Connor.Legends tentou divulgar: da 8_999999999999.
[23/06/2021 - 21:26:44] - AdmAviso: [1]Connor.Legends tentou divulgar: da 8_999999999999.
[23/06/2021 - 21:27:15] - AdmAviso: [1]Connor.Legends tentou divulgar: e so da /moedas 1 10000000.
[23/06/2021 - 21:27:19] - AdmAviso: [1]Connor.Legends tentou divulgar: e so da /moedas 1 10000000.
[24/06/2021 - 07:02:59] - AdmAviso: [1]Connor.Legends tentou divulgar: hora do 157.
[24/06/2021 - 07:03:04] - AdmAviso: [1]Connor.Legends tentou divulgar: hora do 157.
[24/06/2021 - 07:03:13] - AdmAviso: [1]Connor.Legends tentou divulgar: 157.
[25/06/2021 - 00:12:24] - AdmAviso: [1]Pernambuco_Recife tentou divulgar: 91.121.87.14:9388.
[25/06/2021 - 00:13:01] - AdmAviso: [1]Pernambuco_Recife tentou divulgar: 91 121 87 q.
[25/06/2021 - 00:13:11] - AdmAviso: [1]Pernambuco_Recife tentou divulgar: 91 .
[25/06/2021 - 00:13:31] - AdmAviso: [1]Pernambuco_Recife tentou divulgar: 91.
[25/06/2021 - 00:13:36] - AdmAviso: [1]Pernambuco_Recife tentou divulgar: 91.
[25/06/2021 - 00:16:40] - AdmAviso: [1]Pernambuco_Recife tentou divulgar: 81984579098.
[25/06/2021 - 15:17:23] - AdmAviso: [5]Fumassa tentou divulgar: REC ON / REQUISITOS / SER RP / BOM X1 / M.LIDO / TER DS / VIR HQ.
[25/06/2021 - 15:17:34] - AdmAviso: [5]Fumassa tentou divulgar: REC ON / REQUISITOS / SER RP / BOM X1 / M.LIDO / TER DS / VIR HQ.
[25/06/2021 - 16:29:38] - AdmAviso: [7]danilo00015 tentou divulgar: 20102010.
[25/06/2021 - 16:30:07] - AdmAviso: [7]danilo00015 tentou divulgar: 20102010.
[25/06/2021 - 16:30:15] - AdmAviso: [7]danilo00015 tentou divulgar: 20102030.
[25/06/2021 - 16:33:32] - AdmAviso: [11]danilo00015 tentou divulgar: 0000009210201034.
[25/06/2021 - 16:33:49] - AdmAviso: [11]danilo00015 tentou divulgar: 000001423781.
[25/06/2021 - 16:34:13] - AdmAviso: [11]danilo00015 tentou divulgar: 1000000000023.
[25/06/2021 - 16:42:34] - AdmAviso: [2]danilo00015 tentou divulgar: 5013700013.
[25/06/2021 - 16:47:33] - AdmAviso: [5]danilo00015 tentou divulgar: 00001324.
[25/06/2021 - 18:04:32] - AdmAviso: [3]Fumassa tentou divulgar: ./pagar 3 1000 varias vezez /ooc.
[25/06/2021 - 18:05:24] - AdmAviso: [3]Fumassa tentou divulgar: ./pagar 3 1000 /ooc.
[25/06/2021 - 18:05:29] - AdmAviso: [3]Fumassa tentou divulgar: ./pagar 3 1000 /ooc.
[26/06/2021 - 15:39:34] - AdmAviso: [11]texugo_gg tentou divulgar: 11052007.
[26/06/2021 - 19:45:43] - AdmAviso: [2]vinicius_torres tentou divulgar: ;++$44$2$$;;;;;##@;#;3+,;22332.
[26/06/2021 - 22:49:03] - AdmAviso: [18]Eric_Silva tentou divulgar: CARAI EB tem 69.000.000.
[26/06/2021 - 23:29:27] - AdmAviso: [27]Zariah_Stafford tentou divulgar: = 0010001001 | ~ BLUE ECLIPSE V5 | REMASTERED 2020 | XMAS EDITION ~ | 1010110010
[26/06/2021 - 23:29:27] - AdmAviso: [24]Miranda_Sanders tentou divulgar: = 0100010010 | ~ BLUE ECLIPSE V5 | REMASTERED 2020 | XMAS EDITION ~ | 1011000010
[26/06/2021 - 23:29:27] - AdmAviso: [18]Nikolas_Wyatt tentou divulgar: = 0000110011 | ~ BLUE ECLIPSE V5 | REMASTERED 2020 | XMAS EDITION ~ | 0001001100 =
[26/06/2021 - 23:29:27] - AdmAviso: [31]Serenity_Barber tentou divulgar: = 0010111001 | ~ BLUE ECLIPSE V5 | REMASTERED 2020 | XMAS EDITION ~ | 1000001100
[26/06/2021 - 23:29:27] - AdmAviso: [33]Myla_Mays tentou divulgar: = 1110000000 | ~ BLUE ECLIPSE V5 | REMASTERED 2020 | XMAS EDITION ~ | 0010011000 =.
[26/06/2021 - 23:29:27] - AdmAviso: [25]Randall_Daniels tentou divulgar: = 0101011000 | ~ BLUE ECLIPSE V5 | REMASTERED 2020 | XMAS EDITION ~ | 0010000000
[26/06/2021 - 23:29:27] - AdmAviso: [38]Kassidy_Stafford tentou divulgar: = 0110111010 | ~ BLUE ECLIPSE V5 | REMASTERED 2020 | XMAS EDITION ~ | 110000100
[26/06/2021 - 23:29:27] - AdmAviso: [30]Julie_Coffey tentou divulgar: = 0000011010 | ~ BLUE ECLIPSE V5 | REMASTERED 2020 | XMAS EDITION ~ | 0010100101 =.
[26/06/2021 - 23:29:27] - AdmAviso: [35]Kai_Elliott tentou divulgar: = 0010000001 | ~ BLUE ECLIPSE V5 | REMASTERED 2020 | XMAS EDITION ~ | 1000110010 =.
[26/06/2021 - 23:29:27] - AdmAviso: [15]Dustin_Mercer tentou divulgar: = 1101001010 | ~ BLUE ECLIPSE V5 | REMASTERED 2020 | XMAS EDITION ~ | 1000000100 =
[26/06/2021 - 23:29:27] - AdmAviso: [21]Jessie_Benson tentou divulgar: = 1101110000 | ~ BLUE ECLIPSE V5 | REMASTERED 2020 | XMAS EDITION ~ | 1000101000 =
[26/06/2021 - 23:29:27] - AdmAviso: [23]Amir_Yang tentou divulgar: = 1000100001 | ~ BLUE ECLIPSE V5 | REMASTERED 2020 | XMAS EDITION ~ | 0001000101 =.
[26/06/2021 - 23:29:27] - AdmAviso: [16]Jamison_Santos tentou divulgar: = 0010011101 | ~ BLUE ECLIPSE V5 | REMASTERED 2020 | XMAS EDITION ~ | 0000110100 
[26/06/2021 - 23:29:27] - AdmAviso: [26]Isis_Mueller tentou divulgar: = 0010000010 | ~ BLUE ECLIPSE V5 | REMASTERED 2020 | XMAS EDITION ~ | 0000000001 =.
[26/06/2021 - 23:29:27] - AdmAviso: [42]Miracle_Ramsey tentou divulgar: = 0111000000 | ~ BLUE ECLIPSE V5 | REMASTERED 2020 | XMAS EDITION ~ | 0111111000 
[26/06/2021 - 23:29:27] - AdmAviso: [11]Shaun_Peck tentou divulgar: = 0010111000 | ~ BLUE ECLIPSE V5 | REMASTERED 2020 | XMAS EDITION ~ | 0000001000 =.
[26/06/2021 - 23:29:27] - AdmAviso: [18]Nikolas_Wyatt tentou divulgar: = 1000000001 | ~ BLUE ECLIPSE V5 | REMASTERED 2020 | XMAS EDITION ~ | 1100100101 =
[26/06/2021 - 23:29:27] - AdmAviso: [24]Miranda_Sanders tentou divulgar: = 0000000010 | ~ BLUE ECLIPSE V5 | REMASTERED 2020 | XMAS EDITION ~ | 1000110011
[26/06/2021 - 23:29:27] - AdmAviso: [27]Zariah_Stafford tentou divulgar: = 1101101000 | ~ BLUE ECLIPSE V5 | REMASTERED 2020 | XMAS EDITION ~ | 1000110001
[26/06/2021 - 23:29:27] - AdmAviso: [31]Serenity_Barber tentou divulgar: = 0010111000 | ~ BLUE ECLIPSE V5 | REMASTERED 2020 | XMAS EDITION ~ | 0101100000
[26/06/2021 - 23:29:27] - AdmAviso: [33]Myla_Mays tentou divulgar: = 1011110111 | ~ BLUE ECLIPSE V5 | REMASTERED 2020 | XMAS EDITION ~ | 0000011000 =.
[26/06/2021 - 23:29:27] - AdmAviso: [41]Braylon_Shaw tentou divulgar: = 0010000110 | ~ BLUE ECLIPSE V5 | REMASTERED 2020 | XMAS EDITION ~ | 1000011100 =.
[26/06/2021 - 23:29:27] - AdmAviso: [22]Autumn_Schaefer tentou divulgar: = 0000001101 | ~ BLUE ECLIPSE V5 | REMASTERED 2020 | XMAS EDITION ~ | 1110111001
[26/06/2021 - 23:29:27] - AdmAviso: [25]Randall_Daniels tentou divulgar: = 1001010111 | ~ BLUE ECLIPSE V5 | REMASTERED 2020 | XMAS EDITION ~ | 0101010101
[26/06/2021 - 23:29:27] - AdmAviso: [46]Joel_Griffin tentou divulgar: = 0000000100 | ~ BLUE ECLIPSE V5 | REMASTERED 2020 | XMAS EDITION ~ | 0011001010 =.
[26/06/2021 - 23:29:27] - AdmAviso: [38]Kassidy_Stafford tentou divulgar: = 1000010101 | ~ BLUE ECLIPSE V5 | REMASTERED 2020 | XMAS EDITION ~ | 100101110
[26/06/2021 - 23:29:27] - AdmAviso: [30]Julie_Coffey tentou divulgar: = 0000010000 | ~ BLUE ECLIPSE V5 | REMASTERED 2020 | XMAS EDITION ~ | 1000000110 =.
[26/06/2021 - 23:29:27] - AdmAviso: [45]Gina_Dominguez tentou divulgar: = 0011100000 | ~ BLUE ECLIPSE V5 | REMASTERED 2020 | XMAS EDITION ~ | 1001000100 
[26/06/2021 - 23:29:27] - AdmAviso: [21]Jessie_Benson tentou divulgar: = 0110100100 | ~ BLUE ECLIPSE V5 | REMASTERED 2020 | XMAS EDITION ~ | 0000100100 =
[26/06/2021 - 23:29:27] - AdmAviso: [15]Dustin_Mercer tentou divulgar: = 0011100010 | ~ BLUE ECLIPSE V5 | REMASTERED 2020 | XMAS EDITION ~ | 1000001100 =
[26/06/2021 - 23:29:27] - AdmAviso: [23]Amir_Yang tentou divulgar: = 0100101101 | ~ BLUE ECLIPSE V5 | REMASTERED 2020 | XMAS EDITION ~ | 0000010000 =.
[26/06/2021 - 23:29:27] - AdmAviso: [35]Kai_Elliott tentou divulgar: = 1100000011 | ~ BLUE ECLIPSE V5 | REMASTERED 2020 | XMAS EDITION ~ | 1010100000 =.
[26/06/2021 - 23:29:27] - AdmAviso: [42]Miracle_Ramsey tentou divulgar: = 0001000001 | ~ BLUE ECLIPSE V5 | REMASTERED 2020 | XMAS EDITION ~ | 0100001010 
[26/06/2021 - 23:29:27] - AdmAviso: [11]Shaun_Peck tentou divulgar: = 1101010100 | ~ BLUE ECLIPSE V5 | REMASTERED 2020 | XMAS EDITION ~ | 0000010000 =.
[26/06/2021 - 23:29:27] - AdmAviso: [16]Jamison_Santos tentou divulgar: = 1100000101 | ~ BLUE ECLIPSE V5 | REMASTERED 2020 | XMAS EDITION ~ | 0010011010 
[26/06/2021 - 23:29:27] - AdmAviso: [26]Isis_Mueller tentou divulgar: = 0000011000 | ~ BLUE ECLIPSE V5 | REMASTERED 2020 | XMAS EDITION ~ | 0001000000 =.
[26/06/2021 - 23:29:27] - AdmAviso: [41]Braylon_Shaw tentou divulgar: = 1000110011 | ~ BLUE ECLIPSE V5 | REMASTERED 2020 | XMAS EDITION ~ | 0000000101 =.
[26/06/2021 - 23:29:27] - AdmAviso: [47]Elise_Haley tentou divulgar: = 0001001100 | ~ BLUE ECLIPSE V5 | REMASTERED 2020 | XMAS EDITION ~ | 0010000000 =.
[26/06/2021 - 23:29:27] - AdmAviso: [22]Autumn_Schaefer tentou divulgar: = 0110010001 | ~ BLUE ECLIPSE V5 | REMASTERED 2020 | XMAS EDITION ~ | 0010111001
[26/06/2021 - 23:29:27] - AdmAviso: [28]Barrett_Shah tentou divulgar: = 0000100000 | ~ BLUE ECLIPSE V5 | REMASTERED 2020 | XMAS EDITION ~ | 1000110100 =.
[26/06/2021 - 23:29:27] - AdmAviso: [29]Jalen_Marquez tentou divulgar: = 1001001010 | ~ BLUE ECLIPSE V5 | REMASTERED 2020 | XMAS EDITION ~ | 0100010001 =
[26/06/2021 - 23:29:27] - AdmAviso: [17]Salvador_Waller tentou divulgar: = 0100001100 | ~ BLUE ECLIPSE V5 | REMASTERED 2020 | XMAS EDITION ~ | 1001000000
[26/06/2021 - 23:29:27] - AdmAviso: [40]Aliyah_Chase tentou divulgar: = 1001100000 | ~ BLUE ECLIPSE V5 | REMASTERED 2020 | XMAS EDITION ~ | 0010010100 =.
[26/06/2021 - 23:29:27] - AdmAviso: [46]Joel_Griffin tentou divulgar: = 0000100000 | ~ BLUE ECLIPSE V5 | REMASTERED 2020 | XMAS EDITION ~ | 0000000000 =.
[26/06/2021 - 23:29:27] - AdmAviso: [36]Eleanor_Andersen tentou divulgar: = 0000001001 | ~ BLUE ECLIPSE V5 | REMASTERED 2020 | XMAS EDITION ~ | 001011010
[26/06/2021 - 23:29:27] - AdmAviso: [32]Levi_Benjamin tentou divulgar: = 0010011101 | ~ BLUE ECLIPSE V5 | REMASTERED 2020 | XMAS EDITION ~ | 0000001000 =
[26/06/2021 - 23:29:27] - AdmAviso: [19]Meredith_Mclean tentou divulgar: = 1000010000 | ~ BLUE ECLIPSE V5 | REMASTERED 2020 | XMAS EDITION ~ | 1100000001
[26/06/2021 - 23:29:27] - AdmAviso: [20]Jefferson_Baldwin tentou divulgar: = 0001000011 | ~ BLUE ECLIPSE V5 | REMASTERED 2020 | XMAS EDITION ~ | 00000000
[26/06/2021 - 23:29:27] - AdmAviso: [39]Annika_Schneider tentou divulgar: = 0100101001 | ~ BLUE ECLIPSE V5 | REMASTERED 2020 | XMAS EDITION ~ | 010011100
[26/06/2021 - 23:29:27] - AdmAviso: [45]Gina_Dominguez tentou divulgar: = 0000001111 | ~ BLUE ECLIPSE V5 | REMASTERED 2020 | XMAS EDITION ~ | 0000001001 
[26/06/2021 - 23:29:27] - AdmAviso: [47]Elise_Haley tentou divulgar: = 0000100101 | ~ BLUE ECLIPSE V5 | REMASTERED 2020 | XMAS EDITION ~ | 0011001000 =.
[26/06/2021 - 23:29:27] - AdmAviso: [29]Jalen_Marquez tentou divulgar: = 1000000000 | ~ BLUE ECLIPSE V5 | REMASTERED 2020 | XMAS EDITION ~ | 0000111101 =
[26/06/2021 - 23:29:27] - AdmAviso: [40]Aliyah_Chase tentou divulgar: = 1111000100 | ~ BLUE ECLIPSE V5 | REMASTERED 2020 | XMAS EDITION ~ | 0110001011 =.
[26/06/2021 - 23:29:27] - AdmAviso: [17]Salvador_Waller tentou divulgar: = 1011010000 | ~ BLUE ECLIPSE V5 | REMASTERED 2020 | XMAS EDITION ~ | 0101000100
[26/06/2021 - 23:29:27] - AdmAviso: [32]Levi_Benjamin tentou divulgar: = 0000100100 | ~ BLUE ECLIPSE V5 | REMASTERED 2020 | XMAS EDITION ~ | 1010001010 =
[26/06/2021 - 23:29:27] - AdmAviso: [39]Annika_Schneider tentou divulgar: = 0000001011 | ~ BLUE ECLIPSE V5 | REMASTERED 2020 | XMAS EDITION ~ | 000000000
[26/06/2021 - 23:29:27] - AdmAviso: [19]Meredith_Mclean tentou divulgar: = 1001110000 | ~ BLUE ECLIPSE V5 | REMASTERED 2020 | XMAS EDITION ~ | 1000001001
[26/06/2021 - 23:29:27] - AdmAviso: [36]Eleanor_Andersen tentou divulgar: = 1011000001 | ~ BLUE ECLIPSE V5 | REMASTERED 2020 | XMAS EDITION ~ | 010100001
[26/06/2021 - 23:29:27] - AdmAviso: [20]Jefferson_Baldwin tentou divulgar: = 0000100010 | ~ BLUE ECLIPSE V5 | REMASTERED 2020 | XMAS EDITION ~ | 11000000
[26/06/2021 - 23:29:27] - AdmAviso: [28]Barrett_Shah tentou divulgar: = 0100000110 | ~ BLUE ECLIPSE V5 | REMASTERED 2020 | XMAS EDITION ~ | 0001100000 =.
[26/06/2021 - 23:29:28] - AdmAviso: [34]Danica_Chaney tentou divulgar: = 0000010000 | ~ BLUE ECLIPSE V5 | REMASTERED 2020 | XMAS EDITION ~ | 1010010100 =
[26/06/2021 - 23:29:31] - AdmAviso: [34]Danica_Chaney tentou divulgar: = 0010010011 | ~ BLUE ECLIPSE V5 | REMASTERED 2020 | XMAS EDITION ~ | 0011100000 =
[27/06/2021 - 03:14:25] - AdmAviso: [7]Fumassa tentou divulgar: 167 /ooc.
[27/06/2021 - 03:14:28] - AdmAviso: [7]Fumassa tentou divulgar: 167 /ooc.
[27/06/2021 - 03:14:32] - AdmAviso: [7]Fumassa tentou divulgar: 167.
[27/06/2021 - 03:14:41] - AdmAviso: [7]Fumassa tentou divulgar: 167.
[27/06/2021 - 03:14:46] - AdmAviso: [7]Fumassa tentou divulgar:  167.
[27/06/2021 - 03:14:49] - AdmAviso: [7]Fumassa tentou divulgar: e 167.
[27/06/2021 - 13:38:34] - AdmAviso: [3]kink_rp tentou divulgar: 987629364.
[27/06/2021 - 13:38:44] - AdmAviso: [3]kink_rp tentou divulgar: 987629364.
[27/06/2021 - 13:48:10] - AdmAviso: [3]kink_rp tentou divulgar: 987629364.
[27/06/2021 - 14:51:37] - AdmAviso: [3]zEverton_Silva tentou divulgar: 10000000000000.
[27/06/2021 - 17:20:21] - AdmAviso: [2]zEverton_Silva tentou divulgar: 91#.
[27/06/2021 - 17:20:30] - AdmAviso: [2]zEverton_Silva tentou divulgar: 91#.
[27/06/2021 - 21:26:01] - AdmAviso: [0]lipe_araujo tentou divulgar: 98099809.
[27/06/2021 - 22:51:51] - AdmAviso: [4]CHAPAX_FXL tentou divulgar: 14998521383 me passala.
[27/06/2021 - 22:59:20] - AdmAviso: [11]CHAPAX_FXL tentou divulgar: 14998521383.
[27/06/2021 - 22:59:27] - AdmAviso: [5]VIXTOE tentou divulgar: 4299116584 add la.
[27/06/2021 - 22:59:35] - AdmAviso: [11]CHAPAX_FXL tentou divulgar: 14998521383.
[27/06/2021 - 22:59:37] - AdmAviso: [11]CHAPAX_FXL tentou divulgar: 14998521383.
[27/06/2021 - 22:59:38] - AdmAviso: [5]VIXTOE tentou divulgar: 4299116584 add la.
[28/06/2021 - 00:22:48] - AdmAviso: [1]ruanno_beiramar tentou divulgar: 19812020____.
[28/06/2021 - 01:05:06] - AdmAviso: [5]VIXTOE tentou divulgar: meu numero 4299116584.
[28/06/2021 - 01:05:26] - AdmAviso: [0]MADRAKINHO tentou divulgar: 4299116584.
[28/06/2021 - 01:05:33] - AdmAviso: [0]MADRAKINHO tentou divulgar: 4299116584.
[28/06/2021 - 01:07:30] - AdmAviso: [0]MADRAKINHO tentou divulgar: 4299116584.
[28/06/2021 - 07:38:41] - AdmAviso: [0]CHAPAX_FXL tentou divulgar: 1 4 9 9 8 5 2 1 3 8 3.
[28/06/2021 - 08:22:18] - AdmAviso: [1]EmT.Haridade tentou divulgar: 120k.
[28/06/2021 - 08:22:24] - AdmAviso: [1]EmT.Haridade tentou divulgar: 120k.
[28/06/2021 - 08:22:27] - AdmAviso: [1]EmT.Haridade tentou divulgar: 120.
[28/06/2021 - 08:22:39] - AdmAviso: [1]EmT.Haridade tentou divulgar: 120.
[28/06/2021 - 08:22:55] - AdmAviso: [1]EmT.Haridade tentou divulgar: 120k.
[28/06/2021 - 08:23:10] - AdmAviso: [0]CHAPAX_FXL tentou divulgar: 120k.
[28/06/2021 - 16:02:57] - AdmAviso: [2]andre_domi tentou divulgar: ganha 120 muito poco.
[28/06/2021 - 16:03:20] - AdmAviso: [2]andre_domi tentou divulgar: ganha 120 muito poco.
[28/06/2021 - 16:03:25] - AdmAviso: [2]andre_domi tentou divulgar: ganha 120 muito poco.
[28/06/2021 - 18:41:18] - AdmAviso: [10]zEVERTON_TracK tentou divulgar: O 1 SERVER QUE ENTREI FOI BPS SEGUNDO BPV TERCEIRO BMRP QUARTO,BPL 5 ESSE.
[28/06/2021 - 18:41:25] - AdmAviso: [10]zEVERTON_TracK tentou divulgar: O 1 SERVER QUE ENTREI FOI BPS SEGUNDO BPV TERCEIRO BMRP QUARTO,BPL 5 ESSE.
[28/06/2021 - 18:41:53] - AdmAviso: [10]zEVERTON_TracK tentou divulgar: O 1 SERVER QUE ENTREI FOI BPS SEGUNDO BPV TERCEIRO BMRP QUARTO,BPL 5 ESSE.
[28/06/2021 - 18:42:11] - AdmAviso: [10]zEVERTON_TracK tentou divulgar: BPS.
[28/06/2021 - 18:42:20] - AdmAviso: [10]zEVERTON_TracK tentou divulgar: TOU FALANDO BPS E NAO VAI.
[28/06/2021 - 21:43:39] - AdmAviso: [7]Victor_Insanity tentou divulgar: 157 ?.
[28/06/2021 - 23:42:29] - AdmAviso: [7]Natan_Insane tentou divulgar: compra a roupa 109.
[28/06/2021 - 23:43:09] - AdmAviso: [7]Natan_Insane tentou divulgar: compra a roupa 109.
[28/06/2021 - 23:43:25] - AdmAviso: [7]Natan_Insane tentou divulgar: compra a roupa 109.
[28/06/2021 - 23:43:33] - AdmAviso: [7]Natan_Insane tentou divulgar:  109.
[28/06/2021 - 23:43:40] - AdmAviso: [7]Natan_Insane tentou divulgar: 109.
[28/06/2021 - 23:43:51] - AdmAviso: [7]Natan_Insane tentou divulgar: .......109.
[29/06/2021 - 13:16:34] - AdmAviso: [1]Fumassa tentou divulgar: 157?.
[29/06/2021 - 13:16:40] - AdmAviso: [1]Fumassa tentou divulgar: 157?.
[29/06/2021 - 15:08:13] - AdmAviso: [9]Natan_Insane tentou divulgar: BORA 157 VEM BASE.
[29/06/2021 - 15:10:29] - AdmAviso: [0]Fumassa tentou divulgar: 157 ne?.
[29/06/2021 - 22:02:10] - AdmAviso: [1]Fumassa tentou divulgar: 32428.
[29/06/2021 - 22:02:21] - AdmAviso: [1]Fumassa tentou divulgar: e 32428.
[29/06/2021 - 22:02:58] - AdmAviso: [3]ruanno_beiramar tentou divulgar: 19812020.
[30/06/2021 - 00:11:14] - AdmAviso: [7]Fumassa tentou divulgar: 86 99584 7474.
[30/06/2021 - 00:11:34] - AdmAviso: [7]Fumassa tentou divulgar: as 86 99584 7474.
[30/06/2021 - 00:12:28] - AdmAviso: [9]Haridade tentou divulgar: 8]]86995847474.
[30/06/2021 - 00:12:32] - AdmAviso: [9]Haridade tentou divulgar: 8]]86995847474.
[30/06/2021 - 01:30:23] - AdmAviso: [4]Natan_Insane tentou divulgar: COMPRA A ROUPA 109.
[30/06/2021 - 01:48:21] - AdmAviso: [0]Fumassa tentou divulgar: 157 pow.
[30/06/2021 - 01:48:32] - AdmAviso: [0]Fumassa tentou divulgar: .157.
[30/06/2021 - 02:09:08] - AdmAviso: [9]Wagner_Barbosa tentou divulgar: 120.
[30/06/2021 - 02:09:13] - AdmAviso: [9]Wagner_Barbosa tentou divulgar: !120.
[30/06/2021 - 03:38:36] - AdmAviso: [4]Natan_Insane tentou divulgar: 109.
[30/06/2021 - 05:20:48] - AdmAviso: [2]texugo_gg tentou divulgar: paga em 1000 em 1000 so quero,os 300k.
[30/06/2021 - 15:27:22] - AdmAviso: [9]Kira_Do_Moster tentou divulgar: da/pagar 9 1000000000000.
[30/06/2021 - 15:27:26] - AdmAviso: [9]Kira_Do_Moster tentou divulgar: da/pagar 9 1000000000000.
[30/06/2021 - 15:27:29] - AdmAviso: [9]Kira_Do_Moster tentou divulgar: da/pagar 9 1000000000000.
[30/06/2021 - 15:27:31] - AdmAviso: [9]Kira_Do_Moster tentou divulgar: da/pagar 9 1000000000000.
[30/06/2021 - 15:35:19] - AdmAviso: [5]Drzzy_01 tentou divulgar: 11978406890.
[30/06/2021 - 15:35:34] - AdmAviso: [5]Drzzy_01 tentou divulgar: 11978406890.
[30/06/2021 - 15:35:51] - AdmAviso: [5]Drzzy_01 tentou divulgar: 11978406890.
[30/06/2021 - 20:33:49] - AdmAviso: [13]Gkzzin_157 tentou divulgar: 549-919743.
[30/06/2021 - 20:34:20] - AdmAviso: [13]Gkzzin_157 tentou divulgar: 54 99919743.
[30/06/2021 - 20:35:04] - AdmAviso: [13]Gkzzin_157 tentou divulgar: o meu e @ffgk157.
[30/06/2021 - 20:35:13] - AdmAviso: [13]Gkzzin_157 tentou divulgar: ffgk157.
[30/06/2021 - 20:35:24] - AdmAviso: [13]Gkzzin_157 tentou divulgar: 157.
[30/06/2021 - 20:37:38] - AdmAviso: [14]texugo_gg tentou divulgar:   / 7185027562.
[30/06/2021 - 21:07:35] - AdmAviso: [10]Haridade tentou divulgar: 2679.
[30/06/2021 - 22:25:13] - AdmAviso: [8]Vgzinn tentou divulgar: r n entende q vai ser 22:0000000000000000000000000.
[30/06/2021 - 23:08:03] - AdmAviso: [2]Victor_Insanity tentou divulgar: VAMOS TODO MUNDO 157 ,??.
[30/06/2021 - 23:08:21] - AdmAviso: [2]Victor_Insanity tentou divulgar: vms 157.
[30/06/2021 - 23:08:42] - AdmAviso: [2]Victor_Insanity tentou divulgar: 157.
[30/06/2021 - 23:20:40] - AdmAviso: [19]Victor_Insanity tentou divulgar: vms 157 agr !.
[01/07/2021 - 02:50:00] - AdmAviso: [9]Mayconlima tentou divulgar: eu pago um e 1250 e vc 1250.
[01/07/2021 - 11:35:56] - AdmAviso: [2]Sr_Valzera tentou divulgar: 988)#22)-808[.
[01/07/2021 - 16:47:13] - AdmAviso: [17]ALQUIMIA_YT tentou divulgar: O MAIS VIEWSNPWGOU 75MIL.
[01/07/2021 - 16:47:19] - AdmAviso: [17]ALQUIMIA_YT tentou divulgar: O MAIS VIEWSNPWGOU 75MIL.
[01/07/2021 - 16:47:39] - AdmAviso: [17]ALQUIMIA_YT tentou divulgar: O MAIS VIEWSNPWGOU 75MIL.
[01/07/2021 - 16:47:49] - AdmAviso: [17]ALQUIMIA_YT tentou divulgar: 75MIL.
[01/07/2021 - 17:20:34] - AdmAviso: [10]kaiozinff tentou divulgar: 22981825042.
[01/07/2021 - 17:21:41] - AdmAviso: [10]kaiozinff tentou divulgar: 22981825042.
[01/07/2021 - 17:22:08] - AdmAviso: [6]FK_LUFFY tentou divulgar: 22981815042.
[01/07/2021 - 17:24:15] - AdmAviso: [6]FK_LUFFY tentou divulgar: 22981815042.
[01/07/2021 - 18:26:57] - AdmAviso: [3]kaiozinff tentou divulgar: add eu joaojsj#2123.
[01/07/2021 - 18:28:17] - AdmAviso: [3]kaiozinff tentou divulgar: joaojsj#2123.
[01/07/2021 - 18:28:34] - AdmAviso: [3]kaiozinff tentou divulgar: add tu joaojsj#2123.
[01/07/2021 - 18:29:21] - AdmAviso: [3]kaiozinff tentou divulgar: 2123.
[01/07/2021 - 18:29:31] - AdmAviso: [3]kaiozinff tentou divulgar: 2123.
[02/07/2021 - 00:28:49] - AdmAviso: [8]Luan_gameX tentou divulgar: 3213@@>$(($-)99-9-------9099--9;32#35:1243121221111.
[02/07/2021 - 00:33:02] - AdmAviso: [8]Luan_gameX tentou divulgar: ://zSSA:2:sqqwe,,,,,x$$:"33;;.
[02/07/2021 - 01:39:31] - AdmAviso: [9]Kauan_Santos tentou divulgar: COMERCIAL INICIANDO EM 1 2 3 .........
[02/07/2021 - 02:02:44] - AdmAviso: [8]VULGO_BK tentou divulgar: >..::BOPE ENTRO EM PTR::..<.
[02/07/2021 - 02:41:50] - AdmAviso: [4]BOPE_ARTHUR tentou divulgar: se me inpresta sua conta do bps?.
[02/07/2021 - 02:42:04] - AdmAviso: [4]BOPE_ARTHUR tentou divulgar: se me inpresta sua conta do bps?.
[02/07/2021 - 02:42:12] - AdmAviso: [4]BOPE_ARTHUR tentou divulgar: se me inpresta sua conta do bps?.
[02/07/2021 - 02:42:17] - AdmAviso: [4]BOPE_ARTHUR tentou divulgar: se me inpresta sua conta do bps?.
[02/07/2021 - 02:42:27] - AdmAviso: [4]BOPE_ARTHUR tentou divulgar: se me inpresta sua conta do bps?.
[02/07/2021 - 02:42:29] - AdmAviso: [4]BOPE_ARTHUR tentou divulgar: se me inpresta sua conta do bps?.
[02/07/2021 - 02:42:31] - AdmAviso: [4]BOPE_ARTHUR tentou divulgar: se me inpresta sua conta do bps?.
[02/07/2021 - 02:42:32] - AdmAviso: [4]BOPE_ARTHUR tentou divulgar: se me inpresta sua conta do bps?.
[02/07/2021 - 02:42:59] - AdmAviso: [4]BOPE_ARTHUR tentou divulgar: se me inpresta sua conta do bps?.
[02/07/2021 - 02:44:59] - AdmAviso: [3]BOPE_ARTHUR tentou divulgar: se me inpresta sua conta do bps vulgo?.
[02/07/2021 - 02:45:24] - AdmAviso: [3]BOPE_ARTHUR tentou divulgar: se me inpresta sua aconta do bps.
[02/07/2021 - 02:45:32] - AdmAviso: [3]BOPE_ARTHUR tentou divulgar: do bps.
[02/07/2021 - 02:45:35] - AdmAviso: [3]BOPE_ARTHUR tentou divulgar: bps.
[02/07/2021 - 02:45:40] - AdmAviso: [3]BOPE_ARTHUR tentou divulgar: do bps.
[02/07/2021 - 02:45:43] - AdmAviso: [3]BOPE_ARTHUR tentou divulgar: do bps.
[02/07/2021 - 12:23:22] - AdmAviso: [4]VULGO_BK tentou divulgar: >..::RECRUTAMENTO DA BOPE <ON>::..<.
[02/07/2021 - 12:23:34] - AdmAviso: [4]VULGO_BK tentou divulgar: >..::RECRUTAMENTO DA BOPE <ON>::..<.
[02/07/2021 - 16:26:21] - AdmAviso: [15]playbox_silva tentou divulgar: 83996230644.
[02/07/2021 - 16:26:31] - AdmAviso: [15]playbox_silva tentou divulgar:     83996230644.
[02/07/2021 - 16:26:42] - AdmAviso: [15]playbox_silva tentou divulgar: chama  83996230644.
[02/07/2021 - 18:05:09] - AdmAviso: [16]Fumassa tentou divulgar: BORA 157?.
[02/07/2021 - 19:26:34] - AdmAviso: [10]Nk_Deivid tentou divulgar: ./pagar 10 3000000.
[03/07/2021 - 00:46:24] - AdmAviso: [40]Fumassa tentou divulgar: bora 157 msm.
[03/07/2021 - 01:38:46] - AdmAviso: [2]Fumassa tentou divulgar: 86 99584 7474.
[03/07/2021 - 02:00:22] - AdmAviso: [31]Kauan_Churritos tentou divulgar: bora meter 157 em alguem.
[03/07/2021 - 03:54:57] - AdmAviso: [8]Vinicius_TDT tentou divulgar: 11954780021.
[03/07/2021 - 06:18:39] - AdmAviso: [5]Kauan_Churritos tentou divulgar: vou pegar uma bmw r1200 gs pera ae.
[03/07/2021 - 14:53:12] - AdmAviso: [13]Victor_Insanity tentou divulgar: SO,157.
[03/07/2021 - 14:53:22] - AdmAviso: [13]Victor_Insanity tentou divulgar: SO,157.
[03/07/2021 - 14:53:38] - AdmAviso: [13]Victor_Insanity tentou divulgar:  TREZ PM,ON SO 157.
[03/07/2021 - 16:56:08] - AdmAviso: [19]batista_TDT tentou divulgar: assim /pagar 40000 19.
[03/07/2021 - 17:59:50] - AdmAviso: [34]Manu_Potranca tentou divulgar: PQ QUANDO EU ENTREGUEI O LIXO TAVA 33875 E EU NAO RECEBI?.
[03/07/2021 - 20:02:40] - AdmAviso: [48]Real_Train tentou divulgar: vai ter r1200.
[03/07/2021 - 20:06:50] - AdmAviso: [40]NYC_Hale tentou divulgar: BPS.
[03/07/2021 - 20:09:11] - AdmAviso: [51]NYC_Hale tentou divulgar: BPS.
[03/07/2021 - 20:09:42] - AdmAviso: [51]NYC_Hale tentou divulgar: BRASIL PLAY.
[03/07/2021 - 20:25:12] - AdmAviso: [44]Victor_Insanity tentou divulgar: 63992146262 chama la /ooc.
[03/07/2021 - 20:26:44] - AdmAviso: [44]Victor_Insanity tentou divulgar:  63 992146262 /ooc.
[03/07/2021 - 23:22:01] - AdmAviso: [2]alan_dofernandes tentou divulgar: 80672.
[04/07/2021 - 00:34:12] - AdmAviso: [8]alan_dofernandes tentou divulgar: bp gravei.
[04/07/2021 - 00:34:15] - AdmAviso: [8]alan_dofernandes tentou divulgar: bp gravei.
[04/07/2021 - 01:14:05] - AdmAviso: [27]Atrit_Abaddon tentou divulgar: 55 48 996667249.
[04/07/2021 - 03:18:17] - AdmAviso: [27]Replause_Tralha tentou divulgar: na,call 157 / occ.
[04/07/2021 - 03:18:31] - AdmAviso: [27]Replause_Tralha tentou divulgar: na,call 157 /occ.
[04/07/2021 - 03:18:35] - AdmAviso: [27]Replause_Tralha tentou divulgar: na,call 157 /occ.
[04/07/2021 - 03:18:46] - AdmAviso: [27]Replause_Tralha tentou divulgar: na,call 157 /ooc.
[04/07/2021 - 03:18:48] - AdmAviso: [27]Replause_Tralha tentou divulgar: na,call 157 /ooc.
[04/07/2021 - 03:18:49] - AdmAviso: [27]Replause_Tralha tentou divulgar: na,call 157 /ooc.
[04/07/2021 - 03:19:08] - AdmAviso: [27]Replause_Tralha tentou divulgar: na,call 157 /ooc.
[04/07/2021 - 03:32:39] - AdmAviso: [9]Kauan_Churritos tentou divulgar: bora 157?.
[04/07/2021 - 13:57:55] - AdmAviso: [1]Natan_Insane tentou divulgar: NAO BB PFV.
[04/07/2021 - 15:44:05] - AdmAviso: [9]Victor_Insanity tentou divulgar: 63992146262 /ooc.
[04/07/2021 - 17:06:11] - AdmAviso: [2]Jhony_hd00 tentou divulgar: br 157.
[04/07/2021 - 22:24:04] - AdmAviso: [11]Djonatan_Silva tentou divulgar: #TEIKAZE 8238.
[04/07/2021 - 22:24:09] - AdmAviso: [11]Djonatan_Silva tentou divulgar: #TEIKAZE 8238.
[04/07/2021 - 22:24:31] - AdmAviso: [11]Djonatan_Silva tentou divulgar: e #TEIKAZE 8238.
[04/07/2021 - 22:45:46] - AdmAviso: [32]KABUTO_TRALHA tentou divulgar: empresta 10000000.
[04/07/2021 - 22:45:50] - AdmAviso: [32]KABUTO_TRALHA tentou divulgar: empresta 10000000.
[04/07/2021 - 22:45:53] - AdmAviso: [32]KABUTO_TRALHA tentou divulgar: empresta 10000000.
[05/07/2021 - 01:16:22] - AdmAviso: [13]VIXTOE tentou divulgar: 212135.
[05/07/2021 - 05:34:50] - AdmAviso: [7]Kauan_Churritos tentou divulgar: 1500 pra mim e 1500  pro ce.
[05/07/2021 - 07:40:24] - AdmAviso: [4]mau_mau tentou divulgar: OU CHAMA NO SMS (9205).
[05/07/2021 - 07:40:29] - AdmAviso: [4]mau_mau tentou divulgar: OU CHAMA NO SMS (9205).
[05/07/2021 - 08:05:51] - AdmAviso: [6]Bonezinho_TDT tentou divulgar: 4000+4000+4000.
[05/07/2021 - 12:31:26] - AdmAviso: [2]alfa_go tentou divulgar: 15 997057520.
[05/07/2021 - 12:31:31] - AdmAviso: [2]alfa_go tentou divulgar: 15 997057520.
[05/07/2021 - 12:31:33] - AdmAviso: [10]Gefin_DAboca tentou divulgar: 93991406160.
[05/07/2021 - 12:31:58] - AdmAviso: [2]alfa_go tentou divulgar:  15 997057520.
[05/07/2021 - 12:32:12] - AdmAviso: [10]Gefin_DAboca tentou divulgar: 9!3!9!9!1!4!0!6!1!6!0.
[05/07/2021 - 12:32:13] - AdmAviso: [2]alfa_go tentou divulgar: 1!5!99!7!0!5!7!5!20.
[05/07/2021 - 12:55:56] - AdmAviso: [14]GABRIELMORAIS155 tentou divulgar: 13232628.
[05/07/2021 - 12:57:43] - AdmAviso: [14]GABRIELMORAIS155 tentou divulgar: 13232628.
[05/07/2021 - 14:40:02] - AdmAviso: [32]Fumassa tentou divulgar: ESTA SENDO CHUPADO POR 157_MTZIN.
[05/07/2021 - 17:34:46] - AdmAviso: [20]Motta tentou divulgar: 7581161721.
[05/07/2021 - 17:34:55] - AdmAviso: [20]Motta tentou divulgar: 7581161721.
[05/07/2021 - 17:45:19] - AdmAviso: [28]Parlota_Lcs tentou divulgar: 491.
[05/07/2021 - 17:56:44] - AdmAviso: [20]Kayh tentou divulgar: algm caixinha 157 sla??.
[05/07/2021 - 17:57:46] - AdmAviso: [20]Kayh tentou divulgar: algm caixinha 157 sla??.
[05/07/2021 - 17:58:27] - AdmAviso: [20]Kayh tentou divulgar: algm caixinha 157 sla????????.
[05/07/2021 - 18:15:40] - AdmAviso: [20]Kayh tentou divulgar: vai ter q ser 157 msm '-'.
[05/07/2021 - 18:15:50] - AdmAviso: [20]Kayh tentou divulgar: vai ter q ser 157 msm '-'s.
[05/07/2021 - 19:37:23] - AdmAviso: [7]SMOKE_ZX tentou divulgar: 375 bala.
[05/07/2021 - 19:37:29] - AdmAviso: [7]SMOKE_ZX tentou divulgar: 375 bala.
[05/07/2021 - 21:35:27] - AdmAviso: [31]Ratao_ tentou divulgar: 02/02/2004.
[05/07/2021 - 22:18:20] - AdmAviso: [10]Kaua_dAboca tentou divulgar: 12345678.
[05/07/2021 - 23:25:54] - AdmAviso: [34]Djonatan_Silva tentou divulgar: bora 157 samuel.
[05/07/2021 - 23:26:13] - AdmAviso: [34]Djonatan_Silva tentou divulgar: bora 157 samuel.
[05/07/2021 - 23:27:42] - AdmAviso: [34]Djonatan_Silva tentou divulgar: bora faze 157.
[05/07/2021 - 23:27:51] - AdmAviso: [34]Djonatan_Silva tentou divulgar: bora faze 157?.
[06/07/2021 - 01:03:12] - AdmAviso: [12]cleberson_pinto tentou divulgar: 11111111111.
[06/07/2021 - 02:00:18] - AdmAviso: [15]Zuerim_Bahiano tentou divulgar: zuerim12543.
[06/07/2021 - 02:35:19] - AdmAviso: [0]SAMUEL_GC tentou divulgar: bora 157.
[06/07/2021 - 02:42:03] - AdmAviso: [22]Moreno_DAboca tentou divulgar: 678910.
[06/07/2021 - 02:42:09] - AdmAviso: [22]Moreno_DAboca tentou divulgar: 678910.
[06/07/2021 - 02:42:16] - AdmAviso: [22]Moreno_DAboca tentou divulgar: 678910.
[06/07/2021 - 02:42:18] - AdmAviso: [22]Moreno_DAboca tentou divulgar: 678910.
[06/07/2021 - 02:42:26] - AdmAviso: [22]Moreno_DAboca tentou divulgar: 678910.
[06/07/2021 - 03:45:30] - AdmAviso: [15]kurt_444 tentou divulgar: bora 157 lukas.
[06/07/2021 - 03:46:49] - AdmAviso: [15]kurt_444 tentou divulgar: bora 157 .
[06/07/2021 - 03:47:04] - AdmAviso: [15]kurt_444 tentou divulgar: bora 157.
[06/07/2021 - 03:47:22] - AdmAviso: [15]kurt_444 tentou divulgar: bora 157.
[06/07/2021 - 03:47:28] - AdmAviso: [15]kurt_444 tentou divulgar: 157.
[06/07/2021 - 03:48:11] - AdmAviso: [15]kurt_444 tentou divulgar: 157.
[06/07/2021 - 03:50:01] - AdmAviso: [15]kurt_444 tentou divulgar: 157.
[06/07/2021 - 04:11:25] - AdmAviso: [1]Djonatan_Silva tentou divulgar: nois vai 157!.
[06/07/2021 - 11:41:47] - AdmAviso: [7]Victor_Insanity tentou divulgar: BORA,157.
[06/07/2021 - 15:19:11] - AdmAviso: [23]Kauan_Churritos tentou divulgar:  11 1 1 2031 cleo mod.
[06/07/2021 - 18:56:50] - AdmAviso: [5]Pivete_ne tentou divulgar: .,,..,.,.,,..,..
[06/07/2021 - 19:08:39] - AdmAviso: [5]Pivete_ne tentou divulgar: ...//.....
[06/07/2021 - 20:26:57] - AdmAviso: [3]Ghostx_Non tentou divulgar: artigo  157.
[06/07/2021 - 20:27:26] - AdmAviso: [3]Ghostx_Non tentou divulgar: HJ OSO LADRAO ARTIGo 157.
[06/07/2021 - 23:30:27] - AdmAviso: [11]Pivete_ne tentou divulgar: ...........
[06/07/2021 - 23:34:40] - AdmAviso: [6]Jhony_hd00 tentou divulgar: br 157.
[07/07/2021 - 00:15:45] - AdmAviso: [0]Ghostx_Non tentou divulgar: 157 VAMO??.
[07/07/2021 - 00:45:52] - AdmAviso: [25]Pivete_ne tentou divulgar: ...........
[07/07/2021 - 01:35:52] - AdmAviso: [3]Erik_lima71 tentou divulgar: 157.
[07/07/2021 - 02:29:38] - AdmAviso: [2]SAMUEL_GC tentou divulgar: alguem 157.
[07/07/2021 - 02:48:57] - AdmAviso: [2]SAMUEL_GC tentou divulgar: 2 pm on bora 157.
[07/07/2021 - 02:49:19] - AdmAviso: [2]SAMUEL_GC tentou divulgar: 2 pm on bora 157.
[07/07/2021 - 02:49:25] - AdmAviso: [2]SAMUEL_GC tentou divulgar: 2 pm on bora 157!.
[07/07/2021 - 04:53:39] - AdmAviso: [4]Lucas_pinto tentou divulgar: 1533 1533 1533.
[07/07/2021 - 06:03:46] - AdmAviso: [3]cleberson_pinto tentou divulgar: 112k.
[07/07/2021 - 06:03:54] - AdmAviso: [3]cleberson_pinto tentou divulgar: 112k.
[07/07/2021 - 06:04:13] - AdmAviso: [3]cleberson_pinto tentou divulgar: 112k.
[07/07/2021 - 06:04:23] - AdmAviso: [3]cleberson_pinto tentou divulgar:  to com 112k.
[07/07/2021 - 06:04:29] - AdmAviso: [3]cleberson_pinto tentou divulgar: 112.
[07/07/2021 - 14:12:32] - AdmAviso: [1]Maicon_Lopes tentou divulgar: 158.69.141.9:7777.
[07/07/2021 - 14:12:42] - AdmAviso: [1]Maicon_Lopes tentou divulgar: 158.69.141.9:7777.
[07/07/2021 - 14:42:37] - AdmAviso: [0]kaiozinff tentou divulgar: add ai joaojsj2123.
[07/07/2021 - 14:42:59] - AdmAviso: [0]kaiozinff tentou divulgar: joaojsj2123.
[07/07/2021 - 14:43:56] - AdmAviso: [0]kaiozinff tentou divulgar: 2123.
[07/07/2021 - 14:44:30] - AdmAviso: [0]kaiozinff tentou divulgar: 2123.
[07/07/2021 - 18:01:44] - AdmAviso: [10]GALAXY7 tentou divulgar: 212705.
[07/07/2021 - 18:04:40] - AdmAviso: [3]GALAXY tentou divulgar: (/logar[212705]).
[07/07/2021 - 18:05:23] - AdmAviso: [3]GALAXY tentou divulgar: (/logar[212705]).
[07/07/2021 - 18:05:57] - AdmAviso: [3]GALAXY tentou divulgar: (/logar[212705]).
[07/07/2021 - 18:26:55] - AdmAviso: [3]GALAXY tentou divulgar: 212705.
[07/07/2021 - 18:28:04] - AdmAviso: [3]GALAXY tentou divulgar: 212705.
[07/07/2021 - 18:28:27] - AdmAviso: [3]GALAXY tentou divulgar: 212705.
[07/07/2021 - 19:51:14] - AdmAviso: [10]Pivete_ne tentou divulgar: ............
[07/07/2021 - 19:51:18] - AdmAviso: [10]Pivete_ne tentou divulgar: .z.././././..
[07/07/2021 - 19:51:29] - AdmAviso: [10]Pivete_ne tentou divulgar: ......................
[07/07/2021 - 21:01:58] - AdmAviso: [9]DANIEL_GAMING tentou divulgar: 993243187.
[07/07/2021 - 21:02:09] - AdmAviso: [9]DANIEL_GAMING tentou divulgar: 62993243187.
[07/07/2021 - 21:02:13] - AdmAviso: [9]DANIEL_GAMING tentou divulgar: 62993243187.
[07/07/2021 - 21:02:23] - AdmAviso: [9]DANIEL_GAMING tentou divulgar: 62993243187.
[07/07/2021 - 21:02:33] - AdmAviso: [9]DANIEL_GAMING tentou divulgar: 62993243187.
[07/07/2021 - 21:02:52] - AdmAviso: [9]DANIEL_GAMING tentou divulgar: 62993243187.
[07/07/2021 - 21:03:22] - AdmAviso: [9]DANIEL_GAMING tentou divulgar: 62993243187.
[07/07/2021 - 22:09:49] - AdmAviso: [29]Rafaela_Maniok tentou divulgar: 12271228.
[07/07/2021 - 22:50:30] - AdmAviso: [22]caio_marcos tentou divulgar: 021131Ca.
[08/07/2021 - 00:00:53] - AdmAviso: [33]Zuerim_Bahiano tentou divulgar: zuerim12543.
[08/07/2021 - 00:57:13] - AdmAviso: [9]Pivete_ne tentou divulgar: .........
[08/07/2021 - 01:39:08] - AdmAviso: [23]Natan_Insane tentou divulgar: PAGA 1000 EM 1000.
[08/07/2021 - 01:52:39] - AdmAviso: [14]Carlos_Sales tentou divulgar: 75.
[08/07/2021 - 01:52:49] - AdmAviso: [14]Carlos_Sales tentou divulgar: 75 quer dizer.
[08/07/2021 - 01:53:07] - AdmAviso: [14]Carlos_Sales tentou divulgar: 75 QUER DIZER.
[08/07/2021 - 04:09:14] - AdmAviso: [21]Pedroo_999 tentou divulgar: pedro2018.
[08/07/2021 - 04:27:08] - AdmAviso: [15]katchau_TDT tentou divulgar: 94022695.
[08/07/2021 - 05:11:18] - AdmAviso: [0]Zuerim_Bahiano tentou divulgar: zuerim12543.
[08/07/2021 - 05:23:26] - AdmAviso: [6]Ghostx_Non tentou divulgar: VAMO 157 TO DOIDO PRA PEGA O DIAS.
[08/07/2021 - 12:01:38] - AdmAviso: [7]alan_dofernandes tentou divulgar: ????????.2.0#0782.
[08/07/2021 - 12:01:41] - AdmAviso: [7]alan_dofernandes tentou divulgar: ????????.2.0#0782.
[08/07/2021 - 12:04:36] - AdmAviso: [7]alan_dofernandes tentou divulgar: ????????.2.0#0782.
[08/07/2021 - 14:50:11] - AdmAviso: [15]batista_TDT tentou divulgar: 6767.
[08/07/2021 - 15:11:22] - AdmAviso: [4]Victor_Silva tentou divulgar: seasqcbas/zz/z,d,S//////.
[08/07/2021 - 17:58:03] - AdmAviso: [7]Trashzx_gta3 tentou divulgar: 10092009.
[08/07/2021 - 18:51:23] - AdmAviso: [13]SMOKE_ZX tentou divulgar: 169 min.
[08/07/2021 - 21:00:15] - AdmAviso: [16]Trashzx_gta3 tentou divulgar: 10092009.
[09/07/2021 - 00:47:25] - AdmAviso: [13]Real_Train tentou divulgar: 2222222222222222222222222222222222222222222222222222222222222222222.
[09/07/2021 - 02:15:01] - AdmAviso: [16]123_manel tentou divulgar: 123#--+9:;:@#;#,:.;-20.
[09/07/2021 - 05:38:51] - AdmAviso: [9]Coelho_Santos tentou divulgar: 86481490.
[09/07/2021 - 12:28:06] - AdmAviso: [0]Zuerim_Bahiano tentou divulgar: zuerim12543.
[09/07/2021 - 13:54:23] - AdmAviso: [1]Zuerim_Bahiano tentou divulgar: zuerim12543.
[09/07/2021 - 14:47:32] - AdmAviso: [14]Zuerim_Bahiano tentou divulgar: zuerim12543.
[09/07/2021 - 14:50:51] - AdmAviso: [11]RAPOZA_BB tentou divulgar: br 157?.
[09/07/2021 - 14:50:56] - AdmAviso: [11]RAPOZA_BB tentou divulgar: br 157?.
[09/07/2021 - 14:51:05] - AdmAviso: [11]RAPOZA_BB tentou divulgar: BR 157.
[09/07/2021 - 14:51:08] - AdmAviso: [11]RAPOZA_BB tentou divulgar: BR 157.
[09/07/2021 - 14:54:13] - AdmAviso: [11]RAPOZA_BB tentou divulgar: 157.
[09/07/2021 - 16:34:29] - AdmAviso: [3]alemao_noguira tentou divulgar: guerras do morro agora sera 14:00 e 20:00 ou 21:00.
[09/07/2021 - 17:40:37] - AdmAviso: [6]guizim_soares tentou divulgar: 997848938.
[09/07/2021 - 17:43:37] - AdmAviso: [6]guizim_soares tentou divulgar: 997848938!_.
[09/07/2021 - 17:43:44] - AdmAviso: [6]guizim_soares tentou divulgar: 997848938.
[09/07/2021 - 18:55:03] - AdmAviso: [15]Trashzx_gta3 tentou divulgar: 10092009.
[09/07/2021 - 19:08:03] - AdmAviso: [13]Motta_realN$ tentou divulgar: 22142380.
[10/07/2021 - 06:03:54] - AdmAviso: [2]Zuerim_Bahiano tentou divulgar: zuerim12543.
[10/07/2021 - 16:51:59] - AdmAviso: [9]KINGZIN.Fe tentou divulgar: RECRUTAMENTO DAQUI A POUCO AS  14:00 ATE AS 16:00 EM NOSSO DSICORD!!.
[10/07/2021 - 16:52:13] - AdmAviso: [9]KINGZIN.Fe tentou divulgar: RECRUTAMENTO DAQUI A POUCO AS  14:00 ATE AS 16:00 EM NOSSO DSICORD!!.
[10/07/2021 - 20:08:21] - AdmAviso: [4]Zuerim_Bahiano tentou divulgar: zuerim12543.
[10/07/2021 - 20:19:44] - AdmAviso: [6]HARlDADE tentou divulgar: 169.
[10/07/2021 - 20:19:51] - AdmAviso: [6]HARlDADE tentou divulgar: 169.
[10/07/2021 - 20:20:02] - AdmAviso: [6]HARlDADE tentou divulgar: tenta a 169.
[10/07/2021 - 20:20:15] - AdmAviso: [6]HARlDADE tentou divulgar: 169.
[10/07/2021 - 20:20:42] - AdmAviso: [6]HARlDADE tentou divulgar: vai na 169.
[10/07/2021 - 21:12:53] - AdmAviso: [13]KABUTO_TRALHA tentou divulgar: 10000000.
[11/07/2021 - 00:12:16] - AdmAviso: [3]Zuerim_Bahiano tentou divulgar: zuerim12543.
[11/07/2021 - 00:14:00] - AdmAviso: [0]Zuerim_Bahiano tentou divulgar: zuerim12543.
[11/07/2021 - 04:06:52] - AdmAviso: [4]k9_tde tentou divulgar: 1234567.
[11/07/2021 - 05:11:36] - AdmAviso: [3]Replause_Silva tentou divulgar: 120 mil.
[11/07/2021 - 13:57:18] - AdmAviso: [6]Sagaz_Fpss tentou divulgar: ta sem pm br 157.
[11/07/2021 - 13:57:26] - AdmAviso: [6]Sagaz_Fpss tentou divulgar: ta sem pm br 157.
[11/07/2021 - 17:00:28] - AdmAviso: [22]Haridade tentou divulgar: 0 6 100000.
[11/07/2021 - 19:38:57] - AdmAviso: [1]Zuerim_Bahiano tentou divulgar: zuerim12543.
[11/07/2021 - 20:15:20] - AdmAviso: [20]KINGZIN.Fe tentou divulgar: 160109.
[11/07/2021 - 20:52:27] - AdmAviso: [35]Henrique_games tentou divulgar: 157.
[11/07/2021 - 20:52:45] - AdmAviso: [35]Henrique_games tentou divulgar: 157.
[11/07/2021 - 20:52:56] - AdmAviso: [35]Henrique_games tentou divulgar: fazer 157.
[11/07/2021 - 20:52:59] - AdmAviso: [35]Henrique_games tentou divulgar: fazer 157.
[12/07/2021 - 01:02:26] - AdmAviso: [9]LuanGabriel06 tentou divulgar: 2323.
[12/07/2021 - 01:04:04] - AdmAviso: [9]LuanGabriel06 tentou divulgar: 2323.
[12/07/2021 - 02:30:02] - AdmAviso: [4]Trashzx_gta3 tentou divulgar: 10092009.
[12/07/2021 - 04:45:25] - AdmAviso: [12]Motta tentou divulgar: 1234567.
[12/07/2021 - 05:12:40] - AdmAviso: [4]Markola tentou divulgar: 23945885r.
[12/07/2021 - 05:53:57] - AdmAviso: [1]Joaozinx_ff tentou divulgar: 20202030.
[12/07/2021 - 13:54:28] - AdmAviso: [3]MORENO tentou divulgar: 123456789.
[12/07/2021 - 15:22:16] - AdmAviso: [16]Mickey_mouse tentou divulgar: 12344321.
[12/07/2021 - 16:42:14] - AdmAviso: [5]ALEMAO_ tentou divulgar: ele,e do,bpg.
[12/07/2021 - 20:41:42] - AdmAviso: [2]tdt_lenda tentou divulgar: MTA Nxzin#9759.
[12/07/2021 - 20:41:49] - AdmAviso: [2]tdt_lenda tentou divulgar: MTA Nxzin#9759..
[12/07/2021 - 21:50:57] - AdmAviso: [10]alemao_noguira tentou divulgar: 10152026.
[13/07/2021 - 01:56:23] - AdmAviso: [6]Zuerim_Bahiano tentou divulgar: zuerim12543.
[13/07/2021 - 02:42:03] - AdmAviso: [2]Jhonatan_Ribeiro tentou divulgar: 8834298811.
[13/07/2021 - 06:27:19] - AdmAviso: [1]vulgo_135 tentou divulgar: 17042009.
[13/07/2021 - 14:23:03] - AdmAviso: [3]Rafinha_Brabo tentou divulgar: 157.
[13/07/2021 - 17:38:11] - AdmAviso: [10]VIXTOE tentou divulgar: e a sim 4299116584.
[13/07/2021 - 17:38:27] - AdmAviso: [10]VIXTOE tentou divulgar: asim4299116584.
[13/07/2021 - 19:45:02] - AdmAviso: [19]jaozinho tentou divulgar: bora 157.
[13/07/2021 - 23:21:14] - AdmAviso: [5]Mika_Elements tentou divulgar: 96441360.
[13/07/2021 - 23:21:23] - AdmAviso: [5]Mika_Elements tentou divulgar: 96441360.
[13/07/2021 - 23:21:28] - AdmAviso: [27]jaozinho tentou divulgar: 1092.
[13/07/2021 - 23:21:46] - AdmAviso: [27]jaozinho tentou divulgar:  NUMERO DO VG 242424242424.
[13/07/2021 - 23:22:06] - AdmAviso: [27]jaozinho tentou divulgar:  NUMERO DO VG 24.24.24.24..
[13/07/2021 - 23:30:16] - AdmAviso: [5]kayck_na_voz tentou divulgar: 021291ejam.
[13/07/2021 - 23:34:19] - AdmAviso: [17]Jhonatan_Ribeiro tentou divulgar: 8834298811.
[14/07/2021 - 03:16:21] - AdmAviso: [12]zFTC_RUAN tentou divulgar: ......................................................................................
[14/07/2021 - 03:16:23] - AdmAviso: [12]zFTC_RUAN tentou divulgar: ......................................................................................
[14/07/2021 - 03:16:33] - AdmAviso: [12]zFTC_RUAN tentou divulgar: ......................................................................................
[14/07/2021 - 03:16:36] - AdmAviso: [12]zFTC_RUAN tentou divulgar: ......................................................................................
[14/07/2021 - 03:16:48] - AdmAviso: [12]zFTC_RUAN tentou divulgar: ......................................................................................
[14/07/2021 - 03:31:33] - AdmAviso: [22]Crazy_FPSx tentou divulgar: nossa leki to com 319178$.
[14/07/2021 - 03:31:40] - AdmAviso: [22]Crazy_FPSx tentou divulgar: nossa leki to com 319178$.
[14/07/2021 - 03:31:56] - AdmAviso: [22]Crazy_FPSx tentou divulgar: nossa leki to com 319178$.
[14/07/2021 - 03:32:01] - AdmAviso: [22]Crazy_FPSx tentou divulgar: nossa leki to com 319178.
[14/07/2021 - 03:32:56] - AdmAviso: [22]Crazy_FPSx tentou divulgar: eu tenho 319178.
[14/07/2021 - 03:33:01] - AdmAviso: [22]Crazy_FPSx tentou divulgar: eu tenho 319178.
[14/07/2021 - 03:33:03] - AdmAviso: [22]Crazy_FPSx tentou divulgar: eu tenho 319178.
[14/07/2021 - 03:33:04] - AdmAviso: [22]Crazy_FPSx tentou divulgar: eu tenho 319178.
[14/07/2021 - 03:33:30] - AdmAviso: [22]Crazy_FPSx tentou divulgar: eu tenho 319178.
[14/07/2021 - 03:33:49] - AdmAviso: [22]Crazy_FPSx tentou divulgar: eu tenho 319178mill.
[14/07/2021 - 17:12:00] - AdmAviso: [1]Americ_Samp tentou divulgar: ............
[14/07/2021 - 18:38:05] - AdmAviso: [24]MIN3_MIC4 tentou divulgar: ......./ooc.
[14/07/2021 - 18:49:47] - AdmAviso: [1]iLucas_AimBot tentou divulgar:  /pagar 1 1000000.
[14/07/2021 - 19:42:47] - AdmAviso: [2]Arthur_Barbosa tentou divulgar: tipo falou 120 foi adicionado ao seu salario.
[14/07/2021 - 19:43:12] - AdmAviso: [2]Arthur_Barbosa tentou divulgar: falou que 120 foi adicionado no meu salario.
[14/07/2021 - 19:43:34] - AdmAviso: [2]Arthur_Barbosa tentou divulgar: falou que 120.
[14/07/2021 - 19:56:55] - AdmAviso: [10]ALEMAO_ tentou divulgar: e o bpg.
[14/07/2021 - 19:57:09] - AdmAviso: [10]ALEMAO_ tentou divulgar: e o b P g.
[14/07/2021 - 21:45:41] - AdmAviso: [5]RAPOZA_BB tentou divulgar: br 157 encanto nao da.
[14/07/2021 - 21:45:46] - AdmAviso: [5]RAPOZA_BB tentou divulgar: br 157 encanto nao da.
[15/07/2021 - 02:42:54] - AdmAviso: [10]SSueco_FPSx tentou divulgar: 34377027.
[15/07/2021 - 03:01:45] - AdmAviso: [20]Rafael_FPSx tentou divulgar: vou ter q pagat de 5000 a 5000.
[15/07/2021 - 03:01:52] - AdmAviso: [34]Haridade tentou divulgar: tem q paga em 1000 em 1000.
[15/07/2021 - 03:01:55] - AdmAviso: [34]Haridade tentou divulgar: tem q paga em 1000 em 1000.
[15/07/2021 - 03:01:58] - AdmAviso: [34]Haridade tentou divulgar: tem q paga em 1000 em 1000 q.
[15/07/2021 - 03:13:37] - AdmAviso: [22]Kauan_Churritos tentou divulgar: se tiver  2 e 157 e 4 e caixinha e 6 e acoes grande tipo cabare.
[15/07/2021 - 03:30:53] - AdmAviso: [16]SuecoX_FPSx tentou divulgar: 34377027.
[15/07/2021 - 16:26:54] - AdmAviso: [15]Eduardo_santo tentou divulgar: 157.
[15/07/2021 - 16:27:03] - AdmAviso: [15]Eduardo_santo tentou divulgar: 157 agora.
[15/07/2021 - 17:56:53] - AdmAviso: [16]WL_[CHEFE_TDJ] tentou divulgar: 17:00 TDJ+TDL IRA DOMONAR PISTA DE SKATE 17:00.
[15/07/2021 - 18:37:48] - AdmAviso: [28]mitozin_9k tentou divulgar: 79999417061.
[15/07/2021 - 18:38:06] - AdmAviso: [28]mitozin_9k tentou divulgar: 79999417061.
[15/07/2021 - 18:38:46] - AdmAviso: [28]mitozin_9k tentou divulgar: chama eu la no wpp 79999417061.
[15/07/2021 - 18:39:28] - AdmAviso: [28]mitozin_9k tentou divulgar: 79999417061.
[15/07/2021 - 22:13:30] - AdmAviso: [23]Alex_souza_FPS tentou divulgar: 123445678.
[15/07/2021 - 23:16:43] - AdmAviso: [10]GRT_kn tentou divulgar: 21 97461937.
[15/07/2021 - 23:17:01] - AdmAviso: [10]GRT_kn tentou divulgar: 973461937.
[15/07/2021 - 23:22:10] - AdmAviso: [29]Motta tentou divulgar: 1234567.
[16/07/2021 - 02:11:28] - AdmAviso: [17]SSueco_FPSx tentou divulgar: 34377027.
[16/07/2021 - 04:57:48] - AdmAviso: [8]Gago.du.pvpaxx.$ tentou divulgar: six157.
[16/07/2021 - 18:24:43] - AdmAviso: [0]alemao tentou divulgar: 12345678910.
[16/07/2021 - 18:44:27] - AdmAviso: [13]italo_leal tentou divulgar: 121 segundos.
[16/07/2021 - 21:59:29] - AdmAviso: [7]BOBI.ImT tentou divulgar: .........
[16/07/2021 - 22:34:53] - AdmAviso: [22]Du_Hype tentou divulgar: COCAINA 5K 1KL, MACONHA 10K 1KL, CRACK 15K 1KL, LSD 9K 1KL.
[16/07/2021 - 22:35:02] - AdmAviso: [22]Du_Hype tentou divulgar: COCAINA 5K 1KL, MACONHA 10K 1KL, CRACK 15K 1KL, LSD 9K 1KL.
[16/07/2021 - 22:39:58] - AdmAviso: [30]WHISKAS tentou divulgar: 22334455.
[16/07/2021 - 23:00:47] - AdmAviso: [20]WHYSKAS tentou divulgar: 22334455.
[17/07/2021 - 00:31:42] - AdmAviso: [0]WHYSKAS tentou divulgar: 22334455.
[17/07/2021 - 00:51:24] - AdmAviso: [14]WHYSKAS tentou divulgar: 22334455.
[17/07/2021 - 00:51:28] - AdmAviso: [14]WHYSKAS tentou divulgar: 22334455.
[17/07/2021 - 00:52:57] - AdmAviso: [14]WHYSKAS tentou divulgar: 22334455.
[17/07/2021 - 00:53:24] - AdmAviso: [14]WHYSKAS tentou divulgar: 22334455/.
[17/07/2021 - 00:53:45] - AdmAviso: [14]WHYSKAS tentou divulgar: 22334455.
[17/07/2021 - 01:00:40] - AdmAviso: [10]WHYSKAS tentou divulgar: 22334455.
[17/07/2021 - 01:00:54] - AdmAviso: [10]WHYSKAS tentou divulgar: 22334455.
[17/07/2021 - 01:01:08] - AdmAviso: [10]WHYSKAS tentou divulgar: 22334455.
[26/05/2024 - 09:44:24] - AdmAviso: [0]Juan_Antonnyy tentou divulgar: 98679211GUI2024.
[26/05/2024 - 09:44:26] - AdmAviso: [0]Juan_Antonnyy tentou divulgar: 98679211GUI2024.
