[21/06/2021 - 22:06:23] - Dúvida De jaozinho(ID:1): testando
[21/06/2021 - 22:58:52] - Relatorio De GROVE_BAIXINN(ID:4): VG VC PODE VIR
[21/06/2021 - 22:59:04] - Relatorio De GROVE_BAIXINN(ID:4): VG PODE VIR aki
[21/06/2021 - 22:59:15] - Dúvida De GROVE_BAIXINN(ID:4): vg po vir
[21/06/2021 - 23:01:40] - Relatorio De GROVE_BAIXINN(ID:4): sagaz vem
[21/06/2021 - 23:01:57] - Dúvida De Kira_Do_Moster(ID:2): F 5 kk ?
[22/06/2021 - 00:08:12] - Dúvida De GROVE_BAIXINN(ID:1): vg como que pega dinheiro cofre
[22/06/2021 - 00:09:13] - Dúvida De GROVE_BAIXINN(ID:1): menor
[22/06/2021 - 00:10:03] - Dúvida De GROVE_BAIXINN(ID:1): menor me da 35
[22/06/2021 - 00:48:08] - Dúvida De GROVE_BAIXINN(ID:1): socorrro
[22/06/2021 - 00:48:15] - Dúvida De GROVE_BAIXINN(ID:1): socorro
[22/06/2021 - 15:36:28] - Dúvida De GROVE_BAIXINN(ID:0): como q compra casa
[22/06/2021 - 15:38:26] - Dúvida De GROVE_BAIXINN(ID:0): NIKE VC PODE ME PUXAR PARA A CASA MAIS CARA DO JOGO
[22/06/2021 - 18:29:20] - Dúvida De GROVE_BAIXINN(ID:0): vg limpa a fixa
[22/06/2021 - 18:29:43] - Dúvida De GROVE_BAIXINN(ID:0): eu pago
[22/06/2021 - 19:00:39] - Dúvida De GROVE_BAIXINN(ID:0): vg pode jogar
[22/06/2021 - 19:01:29] - Dúvida De GROVE_BAIXINN(ID:0): eu achaei q tu tava em atualizacao
[22/06/2021 - 19:01:55] - Dúvida De GROVE_BAIXINN(ID:0): tem como tu me empresta um leve 2
[24/06/2021 - 16:32:35] - Dúvida De Fumassa(ID:1): VEM CA
[24/06/2021 - 23:15:13] - Relatorio De Natan_Insane(ID:0): BOA NOITE GOSTOSA
[25/06/2021 - 00:59:21] - Relatorio De julio_moura(ID:3): adm me ajuda
[25/06/2021 - 01:44:41] - Relatorio De Fumassa(ID:1): PODE ASSATAR DE 3?
[25/06/2021 - 01:56:34] - Relatorio De Natan_Insane(ID:2): NAO TEMOS LICENCAS PARA IR NISSO
[26/06/2021 - 01:47:47] - Relatorio De Kira_Do_Moster(ID:3): MANO COMPREI UMA CASA E AGORA NAO RENASO NEM NA CASA NE NA BASE
[26/06/2021 - 01:48:48] - Dúvida De Kira_Do_Moster(ID:3): MANO COMPREI UMA CASA E AGORA NAO RENASO NEM NA CASA NE NA HQ
[26/06/2021 - 01:49:12] - Relatorio De Vgzinn(ID:4): jaja nos concerta
[26/06/2021 - 05:09:48] - Relatorio De Mano_Parana(ID:0): opa como eu falo no global ?
[26/06/2021 - 22:57:49] - Relatorio De jaozinho(ID:12): VG OLHA A RAPOSA
[26/06/2021 - 23:48:22] - Relatorio De Demon_Uchiha(ID:10): RC SERVIDOR TA LAG,DMS
[27/06/2021 - 03:03:18] - Relatorio De Fumassa(ID:7): VGZIN VEM CA
[27/06/2021 - 03:06:55] - Relatorio De Fumassa(ID:7): MAIS UMA COISINHA
[27/06/2021 - 15:30:56] - Dúvida De Terrorista_Mobile(ID:11): pode fazer contrato na hq d sniper?
[27/06/2021 - 15:45:54] - Relatorio De Natan_Insane(ID:7): RIQUELME DA TV EM MIM RAPIDAO
[27/06/2021 - 15:46:58] - Relatorio De Natan_Insane(ID:7): RIQUELME DA TV EM MIM RAPIDAO
[27/06/2021 - 15:54:23] - Dúvida De Terrorista_Mobile(ID:12): hitman pode morro?
[27/06/2021 - 16:19:30] - Relatorio De Fumassa(ID:2): Vgzin vem ca
[27/06/2021 - 16:22:01] - Dúvida De Terrorista_Mobile(ID:12): nao,pode fazer contrato em safe nao ne?
[27/06/2021 - 16:31:24] - Relatorio De Natan_Insane(ID:23): VG ME SETA DE HELPER
[27/06/2021 - 16:31:50] - Relatorio De Natan_Insane(ID:23): VG ME SETA DE HELPER
[27/06/2021 - 17:00:56] - Relatorio De Fumassa(ID:19): ajuda aqui
[28/06/2021 - 02:00:27] - Relatorio De Fumassa(ID:1): VGZIN VEM CA
[28/06/2021 - 13:17:02] - Relatorio De Miguel_Pinheiro(ID:4): cola aqui admins rapidao
[28/06/2021 - 17:27:02] - Relatorio De Fumassa(ID:0): VEM CA 
[28/06/2021 - 17:51:07] - Relatorio De andre_domi(ID:4): vem aki mn?
[28/06/2021 - 17:52:32] - Relatorio De andre_domi(ID:4): adm vem aki
[29/06/2021 - 01:30:57] - Relatorio De Matheus_Alves(ID:5): como bebe agua
[29/06/2021 - 02:25:26] - Relatorio De EmT.Haridade(ID:3): cola ai nata
[29/06/2021 - 02:25:40] - Dúvida De EmT.Haridade(ID:3): cola ai natan
[29/06/2021 - 13:04:38] - Relatorio De Fumassa(ID:1): Vem ca
[29/06/2021 - 14:35:56] - Relatorio De Fumassa(ID:6): vem ca
[30/06/2021 - 00:06:05] - Relatorio De Fumassa(ID:7): .
[30/06/2021 - 00:06:18] - Dúvida De Fumassa(ID:7): .
[30/06/2021 - 01:27:06] - Dúvida De Bandinho_Du_pd(ID:0): como ganho orgs mn
[30/06/2021 - 01:27:28] - Dúvida De Bandinho_Du_pd(ID:0): como ganho orgs mn
[30/06/2021 - 01:27:58] - Dúvida De Bandinho_Du_pd(ID:0): como ganho orgs 
[30/06/2021 - 01:28:25] - Dúvida De Bandinho_Du_pd(ID:0): como ganho org pq eu vi no video que tbm tinha orgs gratis
[30/06/2021 - 02:04:21] - Relatorio De View_Far(ID:6): sou novato pode me ajudar?
[30/06/2021 - 02:07:35] - Relatorio De Wagner_Barbosa(ID:9): algum adm pode mim ajudar??
[30/06/2021 - 02:48:40] - Dúvida De durolas(ID:6): como consegue nivel
[30/06/2021 - 05:20:39] - Dúvida De TDT_Davi(ID:3): o adm qual e o carro mais barato aqui
[30/06/2021 - 05:31:12] - Dúvida De TDT_Davi(ID:3): o adm me leva em uma conse
[30/06/2021 - 13:15:46] - Dúvida De Vulgo_Malvadao(ID:3): OPA
[30/06/2021 - 14:18:04] - Dúvida De iilegal_elemts(ID:5): pode usa sitema de adm pra matar?
[30/06/2021 - 14:19:23] - Dúvida De David_Santos(ID:0): e
[30/06/2021 - 14:25:55] - Dúvida De David_Santos(ID:0): como eu vejo os comandos da corp?
[30/06/2021 - 14:28:51] - Relatorio De leandro_lara(ID:6): como abrir portao da dp
[30/06/2021 - 14:29:05] - Dúvida De leandro_lara(ID:6): como abrir portao da dp
[30/06/2021 - 17:13:45] - Relatorio De dvzinn_(ID:8): algum adm pode me ajudar pfv
[30/06/2021 - 17:41:00] - Relatorio De texugo_gg(ID:11): man to bugado eu nao consigo mexer na definicoes da org fala que eu nao,so,lider
[30/06/2021 - 18:09:54] - Dúvida De Carlos_Sales(ID:1): n to conseguindo said da binco ;-;
[30/06/2021 - 18:19:01] - Relatorio De Victor_Henrique(ID:0): Tem como me mostrar a cidade?
[30/06/2021 - 18:55:58] - Dúvida De Rei_Do_Rolas(ID:0): como pego org?
[30/06/2021 - 20:50:33] - Relatorio De VULGO_BK(ID:8): vg vem k pae
[30/06/2021 - 20:50:42] - Dúvida De VULGO_BK(ID:8): vg vem k pae
[30/06/2021 - 20:53:58] - Relatorio De VULGO_BK(ID:8): fumassa?? vem ca ksks
[30/06/2021 - 20:54:08] - Dúvida De VULGO_BK(ID:8): fumassa, vem k
[30/06/2021 - 22:09:39] - Relatorio De Carlos_Sales(ID:10): foi mal pela ultima acao eu dei /rbqgg e n foi mesmo assim
[30/06/2021 - 22:25:39] - Relatorio De Maicon_Lopes(ID:4): como abro o portao
[30/06/2021 - 23:18:42] - Dúvida De mitozin_xxx(ID:15): como falo no chat geral?
[30/06/2021 - 23:32:36] - Relatorio De VULGO_BK(ID:11): VEM K FUMASSA
[30/06/2021 - 23:32:48] - Dúvida De VULGO_BK(ID:11): VEM K FUMASSA
[30/06/2021 - 23:49:38] - Dúvida De CHAPAX_FXL(ID:15): pq ninguem quer me recruta
[30/06/2021 - 23:59:21] - Dúvida De CHAPAX_FXL(ID:4): eu fiquei sabeno q nenhuma org quer me recruta mais
[01/07/2021 - 00:31:51] - Relatorio De Maicon_Lopes(ID:10): DA RC
[01/07/2021 - 00:35:17] - Relatorio De MenorzinX_s2(ID:11): VEM AQUI
[01/07/2021 - 00:43:16] - Dúvida De Gefin_DAboca(ID:19): deus ta ai?
[01/07/2021 - 00:46:49] - Dúvida De Gefin_DAboca(ID:19): vlw adimiro
[01/07/2021 - 00:47:35] - Relatorio De Drackzx_RP(ID:16): ME SETA LIDER DA PF AI SOU EU DRACKZX
[01/07/2021 - 00:47:38] - Relatorio De Drackzx_RP(ID:16): ME SETA LIDER DA PF AI SOU EU DRACKZX
[01/07/2021 - 01:22:24] - Dúvida De Henzo_Oliveira(ID:18): vem  ca fumassa
[01/07/2021 - 01:54:44] - Dúvida De Daniel_Zinhoo(ID:1): to querendo gravar algum adm vem aqui!!
[01/07/2021 - 02:15:12] - Dúvida De CV_URSO(ID:15): VEM AQUI ADMIN
[01/07/2021 - 02:15:13] - Dúvida De Daniel_Zinhoo(ID:12): cade adm puxa eu
[01/07/2021 - 02:23:27] - Relatorio De MenorzinX_s2(ID:0): vem aqui 
[01/07/2021 - 02:31:43] - Relatorio De MenorzinX_s2(ID:0): SERVIDOR E RPG PAI 
[01/07/2021 - 02:32:56] - Relatorio De MenorzinX_s2(ID:0): MANO SERVIDOR E RPG PAI MDS
[01/07/2021 - 03:00:56] - Relatorio De kakazin_pckk(ID:4): ajuda me
[01/07/2021 - 11:34:00] - Dúvida De Gefin_DAboca(ID:0): vg pode vim aq prfv 
[01/07/2021 - 11:47:39] - Dúvida De Gefin_DAboca(ID:0): vizao vg
[01/07/2021 - 11:50:16] - Dúvida De Gefin_DAboca(ID:0): putz pensei q era 100k uma empresa
[01/07/2021 - 11:56:31] - Dúvida De Gefin_DAboca(ID:0): nem falou q comecou
[01/07/2021 - 13:06:01] - Relatorio De Rei_Do_Rolas(ID:13): n consigo entrar no bagui de licença
[01/07/2021 - 13:14:10] - Relatorio De Drackzx_RP(ID:16): ai vgzin  da licencas ai mn pra eu usar os carros ou nive 10 sla 
[01/07/2021 - 13:14:13] - Relatorio De Drackzx_RP(ID:16): ai vgzin  da licencas ai mn pra eu usar os carros ou nive 10 sla 
[01/07/2021 - 13:14:47] - Relatorio De Drackzx_RP(ID:16): ai vgzin  da licencas ai mn pra eu usar os carros da hq pfv
[01/07/2021 - 13:49:36] - Relatorio De Junior_Andrade(ID:14): da respawn nos carro
[01/07/2021 - 14:01:48] - Relatorio De Junior_Andrade(ID:13): adm pm esta matando nois!
[01/07/2021 - 15:00:42] - Dúvida De Carlos_Sales(ID:12): pode fazer caixa?
[01/07/2021 - 15:04:59] - Dúvida De Carlos_Sales(ID:12): tem 2 pm em ptr so que eles estao de rocam pode fazer?
[01/07/2021 - 15:16:18] - Relatorio De Rei_Do_Rolas(ID:25): algm adm da tp favor
[01/07/2021 - 15:24:30] - Dúvida De Rei_Do_Rolas(ID:25): como compro dina?
[01/07/2021 - 15:25:19] - Relatorio De Maicon_Lopes(ID:7): VEM AQUI
[01/07/2021 - 15:25:57] - Relatorio De Rei_Do_Rolas(ID:5): como compro dina?
[01/07/2021 - 15:25:59] - Relatorio De RAPOZA_BB(ID:1): CV FAZENDO DM
[01/07/2021 - 15:26:01] - Dúvida De Carlos_Sales(ID:12): mais o raposa ja tinha morrido e voltou
[01/07/2021 - 15:26:32] - Dúvida De Carlos_Sales(ID:12): eu n matei ngm
[01/07/2021 - 15:26:45] - Dúvida De Carlos_Sales(ID:12): eu matei so os fardados
[01/07/2021 - 15:26:56] - Relatorio De RAPOZA_BB(ID:1): CV FAZENDO DM
[01/07/2021 - 15:27:26] - Dúvida De Carlos_Sales(ID:12): tanto que o sr carloz passou aqui sem farda eu nem fiz mencao de atirar
[01/07/2021 - 15:27:55] - Dúvida De Carlos_Sales(ID:12): foi o vulgo nao eu
[01/07/2021 - 15:50:57] - Relatorio De Rei_Do_Rolas(ID:5): tp ae adm 
[01/07/2021 - 16:23:18] - Relatorio De KINGZIN.Fe(ID:10): FUMASSA KKKKK EH
[01/07/2021 - 16:37:14] - Relatorio De LITTLE_cyp(ID:8): eu trabalhei de lixero ganhei 21mil mais nao aparaceu no banco nem na mao
[01/07/2021 - 16:38:02] - Dúvida De LITTLE_cyp(ID:8): eu trabalhei de lixero ganhei 21mil mais nao apareceu na mao nem no banco
[01/07/2021 - 16:44:56] - Relatorio De ALQUIMIA_YT(ID:17): vem ate min
[01/07/2021 - 16:50:08] - Relatorio De ALQUIMIA_YT(ID:17): VEM ATE MIN
[01/07/2021 - 17:04:18] - Relatorio De ALQUIMIA_YT(ID:17): VEM ATE MIN
[01/07/2021 - 17:05:12] - Dúvida De ALQUIMIA_YT(ID:17): QUERO FAZER REC SOU PC
[01/07/2021 - 17:09:03] - Relatorio De ALQUIMIA_YT(ID:17): VEM ATE MIN
[01/07/2021 - 18:29:33] - Relatorio De ALQUIMIA_YT(ID:9): vem ate min
[01/07/2021 - 20:18:13] - Relatorio De Sr_Valzera(ID:1): como ve quantos pm tem on ?
[01/07/2021 - 21:41:50] - Relatorio De Rei_Do_Rolas(ID:5): como tiro dinheiro da org?a
[01/07/2021 - 21:51:01] - Relatorio De DOGAO_DUMONSTER(ID:23): quero desativar fome mais tem que ta acima de 90 oq faco
[01/07/2021 - 22:01:19] - Relatorio De Rei_Do_Rolas(ID:5): TP AE ADM
[01/07/2021 - 22:02:30] - Relatorio De Rei_Do_Rolas(ID:5): ALG ADM TP
[02/07/2021 - 00:53:05] - Relatorio De Bk_dumoster(ID:4): adm
[02/07/2021 - 00:58:43] - Relatorio De Bk_dumoster(ID:4): adm
[02/07/2021 - 01:03:40] - Dúvida De KABUTO_TRALHA(ID:6): muda o yempo
[02/07/2021 - 03:22:28] - Dúvida De SagaZ_Samp(ID:11): ola pode me ajudar
[02/07/2021 - 03:46:21] - Relatorio De vitin_TDT(ID:11): o meu amigo esta bugado aqui na turquia
[02/07/2021 - 03:56:50] - Relatorio De Emerson_Monster(ID:4): adm pode me ajuda?
[02/07/2021 - 05:10:02] - Relatorio De Wesley313(ID:5): COMO COLOA O DINHEIRO DO S CAIXA NA CONTA
[02/07/2021 - 11:37:19] - Dúvida De Gefin_DAboca(ID:0): admmm vem aq
[02/07/2021 - 11:57:18] - Dúvida De Gefin_DAboca(ID:5): ei nois pode treina tiro aq na basse?
[02/07/2021 - 13:51:22] - Relatorio De Maicon_Lopes(ID:2): VEM AQUI ADM
[02/07/2021 - 13:54:24] - Relatorio De Maicon_Lopes(ID:2): VEM AQUI
[02/07/2021 - 14:05:48] - Dúvida De Gefin_DAboca(ID:3): pode fala off rp no /bp,e fazer mix?
[02/07/2021 - 14:07:10] - Dúvida De Gefin_DAboca(ID:3): adm  em aq
[02/07/2021 - 14:45:54] - Relatorio De jc04(ID:10): tou bugado na fac da enguica i nao cosigu anda 
[02/07/2021 - 15:05:12] - Relatorio De Rei_Do_Rolas(ID:17): como chamo pra org?
[02/07/2021 - 16:55:36] - Dúvida De Carlos_Sales(ID:18): a hitmans foi resetada
[02/07/2021 - 17:34:15] - Relatorio De gustzera_5(ID:15): como faco para comprar comida
[02/07/2021 - 17:55:03] - Relatorio De vitin_TDT(ID:25): pode me ajuda to bugado na tdt
[02/07/2021 - 18:07:49] - Relatorio De vitin_TDT(ID:16): pode me ajuda na tdt
[02/07/2021 - 18:24:06] - Relatorio De vitin_TDT(ID:10): me ajuda 
[02/07/2021 - 18:25:44] - Relatorio De vitin_TDT(ID:8): alguem me ajuda to bugado na tdt
[02/07/2021 - 18:40:56] - Dúvida De Ghostx_Non(ID:4): ALGUEM PODE  ME RECRUTA SOU BOM DE P1 E DE TIRO
[02/07/2021 - 19:06:01] - Dúvida De Nk_Deivid(ID:10): ME SETA LIDER ROTA EU AQ
[02/07/2021 - 19:06:12] - Dúvida De Nk_Deivid(ID:10): ME SETA LIDER ROTA EU AQ
[02/07/2021 - 19:06:31] - Dúvida De Nk_Deivid(ID:10): taxi?
[02/07/2021 - 19:06:46] - Dúvida De Nk_Deivid(ID:10): e rota ademiro ;-;
[02/07/2021 - 19:17:09] - Relatorio De vitin_TDT(ID:15): pode me ajuda to bugado aqui na tdt
[02/07/2021 - 19:20:34] - Dúvida De Ghostx_Non(ID:5): ALGUM ADM PD VIM AQ
[02/07/2021 - 19:22:34] - Dúvida De Nk_Deivid(ID:10): adm meu dinheirin
[02/07/2021 - 19:22:57] - Dúvida De Nk_Deivid(ID:10): my money 
[02/07/2021 - 19:24:04] - Dúvida De Nk_Deivid(ID:10): fumassa my money
[02/07/2021 - 19:26:49] - Relatorio De Emerson_Monster(ID:13): necessito de ajuda
[02/07/2021 - 19:27:09] - Relatorio De Emerson_Monster(ID:13): to bugado na hq
[02/07/2021 - 19:34:30] - Dúvida De Nk_Deivid(ID:10): o cara ta procurado chego algemando?
[02/07/2021 - 19:34:52] - Dúvida De Nk_Deivid(ID:10): o cara ta procurado chego algemando?
[02/07/2021 - 19:53:20] - Relatorio De vitin_TDT(ID:22): me ajud aqui na tdt
[02/07/2021 - 19:54:29] - Relatorio De Bonezinho_TDT(ID:21): ainda esta bugando a favela da turquia
[03/07/2021 - 00:09:52] - Dúvida De Nk_Deivid(ID:30): o CARA APARECEU AQ DO ND 
[03/07/2021 - 00:09:55] - Dúvida De Nk_Deivid(ID:30): o CARA APARECEU AQ DO ND 
[03/07/2021 - 00:15:52] - Dúvida De Nk_Deivid(ID:30): AJUDA AQ ADM
[03/07/2021 - 00:15:54] - Dúvida De Nk_Deivid(ID:30): AJUDA AQ ADM
[03/07/2021 - 00:15:56] - Dúvida De Nk_Deivid(ID:30): AJUDA AQ ADM
[03/07/2021 - 00:16:06] - Dúvida De Nk_Deivid(ID:30): AJUDA AQ ADM
[03/07/2021 - 00:42:13] - Relatorio De Lzinn_07(ID:15): quando  o novato spawna tem q andarr ape?
[03/07/2021 - 00:43:23] - Relatorio De Lzinn_07(ID:15): alguem pode me,motrar onde fica as mootos do spawn?
[03/07/2021 - 00:45:27] - Relatorio De Lzinn_07(ID:15): alguem pode me,motrar onde fica as mootos do spawn?
[03/07/2021 - 01:00:56] - Relatorio De Daniel_Gabriel(ID:45): adm minha tela ta branca
[03/07/2021 - 01:01:13] - Dúvida De Nk_Deivid(ID:32): ADM PUXA O ID 24 AQ PRAMIM
[03/07/2021 - 01:01:16] - Dúvida De Nk_Deivid(ID:32): ADM PUXA O ID 24 AQ PRA MIM
[03/07/2021 - 01:10:14] - Dúvida De Carlos_Sales(ID:19): pode fazer caixa?
[03/07/2021 - 01:16:20] - Dúvida De Nk_Deivid(ID:34): CAI NA AGUA BUGUEI
[03/07/2021 - 01:16:21] - Dúvida De Nk_Deivid(ID:34): CAI NA AGUA BUGUEI
[03/07/2021 - 01:16:22] - Dúvida De Nk_Deivid(ID:34): CAI NA AGUA BUGUEI
[03/07/2021 - 01:18:38] - Dúvida De Nk_Deivid(ID:34): ADM ME DA RESPAWN? SE EU DESLOGAR O SERV LOTA..
[03/07/2021 - 01:26:33] - Relatorio De Replause_Silva(ID:18): cai,no,bug,numa acao me ajuda sdm por favor
[03/07/2021 - 01:27:38] - Relatorio De Replause_Silva(ID:18): cai,no,bug,numa acao me ajuda sdm por favor
[03/07/2021 - 01:28:16] - Relatorio De Replause_Silva(ID:18): cai,no,buraco  no,meio da acao
[03/07/2021 - 01:28:47] - Relatorio De Replause_Silva(ID:18): cai,no,buraco  no,meio da acao
[03/07/2021 - 01:28:49] - Relatorio De Replause_Silva(ID:18): cai,no,buraco  no,meio da acao
[03/07/2021 - 01:30:48] - Relatorio De Replause_Silva(ID:18): cai,no,buraco  no,meio da acao
[03/07/2021 - 01:30:59] - Relatorio De Replause_Silva(ID:18): cai,no,buraco  no,meio da acao
[03/07/2021 - 01:31:02] - Relatorio De Replause_Silva(ID:18): cai,no,buraco  no,meio da acao
[03/07/2021 - 01:31:04] - Relatorio De Replause_Silva(ID:18): cai,no,buraco  no,meio da acao
[03/07/2021 - 01:33:22] - Relatorio De Replause_Silva(ID:18): ja relogiei vlw
[03/07/2021 - 01:43:47] - Relatorio De Daniel_Gabriel(ID:6): adm buguei me puxa na favela da enquica
[03/07/2021 - 01:49:42] - Relatorio De Jack_Gaming(ID:37): DA RC NOS CARRO AEEE!11
[03/07/2021 - 02:08:40] - Relatorio De Rei_Do_Rolas(ID:11): DA TP ADM
[03/07/2021 - 02:49:04] - Relatorio De Daniel_Gabriel(ID:32): adm buguei
[03/07/2021 - 02:49:19] - Relatorio De Daniel_Gabriel(ID:32): adm buguei
[03/07/2021 - 03:20:51] - Relatorio De Jack_Gaming(ID:4): BOPE FAZENDO ANUNCIO NADA AVER
[03/07/2021 - 03:45:45] - Relatorio De batista_TDT(ID:22): ajuda ooe,rspawnar nossos veiculos pfv da tdt
[03/07/2021 - 03:53:14] - Relatorio De F7_NXS(ID:19): pode rewspwanar os veiculos?!
[03/07/2021 - 04:10:55] - Dúvida De Nk_Deivid(ID:4): id 12 tava em um lugar e deu tp do nd
[03/07/2021 - 04:29:04] - Dúvida De Zuerim_Bahiano(ID:14): PODE PTR SOZINHO COM ROCAM?
[03/07/2021 - 05:08:09] - Relatorio De Lzinn_07(ID:1): pode cbug prto de carro ?
[03/07/2021 - 05:08:26] - Relatorio De Vgzinn(ID:12): n cbug proibido
[03/07/2021 - 12:40:35] - Dúvida De Gefin_DAboca(ID:8): o adm foi mal ai sabia ai n
[03/07/2021 - 12:52:32] - Dúvida De Gefin_DAboca(ID:7): posso fazer outro caixa quando?
[03/07/2021 - 13:39:07] - Relatorio De Rei_Do_Rolas(ID:18): DA TP FUMASSA
[03/07/2021 - 13:42:49] - Relatorio De Rei_Do_Rolas(ID:18): DNV AQUI FUMASSA
[03/07/2021 - 13:43:49] - Relatorio De Rei_Do_Rolas(ID:18): AJUDA AQUI ADMMMM
[03/07/2021 - 13:44:00] - Relatorio De Rei_Do_Rolas(ID:18): TO PRESOO DE BAIXO DA TERRA
[03/07/2021 - 13:58:22] - Dúvida De Jhony_hd(ID:15): adm respawn os carro minha org nao tei mais carro
[03/07/2021 - 14:42:11] - Relatorio De Lucas_KiLLer(ID:1): ADM VEM AQ PFV
[03/07/2021 - 14:48:46] - Relatorio De Rei_Do_Rolas(ID:4): da tp ae menor
[03/07/2021 - 14:59:39] - Relatorio De texugo_gg(ID:10): onde e a arena
[03/07/2021 - 15:00:17] - Dúvida De texugo_gg(ID:10): onde e a arena
[03/07/2021 - 15:00:41] - Dúvida De Gefin_DAboca(ID:1): adm
[03/07/2021 - 15:04:59] - Relatorio De AngeL_TDT(ID:2): ME AJUDA
[03/07/2021 - 15:05:14] - Relatorio De AngeL_TDT(ID:2): ME AJUDA
[03/07/2021 - 15:23:43] - Relatorio De AngeL_TDT(ID:15): consegue dar MV? sou novo
[03/07/2021 - 15:32:15] - Dúvida De Gefin_DAboca(ID:10): pode vim aq?
[03/07/2021 - 16:12:10] - Relatorio De Rei_Do_Rolas(ID:29): ??????
[03/07/2021 - 16:27:57] - Dúvida De Gabriel_Gomes(ID:3): opa eu dei um booster no sv oq eu ganho agr?
[03/07/2021 - 16:43:20] - Relatorio De Gui_Vincent(ID:24): onde ta a conse
[03/07/2021 - 16:51:41] - Dúvida De iilegal_elemts(ID:26): comprou pizza n cosigo usa
[03/07/2021 - 16:52:05] - Relatorio De Vgzinn(ID:13): aperta n no inv e usa klk
[03/07/2021 - 18:20:03] - Relatorio De Gui_Vincent(ID:19): VEM ATE MIM
[03/07/2021 - 18:36:07] - Dúvida De Gefin_DAboca(ID:18): como dou um  divulgo recrutamento aq no game?
[03/07/2021 - 19:12:22] - Dúvida De Gefin_DAboca(ID:18): como pincha
[03/07/2021 - 19:19:08] - Dúvida De vitin_TDT(ID:33): da /largararma com ela na mao
[03/07/2021 - 19:21:02] - Relatorio De Rei_Do_Rolas(ID:14): menor pode tirar uma duvida no ds
[03/07/2021 - 19:24:03] - Relatorio De Lzinn_07(ID:17): ADMINS ALGUEM PODE ME TIRAR ALGUMAS DUVIDAS POR GENTILEZA?
[03/07/2021 - 19:26:53] - Relatorio De Lzinn_07(ID:17): su
[03/07/2021 - 19:27:18] - Relatorio De Lzinn_07(ID:17): sou da rota queria saber se eu posso sair de moto cm farda
[03/07/2021 - 19:29:30] - Relatorio De Lzinn_07(ID:17): admin baiano
[03/07/2021 - 20:06:28] - Dúvida De Jhony_hd00(ID:27): adm vem aqui
[03/07/2021 - 20:09:08] - Dúvida De Jhony_hd00(ID:27): adm vem aqui
[03/07/2021 - 20:13:26] - Relatorio De Lzinn_07(ID:17): tela ta tremendo muito adm
[03/07/2021 - 20:35:56] - Dúvida De iilegal_elemts(ID:10): mn
[03/07/2021 - 20:37:05] - Dúvida De iilegal_elemts(ID:10): mn vou da tk ent tava no rp tlgd os cara tava tipo me sequestrado
[03/07/2021 - 20:37:23] - Dúvida De iilegal_elemts(ID:10): ai minha mae desligou a net
[03/07/2021 - 20:38:07] - Dúvida De iilegal_elemts(ID:10): fala que n sou um adm
[03/07/2021 - 20:38:28] - Dúvida De iilegal_elemts(ID:10): ent me fala ai eu fasso o q?
[03/07/2021 - 20:38:51] - Dúvida De iilegal_elemts(ID:10): ?
[03/07/2021 - 20:43:51] - Dúvida De iilegal_elemts(ID:10): n cosigo vem a comida kkk
[03/07/2021 - 20:57:35] - Relatorio De Texuguin_(ID:16): EU BUGUEI PRECISO DE AJUDA
[03/07/2021 - 21:05:53] - Relatorio De Gabriel_Gomes(ID:6): pd me puxar conse? ou aluguel de carro?
[03/07/2021 - 21:06:53] - Dúvida De Gabriel_Gomes(ID:6): pd me puxar na conse pra mim gravar video aq
[03/07/2021 - 21:32:07] - Dúvida De Gabriel_Gomes(ID:6): pd fazer caixinha sozinho?
[03/07/2021 - 21:36:07] - Relatorio De Atrit_Abaddon(ID:25): adm vem ca
[03/07/2021 - 21:41:51] - Dúvida De Gefin_DAboca(ID:19): adm vem aq prfv
[03/07/2021 - 21:58:31] - Relatorio De BOBI.ImT(ID:1): AJUDA AQ
[03/07/2021 - 22:09:10] - Dúvida De Nk_Deivid(ID:5): ADM VEM AQ
[03/07/2021 - 22:09:11] - Dúvida De Nk_Deivid(ID:5): ADM VEM AQ
[03/07/2021 - 22:09:11] - Dúvida De Nk_Deivid(ID:5): ADM VEM AQ
[03/07/2021 - 22:26:11] - Dúvida De batista_TDT(ID:6): loteria quantos pm e ladroes?
[03/07/2021 - 22:52:42] - Relatorio De Rei_Do_Rolas(ID:11): ALGM ADM DA TP?
[03/07/2021 - 23:17:07] - Relatorio De JURANDI_ELETRO_PAU(ID:32): VEM ATE EU
[03/07/2021 - 23:17:11] - Dúvida De Carlos_Sales(ID:4): os cara da tdt pode ficar falandos essas coisas?
[03/07/2021 - 23:36:35] - Relatorio De Maicon_Lopes(ID:38): TAO USANDO SNIPER
[03/07/2021 - 23:37:26] - Dúvida De Wizz(ID:15): adm pode meajudar?
[03/07/2021 - 23:37:36] - Dúvida De Wizz(ID:15): adm pode me ajudar
[03/07/2021 - 23:38:05] - Dúvida De Wizz(ID:15): adm pode me ajudar
[03/07/2021 - 23:41:04] - Dúvida De Wizz(ID:15): qm e o fundador desse serve?
[03/07/2021 - 23:44:27] - Dúvida De Wizz(ID:15): como fala no bate papo?
[03/07/2021 - 23:48:26] - Relatorio De Wizz(ID:15): me ajuda adm
[03/07/2021 - 23:49:15] - Relatorio De Wizz(ID:15): me ajuda adm
[03/07/2021 - 23:49:17] - Relatorio De Wizz(ID:15): me ajuda adm
[03/07/2021 - 23:52:18] - Dúvida De Bone_PvP(ID:3): onde e a base d inguica
[04/07/2021 - 00:08:06] - Relatorio De Wizz(ID:15): me ajuda
[04/07/2021 - 00:28:37] - Dúvida De Wizz(ID:38): pode me ajudar adm?
[04/07/2021 - 00:32:20] - Dúvida De Wizz(ID:38): Menor pode vir aqui irmao pfv urgencia
[04/07/2021 - 00:40:20] - Dúvida De SagaZ_Samp(ID:26): OLA PD ME AJUDAR?
[04/07/2021 - 01:13:44] - Relatorio De Gabrielzin_Maniok(ID:29): ADM PODEME TIRAR UMA DUVIDA
[04/07/2021 - 01:14:17] - Dúvida De Gabrielzin_Maniok(ID:29): TPODE VIR AQUI
[04/07/2021 - 01:28:59] - Dúvida De Jhony_hd00(ID:3): adm vem aqui
[04/07/2021 - 01:29:44] - Relatorio De Jhony_hd00(ID:3): adm vem aqui em min
[04/07/2021 - 01:40:39] - Dúvida De Carlos_Sales(ID:14): o /noticias n esta funcionando
[04/07/2021 - 02:28:08] - Dúvida De Nk_Deivid(ID:32): onde levo o preso pra prender?
[04/07/2021 - 02:32:11] - Dúvida De Nk_Deivid(ID:32): ID 23 BUGOU MANO E SUMIU
[04/07/2021 - 02:32:29] - Dúvida De Nk_Deivid(ID:32): CARLOS COMBAT LOG
[04/07/2021 - 02:32:39] - Dúvida De Nk_Deivid(ID:32): CARLOS COMBAT LOG
[04/07/2021 - 02:33:56] - Relatorio De Nk_Deivid(ID:32): O CARA TA PROCURADO 4 PRENDO QUANTO TEMPO?
[04/07/2021 - 02:34:26] - Dúvida De Nk_Deivid(ID:32): CARA TA 4 PROCURADO PRENDO QUANTO TEMPO?
[04/07/2021 - 02:34:38] - Dúvida De Nk_Deivid(ID:32): CARA TA 4 PROCURADO PRENDO QUANTO TEMPO?
[04/07/2021 - 02:41:49] - Dúvida De Nk_Deivid(ID:32): ADM VEM AQ
[04/07/2021 - 02:41:55] - Dúvida De Nk_Deivid(ID:32): ADM VEM AQ
[04/07/2021 - 02:41:55] - Dúvida De Nk_Deivid(ID:32): ADM VEM AQ
[04/07/2021 - 02:42:12] - Dúvida De Nk_Deivid(ID:32): ADM VEM AQ
[04/07/2021 - 02:42:48] - Dúvida De Nk_Deivid(ID:32): ADM VEM AQ
[04/07/2021 - 02:43:13] - Dúvida De Nk_Deivid(ID:32): ADM VEM AQ
[04/07/2021 - 02:46:07] - Dúvida De Nk_Deivid(ID:32): ADM VEM AQ
[04/07/2021 - 02:46:08] - Dúvida De Nk_Deivid(ID:32): ADM VEM AQ
[04/07/2021 - 02:46:10] - Dúvida De Carlos_Sales(ID:17): quanto que custa o porte?
[04/07/2021 - 02:46:34] - Dúvida De Nk_Deivid(ID:32): ADM VEM AQ
[04/07/2021 - 02:47:42] - Dúvida De Nk_Deivid(ID:32): ADM VEM AQ
[04/07/2021 - 02:54:34] - Dúvida De Carlos_Sales(ID:17): tem como ver minhas licensas?
[04/07/2021 - 03:03:35] - Dúvida De Carlos_Sales(ID:17): ESSE TESTE DE AVIAO E MUITO DIFICIL !!!!
[04/07/2021 - 03:11:38] - Dúvida De Carlos_Sales(ID:19): TEM COMO GUARDAR ARMA?
[04/07/2021 - 04:09:43] - Dúvida De F7_NXS(ID:1): adm
[04/07/2021 - 04:09:51] - Dúvida De F7_NXS(ID:1): adm to bugado
[04/07/2021 - 04:17:57] - Dúvida De F7_NXS(ID:1): pode da rewspaw veiculo tdt?
[04/07/2021 - 04:33:46] - Relatorio De Renan_Shelby(ID:16): opaa quem e o adm que da os 200k de boosters
[04/07/2021 - 10:39:35] - Dúvida De F7_NXS(ID:0): puxa
[04/07/2021 - 10:41:02] - Dúvida De F7_NXS(ID:0): puxa
[04/07/2021 - 10:42:16] - Dúvida De F7_NXS(ID:0): p
[04/07/2021 - 12:59:16] - Relatorio De JURANDI_ELETRO_PAU(ID:4): ADM
[04/07/2021 - 12:59:55] - Relatorio De JURANDI_ELETRO_PAU(ID:4): QUERO DINHEIRO
[04/07/2021 - 13:00:22] - Relatorio De JURANDI_ELETRO_PAU(ID:4): COMO
[04/07/2021 - 13:00:47] - Relatorio De JURANDI_ELETRO_PAU(ID:4): VEM ATE EU
[04/07/2021 - 13:47:55] - Dúvida De Nk_Deivid(ID:13): O ID 12 TA NA HQ? TO INDO PRENDER
[04/07/2021 - 14:17:34] - Dúvida De Nk_Deivid(ID:12): RC NA ROTA
[04/07/2021 - 14:17:34] - Dúvida De Nk_Deivid(ID:12): RC NA ROTA
[04/07/2021 - 14:17:35] - Dúvida De Nk_Deivid(ID:12): RC NA ROTA
[04/07/2021 - 14:17:37] - Dúvida De Nk_Deivid(ID:12): RC NA ROTA
[04/07/2021 - 14:25:36] - Relatorio De Atrit_Abaddon(ID:4): arma de 300 muni vem com 1 municao do inventario
[04/07/2021 - 14:34:49] - Dúvida De Carlos_Sales(ID:10): tem alguma casa que pode comprar sem se vip?
[04/07/2021 - 14:56:31] - Dúvida De Nk_Deivid(ID:27): ADM DA TP CAIXAAA EU TINHA BUGADOOO
[04/07/2021 - 14:56:32] - Dúvida De Nk_Deivid(ID:27): ADM DA TP CAIXAAA EU TINHA BUGADOOO
[04/07/2021 - 14:56:53] - Dúvida De Nk_Deivid(ID:27): ADM DA TP CAIXAAA EU TINHA BUGADOOO
[04/07/2021 - 16:30:23] - Relatorio De Texuguin_(ID:28): VEM FELA DA PUTA
[04/07/2021 - 16:45:23] - Dúvida De Gefin_DAboca(ID:8): adm vem aq
[04/07/2021 - 21:25:36] - Dúvida De Gefin_DAboca(ID:22): adm onde e desmanche
[04/07/2021 - 21:53:14] - Relatorio De texugo_gg(ID:12): meu cargo como lider bugou pode min setar dnv
[04/07/2021 - 21:59:22] - Relatorio De Kayh(ID:6): como vejo o numero do veiculo?
[04/07/2021 - 22:17:14] - Relatorio De pdrinx_zika(ID:16): adm ve os premios do vip comum pra mim
[04/07/2021 - 23:05:54] - Relatorio De Texuguin_(ID:14): ME AJUDA PFV A BASE DO TELIBAN MUDOU DE LUGAR PARECE QUE E SEGUNDA BASE
[04/07/2021 - 23:06:30] - Dúvida De Texuguin_(ID:14): ME AJUDA PFV VEM ATE EU QUE E EXPLICO A CITUACAO
[04/07/2021 - 23:15:06] - Relatorio De Victor_Insanity(ID:8): VEM AQUI
[04/07/2021 - 23:15:29] - Relatorio De Maicon_Lopes(ID:10): VEM AQUI
[04/07/2021 - 23:15:52] - Relatorio De Maicon_Lopes(ID:10): VEM AQUI
[05/07/2021 - 00:02:20] - Relatorio De Maicon_Lopes(ID:13): DA UMA FORCA AQUI
[05/07/2021 - 00:03:02] - Relatorio De Maicon_Lopes(ID:13): DA UMA FORCA AQUI
[05/07/2021 - 01:12:59] - Dúvida De SagaZ_Samp(ID:7): ola pd me ajudar pfvr
[05/07/2021 - 01:13:09] - Dúvida De SagaZ_Samp(ID:7): to tudo bugado
[05/07/2021 - 01:14:12] - Dúvida De SagaZ_Samp(ID:7): adm me ajuda pfvr to bugado
[05/07/2021 - 01:14:33] - Dúvida De SagaZ_Samp(ID:7): n to conseguindo nem andar
[05/07/2021 - 03:57:18] - Dúvida De kaikeE(ID:22): vgzin pode vim ate eu?
[05/07/2021 - 03:57:48] - Dúvida De kaikeE(ID:22): vgzin pode vim ate eu?
[05/07/2021 - 04:08:38] - Relatorio De Lucas_KiLLer(ID:3): KAUAN CHURRITOS VEM AQ PFV
[05/07/2021 - 07:54:53] - Relatorio De kauan_da_GROTA(ID:1): oq e mv?
[05/07/2021 - 12:31:19] - Relatorio De samiel1837a(ID:18): to preso dentro da loja de roupa
[05/07/2021 - 13:09:54] - Relatorio De Parlota_Lcs(ID:8): meu carro ta quebrado e eu acabei de comprar, ladaria da 100# mais n liga :(
[05/07/2021 - 14:35:28] - Relatorio De [FEC]Kaaio(ID:29): nao consigo nascer para jogar me ajudem me mata
[05/07/2021 - 14:35:46] - Relatorio De Diego_Mobile(ID:22): quero a org mafia
[05/07/2021 - 14:36:18] - Relatorio De Diego_Mobile(ID:22): quero a org mafia cn
[05/07/2021 - 14:37:00] - Relatorio De [FEC]Kaaio(ID:29): nao consigo nascer para jogar me ajudem me mata
[05/07/2021 - 15:13:01] - Relatorio De Marquinhos_Silv4(ID:19): ou pode vim aqui
[05/07/2021 - 15:13:40] - Dúvida De Marquinhos_Silv4(ID:19): pode vim aqui
[05/07/2021 - 15:14:25] - Dúvida De Marquinhos_Silv4(ID:19): pode vim aqui
[05/07/2021 - 15:30:46] - Dúvida De Lucas_KiLLer(ID:17): TEM COMO HACKEAR A PENI?
[05/07/2021 - 16:02:09] - Relatorio De Wagner_Barbosa(ID:16): ajudaaa,ants rp
[05/07/2021 - 18:32:03] - Relatorio De itz_eduardo(ID:49): po comprei o carro estacionei e perdi ele 
[05/07/2021 - 18:32:19] - Dúvida De itz_eduardo(ID:49): po comprei o carro estacionei e perdi ele 
[05/07/2021 - 21:15:13] - Relatorio De itz_eduardo(ID:3): me ajuda 
[05/07/2021 - 21:26:04] - Relatorio De THIAGO_TDT(ID:32): ADM PODE MIM COLOCAR,NA POLICIA POR FAVOR
[05/07/2021 - 21:32:14] - Relatorio De Victor_Insanity(ID:7): vem aqui
[05/07/2021 - 22:15:42] - Relatorio De BOBI.ImT(ID:11): id 11 vem aq
[05/07/2021 - 22:48:40] - Dúvida De SAMUEL_GC(ID:29): como eu falo no radio da org
[05/07/2021 - 22:49:22] - Relatorio De BOBI.ImT(ID:11): EI VEM ATE EU 11 ID
[05/07/2021 - 22:50:06] - Relatorio De Ares(ID:7): precisa ter vtr em ptr pra ser rocam?
[05/07/2021 - 23:39:24] - Relatorio De Maicon_Lopes(ID:19): VEM AQUI
[06/07/2021 - 02:18:05] - Dúvida De Lucas_pinto(ID:33): PODE PTR DE SULTAN?
[06/07/2021 - 02:24:53] - Dúvida De Carlos_Sales(ID:3): NATAN TELA O FELIPE SG ELE TA ESTRANHO
[06/07/2021 - 17:54:14] - Relatorio De zFireHard_FzX(ID:22): oi sou novato
[06/07/2021 - 17:59:51] - Relatorio De zFireHard_FzX(ID:22): ajuda
[06/07/2021 - 19:38:32] - Relatorio De Maicon_Lopes(ID:28): DA RC AI
[06/07/2021 - 19:55:29] - Relatorio De Mega_Dzn(ID:9): TEM COMO VOCES ADMS DAREM RC NOS VEICULOS
[06/07/2021 - 22:59:48] - Relatorio De cjzinho_cj(ID:1): ajuda pfv
[06/07/2021 - 23:00:16] - Dúvida De cjzinho_cj(ID:1): ajuda pfv
[06/07/2021 - 23:14:55] - Relatorio De cjzinho_cj(ID:1): eu tou imort
[06/07/2021 - 23:15:05] - Dúvida De cjzinho_cj(ID:1): eu to imortal
[06/07/2021 - 23:16:47] - Dúvida De cjzinho_cj(ID:1): ajuda pfvvvvvvvvv 
[06/07/2021 - 23:53:51] - Relatorio De tdt_Logan(ID:16): pfv da respawncarros aqui na tdt t sem carro
[06/07/2021 - 23:54:11] - Dúvida De tdt_Logan(ID:16): pfv da respawncarroz aqui na turquia ta sem
[06/07/2021 - 23:55:36] - Dúvida De LK_BRABO(ID:19): algum adm pode vir aki?
[06/07/2021 - 23:55:47] - Dúvida De tdt_Logan(ID:16): pfv da respawncarroz aqui na turquia ta sem
[06/07/2021 - 23:55:54] - Dúvida De tdt_Logan(ID:16): pfv da respawncarroz aqui na turquia ta sem
[07/07/2021 - 00:41:39] - Dúvida De cjzinho_cj(ID:1): como eu uso o kit de reparo
[07/07/2021 - 00:43:07] - Dúvida De cjzinho_cj(ID:1): ajuda aqui adm
[07/07/2021 - 01:04:53] - Relatorio De Sr_Rico_FF(ID:7): ADM VEM CA
[07/07/2021 - 01:05:17] - Relatorio De Sr_Rico_FF(ID:7): ADM VEM CA
[07/07/2021 - 01:05:19] - Relatorio De Sr_Rico_FF(ID:7): ADM VEM CA
[07/07/2021 - 01:05:22] - Relatorio De Sr_Rico_FF(ID:7): ADM VEM CA
[07/07/2021 - 02:14:23] - Dúvida De Twozin(ID:13): ta tendo vaga na staff?
[07/07/2021 - 02:48:27] - Dúvida De Ares(ID:4): algum fundador me da os beneficios vip
[07/07/2021 - 03:23:10] - Relatorio De voltz_silva(ID:19): opa coo pego lider de org
[07/07/2021 - 03:24:42] - Relatorio De voltz_silva(ID:19): adm vem aki
[07/07/2021 - 03:25:23] - Relatorio De voltz_silva(ID:19): opa boa noite cmo pego lider de alguma org
[07/07/2021 - 04:16:53] - Relatorio De kenny(ID:17): alguem me teletransporta pra city 
[07/07/2021 - 04:17:52] - Dúvida De kenny(ID:17): algum adm me coloca no meio da city ls
[07/07/2021 - 04:18:47] - Dúvida De kenny(ID:17): algum adm me coloca no meio da city ls
[07/07/2021 - 04:18:48] - Relatorio De Bk_dumoster(ID:0): adm
[07/07/2021 - 04:45:31] - Relatorio De Bk_dumoster(ID:0): adm
[07/07/2021 - 05:55:58] - Relatorio De kirazin_samp(ID:0): como pego bike ou faggio sou novato
[07/07/2021 - 06:01:49] - Relatorio De RATOX_RP(ID:2): OPA
[07/07/2021 - 06:05:04] - Dúvida De RATOX_RP(ID:2): COMO SPAUNA VEICULOS
[07/07/2021 - 07:10:04] - Relatorio De MARCOS_vini(ID:6): admin vem ate mim
[07/07/2021 - 12:37:16] - Dúvida De Gabriel_Lescano(ID:8): TEM ORGS LIVRES AINDA?
[07/07/2021 - 13:17:23] - Dúvida De MCfelipBr(ID:0): vem dc taliban
[07/07/2021 - 14:44:58] - Dúvida De dzinn(ID:4): adm como e esse server?
[07/07/2021 - 14:47:35] - Relatorio De Gunan_Batista(ID:2): adm vem aq
[07/07/2021 - 14:50:35] - Relatorio De cjzinho_cj(ID:11): adm ajuda aqui pfv
[07/07/2021 - 14:54:00] - Relatorio De cjzinho_cj(ID:9): ajuda asm
[07/07/2021 - 15:42:18] - Dúvida De Gabriel_Lescano(ID:12): adm chega ae
[07/07/2021 - 17:34:42] - Dúvida De Gabriel_Lescanin(ID:11): adm vem ca
[07/07/2021 - 17:37:00] - Dúvida De Gabriel_Lescanin(ID:11): posse ser lider da tropa da enguiça?
[07/07/2021 - 18:26:58] - Dúvida De Ruan_Mods(ID:15): onde fica o alugel de veiculos
[07/07/2021 - 18:32:11] - Dúvida De Ruan_Mods(ID:15): onde aluga veiculos
[07/07/2021 - 19:24:08] - Relatorio De RAPOZA_BB(ID:1): ZUERIM FAZENDO PTR SOLO
[07/07/2021 - 19:24:11] - Relatorio De THIAGO_TDT(ID:17): ADM PODE VIM AQUU
[07/07/2021 - 19:24:15] - Relatorio De RAPOZA_BB(ID:1): DE VTR
[07/07/2021 - 19:25:40] - Relatorio De THIAGO_TDT(ID:17): ADM PODE VIM AQUI POR FAVOR
[07/07/2021 - 19:27:37] - Relatorio De THIAGO_TDT(ID:17): ADM PODE VIM AQUI POR FAVOR
[07/07/2021 - 19:28:30] - Dúvida De THIAGO_TDT(ID:17): ADM PODE  VIM AQUI POR FAVOR
[07/07/2021 - 20:07:45] - Dúvida De lucas_te_amo(ID:24): oq tenho que fazer pra ganhar org
[07/07/2021 - 20:16:19] - Dúvida De WILL_ALFRE(ID:9): adm da respawn ae
[07/07/2021 - 20:26:58] - Dúvida De Borges_Escobar(ID:12): sim.
[07/07/2021 - 20:41:43] - Dúvida De WILL_ALFRE(ID:26): da respanw ae
[07/07/2021 - 20:49:33] - Dúvida De WILL_ALFRE(ID:6): precisa de quantas pessoas pra sequestrar?
[07/07/2021 - 20:50:50] - Dúvida De WILL_ALFRE(ID:6): troca o tempo ae mano
[07/07/2021 - 20:55:20] - Dúvida De WILL_ALFRE(ID:6): troca o tempo bgl ta bugado
[07/07/2021 - 20:55:51] - Dúvida De KABUTO_TRALHA(ID:21): TROCA O TEMPO
[07/07/2021 - 21:03:32] - Dúvida De WILL_ALFRE(ID:25): da respanw ae
[07/07/2021 - 21:11:16] - Dúvida De WILL_ALFRE(ID:25): da respanw ae
[07/07/2021 - 21:12:12] - Dúvida De WILL_ALFRE(ID:25): da respanw ae
[07/07/2021 - 21:14:07] - Dúvida De WILL_ALFRE(ID:25): da respanw ae
[07/07/2021 - 21:19:11] - Dúvida De cjzinho_cj(ID:8): ei adm vem aqui pfv
[07/07/2021 - 21:58:00] - Relatorio De texugo_gg(ID:20): pfv limpa minha fixa eu nao consigo entrar pra org
[07/07/2021 - 22:07:53] - Dúvida De DANIEL_DO_TREMM(ID:17): RC
[08/07/2021 - 00:05:00] - Dúvida De Felipe_Ramoss(ID:26): ajuda aqui
[08/07/2021 - 00:38:20] - Dúvida De Borges_Escobar(ID:25): pode mod de correr com fuzil?
[08/07/2021 - 04:07:52] - Relatorio De Kayh(ID:6): COMO GUARDO UMA BOMA QUE PEGUEI DO INV?????????
[08/07/2021 - 04:40:18] - Relatorio De cria_doterroristaRL(ID:13): ME PUXA PRA LS ID 13
[08/07/2021 - 14:10:10] - Dúvida De dourado(ID:12): mano eu nao consuigo sair da loja de roupas m ajuda ja dei f e tudo mais
[08/07/2021 - 14:51:17] - Relatorio De Pedro_MgPK(ID:14): tony diz que e adm se for msm esse servidor ta uma merda
[08/07/2021 - 19:21:56] - Dúvida De Shottz_IP(ID:25): como ganha arma ?
[08/07/2021 - 19:22:38] - Dúvida De Mudinho_FPSx(ID:10): eu sou pc e n consigo ouvir e os cara fica me julgando oq faço
[08/07/2021 - 19:50:20] - Relatorio De Gabrielzin_Maniok(ID:11): VEM CA ADM POR FAVOR
[08/07/2021 - 20:52:33] - Relatorio De Menorzin_Trem(ID:13): gm do bhc?
[08/07/2021 - 20:54:22] - Relatorio De Menorzin_Trem(ID:13): gm do bhc?
[08/07/2021 - 20:54:23] - Relatorio De Menorzin_Trem(ID:13): gm do bhc?
[08/07/2021 - 20:54:25] - Relatorio De Menorzin_Trem(ID:13): gm do bhc?t
[08/07/2021 - 20:54:26] - Relatorio De Menorzin_Trem(ID:13): gm do bhc?t
[08/07/2021 - 20:54:26] - Relatorio De Menorzin_Trem(ID:13): gm do bhc?t
[08/07/2021 - 20:54:26] - Relatorio De Menorzin_Trem(ID:13): gm do bhc?t
[08/07/2021 - 20:54:27] - Relatorio De Menorzin_Trem(ID:13): gm do bhc?t
[08/07/2021 - 20:54:27] - Relatorio De Menorzin_Trem(ID:13): gm do bhc?t
[08/07/2021 - 20:54:28] - Relatorio De Menorzin_Trem(ID:13): gm do bhc?t
[08/07/2021 - 20:54:28] - Relatorio De Menorzin_Trem(ID:13): gm do bhc?t
[08/07/2021 - 20:54:29] - Relatorio De Menorzin_Trem(ID:13): gm do bhc?t
[08/07/2021 - 20:54:29] - Relatorio De Menorzin_Trem(ID:13): gm do bhc?t
[08/07/2021 - 20:54:29] - Relatorio De Menorzin_Trem(ID:13): gm do bhc?t
[08/07/2021 - 20:54:30] - Relatorio De Menorzin_Trem(ID:13): gm do bhc?t
[08/07/2021 - 20:54:30] - Relatorio De Menorzin_Trem(ID:13): gm do bhc?t
[08/07/2021 - 20:54:31] - Relatorio De Menorzin_Trem(ID:13): gm do bhc?t
[08/07/2021 - 20:54:33] - Relatorio De Menorzin_Trem(ID:13): gm do bhc?t
[08/07/2021 - 20:54:33] - Relatorio De Menorzin_Trem(ID:13): gm do bhc?t
[08/07/2021 - 20:54:33] - Relatorio De Menorzin_Trem(ID:13): gm do bhc?t
[08/07/2021 - 20:54:34] - Relatorio De Menorzin_Trem(ID:13): gm do bhc?t
[08/07/2021 - 20:54:34] - Relatorio De Menorzin_Trem(ID:13): gm do bhc?t
[08/07/2021 - 20:54:35] - Relatorio De Menorzin_Trem(ID:13): gm do bhc?t
[08/07/2021 - 20:54:35] - Relatorio De Menorzin_Trem(ID:13): gm do bhc?t
[08/07/2021 - 20:54:36] - Relatorio De Menorzin_Trem(ID:13): gm do bhc?t
[08/07/2021 - 20:54:36] - Relatorio De Menorzin_Trem(ID:13): gm do bhc?t
[08/07/2021 - 20:54:37] - Relatorio De Menorzin_Trem(ID:13): gm do bhc?t
[08/07/2021 - 20:54:37] - Relatorio De Menorzin_Trem(ID:13): gm do bhc?t
[08/07/2021 - 21:26:16] - Dúvida De Gilson_Eletropal(ID:8): ADM ME DAR ADM EU CRIO UMA DATA PAR O SERVER COM TODOS OS CARROS
[08/07/2021 - 21:26:37] - Dúvida De Gilson_Eletropal(ID:8): ADM ME DAR ADM EU CRIO UMA DATA PAR O SERVER COM TODOS OS CARROS
[08/07/2021 - 21:26:48] - Dúvida De Gilson_Eletropal(ID:8): ADM ME DAR ADM EU CRIO UMA DATA PAR O SERVER COM TODOS OS CARROS
[08/07/2021 - 21:27:02] - Dúvida De Gilson_Eletropal(ID:8): ADM ME DAR ADM EU CRIO UMA DATA PAR O SERVER COM TODOS OS CARROS
[08/07/2021 - 22:51:17] - Relatorio De F7_NXS(ID:16): pode tirar nivel de proucurado?
[08/07/2021 - 23:36:26] - Relatorio De Fernandin_Trapex(ID:22): Boa noite , sou novo no sv. Queria saber como que fala no chat ooc !
[08/07/2021 - 23:46:50] - Relatorio De eliseu_DaNike(ID:18): ALGUM ADMIN?
[09/07/2021 - 00:38:38] - Dúvida De F7_NXS(ID:11): man pode tirar estrela ademiro?
[09/07/2021 - 04:14:30] - Relatorio De Fpzinexe$(ID:16): como saio do emprego adm?
[09/07/2021 - 04:17:43] - Dúvida De Fpzinexe$(ID:16): adm tem dois carros aqui perto da prefeitura que consigo andar
[09/07/2021 - 14:17:52] - Relatorio De Sr_Nescau(ID:3): ADM ENHO UMA DUVIDA 
[09/07/2021 - 14:18:25] - Relatorio De vitinho_sillva(ID:9): se eu chama pessoas ganho uma org
[09/07/2021 - 14:19:40] - Relatorio De vitinho_sillva(ID:9): se eu chama pessoas ganho uma org
[09/07/2021 - 14:20:15] - Dúvida De vitinho_sillva(ID:9): se eu chama mais gente eu ganho uma org
[09/07/2021 - 14:40:38] - Relatorio De vitinho_sillva(ID:9): adm presiso falar com vc
[09/07/2021 - 15:00:17] - Relatorio De Six_yakov(ID:13): ADM PODE ME AJUDAR ESTOU NO SPAW MAS NAO TEM NENHUMA FAGGIO AQUI PODE ME AJUDAR ??
[09/07/2021 - 15:01:28] - Relatorio De Six_yakov(ID:13): ADM PODE ME AJUDAR ESTOU NO SPAW MAS NAO TEM NENHUMA FAGGIO AQUI PODE ME AJUDAR ??
[09/07/2021 - 15:02:27] - Relatorio De Six_yakov(ID:13): ADM PODE ME AJUDAR ESTOU NO SPAW MAS NAO TEM NENHUMA FAGGIO AQUI PODE ME AJUDAR ??
[09/07/2021 - 15:05:10] - Relatorio De batista_TDT(ID:8): pode tirar meu carro de jm lugar q n tem como sair
[09/07/2021 - 17:02:51] - Dúvida De Fpzinexe$(ID:20): alguem me ajuda eu nao sei trabalhar de fazendeiro agora tou preso nao sei fazer
[09/07/2021 - 17:48:44] - Dúvida De JOAO_VITOR_YT(ID:13): mau mau atirando nos outros ai na rua adm
[10/07/2021 - 02:39:27] - Relatorio De yzak_FPSx(ID:4): vem aq
[10/07/2021 - 15:12:19] - Relatorio De Henrique_Games(ID:2): ADM EU ERA DA CV U SERVIDOR RESETO
[10/07/2021 - 15:26:04] - Dúvida De Henrique_Games(ID:2): ADM VEM CA
[10/07/2021 - 15:31:19] - Dúvida De Henrique_Games(ID:7): ADM TU PODE MI LEVA NA HQ DE CARTEIRO
[10/07/2021 - 18:25:17] - Dúvida De WILL_ALFRE(ID:1): adm vem aq pfv
[10/07/2021 - 18:27:42] - Dúvida De Henrique_Games(ID:2): ADM MI LEVA LA PRA SAN FIERRO COM U CARRO
[10/07/2021 - 18:30:53] - Dúvida De Henrique_Games(ID:2): ANAO ADM COMO SAIO AGORA DAQUI
[10/07/2021 - 18:34:31] - Dúvida De Henrique_Games(ID:2): ADM EU ERA DA CV MAIS U SERVIDOR RESETO QUE ODIO
[10/07/2021 - 18:39:33] - Dúvida De Henrique_Games(ID:2): QUE ISSO ADM FIZ NADA MEU DEUS
[10/07/2021 - 18:40:03] - Relatorio De Carlos_Sales(ID:10): um
[10/07/2021 - 18:40:05] - Relatorio De alemao_noguira(ID:1): ajuda adm
[10/07/2021 - 18:40:14] - Dúvida De Carlos_Sales(ID:10): ah
[10/07/2021 - 19:55:30] - Dúvida De KABUTO_TRALHA(ID:0): algum adm ajuda aqui
[10/07/2021 - 20:09:52] - Dúvida De WILL_ALFREI(ID:17): da respawn ae
[10/07/2021 - 20:11:03] - Relatorio De F7_NXS(ID:25): adm spaw gug
[10/07/2021 - 20:11:09] - Relatorio De F7_NXS(ID:25): adm spaw bugado
[10/07/2021 - 20:15:09] - Relatorio De F7_NXS(ID:25): ADM SPAWWWW BUGADOOO
[10/07/2021 - 20:15:26] - Relatorio De F7_NXS(ID:25): ADM SPAWWWW BUGADOOO
[10/07/2021 - 20:15:46] - Relatorio De F7_NXS(ID:25): ADM SPAWWWW BUGADOOO
[10/07/2021 - 20:17:16] - Relatorio De F7_NXS(ID:25): ADM SPAWWWW BUGADOOO
[10/07/2021 - 21:45:42] - Dúvida De Mexicano_Tony(ID:9): onde fica a agencia de emprego
[10/07/2021 - 21:45:57] - Dúvida De Carlos_Sales(ID:12): na prefeitura
[10/07/2021 - 21:46:13] - Dúvida De Mexicano_Tony(ID:9): onde fica a agencia de emprego
[10/07/2021 - 22:19:04] - Dúvida De neguinX(ID:19): onde q  e  a  favela tdt
[11/07/2021 - 02:59:38] - Relatorio De lima_off(ID:5): como compro um bilhete
[11/07/2021 - 02:59:51] - Dúvida De lima_off(ID:5): como compro um bilhete
[11/07/2021 - 13:42:49] - Dúvida De JOAO_VITOR_YT(ID:0): tem alguma org sem lider pode ser neutra
[11/07/2021 - 16:41:43] - Dúvida De JOAO_VITOR_YT(ID:35): ADM PODE ME DAR UM CARRO DE INV TO GRAVANDO NO SV AI TA DIFICIL APE
[11/07/2021 - 16:42:16] - Dúvida De JOAO_VITOR_YT(ID:35): ADM PODE ME DAR UM CARRO DE INV TO GRAVANDO NO SV AI TA DIFICIL APE
[11/07/2021 - 17:09:20] - Dúvida De JOAO_VITOR_YT(ID:35): tem quantas fvl no sv ?
[11/07/2021 - 17:09:48] - Dúvida De Carlos_Sales(ID:15): 5 ORGS VAI TER FAVELA
[11/07/2021 - 17:42:09] - Dúvida De DBZ_SILVA(ID:6): como usa radinho voip!
[11/07/2021 - 17:42:13] - Dúvida De DBZ_SILVA(ID:6): como usa radinho voip?
[11/07/2021 - 18:36:17] - Dúvida De JOAO_VITOR_YT(ID:16): os YT ganha beneficios?
[11/07/2021 - 19:09:08] - Relatorio De Kayh(ID:29): adm ajuda buguei limbo.
[11/07/2021 - 19:49:13] - Relatorio De ALEMAO_(ID:26): adm ajuda aq pfr e urgente
[11/07/2021 - 20:00:17] - Relatorio De vitinho_sillva(ID:6): nois pode conversar
[11/07/2021 - 20:00:17] - Relatorio De vitinho_sillva(ID:6): nois pode conversar
[11/07/2021 - 20:00:27] - Relatorio De vitinho_sillva(ID:6): nois pode conversar
[11/07/2021 - 20:27:59] - Relatorio De ALEMAO_(ID:25): VGZIN VEM AQ PFR 
[11/07/2021 - 20:36:27] - Dúvida De ALEMAO_(ID:25): ai dm do sub da gropve bl
[11/07/2021 - 20:55:40] - Dúvida De WILL_ALFREI(ID:30): da rc ae
[11/07/2021 - 20:56:48] - Dúvida De ML_santos(ID:7): DA RC AI ADM
[11/07/2021 - 21:11:35] - Relatorio De Isaac_David(ID:4): MANO VC VIU O CARA ENTRANDO NA BASE? BATEU DE FRENTE UMAS 5 VEZES
[11/07/2021 - 21:12:12] - Relatorio De Isaac_David(ID:4): PRINTEI ELE ENTRAND NA BASE
[11/07/2021 - 21:41:41] - Dúvida De X9_PVP(ID:14): vem car kaua
[11/07/2021 - 21:49:21] - Dúvida De X9_PVP(ID:14): vem car adm
[11/07/2021 - 21:53:10] - Dúvida De X9_PVP(ID:14): vem car adm
[11/07/2021 - 21:53:37] - Dúvida De X9_PVP(ID:14): vem car adm ven car kaua
[11/07/2021 - 21:53:54] - Dúvida De X9_PVP(ID:14): vem car adm ven car kaua
[11/07/2021 - 21:53:58] - Dúvida De X9_PVP(ID:14): vem car adm ven car kaua
[12/07/2021 - 01:08:09] - Dúvida De Rafael_FPSx(ID:3): adm vcs podem setar meus amigos na gate? temos provas q eles sao da gate
[12/07/2021 - 01:08:51] - Dúvida De Rafael_FPSx(ID:3): adm pode setar meus amigos q entraram pra gate? o lider ta off, temos provas
[12/07/2021 - 03:45:09] - Relatorio De Isaac_David(ID:8): adm buguei da tp
[12/07/2021 - 14:23:27] - Relatorio De ALEMAO_(ID:5): adm me ajuda aq pfr e urgente
[12/07/2021 - 15:02:40] - Relatorio De Alex_souza_FPS(ID:17): roubaram meu cachorro
[12/07/2021 - 15:48:09] - Relatorio De Du_Hype(ID:23): sou da jagata mais minha teg bugou e nao consigo ir para a base 
[12/07/2021 - 15:52:20] - Relatorio De Willifergam(ID:22): ADMIN MINHAS ARMA BUGOU SUMIU TUDO
[12/07/2021 - 15:53:19] - Dúvida De Willifergam(ID:22): ADMIN MINHAS ARMA BUGOU SUMIU TUDO
[12/07/2021 - 16:39:48] - Relatorio De ALEMAO_(ID:5): ICARO VEM AQ PFR
[12/07/2021 - 17:09:04] - Dúvida De vitinho_sillva(ID:15): iniciante tem vip
[12/07/2021 - 17:09:12] - Dúvida De Carlos_Sales(ID:11): NAO
[12/07/2021 - 17:09:12] - Relatorio De Kauan_Santos(ID:7): n
[12/07/2021 - 17:25:48] - Dúvida De JOAO_VITOR_YT(ID:9): na to conseguindo pegar meu carro da conce e ja reloguei mesmo assim nao deu
[12/07/2021 - 17:44:14] - Dúvida De vitinho_sillva(ID:15): como compra level
[12/07/2021 - 17:46:44] - Relatorio De vitinho_sillva(ID:15): adm tira eu da onde eu to
[12/07/2021 - 18:21:51] - Relatorio De Rafael_FPSx(ID:4): ADM AJUDA A SAIR DO CAVEIRAO NSEI COMO
[12/07/2021 - 18:22:07] - Dúvida De Rafael_FPSx(ID:4): COMO SAI DA PARTE DE TRAS DO CAVEIRAO?
[12/07/2021 - 18:56:51] - Dúvida De vitinho_sillva(ID:26): como compra nivel
[12/07/2021 - 19:06:44] - Dúvida De vitinho_sillva(ID:26): como compra nivel
[12/07/2021 - 19:07:20] - Dúvida De vitinho_sillva(ID:26): como compra nivel
[12/07/2021 - 19:08:25] - Relatorio De Willifergam(ID:21): SMOKE E HACK E SO 1 TIRO OU E AIM BOT
[12/07/2021 - 19:30:43] - Relatorio De Willifergam(ID:21): ADM CRRO BUGOU AQUI VEM RAPIDO
[12/07/2021 - 19:31:27] - Relatorio De Willifergam(ID:21): ADM CRRO BUGOU AQUI VEM RAPIDO
[12/07/2021 - 20:20:23] - Relatorio De Willifergam(ID:7): ADM PUXA LADO DE FORA BUGUEI
[12/07/2021 - 20:20:45] - Relatorio De Willifergam(ID:7): ADM PUXA LADO DE FORA BUGUEI INVENTARIO NAO FECHA E NAO CONSIGO SAIR MANOO
[12/07/2021 - 20:45:51] - Relatorio De Willifergam(ID:16): ADM SETA BASE BUGUEI
[12/07/2021 - 20:46:00] - Relatorio De Willifergam(ID:16): CAMERA TRAVO
[12/07/2021 - 20:49:00] - Dúvida De Henrique_Franca(ID:8): ADM PORQUE AQUI NA BASE DA TROPA DA LACOSTE NAO TA SPAWN NANDO CARRO
[12/07/2021 - 21:16:38] - Relatorio De Rafinha_Brabo(ID:9): presciso dar minha licencas
[12/07/2021 - 21:41:43] - Relatorio De Willifergam(ID:0): COMO EU  VOU X1
[12/07/2021 - 23:43:52] - Dúvida De JOAO_VITOR_YT(ID:25): nao consigo spawnar os carro da conce
[12/07/2021 - 23:44:41] - Dúvida De JOAO_VITOR_YT(ID:25): nao consigo spawnar os carro da conce
[12/07/2021 - 23:45:37] - Dúvida De JOAO_VITOR_YT(ID:25): adm ja tentei nao da
[12/07/2021 - 23:46:49] - Dúvida De JOAO_VITOR_YT(ID:25): o adm nao da eu ja tentei xe tudoooooo
[12/07/2021 - 23:47:13] - Dúvida De JOAO_VITOR_YT(ID:25): onde e isso ?
[12/07/2021 - 23:48:42] - Dúvida De Soldado_Perigoso(ID:13): onde pego emprego
[12/07/2021 - 23:49:29] - Dúvida De JOAO_VITOR_YT(ID:25): cheguei adm oq faz ?
[12/07/2021 - 23:50:04] - Dúvida De JOAO_VITOR_YT(ID:25): qual o cmd ?
[12/07/2021 - 23:50:57] - Dúvida De JOAO_VITOR_YT(ID:25): nao deu adm 
[13/07/2021 - 00:07:27] - Dúvida De SAD_TRISTE1(ID:25): aonde ta tendo acao?
[13/07/2021 - 00:26:38] - Relatorio De edu_play(ID:32): policia matando na base da org
[13/07/2021 - 00:39:18] - Dúvida De Miguel_Donquixote(ID:5): Preciso de um Adm
[13/07/2021 - 00:40:05] - Relatorio De Miguel_Donquixote(ID:5): Preeeciso de um adm 
[13/07/2021 - 01:04:04] - Dúvida De JOAO_VITOR_YT(ID:17): O ADM QUANDO VAI RESOLVER O NEGOCIO DO MEU CARRO
[13/07/2021 - 01:04:26] - Dúvida De JOAO_VITOR_YT(ID:17): SE NAO FOR RESOLVER ME DA REENBOLSO Q COMPRO OUTRO
[13/07/2021 - 01:49:22] - Relatorio De Renato_Goncalves(ID:0): Vem ca o scripter, please.
[13/07/2021 - 05:01:28] - Dúvida De Haridade_pt(ID:12): adm pode vi aq por favor
[13/07/2021 - 06:04:46] - Dúvida De NHX_SHELBY(ID:10): VAI TOD MUNDO TOMAR NO CU
[13/07/2021 - 06:11:05] - Dúvida De NHX_SHELBY(ID:19): para mlk
[13/07/2021 - 06:11:37] - Dúvida De NHX_SHELBY(ID:19): vem call jugando 
[13/07/2021 - 06:11:57] - Dúvida De NHX_SHELBY(ID:19): vem call jugando 
[13/07/2021 - 06:13:09] - Dúvida De NHX_SHELBY(ID:19): para capeta
[13/07/2021 - 12:41:57] - Dúvida De ADRIANO_RJ(ID:0): adm ta ai
[13/07/2021 - 15:46:58] - Dúvida De Henrique_Franca(ID:2): BOBI PODE ASSLTAR CAIXA SOZINHO
[13/07/2021 - 17:07:18] - Relatorio De Tioh_TupacTV(ID:11): seguinte os policia me abordaram e explodiram meu carro com db
[13/07/2021 - 17:17:30] - Dúvida De JOAO_VITOR_YT(ID:21): ou vg e o negocio do veiculo la nao 
[13/07/2021 - 17:17:52] - Dúvida De JOAO_VITOR_YT(ID:21): dar pelomenos o reenbolso ai eu compro outro
[13/07/2021 - 17:36:28] - Dúvida De Alexandre_MTA(ID:5): qual cargo desub?
[13/07/2021 - 18:50:16] - Dúvida De vitinho_sillva(ID:32): adm se eu chamar 5 pessoas pa entra no server vcs da uma org
[13/07/2021 - 18:51:07] - Dúvida De vitinho_sillva(ID:32): blz
[13/07/2021 - 19:06:54] - Relatorio De ALEMAO_(ID:35): VG VEM AQ PR
[13/07/2021 - 19:08:36] - Dúvida De MATHEUS_RP(ID:2): adm como fala no bate papo?
[13/07/2021 - 19:09:00] - Dúvida De MATHEUS_RP(ID:2): e no pv?
[13/07/2021 - 19:09:43] - Dúvida De MATHEUS_RP(ID:2): vem ca vg
[13/07/2021 - 19:10:02] - Dúvida De MATHEUS_RP(ID:2): vem ca vg
[13/07/2021 - 19:12:20] - Dúvida De MATHEUS_RP(ID:2): vg 
[13/07/2021 - 19:19:05] - Dúvida De Henrique_Franca(ID:0): adm eu localizei um cara ele ta la na base dele eu posso i la e mata ele
[13/07/2021 - 19:19:20] - Dúvida De Henrique_Franca(ID:0): adm eu localizei um cara ele ta la na base dele eu posso i la e mata ele
[13/07/2021 - 19:20:55] - Dúvida De Henrique_Franca(ID:0): ADM SE EU MATA UM CARA NA BASE DELE ACONTECE OQUE
[13/07/2021 - 19:21:07] - Relatorio De Kauan_Santos(ID:5): e ban
[13/07/2021 - 19:23:58] - Dúvida De Henrique_Franca(ID:0): adm tipo assim se eu mata um cara na base dele acontece oque
[13/07/2021 - 19:24:09] - Relatorio De Kauan_Santos(ID:5): E BAN
[13/07/2021 - 20:39:55] - Relatorio De Rafinha_Brabo(ID:25): adm pista dominada dos jaguata e ninguem aq mt menos on
[13/07/2021 - 21:44:21] - Relatorio De Mascara.exe(ID:17): ADM ME AJUDA
[13/07/2021 - 21:46:14] - Dúvida De Mascara.exe(ID:17): A JAGATA E ALIADA DA TROPA DA LACOSTE  VOU FAZER CAIXINHA MAIS N SEI ONDE E A 
[13/07/2021 - 22:28:56] - Relatorio De The_ghost(ID:14): bug, por favor venham aqui
[13/07/2021 - 22:41:24] - Dúvida De MATHEUS_RP(ID:34): adm
[13/07/2021 - 22:41:36] - Dúvida De MATHEUS_RP(ID:34): adm
[13/07/2021 - 23:18:41] - Dúvida De MATHEUS_RP(ID:4): vg?
[13/07/2021 - 23:37:47] - Relatorio De Eric_Silva(ID:23): AJUDA,TO BUGADO PUXA, PRA FORA DO BICO
[13/07/2021 - 23:37:56] - Relatorio De Eric_Silva(ID:23): AJUDA,TO BUGADO PUXA, PRA FORA DO BINCO
[13/07/2021 - 23:49:44] - Relatorio De ALEMAO_(ID:0): ai adm poe eu nesse x1 au
[13/07/2021 - 23:52:14] - Dúvida De ALEMAO_(ID:0): cm chama a pessoa pro x1 ?
[14/07/2021 - 01:50:39] - Relatorio De The_ghost(ID:1): o cara matou no meio da negociacak
[14/07/2021 - 02:26:07] - Dúvida De edu_play(ID:7): como chama pro x1 ?
[14/07/2021 - 03:11:01] - Dúvida De PM.X9.pvp(ID:17): cair e to preso
[14/07/2021 - 03:11:20] - Relatorio De Kauan_Santos(ID:19): ;-;
[14/07/2021 - 04:29:09] - Dúvida De SilverL(ID:7): como fala chat global?
[14/07/2021 - 09:13:43] - Relatorio De will_alves(ID:3): adm ajuda
[14/07/2021 - 09:25:56] - Relatorio De Ridinei_pikaseca(ID:2): adm vem aki pfv
[14/07/2021 - 09:26:57] - Dúvida De Ridinei_pikaseca(ID:2): algum adm?
[14/07/2021 - 12:29:47] - Relatorio De Willifergam(ID:3): ADM VEM AQUI RAPIDIN
[14/07/2021 - 12:33:55] - Relatorio De Mascara.exe(ID:2): ADM MEU MINUTO AUMENTOOOOOOO NA CADEIA ADMM
[14/07/2021 - 15:09:07] - Relatorio De Mascara.exe(ID:16): aadmm tira cadeia adm nao ta contando minuto
[14/07/2021 - 16:24:07] - Relatorio De Luckyn_Beiramar(ID:21): preciso de um adm vem em mim prfvr
[14/07/2021 - 16:24:33] - Dúvida De Luckyn_Beiramar(ID:21): preciso de um adm vem aki em mim
[14/07/2021 - 17:32:32] - Relatorio De The_ghost(ID:14): preciso de atendimeto urgente
[14/07/2021 - 17:33:25] - Dúvida De The_ghost(ID:14): meu nivel bugou adm
[14/07/2021 - 18:05:40] - Relatorio De Eric_Silva(ID:10): ajuda tp
[14/07/2021 - 18:16:45] - Relatorio De Mascara.exe(ID:12): adm tira estrela tava treinando
[14/07/2021 - 18:49:23] - Relatorio De Rafinha_Brabo(ID:4): adm sicroniza aq
[14/07/2021 - 19:06:46] - Relatorio De Rafinha_Brabo(ID:4): adm os cara da rota me matando sem eu tar com procura
[14/07/2021 - 19:53:12] - Relatorio De ALEMAO_(ID:10): alemao_noguira vem aq pfr urgente
[14/07/2021 - 19:57:30] - Relatorio De ALEMAO_(ID:10): alemao_noguira vem aq agr pfr
[14/07/2021 - 19:58:47] - Relatorio De ALEMAO_(ID:21): alemao_noguira vem aq pfr
[14/07/2021 - 20:01:22] - Relatorio De RAPOZA_BB(ID:22): DA RC AI
[14/07/2021 - 20:04:48] - Relatorio De RAPOZA_BB(ID:2): cade rc
[14/07/2021 - 20:05:23] - Relatorio De RAPOZA_BB(ID:2): cade rc
[14/07/2021 - 20:23:06] - Relatorio De RAPOZA_BB(ID:5): da rc ai adm pfvv
[14/07/2021 - 20:24:00] - Relatorio De RAPOZA_BB(ID:5): da rc ai adm pfvv
[14/07/2021 - 20:29:23] - Relatorio De Mascara.exe(ID:14): DA RC ADM SEM CAERRO BASE PRA ACAO
[14/07/2021 - 20:39:01] - Relatorio De Mascara.exe(ID:14): ADMMMMMMM DA RCCCCCCCC
[14/07/2021 - 20:39:03] - Relatorio De Mascara.exe(ID:14): ADMMMMMMM DA RCCCCCCCC
[14/07/2021 - 20:39:04] - Relatorio De Mascara.exe(ID:14): ADMMMMMMM DA RCCCCCCCC
[14/07/2021 - 20:39:04] - Relatorio De Mascara.exe(ID:14): ADMMMMMMM DA RCCCCCCCC
[14/07/2021 - 20:39:06] - Relatorio De Mascara.exe(ID:14): ADMMMMMMM DA RCCCCCCCC
[14/07/2021 - 21:30:52] - Relatorio De Mascara.exe(ID:37): ALEMAO VEM EM MIM OU MALOKA VEM EM MIM
[14/07/2021 - 21:38:28] - Relatorio De Mascara.exe(ID:37): DA 10 MINUTOS DE CADEIA ADM AII
[14/07/2021 - 21:39:26] - Relatorio De Mascara.exe(ID:37): DA 10 MINUTOS DE CADEIA ADM AII
[14/07/2021 - 21:39:27] - Relatorio De Mascara.exe(ID:37): DA 10 MINUTOS DE CADEIA ADM AII
[14/07/2021 - 21:39:28] - Relatorio De Mascara.exe(ID:37): DA 10 MINUTOS DE CADEIA ADM AII
[14/07/2021 - 21:39:28] - Relatorio De Mascara.exe(ID:37): DA 10 MINUTOS DE CADEIA ADM AII
[14/07/2021 - 22:10:06] - Relatorio De RAPOZA_BB(ID:5): da rrccc
[14/07/2021 - 22:14:17] - Relatorio De RAPOZA_BB(ID:5): adm pfv da rc
[14/07/2021 - 22:15:17] - Relatorio De RAPOZA_BB(ID:5): adm pfv da rc
[14/07/2021 - 22:25:45] - Dúvida De Otavio_Alves(ID:31): adm eu comprei uma arma so q quando voltei perdi ela
[14/07/2021 - 22:26:02] - Relatorio De RAPOZA_BB(ID:28): ADM DA RC PFV
[14/07/2021 - 22:31:25] - Relatorio De RAPOZA_BB(ID:28): vg da rc
[14/07/2021 - 23:08:34] - Relatorio De Isaac_David(ID:32): ADM AJUDA AQUI
[15/07/2021 - 00:29:04] - Relatorio De David_Moura(ID:1): 24/7 e safe?
[15/07/2021 - 00:29:20] - Dúvida De David_Moura(ID:1): 24/7 e safe?
[15/07/2021 - 00:44:45] - Relatorio De Isaac_David(ID:6): ADM ESSE CARA DOS BALLAS LUPPEX SLA ATROPELANDO DE MOTO
[15/07/2021 - 00:50:44] - Dúvida De David_Moura(ID:1): KAUAN COLA AQUI
[15/07/2021 - 01:13:06] - Dúvida De Henrique_Franca(ID:19): ADN VEM CA
[15/07/2021 - 01:18:11] - Dúvida De Henrique_Franca(ID:19): ADM JAOZINHO QUE FOI
[15/07/2021 - 01:18:33] - Dúvida De Henrique_Franca(ID:19): COMO ASSIM
[15/07/2021 - 01:18:51] - Dúvida De Henrique_Franca(ID:19): TU TEM UMA GASOLINA AI
[15/07/2021 - 01:22:14] - Relatorio De Arcanjo_Leal(ID:35): amin vem ate mim por favor
[15/07/2021 - 01:40:50] - Dúvida De L7_TA_TRISTE1(ID:31): vggg diabo ruim
[15/07/2021 - 01:41:17] - Dúvida De L7_TA_TRISTE1(ID:31): entrei pra cv ksksks
[15/07/2021 - 01:46:59] - Relatorio De Abinadabe_Braga(ID:11): da rc tamo sem vtr
[15/07/2021 - 01:55:05] - Dúvida De L7_TA_TRISTE1(ID:20): vg?
[15/07/2021 - 02:14:21] - Dúvida De L7_TA_TRISTE1(ID:39): vg amor?
[15/07/2021 - 02:15:10] - Dúvida De L7_TA_TRISTE1(ID:39): ou algum adm da um carro pra eu?
[15/07/2021 - 02:16:14] - Dúvida De L7_TA_TRISTE1(ID:39): admmm
[15/07/2021 - 02:39:10] - Dúvida De Mascara.exe(ID:37): adm pode ir se fuder porque nao me tira da prisssao
[15/07/2021 - 02:39:46] - Dúvida De Mascara.exe(ID:37): serio vgzinn me tira da prisao meno namoral memo
[15/07/2021 - 03:16:38] - Dúvida De Alexandre_MTA(ID:27): adm pode acao com 3 pssoa?
[15/07/2021 - 03:18:21] - Dúvida De Alexandre_MTA(ID:27): kauan agora tem 4 pode?
[15/07/2021 - 04:01:32] - Relatorio De insane_(ID:6): VEM AJUDAR
[15/07/2021 - 13:52:33] - Dúvida De NK_Duart(ID:7): da nc nois carros
[15/07/2021 - 15:03:58] - Relatorio De RAPOZA_BB(ID:1): qual e o ip 
[15/07/2021 - 15:35:02] - Relatorio De RAPOZA_BB(ID:11): da rc ai adm
[15/07/2021 - 16:56:35] - Relatorio De FBZINM(ID:15): opa so,novo aqui cm pega enprego na pizzaboys
[15/07/2021 - 18:59:39] - Dúvida De Jaozin_Silva(ID:3): alguem me tira daq
[15/07/2021 - 19:00:40] - Dúvida De Jaozin_Silva(ID:3): alguem me tira daq
[15/07/2021 - 19:19:27] - Dúvida De Jaozin_Silva(ID:3): comprei  uma moto aq ta falando que e vtr policial k
[15/07/2021 - 21:10:14] - Relatorio De Mascara.exe2(ID:7): alex abusando de poder vgzin
[15/07/2021 - 21:14:14] - Relatorio De will_alves(ID:3): vem ca
[15/07/2021 - 21:44:41] - Dúvida De mascarado_adm(ID:22): posso matar um policial quando ele e grossl cmg
[15/07/2021 - 22:39:14] - Relatorio De MANDRAKA(ID:5): alguem me desbuga
[15/07/2021 - 22:39:35] - Relatorio De MANDRAKA(ID:5): alguem me desbuga
[15/07/2021 - 22:40:34] - Relatorio De MANDRAKA(ID:5): alguem me desbuga
[15/07/2021 - 22:40:35] - Relatorio De MANDRAKA(ID:5): alguem me desbuga
[15/07/2021 - 22:40:50] - Relatorio De MANDRAKA(ID:5): alguem me desbuga
[16/07/2021 - 01:28:59] - Relatorio De Dr4XxX(ID:23): cadeia adm bugada
[16/07/2021 - 04:23:06] - Relatorio De insane_(ID:2): ajuda aqui adm
[16/07/2021 - 04:54:44] - Relatorio De Gago.du.pvpaxx.$(ID:8): adm fui preso por 30 minutos mais nem atirei nos pm
[16/07/2021 - 04:55:31] - Dúvida De Gago.du.pvpaxx.$(ID:8): adm fui  preso por 30 minutos pq?
[16/07/2021 - 13:15:08] - Relatorio De brasilfpss(ID:6): to preso dentro da loja puxa ae
[16/07/2021 - 13:28:01] - Relatorio De Duartex_(ID:0): OI NATAN BLZ KKKS
[16/07/2021 - 13:37:23] - Relatorio De Duartex_(ID:0): COMO VEJO AONDE TA MEU CARRO?
[16/07/2021 - 13:56:06] - Relatorio De brasilfpss(ID:6): como vendo meu carro?
[16/07/2021 - 14:19:13] - Dúvida De brasilfpss(ID:1): tem como vender um carro?
[16/07/2021 - 14:42:00] - Relatorio De brasilfpss(ID:1): preciso de ajuda comprei um carro so que diz que nao tenho um
[16/07/2021 - 15:47:04] - Relatorio De Mascara.EXE(ID:0): adm leva pra loterica rapido natan
[16/07/2021 - 15:47:23] - Relatorio De Mascara.EXE(ID:0): org ta bugada vo sair e entra novamente
[16/07/2021 - 15:56:57] - Relatorio De Mascara.EXE(ID:0): natan puxa esse paizao matou
[16/07/2021 - 17:28:30] - Relatorio De Duartex_(ID:18): COMO VEJO PMS ON?
[16/07/2021 - 17:29:27] - Relatorio De Duartex_(ID:18): caixinha de 2 pode?
[16/07/2021 - 17:30:25] - Relatorio De Duartex_(ID:18): caixinha de 2 pode?
[16/07/2021 - 17:32:47] - Relatorio De Duartex_(ID:18): caixinha de 2 pode?
[16/07/2021 - 18:07:55] - Dúvida De TEJOTA_JUNIOR(ID:20): o voip ta funcionando
[16/07/2021 - 18:08:37] - Dúvida De TEJOTA_JUNIOR(ID:20): blz
[16/07/2021 - 18:12:24] - Relatorio De Duartex_(ID:6): ADM ID 26 solta ele pfvr
[16/07/2021 - 18:12:37] - Relatorio De Duartex_(ID:6): ADM ID 26 solta ele pfvr TE AMU
[16/07/2021 - 19:03:20] - Relatorio De Mascara.EXE(ID:32): VG ID 11 E HACK DE MINIGUN E NAO MORERE
[16/07/2021 - 19:07:43] - Relatorio De Duartex_(ID:14): id 5 god
[16/07/2021 - 19:07:57] - Relatorio De Leox_(ID:31): 5 god life
[16/07/2021 - 19:55:25] - Relatorio De Duartex_(ID:9): foi mal pelo,dm
[16/07/2021 - 20:00:28] - Relatorio De Leox_(ID:16): ADM VEMC A
[16/07/2021 - 20:00:31] - Relatorio De Leox_(ID:16): ADM VEM CA
[16/07/2021 - 20:00:38] - Dúvida De Leox_(ID:16): ADM VEM CA
[16/07/2021 - 20:10:01] - Relatorio De Eric_Silva(ID:5): ajuda tp meio urgente
[16/07/2021 - 20:10:10] - Dúvida De Eric_Silva(ID:5): tp adm
[16/07/2021 - 20:23:36] - Relatorio De Duartex_(ID:3): ADM PFVR ME,SOLTA PROMETO,NAO ERRA DNV
[16/07/2021 - 20:25:50] - Relatorio De Duartex_(ID:3): so queria jogar 1h preso mt coisa
[16/07/2021 - 20:38:56] - Relatorio De Duartex_(ID:3): poxa tava fijindo
[16/07/2021 - 20:39:05] - Relatorio De Duartex_(ID:3): atrapalho meu rp
[16/07/2021 - 20:39:24] - Relatorio De Duartex_(ID:3): vem aki tp
[16/07/2021 - 20:39:33] - Relatorio De Duartex_(ID:3): coisa rapida
[16/07/2021 - 20:41:26] - Relatorio De Duartex_(ID:3): corre ate aki
[16/07/2021 - 20:45:14] - Relatorio De Mascara.EXE(ID:7): VG ESSE LEOS E CBUG DE PROGRAMA EM PE
[16/07/2021 - 20:49:28] - Relatorio De Duartex_(ID:3): pode flar sou melhor prisioneiro ne
[16/07/2021 - 20:52:21] - Dúvida De Duartex_(ID:3): OI
[16/07/2021 - 20:54:17] - Relatorio De Duartex_(ID:3): me leva ate caixinha dps me respaw pfvr
[16/07/2021 - 20:55:36] - Relatorio De Duartex_(ID:3): joga o nmr 7 na loteria se eu ganhar divifi ok?
[16/07/2021 - 20:57:17] - Relatorio De Duartex_(ID:3): joga o nmr 7 na loteria se eu ganhar divifi ok?
[16/07/2021 - 20:57:25] - Relatorio De Duartex_(ID:3): joga o nmr 7 na loteria se eu ganhar divifi ok
[16/07/2021 - 20:58:29] - Relatorio De Duartex_(ID:3): joga o nmr 7 na loteria se eu ganhar divifi ok
[16/07/2021 - 21:11:10] - Relatorio De Leox_(ID:2): adm qual cmd para estacionar veiculo
[16/07/2021 - 21:11:20] - Dúvida De Leox_(ID:2): adm qual cmd para estacionar veiculo
[16/07/2021 - 21:46:37] - Relatorio De Mascara.EXE(ID:6): ADM VEM EM MIM BUGOU O CARRO
[16/07/2021 - 21:47:38] - Relatorio De Mascara.EXE(ID:6): ADM VEM EM MIM BUGOU O CARRO
[16/07/2021 - 21:47:38] - Relatorio De Mascara.EXE(ID:6): ADM VEM EM MIM BUGOU O CARRO
[16/07/2021 - 21:47:39] - Relatorio De Mascara.EXE(ID:6): ADM VEM EM MIM BUGOU O CARRO
[16/07/2021 - 21:47:39] - Relatorio De Mascara.EXE(ID:6): ADM VEM EM MIM BUGOU O CARRO
[16/07/2021 - 21:47:40] - Relatorio De Mascara.EXE(ID:6): ADM VEM EM MIM BUGOU O CARRO
[16/07/2021 - 21:47:45] - Relatorio De Mascara.EXE(ID:6): ADM VEM EM MIM BUGOU O CARRO
[16/07/2021 - 22:03:00] - Relatorio De Isaac_David(ID:8): ADM DA TP POR FAVOR
[16/07/2021 - 22:48:11] - Relatorio De Duartex_(ID:0): hoje
[16/07/2021 - 22:48:27] - Relatorio De Duartex_(ID:0): 1h carandiru
[17/07/2021 - 01:03:34] - Relatorio De Dr4XxX(ID:5): MUDA CLIMA
[27/05/2024 - 00:59:04] - Relatorio De Apxgui(ID:0): cor
[27/05/2024 - 01:45:31] - Dúvida De Apxgui(ID:0): eu
