[28/02/2020 - 11:53:32] - [EDITAR] Admin cloZe editou horas jogadas:[349] em: cloZe
[28/02/2020 - 12:23:20] - [EDITAR] Admin cloZe editou horas jogadas:[349] em: winRAR
[29/02/2020 - 00:02:14] - [EDITAR] Admin winRAR editou level:[24] em: winRAR
[29/02/2020 - 00:02:21] - [EDITAR] Admin winRAR editou level:[-3] em: winRAR
[29/02/2020 - 00:02:33] - [EDITAR] Admin winRAR editou level:[500] em: winRAR
[29/02/2020 - 00:02:46] - [EDITAR] Admin winRAR editou level:[1341] em: winRAR
[29/02/2020 - 00:02:52] - [EDITAR] Admin winRAR editou level:[222] em: winRAR
[29/02/2020 - 00:02:57] - [EDITAR] Admin winRAR editou level:[24] em: winRAR
[29/02/2020 - 00:09:44] - [EDITAR] Admin cloZe editou Moedas:[1000] em: winRAR.
[29/02/2020 - 00:09:49] - [EDITAR] Admin cloZe editou Moedas:[1000] em: cloZe.
[02/03/2020 - 21:07:34] - [EDITAR] Admin cloZe editou Moedas:[100] em: cloZe.
[02/03/2020 - 21:07:37] - [EDITAR] Admin cloZe editou Moedas:[1000] em: cloZe.
[23/03/2020 - 00:12:01] - [EDITAR] Admin cloZe editou level:[25] em: cloZe
[23/06/2021 - 20:23:57] - [EDITAR] Admin Nike_exe editou level:[9] em: Nike_exe
[23/06/2021 - 20:24:08] - [EDITAR] Admin Nike_exe editou horas jogadas:[50] em: Nike_exe
[25/06/2021 - 16:59:42] - [EDITAR] Admin Vgzinn_Zs editou vip:[2] em: Riquelme_Emanuel
[25/06/2021 - 17:01:16] - [EDITAR] Admin Vgzinn_Zs editou vip:[2] em: Riquelme_Emanuel
[25/06/2021 - 17:01:27] - [EDITAR] Admin Vgzinn_Zs editou dias vip:[20] em: Riquelme_Emanuel
[27/06/2021 - 18:42:59] - [EDITAR] Admin Vgzinn editou dias vip:[0] em: Vgzinn
[30/06/2021 - 01:03:19] - [EDITAR] Admin Vgzinn editou level:[100] em: Vgzinn
[30/06/2021 - 15:59:46] - [EDITAR] Admin Vgzinn editou dias vip:[2] em: Jaozin_Silva
[30/06/2021 - 21:31:41] - [EDITAR] Admin Vgzinn editou horas jogadas:[100] em: Vgzinn
[04/07/2021 - 23:19:01] - [EDITAR] Admin ICARO_Walker editou level:[100] em: ICARO_Walker
[04/07/2021 - 23:19:34] - [EDITAR] Admin ICARO_Walker editou horas jogadas:[100] em: ICARO_Walker
[05/07/2021 - 19:14:22] - [EDITAR] Admin ICARO_Walker editou horas jogadas:[5] em: carioca_zk
[05/07/2021 - 19:19:37] - [EDITAR] Admin ICARO_Walker editou horas jogadas:[5] em: OROCHI_RP
[08/07/2021 - 02:49:54] - [EDITAR] Admin FalconZinn7S editou level:[1] em: FalconZinn7S
[08/07/2021 - 02:49:59] - [EDITAR] Admin FalconZinn7S editou level:[30] em: FalconZinn7S
[08/07/2021 - 13:40:56] - [EDITAR] Admin alemao_noguira editou a conta bancária:[80000] em: 	Parlota_Lcs(Valor bancário antigo era de )
[11/07/2021 - 02:48:16] - [EDITAR] Admin Vgzinn editou level:[10] em: bruno_tcp
[11/07/2021 - 02:48:24] - [EDITAR] Admin Vgzinn editou level:[10] em: Guh
[12/07/2021 - 14:50:31] - [EDITAR] Admin ICARO_Walker editou level:[5] em: Moreno_MdM
[15/07/2021 - 19:03:13] - [EDITAR] Admin Vgzinn editou dias vip:[0] em: Jaozin_Silva
[23/05/2024 - 14:00:59] - [EDITAR] Admin juninnskasd editou level:[8] em: juninnskasd
[23/05/2024 - 18:35:42] - [EDITAR] Admin juninnskasd editou Diamantes:[900] em: juninnskasd.
[24/05/2024 - 03:53:26] - [EDITAR] Admin Juan_Antonny editou level:[20] em: Juan_Antonny
[25/05/2024 - 22:54:56] - [EDITAR] Admin Juan_Antonnyy editou Diamantes:[90] em: Juan_Antonnyy.
[27/05/2024 - 17:54:48] - [EDITAR] Admin Apxgui editou Diamantes:[23232] em: Apxgui.
[28/05/2024 - 08:04:35] - [EDITAR] Admin Apxgui editou level:[50] em: Apxgui
[29/05/2024 - 00:06:41] - [EDITAR] Admin Apxgui editou horas jogadas:[90] em: Apxgui
[02/06/2024 - 22:52:53] - [EDITAR] Admin apxgui editou Diamantes:[0] em: apxgui.
[02/06/2024 - 23:25:15] - [EDITAR] Admin apxgui editou Diamantes:[9999999] em: apxgui.
[02/06/2024 - 23:25:17] - [EDITAR] Admin apxgui editou Diamantes:[99999992] em: apxgui.
[02/06/2024 - 23:25:18] - [EDITAR] Admin apxgui editou Diamantes:[999999923] em: apxgui.
[02/06/2024 - 23:25:20] - [EDITAR] Admin apxgui editou Diamantes:[1410064642] em: apxgui.
[02/06/2024 - 23:25:23] - [EDITAR] Admin apxgui editou Diamantes:[99999] em: apxgui.
[02/06/2024 - 23:25:25] - [EDITAR] Admin apxgui editou Diamantes:[99] em: apxgui.
[02/06/2024 - 23:25:28] - [EDITAR] Admin apxgui editou Diamantes:[1] em: apxgui.
[05/06/2024 - 02:45:24] - [EDITAR] Admin Apxgui editou level:[90] em: Apxgui
[06/06/2024 - 02:10:47] - [EDITAR] Admin Apxgui editou Diamantes:[12] em: Apxgui.
[07/06/2024 - 15:20:14] - [EDITAR] Admin Bahianinho_do_Picao editou Diamantes:[25] em: Bahianinho_do_Picao.
[07/06/2024 - 15:20:24] - [EDITAR] Admin Bahianinho_do_Picao editou Diamantes:[0] em: Bahianinho_do_Picao.
[09/06/2024 - 06:43:09] - [EDITAR] Admin Apxgui_do69 editou Diamantes:[15] em: Apxgui_do69.
[09/06/2024 - 07:23:08] - [EDITAR] Admin Apxgui_do69 editou Diamantes:[15] em: Apxgui_do69.
[10/06/2024 - 07:06:37] - [EDITAR] Admin Apxgui editou Diamantes:[35] em: Apxgui.
[10/06/2024 - 09:39:05] - [EDITAR] Admin apxgui_entrou editou level:[20] em: apxgui_entrou
[10/06/2024 - 09:39:10] - [EDITAR] Admin apxgui_entrou editou horas jogadas:[20] em: apxgui_entrou
[10/06/2024 - 21:00:22] - [EDITAR] Admin picapau editou level:[2] em: picapau
[10/06/2024 - 21:00:25] - [EDITAR] Admin picapau editou level:[5] em: picapau
[11/06/2024 - 11:23:22] - [EDITAR] Admin Apxgui editou Diamantes:[100] em: Apxgui.
[12/06/2024 - 13:33:13] - [EDITAR] Admin Apxgui editou Diamantes:[5] em: Apxgui.
[12/06/2024 - 13:33:16] - [EDITAR] Admin Apxgui editou Diamantes:[4] em: Apxgui.
[12/06/2024 - 15:38:51] - [EDITAR] Admin Apxgui12 editou level:[30] em: Apxgui12
[12/06/2024 - 15:48:56] - [EDITAR] Admin Apxgui12 editou Diamantes:[90] em: Apxgui12.
[12/06/2024 - 16:19:08] - [EDITAR] Admin Apxgui12 editou Coins:[400] em: Apxgui12.
[12/06/2024 - 16:19:12] - [EDITAR] Admin Apxgui12 editou Coins:[499] em: Apxgui12.
[12/06/2024 - 16:19:15] - [EDITAR] Admin Apxgui12 editou Coins:[500] em: Apxgui12.
[12/06/2024 - 16:19:34] - [EDITAR] Admin Apxgui12 editou Coins:[600] em: Apxgui12.
[15/06/2024 - 12:37:13] - [EDITAR] Admin Apx editou Coins:[35] em: Apx.
[15/06/2024 - 13:14:39] - [EDITAR] Admin Apx editou horas jogadas:[90] em: Apx
[15/06/2024 - 13:27:02] - [EDITAR] Admin Apx editou Coins:[30] em: Apx.
[16/06/2024 - 21:56:51] - [EDITAR] Admin Junio_Fenomeno editou Coins:[1] em: Junio_Fenomeno.
[17/06/2024 - 03:21:15] - [EDITAR] Admin Junio_Fenomeno editou Coins:[30] em: Junio_Fenomeno.
[17/06/2024 - 03:26:54] - [EDITAR] Admin Junio_Fenomeno editou Coins:[900] em: Junio_Fenomeno.
[20/06/2024 - 01:35:03] - [EDITAR] Admin Apxgui editou Coins:[900] em: Apxgui.
[01/07/2024 - 17:54:10] - [EDITAR] Admin Apxgui editou Coins:[90] em: Apxgui.
[01/07/2024 - 17:54:25] - [EDITAR] Admin Apxgui editou Coins:[90] em: Apxgui.
[01/07/2024 - 17:54:26] - [EDITAR] Admin Apxgui editou Coins:[90] em: Apxgui.
[01/07/2024 - 17:54:34] - [EDITAR] Admin Apxgui editou Coins:[900] em: Apxgui.
[01/07/2024 - 18:10:37] - [EDITAR] Admin Apxgui_Scripter editou Coins:[900] em: Apxgui_Scripter.
[01/07/2024 - 18:19:41] - [EDITAR] Admin Apxgui_Scripterr editou level:[90] em: Apxgui_Scripterr
[10/02/2025 - 15:31:37] - [EDITAR] Admin Guilherme_Antonio editou Coins:[1] em: Guilherme_Antonio.
[10/02/2025 - 15:31:44] - [EDITAR] Admin Guilherme_Antonio editou level:[20] em: Guilherme_Antonio
[11/02/2025 - 04:12:16] - [EDITAR] Admin Guilherme_Santiago editou Coins:[90] em: Guilherme_Santiago.
[18/02/2025 - 03:11:32] - [EDITAR] Admin Guilherme_Antonio editou Coins:[45] em: Guilherme_Antonio.
[18/02/2025 - 08:55:10] - [EDITAR] Admin Guilherme_Antonio editou Coins:[900] em: Guilherme_Antonio.
[21/02/2025 - 04:56:32] - [EDITAR] Admin zApxgui_Street editou Coins:[1] em: zApxgui_Street.
[21/02/2025 - 23:16:42] - {B0E0E6}Server: o staff zApxgui_Street setou level [2] no(a) player: zApxgui_Street
[24/02/2025 - 16:39:35] - {B0E0E6}Server: o staff zApxgui_Street setou bitcoins:[900000] no(a) player: zApxgui_Street.
[24/02/2025 - 16:39:41] - {B0E0E6}Server: o staff zApxgui_Street setou bitcoins:[900] no(a) player: zApxgui_Street.
[24/02/2025 - 16:39:45] - {B0E0E6}Server: o staff zApxgui_Street setou bitcoins:[888] no(a) player: zApxgui_Street.
