[01/05/2019 - 21:24:17] - Admin: BerN Reiniciou o Servidor!
[01/05/2019 - 21:29:02] - Admin: BerN Reiniciou o Servidor!
[27/02/2020 - 20:44:21] - Admin: Diego_Rangel Reiniciou o Servidor!
[27/02/2020 - 20:55:12] - 
[27/02/2020 - 20:57:10] - Admin: Diego_Rangel Reiniciou o Servidor!
[27/02/2020 - 21:03:16] - Admin: cloZe Reiniciou o Servidor!
[27/02/2020 - 21:05:13] - Admin: cloZe Reiniciou o Servidor!
[28/02/2020 - 11:06:41] - Admin: cloZe Reiniciou o Servidor!
[28/02/2020 - 12:19:21] - Admin: cloZe Reiniciou o Servidor!
[28/02/2020 - 12:47:01] - Admin: cloZe Reiniciou o Servidor!
[28/02/2020 - 12:53:28] - Admin: cloZe Reiniciou o Servidor!
[28/02/2020 - 13:07:42] - Admin: cloZe Reiniciou o Servidor!
[28/02/2020 - 13:24:12] - Admin: cloZe Reiniciou o Servidor!
[28/02/2020 - 23:30:30] - Admin: cloZe Reiniciou o Servidor!
[01/03/2020 - 13:43:58] - Admin: cloZe Reiniciou o Servidor!
[01/03/2020 - 13:54:35] - Admin: cloZe Reiniciou o Servidor!
[05/03/2020 - 11:36:50] - Admin: cloZe Reiniciou o Servidor!
[14/04/2020 - 01:20:19] - Admin: cloZe Reiniciou o Servidor!
[21/04/2020 - 21:59:40] - Admin: cloZe Reiniciou o Servidor!
[21/04/2020 - 22:39:56] - Admin: cloZe Reiniciou o Servidor!
[01/05/2020 - 23:07:40] - Admin: cloZe Reiniciou o Servidor!
[01/05/2020 - 23:11:58] - Admin: cloZe Reiniciou o Servidor!
[19/06/2021 - 20:37:35] - Admin: Vgzinn Reiniciou o Servidor!
[20/06/2021 - 00:46:37] - Admin: Vgzinn Reiniciou o Servidor!
[20/06/2021 - 01:36:08] - Admin: Vgzinn Reiniciou o Servidor!
[20/06/2021 - 19:59:34] - Admin: Vgzinn Reiniciou o Servidor!
[20/06/2021 - 20:01:38] - Admin: Vgzinn Reiniciou o Servidor!
[20/06/2021 - 20:48:04] - Admin: Vgzinn Reiniciou o Servidor!
[20/06/2021 - 21:36:27] - Admin: Vgzinn Reiniciou o Servidor!
[20/06/2021 - 22:15:51] - Admin: Vgzinn Reiniciou o Servidor!
[20/06/2021 - 22:32:50] - 
[20/06/2021 - 22:33:09] - Admin: Vgzinn Reiniciou o Servidor!
[20/06/2021 - 22:35:42] - 
[21/06/2021 - 00:44:52] - Admin: Vgzinn Reiniciou o Servidor!
[21/06/2021 - 01:05:29] - Admin: Vgzinn Reiniciou o Servidor!
[21/06/2021 - 03:21:49] - Admin: Vgzinn Reiniciou o Servidor!
[21/06/2021 - 03:37:43] - Admin: Vgzinn Reiniciou o Servidor!
[21/06/2021 - 04:02:25] - Admin: Nike_exe Reiniciou o Servidor!
[21/06/2021 - 04:39:06] - Admin: Vgzinn Reiniciou o Servidor!
[21/06/2021 - 05:08:57] - Admin: Vgzinn Reiniciou o Servidor!
[21/06/2021 - 05:09:46] - Admin: Vgzinn Reiniciou o Servidor!
[21/06/2021 - 05:17:31] - Admin: Vgzinn Reiniciou o Servidor!
[21/06/2021 - 05:24:08] - Admin: Vgzinn Reiniciou o Servidor!
[21/06/2021 - 05:29:05] - Admin: Vgzinn Reiniciou o Servidor!
[21/06/2021 - 05:32:08] - Admin: Vgzinn Reiniciou o Servidor!
[21/06/2021 - 05:38:09] - Admin: Vgzinn Reiniciou o Servidor!
[21/06/2021 - 05:41:54] - Admin: Vgzinn Reiniciou o Servidor!
[21/06/2021 - 05:45:04] - Admin: Vgzinn Reiniciou o Servidor!
[21/06/2021 - 05:48:15] - Admin: Vgzinn Reiniciou o Servidor!
[21/06/2021 - 06:07:18] - Admin: Vgzinn Reiniciou o Servidor!
[21/06/2021 - 16:01:28] - Admin: Vgzinn Reiniciou o Servidor!
[21/06/2021 - 16:04:52] - Admin: Vgzinn Reiniciou o Servidor!
[21/06/2021 - 16:16:44] - Admin: Vgzinn Reiniciou o Servidor!
[21/06/2021 - 16:21:09] - Admin: Vgzinn Reiniciou o Servidor!
[21/06/2021 - 16:25:44] - Admin: Vgzinn Reiniciou o Servidor!
[21/06/2021 - 16:31:53] - Admin: Vgzinn Reiniciou o Servidor!
[21/06/2021 - 16:40:18] - Admin: Vgzinn Reiniciou o Servidor!
[21/06/2021 - 16:42:48] - Admin: Vgzinn Reiniciou o Servidor!
[21/06/2021 - 17:25:09] - Admin: Vgzinn Reiniciou o Servidor!
[21/06/2021 - 17:42:12] - Admin: Vgzinn Reiniciou o Servidor!
[22/06/2021 - 00:15:27] - Admin: Vgzinn_Zs Reiniciou o Servidor!
[22/06/2021 - 18:30:39] - Admin: Vgzinn_Zs Reiniciou o Servidor!
[24/06/2021 - 15:25:51] - Admin: Vgzinn_Zs Reiniciou o Servidor!
[24/06/2021 - 21:24:23] - Admin: Vgzinn_Zs Reiniciou o Servidor!
[24/06/2021 - 23:23:17] - Admin: Vgzinn_Zs Reiniciou o Servidor!
[25/06/2021 - 16:03:31] - Admin: Vgzinn_Zs Reiniciou o Servidor!
[25/06/2021 - 16:09:36] - Admin: Vgzinn_Zs Reiniciou o Servidor!
[28/06/2021 - 21:29:26] - Admin: Vgzinn Reiniciou o Servidor!
[01/07/2021 - 20:46:32] - Admin: Vgzinn Reiniciou o Servidor!
[02/07/2021 - 02:34:06] - Admin: Vgzinn Reiniciou o Servidor!
[02/07/2021 - 19:45:11] - Admin: Vgzinn Reiniciou o Servidor!
[03/07/2021 - 02:08:50] - 
[04/07/2021 - 20:42:56] - Admin: Vgzinn Reiniciou o Servidor!
[04/07/2021 - 20:53:01] - Admin: Vgzinn Reiniciou o Servidor!
[05/07/2021 - 02:01:20] - Admin: Vgzinn Reiniciou o Servidor!
[05/07/2021 - 02:32:11] - 
[05/07/2021 - 02:58:50] - Admin: Vgzinn Reiniciou o Servidor!
[05/07/2021 - 03:08:31] - Admin: Vgzinn Reiniciou o Servidor!
[05/07/2021 - 03:43:09] - Admin: Vgzinn Reiniciou o Servidor!
[11/07/2021 - 04:38:52] - 
[13/07/2021 - 04:48:06] - 
[13/07/2021 - 23:21:48] - 
[16/07/2021 - 03:36:53] - 
[26/05/2024 - 00:18:15] - Admin: Juan_Antonnyy Reiniciou o Servidor!
[26/05/2024 - 09:50:10] - Admin: Juan_Antonnyy Reiniciou o Servidor!
[26/05/2024 - 09:58:41] - Admin: Juan_Antonnyy Reiniciou o Servidor!
[26/05/2024 - 19:51:31] - Admin: Apxgui Reiniciou o Servidor!
[26/05/2024 - 19:58:54] - Admin: Apxgui Reiniciou o Servidor!
[26/05/2024 - 20:03:30] - Admin: Apxgui Reiniciou o Servidor!
[26/05/2024 - 20:07:10] - Admin: Apxgui Reiniciou o Servidor!
[26/05/2024 - 20:10:31] - Admin: Apxgui Reiniciou o Servidor!
[27/05/2024 - 01:08:22] - Admin: Apxgui Reiniciou o Servidor!
[27/05/2024 - 03:42:06] - Admin: Apxgui Reiniciou o Servidor!
[28/05/2024 - 08:34:01] - Admin: Apxgui Reiniciou o Servidor!
[28/05/2024 - 08:55:37] - Admin: Apxgui Reiniciou o Servidor!
[28/05/2024 - 11:38:16] - Admin: Apxgui Reiniciou o Servidor!
[28/05/2024 - 11:48:51] - Admin: Apxgui Reiniciou o Servidor!
[28/05/2024 - 11:54:59] - Admin: Apxgui Reiniciou o Servidor!
[28/05/2024 - 21:37:27] - Admin: Apxgui Reiniciou o Servidor!
[28/05/2024 - 22:16:10] - Admin: Apxgui Reiniciou o Servidor!
[28/05/2024 - 22:23:31] - 
[28/05/2024 - 22:23:41] - Admin: Apxgui Reiniciou o Servidor!
[28/05/2024 - 22:41:38] - 
[28/05/2024 - 22:42:11] - 
[28/05/2024 - 22:42:16] - Admin: Apxgui Reiniciou o Servidor!
[28/05/2024 - 22:57:17] - 
[28/05/2024 - 22:57:35] - Admin: Apxgui Reiniciou o Servidor!
[28/05/2024 - 23:04:08] - Admin: Apxgui Reiniciou o Servidor!
[29/05/2024 - 18:27:22] - Admin: apxgui Reiniciou o Servidor!
[29/05/2024 - 18:40:56] - Admin: apxgui Reiniciou o Servidor!
[02/06/2024 - 23:00:40] - Admin: apxgui Reiniciou o Servidor!
[02/06/2024 - 23:20:54] - Admin: apxgui Reiniciou o Servidor!
[05/06/2024 - 02:43:19] - Admin: Apxgui Reiniciou o Servidor!
[05/06/2024 - 02:52:46] - Admin: Apxgui Reiniciou o Servidor!
[05/06/2024 - 19:45:38] - Admin: Apxgui Reiniciou o Servidor!
[07/06/2024 - 11:57:19] - Admin: Apxgui Reiniciou o Servidor!
[07/06/2024 - 12:11:47] - 
[07/06/2024 - 12:12:04] - Admin: Apxgui Reiniciou o Servidor!
[07/06/2024 - 13:40:26] - Admin: depressivo Reiniciou o Servidor!
[07/06/2024 - 13:45:38] - Admin: depressivo Reiniciou o Servidor!
[07/06/2024 - 13:47:06] - Admin: depressivo Reiniciou o Servidor!
[07/06/2024 - 13:54:10] - Admin: depressivo Reiniciou o Servidor!
[09/06/2024 - 06:29:04] - Admin: Apxgui_do69 Reiniciou o Servidor!
[09/06/2024 - 06:44:58] - Admin: Apxgui_do69 Reiniciou o Servidor!
[09/06/2024 - 06:51:05] - Admin: Apxgui_do69 Reiniciou o Servidor!
[10/06/2024 - 06:29:44] - Admin: Apxgui Reiniciou o Servidor!
[10/06/2024 - 06:55:48] - Admin: Apxgui Reiniciou o Servidor!
[10/06/2024 - 07:00:08] - Admin: Apxgui Reiniciou o Servidor!
[10/06/2024 - 09:30:23] - 
[10/06/2024 - 11:42:55] - Admin: apxgui_entrou Reiniciou o Servidor!
[10/06/2024 - 12:22:08] - Admin: apxgui_entrou Reiniciou o Servidor!
[10/06/2024 - 13:41:56] - Admin: apxgui_entrou Reiniciou o Servidor!
[11/06/2024 - 01:58:17] - Admin: apxgui Reiniciou o Servidor!
[11/06/2024 - 13:53:31] - Admin: Apxgui Reiniciou o Servidor!
[12/06/2024 - 16:10:17] - Admin: Apxgui12 Reiniciou o Servidor!
[12/06/2024 - 16:14:43] - Admin: Apxgui12 Reiniciou o Servidor!
[12/06/2024 - 19:34:33] - Admin: Apxgui12 Reiniciou o Servidor!
[14/06/2024 - 07:49:59] - Admin: novato_docrou Reiniciou o Servidor!
[14/06/2024 - 17:35:26] - Admin: Apxgui Reiniciou o Servidor!
[14/06/2024 - 18:03:22] - Admin: Apxgui Reiniciou o Servidor!
[15/06/2024 - 12:46:54] - Admin: Apx Reiniciou o Servidor!
[15/06/2024 - 13:25:41] - Admin: Apx Reiniciou o Servidor!
[15/06/2024 - 13:34:26] - Admin: Apx Reiniciou o Servidor!
[15/06/2024 - 21:02:32] - Admin: Apxgui Reiniciou o Servidor!
[15/06/2024 - 22:39:11] - Admin: Apxgui Reiniciou o Servidor!
[15/06/2024 - 23:21:17] - Admin: Apxgui Reiniciou o Servidor!
[15/06/2024 - 23:28:04] - Admin: Apxgui Reiniciou o Servidor!
[16/06/2024 - 00:11:41] - Admin: Apxgui Reiniciou o Servidor!
[16/06/2024 - 00:18:18] - Admin: Apxgui Reiniciou o Servidor!
[16/06/2024 - 21:50:55] - Admin: Junio_Fenomeno Reiniciou o Servidor!
[16/06/2024 - 21:55:21] - Admin: Junio_Fenomeno Reiniciou o Servidor!
[16/06/2024 - 22:15:10] - Admin: Junio_Fenomeno Reiniciou o Servidor!
[17/06/2024 - 00:03:10] - Admin: Junio_Fenomeno Reiniciou o Servidor!
[17/06/2024 - 00:22:47] - Admin: Junio_Fenomeno Reiniciou o Servidor!
[17/06/2024 - 01:47:57] - Admin: Junio_Fenomeno Reiniciou o Servidor!
[17/06/2024 - 02:08:27] - Admin: Junio_Fenomeno Reiniciou o Servidor!
[17/06/2024 - 03:42:54] - Admin: Junio_Fenomeno Reiniciou o Servidor!
[17/06/2024 - 03:50:43] - Admin: Junio_Fenomeno Reiniciou o Servidor!
[17/06/2024 - 04:08:59] - Admin: Junio_Fenomeno Reiniciou o Servidor!
[17/06/2024 - 04:29:43] - Admin: Junio_Fenomeno Reiniciou o Servidor!
[17/06/2024 - 04:39:29] - Admin: Junio_Fenomeno Reiniciou o Servidor!
[17/06/2024 - 04:43:48] - Admin: Junio_Fenomeno Reiniciou o Servidor!
[17/06/2024 - 04:47:11] - Admin: Junio_Fenomeno Reiniciou o Servidor!
[17/06/2024 - 05:31:09] - Admin: Junio_Fenomeno Reiniciou o Servidor!
[21/06/2024 - 17:11:08] - Admin: Apxgui Reiniciou o Servidor!
[21/06/2024 - 17:15:14] - Admin: Apxgui Reiniciou o Servidor!
[26/06/2024 - 13:20:01] - Admin: Apxgui Reiniciou o Servidor!
[26/06/2024 - 13:31:45] - Admin: Apxgui Reiniciou o Servidor!
[26/06/2024 - 13:53:33] - Admin: Apxgui Reiniciou o Servidor!
[27/06/2024 - 01:33:04] - Admin: Apxgui Reiniciou o Servidor!
[27/06/2024 - 02:46:52] - Admin: Apxgui Reiniciou o Servidor!
[27/06/2024 - 03:22:53] - Admin: Apxgui Reiniciou o Servidor!
[27/06/2024 - 03:37:33] - Admin: Apxgui Reiniciou o Servidor!
[27/06/2024 - 03:43:56] - Admin: Apxgui Reiniciou o Servidor!
[27/06/2024 - 03:53:58] - Admin: Apxgui Reiniciou o Servidor!
[27/06/2024 - 23:43:51] - Admin: Apxgui Reiniciou o Servidor!
[27/06/2024 - 23:49:42] - Admin: Apxgui Reiniciou o Servidor!
[27/06/2024 - 23:56:37] - Admin: Apxgui Reiniciou o Servidor!
[28/06/2024 - 00:14:33] - Admin: Apxgui Reiniciou o Servidor!
[28/06/2024 - 08:37:20] - Admin: Apxgui Reiniciou o Servidor!
[28/06/2024 - 09:04:08] - Admin: Apxgui Reiniciou o Servidor!
[28/06/2024 - 09:06:33] - Admin: Apxgui Reiniciou o Servidor!
[28/06/2024 - 09:13:46] - Admin: Apxgui Reiniciou o Servidor!
[28/06/2024 - 09:16:19] - Admin: Apxgui Reiniciou o Servidor!
[28/06/2024 - 09:29:25] - Admin: Apxgui Reiniciou o Servidor!
[28/06/2024 - 13:04:23] - Admin: Apxgui Reiniciou o Servidor!
[28/06/2024 - 13:15:25] - Admin: Apxgui Reiniciou o Servidor!
[29/06/2024 - 14:01:02] - Admin: Apxgui Reiniciou o Servidor!
[29/06/2024 - 14:31:03] - Admin: Apxgui Reiniciou o Servidor!
[29/06/2024 - 14:35:29] - Admin: Apxgui Reiniciou o Servidor!
[29/06/2024 - 14:44:18] - Admin: Apxgui Reiniciou o Servidor!
[29/06/2024 - 14:47:29] - Admin: Apxgui Reiniciou o Servidor!
[29/06/2024 - 18:16:54] - Admin: Apxgui Reiniciou o Servidor!
[29/06/2024 - 18:20:53] - Admin: Apxgui Reiniciou o Servidor!
[29/06/2024 - 20:29:33] - Admin: Apxgui Reiniciou o Servidor!
[29/06/2024 - 20:56:56] - Admin: Apxgui Reiniciou o Servidor!
[30/06/2024 - 08:46:47] - Admin: Apxgui Reiniciou o Servidor!
[30/06/2024 - 09:49:04] - Admin: Apxgui Reiniciou o Servidor!
[30/06/2024 - 10:15:22] - Admin: Apxgui Reiniciou o Servidor!
[30/06/2024 - 10:56:25] - Admin: Apxgui Reiniciou o Servidor!
[30/06/2024 - 10:58:54] - Admin: Apxgui Reiniciou o Servidor!
[30/06/2024 - 12:43:09] - Admin: Apxgui Reiniciou o Servidor!
[30/06/2024 - 12:55:49] - Admin: Apxgui Reiniciou o Servidor!
[30/06/2024 - 14:10:50] - Admin: Apxgui Reiniciou o Servidor!
[30/06/2024 - 14:19:32] - Admin: Apxgui Reiniciou o Servidor!
[30/06/2024 - 14:36:42] - Admin: Apxgui Reiniciou o Servidor!
[30/06/2024 - 17:06:28] - Admin: Apxgui Reiniciou o Servidor!
[30/06/2024 - 17:24:41] - Admin: Apxgui Reiniciou o Servidor!
[30/06/2024 - 17:35:24] - Admin: Apxgui Reiniciou o Servidor!
[30/06/2024 - 17:57:36] - Admin: Apxgui Reiniciou o Servidor!
[30/06/2024 - 18:01:06] - Admin: Apxgui Reiniciou o Servidor!
[30/06/2024 - 18:04:13] - Admin: Apxgui Reiniciou o Servidor!
[01/07/2024 - 12:38:20] - Admin: Apxgui Reiniciou o Servidor!
[01/07/2024 - 12:41:55] - Admin: Apxgui Reiniciou o Servidor!
[01/07/2024 - 12:48:30] - Admin: Apxgui Reiniciou o Servidor!
[01/07/2024 - 13:19:14] - Admin: Apxgui Reiniciou o Servidor!
[01/07/2024 - 13:23:43] - Admin: Apxgui Reiniciou o Servidor!
[01/07/2024 - 13:31:00] - Admin: Apxgui Reiniciou o Servidor!
[01/07/2024 - 13:47:31] - Admin: Apxguii Reiniciou o Servidor!
[01/07/2024 - 13:53:53] - Admin: Apxgui Reiniciou o Servidor!
[01/07/2024 - 13:57:11] - Admin: Apxgui Reiniciou o Servidor!
[01/07/2024 - 14:03:10] - Admin: Apxgui Reiniciou o Servidor!
[01/07/2024 - 14:05:14] - Admin: Apxgui Reiniciou o Servidor!
[01/07/2024 - 14:23:07] - Admin: Apxgui Reiniciou o Servidor!
[01/07/2024 - 17:04:58] - Admin: Apxgui Reiniciou o Servidor!
[01/07/2024 - 17:41:20] - Admin: Apxgui Reiniciou o Servidor!
[01/07/2024 - 18:11:48] - Admin: Apxgui_Scripter Reiniciou o Servidor!
[01/07/2024 - 18:23:19] - Admin: Apxgui_Scripterr Reiniciou o Servidor!
[02/07/2024 - 08:23:01] - Admin: Apxgui Reiniciou o Servidor!
[02/07/2024 - 08:31:46] - Admin: Apxgui Reiniciou o Servidor!
[10/02/2025 - 01:54:09] - Admin: Guilherme_Antonio Reiniciou o Servidor!
[10/02/2025 - 02:02:20] - Admin: Guilherme_Antonio Reiniciou o Servidor!
[10/02/2025 - 21:14:06] - 
[10/02/2025 - 21:14:13] - Admin: Guilherme_Santiago Reiniciou o Servidor!
[11/02/2025 - 02:57:33] - Admin: Guilherme_Santiago Reiniciou o Servidor!
[11/02/2025 - 17:52:18] - Admin: Guilherme_Santiago Reiniciou o Servidor!
[11/02/2025 - 17:54:50] - Admin: Guilherme_Santiago Reiniciou o Servidor!
[16/02/2025 - 17:54:17] - Admin: Guilherme_Antonio Reiniciou o Servidor!
[16/02/2025 - 18:11:18] - Admin: Guilherme_Antonio Reiniciou o Servidor!
[16/02/2025 - 20:12:00] - Admin: Guilherme_Antonio Reiniciou o Servidor!
[16/02/2025 - 22:55:28] - Admin: Guilherme_Antonio Reiniciou o Servidor!
[17/02/2025 - 04:27:47] - Admin: zApxgui_Street Reiniciou o Servidor!
[17/02/2025 - 14:12:42] - Admin: zApxgui_Street Reiniciou o Servidor!
[17/02/2025 - 22:41:37] - Admin: zApxgui_Street Reiniciou o Servidor!
[20/02/2025 - 02:58:44] - Admin: zApxgui_Street Reiniciou o Servidor!
[21/02/2025 - 15:09:06] - Admin: zApxgui_Street Reiniciou o Servidor!
[21/02/2025 - 15:39:40] - Admin: zApxgui_Street Reiniciou o Servidor!
[21/02/2025 - 17:13:34] - Admin: zApxgui_Street Reiniciou o Servidor!
[21/02/2025 - 17:19:28] - Admin: zApxgui_Street Reiniciou o Servidor!
[21/02/2025 - 19:14:28] - Admin: zApxgui_Street Reiniciou o Servidor!
[21/02/2025 - 20:35:29] - Admin: zApxgui_Street Reiniciou o Servidor!
[21/02/2025 - 22:43:31] - Admin: zApxgui_Street Reiniciou o Servidor!
[21/02/2025 - 23:04:29] - Admin: zApxgui_Street Reiniciou o Servidor!
[21/02/2025 - 23:15:45] - Admin: zApxgui_Street Reiniciou o Servidor!
[22/02/2025 - 00:34:15] - Admin: zApxgui_Street Reiniciou o Servidor!
[22/02/2025 - 01:02:11] - Admin: zApxgui_Street Reiniciou o Servidor!
[22/02/2025 - 11:06:51] - Admin: zApxgui_Street Reiniciou o Servidor!
[22/02/2025 - 16:06:00] - 
[22/02/2025 - 16:06:27] - Admin: Guilherme_Santiago Reiniciou o Servidor!
[22/02/2025 - 18:55:26] - Admin: Guilherme_Santiago Reiniciou o Servidor!
[23/02/2025 - 02:00:16] - Admin: zApxgui_Street Reiniciou o Servidor!
[23/02/2025 - 17:21:52] - Admin: zApxgui_Street Reiniciou o Servidor!
[25/02/2025 - 05:07:28] - Admin: zApxgui_Street Reiniciou o Servidor!
[25/02/2025 - 05:08:53] - Admin: zApxgui_Street Reiniciou o Servidor!
[25/02/2025 - 05:10:21] - Admin: zApxgui_Street Reiniciou o Servidor!
[25/02/2025 - 05:11:47] - Admin: zApxgui_Street Reiniciou o Servidor!
[25/02/2025 - 05:44:58] - Admin: zApxgui_Street Reiniciou o Servidor!
[25/02/2025 - 14:53:07] - Admin: zApxgui_Street Reiniciou o Servidor!
[25/02/2025 - 14:56:06] - Admin: zApxgui_Street Reiniciou o Servidor!
[28/02/2025 - 05:17:45] - Admin: zApxgui_Street Reiniciou o Servidor!
[28/02/2025 - 05:40:52] - Admin: zApxgui_Street Reiniciou o Servidor!
[28/02/2025 - 05:43:03] - Admin: zApxgui_Street Reiniciou o Servidor!
[28/02/2025 - 05:45:42] - Admin: zApxgui_Street Reiniciou o Servidor!
[28/02/2025 - 05:58:34] - Admin: zApxgui_Street Reiniciou o Servidor!
[28/02/2025 - 14:31:30] - Admin: zApxgui_Street Reiniciou o Servidor!
[28/02/2025 - 14:36:37] - Admin: zApxgui_Street Reiniciou o Servidor!
[28/02/2025 - 14:44:04] - Admin: zApxgui_Street Reiniciou o Servidor!
[28/02/2025 - 15:02:31] - Admin: zApxgui_Street Reiniciou o Servidor!
[08/04/2025 - 03:57:33] - Admin: zApxgui_Street Reiniciou o Servidor!
[08/04/2025 - 06:30:42] - Admin: zApxgui_Street Reiniciou o Servidor!
[09/04/2025 - 23:03:18] - Admin: zApxgui_Street Reiniciou o Servidor!
[09/04/2025 - 23:28:55] - Admin: zApxgui_Street Reiniciou o Servidor!
[14/04/2025 - 01:49:49] - Admin: zApxgui_Street Reiniciou o Servidor!
[14/04/2025 - 02:01:37] - Admin: zApxgui_Street Reiniciou o Servidor!
[14/04/2025 - 02:32:48] - Admin: zApxgui_Street Reiniciou o Servidor!
[14/04/2025 - 23:21:15] - Admin: zApxgui_Street Reiniciou o Servidor!
[14/04/2025 - 23:36:27] - Admin: zApxgui_Street Reiniciou o Servidor!
[14/04/2025 - 23:47:30] - Admin: zApxgui_Street Reiniciou o Servidor!
[14/04/2025 - 23:51:43] - Admin: zApxgui_Street Reiniciou o Servidor!
[15/04/2025 - 06:47:07] - Admin: zApxgui_Street Reiniciou o Servidor!
[16/04/2025 - 12:31:03] - Admin: zApxgui_Street Reiniciou o Servidor!
[03/05/2025 - 23:01:37] - 
[03/05/2025 - 23:29:52] - Admin: zApxgui_Street Reiniciou o Servidor!
[03/05/2025 - 23:36:37] - Admin: zApxgui_Street Reiniciou o Servidor!
[17/05/2025 - 13:19:27] - Admin: zApxgui_Street Reiniciou o Servidor!
[17/05/2025 - 19:14:05] - Admin: zApxgui_Street Reiniciou o Servidor!
[17/05/2025 - 19:19:25] - 
[17/05/2025 - 20:00:05] - Admin: zApxgui_Street Reiniciou o Servidor!
[17/05/2025 - 22:06:16] - Admin: zApxgui_Street Reiniciou o Servidor!
[17/05/2025 - 22:21:41] - Admin: zApxgui_Street Reiniciou o Servidor!
[18/05/2025 - 04:17:57] - Admin: zApxgui_Street Reiniciou o Servidor!
[18/05/2025 - 14:28:48] - Admin: zApxgui_Street Reiniciou o Servidor!
[21/05/2025 - 23:42:25] - Admin: zApxgui_Street Reiniciou o Servidor!
[22/05/2025 - 00:00:38] - Admin: zApxgui_Street Reiniciou o Servidor!
[26/06/2025 - 17:09:22] - Admin: zApxgui_Street Reiniciou o Servidor!
[30/06/2025 - 16:07:41] - Admin: Apx_Dygeras Reiniciou o Servidor!
[30/06/2025 - 16:25:10] - Admin: Apx_Dygeras Reiniciou o Servidor!
[30/06/2025 - 16:52:56] - Admin: zApxgui_Street Reiniciou o Servidor!
[30/06/2025 - 17:29:59] - Admin: zApxgui_Street Reiniciou o Servidor!
[30/06/2025 - 20:10:25] - Admin: zApxgui_Street Reiniciou o Servidor!
[30/06/2025 - 20:29:40] - Admin: zApxgui_Street Reiniciou o Servidor!
[02/07/2025 - 04:19:28] - Admin: Apx_Dygeras Reiniciou o Servidor!
[02/07/2025 - 10:00:03] - Admin: Apx_Dygeras Reiniciou o Servidor!
[02/07/2025 - 10:08:06] - 
[02/07/2025 - 10:08:14] - Admin: Apx_Dygeras Reiniciou o Servidor!
[06/07/2025 - 01:42:00] - Admin: Apx_Dygeras Reiniciou o Servidor!
