ADMIN CMD: GROVE_BAIXINHO Foi Kickado by Vgzinn_Zs, Motivo: pa puta q pariu
ADMIN CMD: GROVE_BAIXINHO Foi Kickado by Vgzinn_Zs, Motivo: pa puta q pariu
ADMIN CMD: MENOR_NICK Foi Kickado by Riquelme_Emanuel, Motivo: afk
ADMIN CMD: Fumassa Foi Kickado by Vgzinn_Zs, Motivo: bugado
ADMIN CMD: Kauan_Santos Foi Kickado by Riquelme_Emanuel, Motivo: afk
ADMIN CMD: Natan_Insane Foi Kickado by Menor_vl, Motivo: off por mais de 2 min
ADMIN CMD: iilegal_elemts Foi Kickado by Menor_vl, Motivo: off
ADMIN CMD: Kira_Do_Moster Foi Kickado by Menor_vl, Motivo: off
ADMIN CMD: TDT_LK Foi Kickado by Vgzinn, Motivo: AFK
ADMIN CMD: texugo_gg Foi Kickado by Menor_vl, Motivo: batendo em evento
ADMIN CMD: Fumassa Foi Kickado by Vgzinn, Motivo: AFK
ADMIN CMD: Natan_Insane Foi Kickado by Menor_vl, Motivo: off por mais de 2 min
ADMIN CMD: Fumassa Foi Kickado by Menor_vl, Motivo: off por mais de 2 min 
ADMIN CMD: MADRAKINHO Foi Kickado by Menor_vl, Motivo: talarico
ADMIN CMD: texugo_gg Foi Kickado by Menor_vl, Motivo: off por mais de 2 min
ADMIN CMD: Scarface04 Foi Kickado by Riquelme_Emanuel, Motivo: RELOGA PRA TIRAR O RPG
ADMIN CMD: 12097355 Foi Kickado by Riquelme_Emanuel, Motivo: NOME NAO RP
ADMIN CMD: LUPPEX_GAMING Foi Kickado by Riquelme_Emanuel, Motivo: afk
ADMIN CMD: MADRAKINHO Foi Kickado by Victor_Insanity, Motivo: NS NAO FOI MUINTO RUIN NAO
ADMIN CMD: general_244 Foi Kickado by Victor_Insanity, Motivo: vdm
ADMIN CMD: RENAN_VIDA Foi Kickado by Vgzinn, Motivo: afk
ADMIN CMD: LUPPEX_GAMING Foi Kickado by Vgzinn, Motivo: afk
ADMIN CMD: kaue244 Foi Kickado by Victor_Insanity, Motivo: fazendo ptr solo e abordando dentro de base proxima vez carandi
ADMIN CMD: MADRAKINHO Foi Kickado by Natan_Insane, Motivo: PARA DE FLODAR
ADMIN CMD: katchau_sad Foi Kickado by Natan_Insane, Motivo: AFK 6 MINUTOS
ADMIN CMD: katchau_sad Foi Kickado by Natan_Insane, Motivo: ENVADINDO BASE
ADMIN CMD: MADRAKINHO Foi Kickado by Natan_Insane, Motivo: PAROU JA AVISEI
ADMIN CMD: CHAPAX_FXL Foi Kickado by Natan_Insane, Motivo: BOA NOITE
ADMIN CMD: Fumassa Foi Kickado by Menor_vl, Motivo: off
ADMIN CMD: Lucas_Barcas Foi Kickado by Victor_Insanity, Motivo: DANDO TK EM CONPANHEIRO DE FARDA
ADMIN CMD: RENAN_VIDA Foi Kickado by Victor_Insanity, Motivo: NRA
ADMIN CMD: jorgejh Foi Kickado by Victor_Insanity, Motivo: DM 
ADMIN CMD: andre_domi Foi Kickado by Victor_Insanity, Motivo: GHOST !!
ADMIN CMD: zEVERTON_TracK Foi Kickado by Natan_Insane, Motivo: AFK 5 MINUTOS
ADMIN CMD: Kira_Do_Moster Foi Kickado by Natan_Insane, Motivo: ANG INDIVIDO
ADMIN CMD: Nycollas_santos Foi Kickado by Natan_Insane, Motivo: AFK 39 MINUTOS
ADMIN CMD: Matheus_Alves Foi Kickado by Vinicius_Russef, Motivo: CJ]
ADMIN CMD: ROX.EmT Foi Kickado by Natan_Insane, Motivo: AFK
ADMIN CMD: CHAPAX_FXL Foi Kickado by Victor_Insanity, Motivo: KOS
ADMIN CMD: CHAPAX_FXL Foi Kickado by Riquelme_Emanuel, Motivo: kos voltando acao
ADMIN CMD: MADRAKINHO Foi Kickado by Riquelme_Emanuel, Motivo: kos voltando acao
ADMIN CMD: katchau_sad Foi Kickado by Victor_Insanity, Motivo: DM
ADMIN CMD: Marquinho_A$ap Foi Kickado by Fumassa, Motivo: AFK 
ADMIN CMD: Lucas_Barcas Foi Kickado by Fumassa, Motivo: AUTO CBUG
ADMIN CMD: kaue244 Foi Kickado by Fumassa, Motivo: AFK
ADMIN CMD: Pedrinho_Molk Foi Kickado by Fumassa, Motivo: AFK
ADMIN CMD: Lucas_Barcas Foi Kickado by Fumassa, Motivo: SUSPEITA DE PRO AIM 
ADMIN CMD: Pedrinho_Molk Foi Kickado by Fumassa, Motivo: AFK
ADMIN CMD: Fumassa Foi Kickado by Vgzinn, Motivo: AFK
ADMIN CMD: Yeh_Noah Foi Kickado by Natan_Insane, Motivo: AFK
ADMIN CMD: zEverton_Silva Foi Kickado by Terrorista_Mobile, Motivo: afk
ADMIN CMD: texugo_gg Foi Kickado by Terrorista_Mobile, Motivo: afk
ADMIN CMD: zEverton_Silva Foi Kickado by Terrorista_Mobile, Motivo: AFK 1/3
ADMIN CMD: $Ratao_Drift$ Foi Kickado by Natan_Insane, Motivo: S0beit
ADMIN CMD: texugo_gg Foi Kickado by Terrorista_Mobile, Motivo: afk
ADMIN CMD: Biel_YT Foi Kickado by Fumassa, Motivo: DM 1/3
ADMIN CMD: Miguel_Malta Foi Kickado by Natan_Insane, Motivo: AFK 3 MINUTOS
ADMIN CMD: Red_beiramar Foi Kickado by Natan_Insane, Motivo: AFK 3 MINUTOS
ADMIN CMD: Polar_war Foi Kickado by Victor_Insanity, Motivo: DM E SEFE ?
ADMIN CMD: Polar_war Foi Kickado by Kauan_Santos, Motivo: DM SAFE 1/3
ADMIN CMD: Polar_war Foi Kickado by Terrorista_Mobile, Motivo: DM SAFE
ADMIN CMD: Polar_ Foi Kickado by Kauan_Santos, Motivo: DM SAFE
ADMIN CMD: Angelo_freitas Foi Kickado by Fumassa, Motivo: OFENSA ADM ,XINGANDO SV 1/2 FAZER DNV BAN
ADMIN CMD: Angelo_freitas Foi Kickado by Fumassa, Motivo: XINGANDO SV 2/3
ADMIN CMD: Polar_ Foi Kickado by Fumassa, Motivo: VDM
ADMIN CMD: Angelo_freitas Foi Kickado by Fumassa, Motivo: SE O SV E LIXO N ENTRA KRL
ADMIN CMD: Polar_ Foi Kickado by Kauan_Santos, Motivo: VDM
ADMIN CMD: Polar_ Foi Kickado by Fumassa, Motivo: VDM 1/3
ADMIN CMD: iilegal_elemts Foi Kickado by Victor_Insanity, Motivo: esta AFK 
ADMIN CMD: pedro_ppp Foi Kickado by Kauan_Santos, Motivo: CIVIL MORRO
ADMIN CMD: KPZIN_EXE Foi Kickado by Fumassa, Motivo: ATP
ADMIN CMD: SMOKE_ZX Foi Kickado by Fumassa, Motivo: ATP
ADMIN CMD: KABUTO_TRALHA Foi Kickado by Fumassa, Motivo: DM,NS,RDM
ADMIN CMD: MANDRAKA Foi Kickado by Natan_Insane, Motivo: AFK 6 MINUTOS
ADMIN CMD: Kira_Do_Moster Foi Kickado by Fumassa, Motivo: NS 1/3
ADMIN CMD: Sr_Valzera Foi Kickado by Fumassa, Motivo: AFK 3 MINUTOS
ADMIN CMD: LIPE_EXE Foi Kickado by Fumassa, Motivo: SUSPEITA DE S0BEIT E AUTO CBUG
ADMIN CMD: VULGO_BK Foi Kickado by Fumassa, Motivo: AFK
ADMIN CMD: VIXTOE Foi Kickado by Fumassa, Motivo: AFK 2mn
ADMIN CMD: Miguel_Malta Foi Kickado by Fumassa, Motivo: AFK 
ADMIN CMD: Carlos_Sales Foi Kickado by Kauan_Santos, Motivo: AGR TIRA O BQ ;-;
ADMIN CMD: katchau_sad Foi Kickado by Fumassa, Motivo: ATP
ADMIN CMD: KABUTO_TRALHA Foi Kickado by Fumassa, Motivo: ATP
ADMIN CMD: ruanno_beiramar Foi Kickado by Fumassa, Motivo: ATP
ADMIN CMD: jc04 Foi Kickado by Fumassa, Motivo: DM 
ADMIN CMD: Red_beiramar Foi Kickado by Fumassa, Motivo: OFENSA ADM
ADMIN CMD: jc04 Foi Kickado by Vgzinn, Motivo: BUGADO
ADMIN CMD: CARNEIRO_VK Foi Kickado by Terrorista_Mobile, Motivo: NRA
ADMIN CMD: Sr_Valzera Foi Kickado by Terrorista_Mobile, Motivo: AFK 3 MINUTOS
ADMIN CMD: Sr_Valzera Foi Kickado by Terrorista_Mobile, Motivo: AFK 3 MINUTOS
ADMIN CMD: Hitler Foi Kickado by Terrorista_Mobile, Motivo: NICK INDEVIDO
ADMIN CMD: CARNEIRO_VK Foi Kickado by Terrorista_Mobile, Motivo: NRA
ADMIN CMD: Pkzin_xtvill_ Foi Kickado by Terrorista_Mobile, Motivo: INVADINDO HQ
ADMIN CMD: Lucas_Barcas Foi Kickado by Terrorista_Mobile, Motivo: OFENSA STAFF
ADMIN CMD: VULGO_BK Foi Kickado by Terrorista_Mobile, Motivo: AFK 6  MINUTOS
ADMIN CMD: texugo_gg Foi Kickado by Terrorista_Mobile, Motivo: NRA
ADMIN CMD: Vinicius_Santos Foi Kickado by Victor_Insanity, Motivo: NS
ADMIN CMD: LUCASPLAY Foi Kickado by Terrorista_Mobile, Motivo: AFK 4 MINUTOS
ADMIN CMD: CJ_DO_PNEUu Foi Kickado by Terrorista_Mobile, Motivo: ASSALTANDO PM
ADMIN CMD: MenorzinX_s2 Foi Kickado by Terrorista_Mobile, Motivo: ASSALTANDO,PM
ADMIN CMD: lucas_bill Foi Kickado by Terrorista_Mobile, Motivo: ASSALTANDO PM FARDADO
ADMIN CMD: lucas_cortez Foi Kickado by Terrorista_Mobile, Motivo: NRA
ADMIN CMD: lucas_bill Foi Kickado by Terrorista_Mobile, Motivo: DM
ADMIN CMD: CJ_DO_PNEUu Foi Kickado by Terrorista_Mobile, Motivo: DM
ADMIN CMD: lucas_bill Foi Kickado by Terrorista_Mobile, Motivo: OFENSA SERVER
ADMIN CMD: lucas_bill Foi Kickado by Terrorista_Mobile, Motivo: OK  OFENSA SERVER
ADMIN CMD: gabriel_soares Foi Kickado by Terrorista_Mobile, Motivo: OFENSA STAFF SO SABE XINGAR EM NET MERMO?
ADMIN CMD: lucas_bill Foi Kickado by Terrorista_Mobile, Motivo: VDM
ADMIN CMD: kaike_olokinho Foi Kickado by Terrorista_Mobile, Motivo: OFENSA SERVER  Q ISSO MEU JOVEM
ADMIN CMD: Maicon_Lopes Foi Kickado by Victor_Insanity, Motivo: USANDO SNIP EM ACAO PIQUENA TEU TK EM CONHEIRO DE FARDA
ADMIN CMD: japa_gfm Foi Kickado by Terrorista_Mobile, Motivo: AFK 3 MINUTOS
ADMIN CMD: texugo_gg Foi Kickado by Terrorista_Mobile, Motivo: AFK 3 MINUTOS
ADMIN CMD: jc04 Foi Kickado by Terrorista_Mobile, Motivo: VOLTANDO ACAO
ADMIN CMD: ruanno_beiramar Foi Kickado by Terrorista_Mobile, Motivo: VOLTANDO ACAO BORA PARA?
ADMIN CMD: DUCK_RP Foi Kickado by Terrorista_Mobile, Motivo: AFK 3 MINUTOS
ADMIN CMD: texugo_gg Foi Kickado by Fumassa, Motivo: AFK
ADMIN CMD: Vulgo_Malvadao Foi Kickado by Terrorista_Mobile, Motivo: DM EM EVENTO
ADMIN CMD: gui_lokoo Foi Kickado by Terrorista_Mobile, Motivo: AFK
ADMIN CMD: Surtado_ff Foi Kickado by Terrorista_Mobile, Motivo: NRA
ADMIN CMD: Red_beiramar Foi Kickado by Fumassa, Motivo: AFK
ADMIN CMD: Vulgo_Malvadao Foi Kickado by Fumassa, Motivo: AFK
ADMIN CMD: LIPE_EXE Foi Kickado by Kauan_Santos, Motivo: suspeita de s0beit
ADMIN CMD: Rafis_giz Foi Kickado by Menor_vl, Motivo: off
ADMIN CMD: Miguel_Malta Foi Kickado by Kauan_Santos, Motivo: DM 
ADMIN CMD: VULGO_BK Foi Kickado by Menor_vl, Motivo: batendo em evento
ADMIN CMD: Bonezinho_TDT Foi Kickado by Natan_Insane, Motivo: ANG INDIVIDO
ADMIN CMD: BOPE_ARTHUR Foi Kickado by Kauan_Santos, Motivo: PARA DE FLOD E NAO
ADMIN CMD: BOPE_ARTHUR Foi Kickado by Kauan_Santos, Motivo: PARA DE FLOD E NAO 2/3
ADMIN CMD: Bonezinho_TDT Foi Kickado by Natan_Insane, Motivo: NRA SAFE
ADMIN CMD: Nevasca_TDT Foi Kickado by Natan_Insane, Motivo: NRA SAFE
ADMIN CMD: mau_mau Foi Kickado by Natan_Insane, Motivo: CAIXA SAFE 1/3
ADMIN CMD: kaue244 Foi Kickado by Natan_Insane, Motivo: AFK 4 MINUTOS
ADMIN CMD: VULGO_BK Foi Kickado by Kauan_Santos, Motivo: AFK
ADMIN CMD: Wesley313 Foi Kickado by Kauan_Santos, Motivo: ANT RP
ADMIN CMD: LITTLE_cyp Foi Kickado by Fumassa, Motivo: ROUBANDO MOTEL SOLO 
ADMIN CMD: Fallen Foi Kickado by Fumassa, Motivo: /DO SEM AVISAR E SOLO
ADMIN CMD: texugo_gg Foi Kickado by Kauan_Santos, Motivo: AFK 2 MINUTOS
ADMIN CMD: Kauan_Santos Foi Kickado by Kauan_Santos, Motivo: RT
ADMIN CMD: RAFORI_yt Foi Kickado by Vgzinn, Motivo: afk
ADMIN CMD: Fallen Foi Kickado by Vgzinn, Motivo: BUGADO
ADMIN CMD: kurt_444 Foi Kickado by Menor_vl, Motivo: off
ADMIN CMD: Vinicius_TDT Foi Kickado by Natan_Insane, Motivo: s0beit
ADMIN CMD: kaiozinff Foi Kickado by Kauan_Santos, Motivo: FAZENDO CAIXA COM 1 PM ON
ADMIN CMD: Natan_sousa Foi Kickado by Kauan_Santos, Motivo: XINGANDO ADM
ADMIN CMD: VULGO_BK Foi Kickado by Terrorista_Mobile, Motivo: AFK
ADMIN CMD: Vinicius_TDT Foi Kickado by Terrorista_Mobile, Motivo: AFK
ADMIN CMD: LUFFY Foi Kickado by Terrorista_Mobile, Motivo: AFK
ADMIN CMD: Replause_Silva Foi Kickado by Terrorista_Mobile, Motivo: RELOGA
ADMIN CMD: katchau_PT Foi Kickado by Terrorista_Mobile, Motivo: AFK
ADMIN CMD: Lzinn_07 Foi Kickado by Kauan_Santos, Motivo: VOLTANDO ACAO
ADMIN CMD: katchau_PT Foi Kickado by Fumassa, Motivo: OFENSA STAFF
ADMIN CMD: TWJOKER Foi Kickado by Kauan_Santos, Motivo: PUXANDO ARMA PRACA
ADMIN CMD: pedrin_rp Foi Kickado by Kauan_Churritos, Motivo: afk
ADMIN CMD: jc04 Foi Kickado by Kauan_Santos, Motivo: NOIS JA FALOU Q NAO QUER MDS VAI TENTAR GANHAR HYPE EM OUTRRO S
ADMIN CMD: Lucas_Barcas Foi Kickado by Fumassa, Motivo: OFENSA STAFF
ADMIN CMD: Lzinn_07 Foi Kickado by Fumassa, Motivo: AFK
ADMIN CMD: 7L.Da[ALMA] Foi Kickado by Natan_Insane, Motivo: AFK
ADMIN CMD: Bk_DuMoster Foi Kickado by Natan_Insane, Motivo: ANT RP
ADMIN CMD: Luffy_los Foi Kickado by Natan_Insane, Motivo: DM 1/2
ADMIN CMD: Lucas_Barcas Foi Kickado by Fumassa, Motivo: BUGADO
ADMIN CMD: Rei_Do_Rolas Foi Kickado by Victor_Insanity, Motivo: DANDO CB NA MINHA FRENTE
ADMIN CMD: IGOR_12 Foi Kickado by Victor_Insanity, Motivo: ATIRANDO NAS POLICIA  ANT RP
ADMIN CMD: gui_lokoo Foi Kickado by Natan_Insane, Motivo: AFK 6 MINUTOS
ADMIN CMD: KPZIN_EXE Foi Kickado by Kauan_Santos, Motivo: INVADINDO HQ SEM AVISO ANTES
ADMIN CMD: Texuguin_ Foi Kickado by Victor_Insanity, Motivo: DEU CB NA MINHA FRENTE TIREI PRINT 1/3 
ADMIN CMD: Kaua_Chaves Foi Kickado by Victor_Insanity, Motivo: OFENCA ADM 1/3
ADMIN CMD: MANDRAKA Foi Kickado by Fumassa, Motivo: TA DE MAROLA E PORRA
ADMIN CMD: katchau_PT Foi Kickado by Menor_vl, Motivo: off
ADMIN CMD: Texuguinho_2 Foi Kickado by Menor_vl, Motivo: off
ADMIN CMD: Texuguin_ Foi Kickado by Kauan_Santos, Motivo: AFK
ADMIN CMD: NYC_Hale Foi Kickado by Kauan_Santos, Motivo: DIVULGANDO SERVE
ADMIN CMD: Vinicius_TDT Foi Kickado by Kauan_Santos, Motivo: DIVULGANDO SERVE
ADMIN CMD: NYC_Hale Foi Kickado by Kauan_Santos, Motivo: DIVULGANDO SERVE PARA FDP VAI TOMA NO CU
ADMIN CMD: BK_DELAS Foi Kickado by Kauan_Santos, Motivo: DIVULGANDO SERVE MAN MDS
ADMIN CMD: KAKA_TDT Foi Kickado by Fumassa, Motivo: DM
ADMIN CMD: IGOR_12 Foi Kickado by Terrorista_Mobile, Motivo: AFK 24 MINUTOS
ADMIN CMD: KINGZIN.Fe Foi Kickado by Terrorista_Mobile, Motivo: AFK
ADMIN CMD: jc04 Foi Kickado by Terrorista_Mobile, Motivo: DM
ADMIN CMD: Scarface04 Foi Kickado by Terrorista_Mobile, Motivo: DM
ADMIN CMD: BKZINN_014 Foi Kickado by Fumassa, Motivo: AFK 1 HORA
ADMIN CMD: Haridade_Souzay Foi Kickado by Vgzinn, Motivo: afk
ADMIN CMD: Bone_PvP Foi Kickado by Terrorista_Mobile, Motivo: afk...
ADMIN CMD: BROK_LOL Foi Kickado by Natan_Insane, Motivo: BOA SUBINDO ESCADAS DE MOTO
ADMIN CMD: BROK_LOL Foi Kickado by Natan_Insane, Motivo: PULANDO LUGAR ALTO DE MOTO 
ADMIN CMD: BROK_LOL Foi Kickado by Natan_Insane, Motivo: PG
ADMIN CMD: JURANDI_ELETRO_PAU Foi Kickado by Kauan_Churritos, Motivo: DM
ADMIN CMD: BROK_LOL Foi Kickado by Terrorista_Mobile, Motivo: NS
ADMIN CMD: Bone_PvP Foi Kickado by Terrorista_Mobile, Motivo: /anl indevido
ADMIN CMD: alan_dofernandes Foi Kickado by Natan_Insane, Motivo: OPA
ADMIN CMD: gui_rico Foi Kickado by Natan_Insane, Motivo: PARA DE PUXAR ARMA SEM PORTE MDS
ADMIN CMD: BOBI.ImT Foi Kickado by Kauan_Churritos, Motivo: atrapalhando acao
ADMIN CMD: Bkey_DuMonster Foi Kickado by Natan_Insane, Motivo: NS 1/2
ADMIN CMD: VULGO_BK Foi Kickado by Kauan_Santos, Motivo: DM
ADMIN CMD: pdrinx_zika Foi Kickado by Vgzinn, Motivo: saidaeeee
ADMIN CMD: zezin_pinto Foi Kickado by Kauan_Santos, Motivo: bug
ADMIN CMD: ERIMAX_OLH_PCC Foi Kickado by Kauan_Santos, Motivo: DM
ADMIN CMD: Angelo_Saffo Foi Kickado by Kauan_Santos, Motivo: HACKER
ADMIN CMD: Angelo_Saffo Foi Kickado by Kauan_Santos, Motivo: VDM
ADMIN CMD: KABUTO_TRALHA Foi Kickado by Kauan_Santos, Motivo: VDM
ADMIN CMD: VULGO_BK Foi Kickado by Natan_Insane, Motivo: QUER SABER MAIS QUE EU PAIZAO E VTMN VC
ADMIN CMD: CARNEIRO_VK Foi Kickado by Vinicius_Russef, Motivo: NS
ADMIN CMD: Replause_Silva Foi Kickado by Kauan_Santos, Motivo: ATO SEM AMOR A VIDA
ADMIN CMD: Rei_Do_Rolas Foi Kickado by Kauan_Santos, Motivo: dm
ADMIN CMD: Bonezinho_TDT Foi Kickado by Kauan_Santos, Motivo: dm
ADMIN CMD: Rei_Do_Rolas Foi Kickado by Natan_Insane, Motivo: SABE FAZER RP NAO PAIZAO MDS 
ADMIN CMD: Madara_uchirra00 Foi Kickado by Fumassa, Motivo: AFK
ADMIN CMD: Madara_uchirra00 Foi Kickado by Natan_Insane, Motivo: AFK 4 MINUTOS
ADMIN CMD: Texuguin_ Foi Kickado by Natan_Insane, Motivo: AFK 7 MINUTOS
ADMIN CMD: JURANDI_ELETRO_PAU Foi Kickado by Fumassa, Motivo: NRA DM 1/3
ADMIN CMD: EmT.Haridade Foi Kickado by Fumassa, Motivo: AFK
ADMIN CMD: Parlota_Lcs Foi Kickado by Fumassa, Motivo: ATP
ADMIN CMD: Rei_Do_Rolas Foi Kickado by Fumassa, Motivo: ATP
ADMIN CMD: pozerpp Foi Kickado by Kauan_Santos, Motivo: DANDO TP
ADMIN CMD: VULGO_BK Foi Kickado by Fumassa, Motivo: VJ
ADMIN CMD: Pobe_jhony Foi Kickado by Fumassa, Motivo: BUGADO
ADMIN CMD: Pobe_jhony Foi Kickado by Fumassa, Motivo: FI SE E BUGADAO EM
ADMIN CMD: KABUTO_TRALHA Foi Kickado by Fumassa, Motivo: L NA PISTA MDS
ADMIN CMD: Dias_DZ7 Foi Kickado by Natan_Insane, Motivo: ISSO CAPO TA O CARRO E CONTINUA
ADMIN CMD: ERIMAX_OLH_BALLAS Foi Kickado by Kauan_Churritos, Motivo: assalto solo e sem pm on 1/3
ADMIN CMD: ERIMAX_OLH_BALLAS Foi Kickado by Fumassa, Motivo: OFENSA STAFF 1/2
ADMIN CMD: Rei_Do_Rolas Foi Kickado by Riquelme_Emanuel, Motivo: dm evento porra
ADMIN CMD: Haridade Foi Kickado by Riquelme_Emanuel, Motivo: dm evento
ADMIN CMD: MASCOTE_YT Foi Kickado by Vinicius_Russef, Motivo: dm e db PROXIMA EH BAN
ADMIN CMD: ruanno_beiramar Foi Kickado by Kauan_Santos, Motivo: /AN INDEVIDO
ADMIN CMD: Red_beiramar Foi Kickado by Kauan_Santos, Motivo: VOLTANDO ACAO MDS FAZ RP DIREITO
ADMIN CMD: KPZIN_EXE Foi Kickado by Kauan_Santos, Motivo: OFENSA STAFF
ADMIN CMD: Pedro_Kaua Foi Kickado by Natan_Insane, Motivo: AFK 3 MINUTOS
ADMIN CMD: Lucas_Draks Foi Kickado by Kauan_Santos, Motivo: OFENSA STAFF
ADMIN CMD: Mexicano_Tony Foi Kickado by Kauan_Santos, Motivo: OFENSA STAFF MERDA E TU SEU LIXO
ADMIN CMD: Lucas_Draks Foi Kickado by Kauan_Santos, Motivo: PQ TU JOGA NELE SEU LIXO
ADMIN CMD: Leticia_maniok Foi Kickado by Terrorista_Mobile, Motivo: ATIRANDO SEM,MOTIVO
ADMIN CMD: alemao_noguira Foi Kickado by Terrorista_Mobile, Motivo: AFK
ADMIN CMD: kurt_444 Foi Kickado by Terrorista_Mobile, Motivo: AFK
ADMIN CMD: HARlDADE Foi Kickado by Terrorista_Mobile, Motivo: ns
ADMIN CMD: VULGO_BK Foi Kickado by Kauan_Santos, Motivo: KOS
ADMIN CMD: Luffy_los Foi Kickado by Kauan_Churritos, Motivo: dm 1/3
ADMIN CMD: Haridade_Souzay Foi Kickado by Kauan_Churritos, Motivo: desativa cleo mod 1/2
ADMIN CMD: Kauan_Churritos Foi Kickado by Menor_vl, Motivo: pff
ADMIN CMD: Pedro_Kaua Foi Kickado by Kauan_Churritos, Motivo: OFENCA STAFF 1/3
ADMIN CMD: Pedro_Kaua Foi Kickado by Kauan_Churritos, Motivo: ofenca staff 2/3
ADMIN CMD: Pedro_Kaua Foi Kickado by Kauan_Churritos, Motivo: 3/3 ofenca staff
ADMIN CMD: HARlDADE Foi Kickado by Vgzinn, Motivo: afk
ADMIN CMD: Mec_Love Foi Kickado by Natan_Insane, Motivo: AFK 14 MINUTOS
ADMIN CMD: ARTHUR_12 Foi Kickado by Menor_vl, Motivo: off
ADMIN CMD: Riquelme_Emanuel Foi Kickado by Victor_Insanity, Motivo: flood
ADMIN CMD: Riquelme_Emanuel Foi Kickado by Victor_Insanity, Motivo: nn
ADMIN CMD: insane_ruanm Foi Kickado by Victor_Insanity, Motivo: faliu nn 
ADMIN CMD: Riquelme_Emanuel Foi Kickado by Victor_Insanity, Motivo: sai lixo
ADMIN CMD: Riquelme_Emanuel Foi Kickado by Victor_Insanity, Motivo: VER MERDA AGR TA PUTINHO...
ADMIN CMD: BOBI.ImT Foi Kickado by alemao_noguira, Motivo: afk
ADMIN CMD: Madara Foi Kickado by Vgzinn, Motivo: bugado por arma de sobeit
ADMIN CMD: Stenburg Foi Kickado by alemao_noguira, Motivo: bugado na arma sobeit
ADMIN CMD: TDT_lukill Foi Kickado by Alex_souza_FPS, Motivo: da /pedircontas sua org foi resetada
ADMIN CMD: SMOKE_ZX Foi Kickado by Kauan_Churritos, Motivo: ns e uso de sniper
ADMIN CMD: Rei_Do_Rolas Foi Kickado by Kauan_Churritos, Motivo: uso de sniper sem ser acao em lojinha
ADMIN CMD: caio_marcos Foi Kickado by Alex_souza_FPS, Motivo: USANDO GRANADA ACAO CAIXINHA
ADMIN CMD: PATOLYNO Foi Kickado by Alex_souza_FPS, Motivo: USANDO TELEPORTE 
ADMIN CMD: Luska_silva Foi Kickado by Alex_souza_FPS, Motivo: ATP ACAO CAIXINHA
ADMIN CMD: Lins_Xxxpp Foi Kickado by Victor_Insanity, Motivo: VAZ ISSO,NN,MANO E,TIRA LICENSA TBM
ADMIN CMD: Lins_Xxxpp Foi Kickado by Alex_souza_FPS, Motivo: S0beit
ADMIN CMD: Lins_Xxxpp Foi Kickado by Alex_souza_FPS, Motivo: TU NAO TEM LICENCA DE ARMA TIRA A LICENCA PRA PEGAR
ADMIN CMD: Lins_Xxxpp Foi Kickado by Alex_souza_FPS, Motivo: TIRA LICENCA DE ARMA MEU PCR MDS
ADMIN CMD: KPZIN_EXE Foi Kickado by Alex_souza_FPS, Motivo: ROUBANDO VEICULO AREA SEIFE
ADMIN CMD: Zuerim_Bahiano Foi Kickado by Alex_souza_FPS, Motivo: USANDO SNIPER EM ACAO CAIXINHA
ADMIN CMD: LPPX_ZORO Foi Kickado by Natan_Insane, Motivo: AFK 11 MINUTOS
ADMIN CMD: MIRO_MAR Foi Kickado by Kauan_Churritos, Motivo: roubado solo e sem pm on 1/3
ADMIN CMD: Vinicius_TDT Foi Kickado by HARlDADE, Motivo: AFK
ADMIN CMD: mau_mau Foi Kickado by HARlDADE, Motivo: roubando de ferrare proxima e aviso
ADMIN CMD: dyeferson_reis Foi Kickado by HARlDADE, Motivo: crashei vc hahal
ADMIN CMD: sm_dograu22246 Foi Kickado by HARlDADE, Motivo: AFK
ADMIN CMD: dyeferson_reis Foi Kickado by HARlDADE, Motivo: para de usar sobeit 
ADMIN CMD: KINGZIN.Fe Foi Kickado by HARlDADE, Motivo: AFK
ADMIN CMD: [T.D.T]Sombra Foi Kickado by Menor_vl, Motivo: off
ADMIN CMD: Rei_Do_Rolas Foi Kickado by HARlDADE, Motivo: RT
ADMIN CMD: GABRIEL_SAMP Foi Kickado by Alex_souza_FPS, Motivo: FLODAGEM
ADMIN CMD: Luska_silva Foi Kickado by Natan_Insane, Motivo: FLODA NAO POHAAA
ADMIN CMD: Rei_Do_Rolas Foi Kickado by Alex_souza_FPS, Motivo: PG
ADMIN CMD: Bonezinho_TDT Foi Kickado by Alex_souza_FPS, Motivo: PG
ADMIN CMD: Gabrielzin_Maniok Foi Kickado by alemao_noguira, Motivo: vai floodar em outro luga moleke
ADMIN CMD: 123_manel Foi Kickado by Menor_vl, Motivo: off
ADMIN CMD: viniii.drifter Foi Kickado by HARlDADE, Motivo: sobeit
ADMIN CMD: zFTC_RUAN Foi Kickado by HARlDADE, Motivo: AFK
ADMIN CMD: bonezin_otario Foi Kickado by HARlDADE, Motivo: NOME INDEVIDO
ADMIN CMD: brt_na_pista_bone Foi Kickado by Kauan_Churritos, Motivo: COLOCA NICK RP BAIANO
ADMIN CMD: brt_na_pista_bonee Foi Kickado by HARlDADE, Motivo: sobeit
ADMIN CMD: viniii.drifter Foi Kickado by Kauan_Churritos, Motivo: NS e ant rp
ADMIN CMD: Jota_Pe Foi Kickado by HARlDADE, Motivo: DORMINDO
ADMIN CMD: viniii.drifter Foi Kickado by Kauan_Churritos, Motivo: ant rp capota mas nao para
ADMIN CMD: DANIEL_DO_TREMM Foi Kickado by Alex_souza_FPS, Motivo: 1 MIN AFK
ADMIN CMD: Zuerim_Bahiano Foi Kickado by Carlos_Sales, Motivo: AFK
ADMIN CMD: mau_mau Foi Kickado by alemao_noguira, Motivo: usando /n  incorretamente
ADMIN CMD: Pierre_Xc Foi Kickado by alemao_noguira, Motivo: usando /n incorretamente
ADMIN CMD: Lucas_pinto Foi Kickado by alemao_noguira, Motivo: rt reloga
ADMIN CMD: Vinicius_TDT Foi Kickado by HARlDADE, Motivo: AFK
ADMIN CMD: Jack_Gaming Foi Kickado by alemao_noguira, Motivo: pg
ADMIN CMD: Rei_Do_Rolas Foi Kickado by HARlDADE, Motivo: MG
ADMIN CMD: Jack_Gaming Foi Kickado by Kauan_Churritos, Motivo: DM
ADMIN CMD: Motta_realN$ Foi Kickado by Kauan_Santos, Motivo: DM
ADMIN CMD: ALEMAO_FPSx Foi Kickado by HARlDADE, Motivo: AFK
ADMIN CMD: TRIPI_FPSx Foi Kickado by Vgzinn, Motivo: afk
ADMIN CMD: exe_sad Foi Kickado by BOBI.ImT, Motivo: AFK
ADMIN CMD: Rafael_FPSx Foi Kickado by BOBI.ImT, Motivo: ROUBO SEFE
ADMIN CMD: zYamashita_ Foi Kickado by BOBI.ImT, Motivo: ROUBO SEFE
ADMIN CMD: Crazy_FPSx Foi Kickado by BOBI.ImT, Motivo: ROUBO SEFE
ADMIN CMD: Red_beiramar Foi Kickado by Alex_souza_FPS, Motivo: TK DM
ADMIN CMD: Carlos_Sales Foi Kickado by Carlos_Sales, Motivo: BUGADO
ADMIN CMD: Alex_souza_FPS Foi Kickado by Alex_souza_FPS, Motivo: SO DE RAIVA TBM
ADMIN CMD: Bkey_DuMonster Foi Kickado by BOBI.ImT, Motivo: AFK CORNO
ADMIN CMD: exe_sad Foi Kickado by BOBI.ImT, Motivo: ACAO SOLO
ADMIN CMD: WILL_ALFRE Foi Kickado by alemao_noguira, Motivo: bugado
ADMIN CMD: Red_beiramar Foi Kickado by HARlDADE, Motivo: AFK
ADMIN CMD: Henrique_Games Foi Kickado by Carlos_Sales, Motivo: OFENSA SEM MOTIVO
ADMIN CMD: GRT_kn Foi Kickado by Alex_souza_FPS, Motivo: floda na garai
ADMIN CMD: Carlos_Sales Foi Kickado by Menor_vl, Motivo: nao pode
ADMIN CMD: Gust4_FPSx Foi Kickado by Carlos_Sales, Motivo: AFK
ADMIN CMD: Duda Foi Kickado by Carlos_Sales, Motivo: AFK
ADMIN CMD: WL_[CHEFE_TDJ] Foi Kickado by jaozinho, Motivo: 4 min afk
ADMIN CMD: Haridade Foi Kickado by HARlDADE, Motivo: AFK
ADMIN CMD: Anti_Rp Foi Kickado by HARlDADE, Motivo: .................DIGO ND
ADMIN CMD: Anti_Rp Foi Kickado by Alex_souza_FPS, Motivo: ANT RP NAO PAE
ADMIN CMD: TDT_MAndrakinho Foi Kickado by Alex_souza_FPS, Motivo: CAIU DA MOTO E REAGIU COM 2 ARMAS NA CABECA PODE DA CADEIA ALADMIN CMD: TZ_SAMP Foi Kickado by Alex_souza_FPS, Motivo: .
ADMIN CMD: zFTC_RUAN Foi Kickado by Alex_souza_FPS, Motivo: .
ADMIN CMD: ML_santos Foi Kickado by Carlos_Sales, Motivo: AFK
ADMIN CMD: zYamashita_ Foi Kickado by Carlos_Sales, Motivo: AFK
ADMIN CMD: Luan_gameX Foi Kickado by Carlos_Sales, Motivo: AFK
ADMIN CMD: Ssueco.FPSx Foi Kickado by Kauan_Churritos, Motivo: consertanto caixai invisivel
ADMIN CMD: Low_FPSx Foi Kickado by Kauan_Churritos, Motivo: dm sem motivo
ADMIN CMD: vibe_isis Foi Kickado by Alex_souza_FPS, Motivo: BUGADO
ADMIN CMD: vibe_isis Foi Kickado by Alex_souza_FPS, Motivo: tira todas as suas armas ta bugando dnv
ADMIN CMD: Sagaz_Fpss Foi Kickado by Alex_souza_FPS, Motivo: flood
ADMIN CMD: Kira_Do_Moster Foi Kickado by Alex_souza_FPS, Motivo: OFENSA A STAFF 
ADMIN CMD: CHUN.LI Foi Kickado by Alex_souza_FPS, Motivo: VDM
ADMIN CMD: DUDINHP Foi Kickado by Alex_souza_FPS, Motivo: ANT RP
ADMIN CMD: DUDINHP Foi Kickado by Alex_souza_FPS, Motivo: VDM
ADMIN CMD: texugo_gg Foi Kickado by Carlos_Sales, Motivo: AFK
ADMIN CMD: ANIBAL_INDIA Foi Kickado by Carlos_Sales, Motivo: HACK FDP
ADMIN CMD: ANIBAL_INDIA Foi Kickado by Alex_souza_FPS, Motivo: HACK AKI NAO PCR
ADMIN CMD: ANIBAL_INDIA Foi Kickado by Carlos_Sales, Motivo: ENTRA DNV QUE E OUTRO
ADMIN CMD: ANIBAL_INDIA Foi Kickado by Carlos_Sales, Motivo: ENTROU DNV
ADMIN CMD: ANIBAL_INDIA Foi Kickado by Carlos_Sales, Motivo: CONTINUA MAN?
ADMIN CMD: ANIBAL_INDIA Foi Kickado by Carlos_Sales, Motivo: VAI FICAR ASSIM MESMO
ADMIN CMD: ANIBAL_INDIA Foi Kickado by Carlos_Sales, Motivo: .
ADMIN CMD: ANIBAL_INDIA Foi Kickado by Carlos_Sales, Motivo: .
ADMIN CMD: ANIBAL_INDIA Foi Kickado by Carlos_Sales, Motivo: .
ADMIN CMD: CHUN.LI Foi Kickado by Carlos_Sales, Motivo: VDM
ADMIN CMD: JULIA_MINEGIRL Foi Kickado by Carlos_Sales, Motivo: VDM
ADMIN CMD: black_tl Foi Kickado by Carlos_Sales, Motivo: AFK
ADMIN CMD: JULIA_MINEGIRL Foi Kickado by Carlos_Sales, Motivo: MINIGUN
ADMIN CMD: JULIA_MINEGIRL Foi Kickado by Carlos_Sales, Motivo: HACK
ADMIN CMD: JULIA_MINEGIRL Foi Kickado by Carlos_Sales, Motivo: HACK
ADMIN CMD: JULIA_MINEGIRL Foi Kickado by Carlos_Sales, Motivo: HACK
ADMIN CMD: TZ_SAMP Foi Kickado by BOBI.ImT, Motivo: ROUBO SOLO
ADMIN CMD: Motta_FPSx Foi Kickado by BOBI.ImT, Motivo: 1/2
ADMIN CMD: Parlota_Lcs Foi Kickado by Kauan_Santos, Motivo: AFL
ADMIN CMD: Pedro Foi Kickado by alemao_noguira, Motivo: bugado reloga
ADMIN CMD: DUDINHP Foi Kickado by HARlDADE, Motivo: VDM 
ADMIN CMD: Joaozinx_ff Foi Kickado by Kauan_Santos, Motivo: ROUBANDO SENDO CIVIL
ADMIN CMD: LIPE_EXE Foi Kickado by Kauan_Santos, Motivo: ROUBANDO SENDO CIVIL
ADMIN CMD: Natan_Insane Foi Kickado by Vgzinn, Motivo: kk
ADMIN CMD: flavin_zeca Foi Kickado by Vgzinn, Motivo: BUGADO
ADMIN CMD: LuanGabriel06 Foi Kickado by Vgzinn, Motivo: SEM PM MDS
ADMIN CMD: Replause_Silva Foi Kickado by BOBI.ImT, Motivo: OFENSAR
ADMIN CMD: Joaozinx_ff Foi Kickado by HARlDADE, Motivo: /ANL INDEVIDO
ADMIN CMD: KINGZIN.Fe Foi Kickado by Vgzinn, Motivo: kk
ADMIN CMD: DBZ_SILVA Foi Kickado by Vgzinn, Motivo: kk
ADMIN CMD: Borges_Escobar Foi Kickado by Alex_souza_FPS, Motivo: PARA DE TACAR ESSA GRANADA TA TENDO QUEDA DE FPS
ADMIN CMD: texugo_gg Foi Kickado by Carlos_Sales, Motivo: AFK
ADMIN CMD: CJ_DO_PNEU Foi Kickado by Alex_souza_FPS, Motivo: FLOOD
ADMIN CMD: Joaozinx_ff Foi Kickado by Carlos_Sales, Motivo: AFK
ADMIN CMD: RATO Foi Kickado by Alex_souza_FPS, Motivo: ANT RP
ADMIN CMD: Du_Hype Foi Kickado by Alex_souza_FPS, Motivo: RELOGA
ADMIN CMD: Du_Hype Foi Kickado by Kauan_Santos, Motivo: BUGADO
ADMIN CMD: Willifergam Foi Kickado by Kauan_Churritos, Motivo: tk
ADMIN CMD: MIN3_2G Foi Kickado by Carlos_Sales, Motivo: AFK
ADMIN CMD: Sr_Nescau Foi Kickado by Carlos_Sales, Motivo: AFK
ADMIN CMD: zFTC_RUAN Foi Kickado by Carlos_Sales, Motivo: AFK
ADMIN CMD: PATOLYNO Foi Kickado by Carlos_Sales, Motivo: AFK
ADMIN CMD: SAD_TRISTE1 Foi Kickado by Carlos_Sales, Motivo: XITER
ADMIN CMD: SAD_TRISTE1 Foi Kickado by Carlos_Sales, Motivo: XITER
ADMIN CMD: TZ_SAMP Foi Kickado by Kauan_Churritos, Motivo: reven
ADMIN CMD: Mexicano_Xd Foi Kickado by HARlDADE, Motivo: vai compra licenca 
ADMIN CMD: Tavin.FPSx Foi Kickado by Alex_souza_FPS, Motivo: DM
ADMIN CMD: PATOLYNO Foi Kickado by Kauan_Santos, Motivo: DM
ADMIN CMD: TZ_SAMP Foi Kickado by HARlDADE, Motivo: DM 
ADMIN CMD: NHX_SHELBY Foi Kickado by Kauan_Santos, Motivo: USA HACKER NA CASA DA MAE JOANA
ADMIN CMD: NHX_SHELBY Foi Kickado by Kauan_Santos, Motivo: HACKER
ADMIN CMD: NHX_SHELBY Foi Kickado by Kauan_Santos, Motivo: HACKER FDP USA HACKER NA CASA DO CRLH
ADMIN CMD: Markola Foi Kickado by Menor_vl, Motivo: .
ADMIN CMD: edu_play Foi Kickado by HARlDADE, Motivo: AFK
ADMIN CMD: Motta_FPSx Foi Kickado by Carlos_Sales, Motivo: VOLTANDO ACAO
ADMIN CMD: Lipe_Nobre Foi Kickado by Carlos_Sales, Motivo: AFK
ADMIN CMD: Nick_Kuster Foi Kickado by HARlDADE, Motivo: nao pode caixa so
ADMIN CMD: LuanGabriel06 Foi Kickado by BOBI.ImT, Motivo: SORTE QUER NAO DO CADEIA
ADMIN CMD: LuanGabriel06 Foi Kickado by Kauan_Santos, Motivo: DM
ADMIN CMD: JOAO_VITOR_YT Foi Kickado by Alex_souza_FPS, Motivo: OFENCA A PLAYER
ADMIN CMD: Djonatan_Silva Foi Kickado by Vgzinn, Motivo: AFK
ADMIN CMD: Joaozinx_ff Foi Kickado by HARlDADE, Motivo: RT
ADMIN CMD: LuanGabriel06 Foi Kickado by Alex_souza_FPS, Motivo: FLOOS
ADMIN CMD: TRIPI_FPSx Foi Kickado by jaozinho, Motivo: afk
ADMIN CMD: Borges_Escobar Foi Kickado by Carlos_Sales, Motivo: AFK
ADMIN CMD: texugo_gg Foi Kickado by Carlos_Sales, Motivo: AFK
ADMIN CMD: Alex_souza_FPS Foi Kickado by Vgzinn, Motivo: arruma essa data bugada
ADMIN CMD: Alex_souza_FPS Foi Kickado by ICARO_Walker, Motivo: DATA BUGADA
ADMIN CMD: Bkinho Foi Kickado by jaozinho, Motivo: AFK
ADMIN CMD: Alex_souza_FPS Foi Kickado by ICARO_Walker, Motivo: DATA RUIN
ADMIN CMD: GABRIEL_SAMP Foi Kickado by Kauan_Santos, Motivo: OFENSA A PLAYER
ADMIN CMD: KAUAN_TRALHA Foi Kickado by Kauan_Santos, Motivo: OFENSA PLAYER
ADMIN CMD: TDT_MAndrakinho Foi Kickado by Markola, Motivo: invadindo hq
ADMIN CMD: draczin_da_bgc Foi Kickado by Alex_souza_FPS, Motivo: VDM,DM
ADMIN CMD: Borges_Escobar Foi Kickado by Carlos_Sales, Motivo: AFK
ADMIN CMD: Mascara.exe Foi Kickado by Kauan_Santos, Motivo: AFK  22 MINUTOS
ADMIN CMD: MATHEUS_LIMA Foi Kickado by Vgzinn, Motivo: kkkkkk
ADMIN CMD: MATHEUS_LIMA Foi Kickado by Alex_souza_FPS, Motivo: XITER
ADMIN CMD: MATHEUS_LIMA Foi Kickado by Alex_souza_FPS, Motivo: XITER
ADMIN CMD: MATHEUS_LIMA Foi Kickado by Alex_souza_FPS, Motivo: XITER
ADMIN CMD: Patrick_GG Foi Kickado by Kauan_Santos, Motivo: NRA
ADMIN CMD: ALEMAO_ Foi Kickado by Kauan_Santos, Motivo: DIVULGANDO SERVE
ADMIN CMD: fabri_rp Foi Kickado by alemao_noguira, Motivo: rt reloga
ADMIN CMD: Fanho.du.pvpaxx.$ Foi Kickado by Kauan_Santos, Motivo: ANT RP CORRENDO COM ARMA NA CARA
ADMIN CMD: fabri_rp Foi Kickado by alemao_noguira, Motivo: rt reloga
ADMIN CMD: Rafinha_Brabo Foi Kickado by Kauan_Santos, Motivo: VDM
ADMIN CMD: Mascara.exe Foi Kickado by Kauan_Santos, Motivo: FLOOD
ADMIN CMD: LUPPEX_YT Foi Kickado by Vgzinn, Motivo: tira isso ae
ADMIN CMD: PATOLYNO Foi Kickado by Vgzinn, Motivo: tira isso ae
ADMIN CMD: Lucas_pinto Foi Kickado by Kauan_Santos, Motivo: VOLTANDO ACAO
ADMIN CMD: BK_DO_AMASSA Foi Kickado by Alex_souza_FPS, Motivo: ANT RP
ADMIN CMD: Patrick_GG Foi Kickado by Kauan_Santos, Motivo: AFK
ADMIN CMD: PATOLYNO Foi Kickado by Kauan_Santos, Motivo: OFENSA
ADMIN CMD: Lucas_pinto Foi Kickado by Carlos_Sales, Motivo: AFK
ADMIN CMD: JILSU_ELETROPAUU Foi Kickado by Kauan_Santos, Motivo: HACKER
ADMIN CMD: careca Foi Kickado by Vgzinn, Motivo: afk
ADMIN CMD: L7_TA_TRISTE1 Foi Kickado by Markola, Motivo: mata dn 
ADMIN CMD: vulgo_135 Foi Kickado by Markola, Motivo: .
ADMIN CMD: Markola Foi Kickado by ICARO_Walker, Motivo: abuso de adm
ADMIN CMD: SSueco_FPSx Foi Kickado by Kauan_Santos, Motivo: DM
ADMIN CMD: Neox_beiramar Foi Kickado by Kauan_Santos, Motivo: OFENSA STAFF
ADMIN CMD: juliana Foi Kickado by HARlDADE, Motivo: DM proxima e denuncia dc
ADMIN CMD: LUPPEX_YT Foi Kickado by Carlos_Sales, Motivo: AFK
ADMIN CMD: vulgo_135 Foi Kickado by HARlDADE, Motivo: AFK
ADMIN CMD: mascarado_adm Foi Kickado by Carlos_Sales, Motivo: AFK
ADMIN CMD: Mascara.exe2 Foi Kickado by Vgzinn, Motivo: pqp chato pa karay
ADMIN CMD: mitozin_9k Foi Kickado by BOBI.ImT, Motivo: MG 1/2
ADMIN CMD: MenorM Foi Kickado by BOBI.ImT, Motivo: PG 1/2
ADMIN CMD: renan_tga Foi Kickado by jaozinho, Motivo: afk
ADMIN CMD: TZ_SAMP Foi Kickado by BOBI.ImT, Motivo: FLOD
ADMIN CMD: Isaac_David Foi Kickado by Vgzinn, Motivo: falei
ADMIN CMD: Duartex_ Foi Kickado by Carlos_Sales, Motivo: FAZENDO CAIXA SAFE
ADMIN CMD: MIN3_MIC4 Foi Kickado by Carlos_Sales, Motivo: FAZENDO CAIXA SAFE
ADMIN CMD: POZE_DO_RODO Foi Kickado by Carlos_Sales, Motivo: AFK
ADMIN CMD: Rafael_FPSx Foi Kickado by BOBI.ImT, Motivo: ANT RP
ADMIN CMD: crN_Tralha Foi Kickado by Vgzinn, Motivo: bugado
ADMIN CMD: Mascara.EXE Foi Kickado by Russo, Motivo: kk
ADMIN CMD: insane_ Foi Kickado by Kauan_Santos, Motivo: POWERGAMING
ADMIN CMD: insane_ Foi Kickado by Kauan_Santos, Motivo: DM SAFE
ADMIN CMD: ReiDelas Foi Kickado by HARlDADE, Motivo: VAI USA HACK NO CARAI :(
ADMIN CMD: ReiDelas Foi Kickado by HARlDADE, Motivo: !
ADMIN CMD: DK_BERLIN Foi Kickado by Natan_Insane, Motivo: AFK 10 MINUTOS
ADMIN CMD: JOAOZIN_SAMP Foi Kickado by Natan_Insane, Motivo: AFK 16 MINUTOS
ADMIN CMD: Gago.du.pvpaxx.$ Foi Kickado by Markola, Motivo: AFK
ADMIN CMD: Duartex_ Foi Kickado by Carlos_Sales, Motivo: VOLTANDO ACAO
ADMIN CMD: Haridade Foi Kickado by Kauan_Santos, Motivo: TIRA ESSA ANIMACAO DO ROLAS
ADMIN CMD: Aquaman Foi Kickado by BOBI.ImT, Motivo: hack 
ADMIN CMD: Aquaman Foi Kickado by BOBI.ImT, Motivo: kkkk
ADMIN CMD: TEJOTA_JUNIOR Foi Kickado by Russo, Motivo: audio estorado
ADMIN CMD: Motta Foi Kickado by Alex_souza_FPS, Motivo: VOLTANDO ACAO
ADMIN CMD: Motta_realN$ Foi Kickado by Alex_souza_FPS, Motivo: VOLTANDO ACAO
ADMIN CMD: alemao Foi Kickado by Kauan_Santos, Motivo: AFK
ADMIN CMD: tk_gg Foi Kickado by Carlos_Sales, Motivo: BUGADO N LEVA DANO
ADMIN CMD: Motta_realN$ Foi Kickado by Alex_souza_FPS, Motivo: LOCK ON
ADMIN CMD: Lucas_pinto Foi Kickado by Kauan_Santos, Motivo: AFK
ADMIN CMD: JURANDI_ELETRO_PAU Foi Kickado by BOBI.ImT, Motivo: FLOD 1/2
ADMIN CMD: Haridade Foi Kickado by BOBI.ImT, Motivo: DM 1/2
ADMIN CMD: DACUNHA Foi Kickado by BOBI.ImT, Motivo: DM 1/2
ADMIN CMD: GABRIEL_SAMP Foi Kickado by BOBI.ImT, Motivo: DM 1/2
ADMIN CMD: faelzin Foi Kickado by HARlDADE, Motivo: AFL
ADMIN CMD: GABRIEL_SAMP Foi Kickado by BOBI.ImT, Motivo: DM PARA SEU CORNO
ADMIN CMD: DACUNHA Foi Kickado by BOBI.ImT, Motivo: DM PARA SEU CORNO
ADMIN CMD: Rafinha_Brabo Foi Kickado by BOBI.ImT, Motivo: DM AFFF PARA 
ADMIN CMD: angela_ Foi Kickado by jaozinho, Motivo: e passarinho pra ta voando ?
ADMIN CMD: iLucas_AimBot Foi Kickado by jaozinho, Motivo: afk
ADMIN CMD: VULGO_BK Foi Kickado by Russo, Motivo: kk
ADMIN CMD: luiz_fabiano Foi Kickado by Kauan_Santos, Motivo: RT
ADMIN CMD: Leox_ Foi Kickado by HARlDADE, Motivo: /RELATORIO INDEVIDO
ADMIN CMD: Rafael_FPSx Foi Kickado by Natan_Insane, Motivo: ANG INDIVIDO
ADMIN CMD: Leox_ Foi Kickado by Kauan_Santos, Motivo: DM
ADMIN CMD: zFTC_RUAN Foi Kickado by Carlos_Sales, Motivo: AFK
ADMIN CMD: Gago.du.pvpaxx.$ Foi Kickado by Carlos_Sales, Motivo: CAIXA SEM PM ON
ADMIN CMD: BK_DO_AMASSA Foi Kickado by Carlos_Sales, Motivo: CAIXA SEM PM ON
ADMIN CMD: Fanho.du.pvpaxx.$ Foi Kickado by Kauan_Churritos, Motivo: CAIXA SEM PM ON
ADMIN CMD: ALEx_AMARAL Foi Kickado by Kauan_Churritos, Motivo: AFK
