ADMIN: cloZe limpou a vaga 15 do líder BerN
AdmCmd: cloZe deu líder da organização: Comando Vermelho Para: cloZe[0].
ADMIN: cloZe limpou a vaga 23 do líder cloZe
AdmCmd: winRAR deu líder da organização: Rota Para: winRAR[2].
Jogador: winRAR[2] pediu contas de lider da org:[Rota]
AdmCmd: winRAR deu líder da organização: Mendigos Para: winRAR[2].
Jogador: winRAR[2] pediu contas de lider da org:[Mendigos]
Jogador: cloZe[0] pediu contas de lider da org:[Interpol]
AdmCmd: winRAR deu líder da organização: Mecanicos Para: winRAR[0].
Jogador: winRAR[0] pediu contas de lider da org:[Mecanicos]
ADMIN: winRAR limpou a vaga 14 do líder winRAR
ADMIN: winRAR limpou a vaga 12 do líder winRAR
ADMIN: winRAR limpou a vaga 25 do líder Ninguem
AdmCmd: winRAR deu líder da organização: Mafia CN Para: cloZe[1].
ADMIN: winRAR limpou a vaga 22 do líder cloZe
AdmCmd: winRAR deu líder da organização: Mayans Para: cloZe[1].
ADMIN: winRAR limpou a vaga 22 do líder Ninguem
ADMIN: winRAR limpou a vaga 24 do líder cloZe
AdmCmd: winRAR deu líder da organização: Comando Vermelho Para: cloZe[1].
AdmCmd: winRAR deu líder da organização: Policia Militar Para: winRAR[0].
Jogador: cloZe[1] pediu contas de lider da org:[Comando Vermelho]
ADMIN: cloZe limpou a vaga 23 do líder cloZe
Jogador: winRAR[0] pediu contas de lider da org:[Policia Militar]
AdmCmd: winRAR deu líder da organização: GATE Para: winRAR[0].
Jogador: winRAR[0] pediu contas de lider da org:[GATE]
ADMIN: cloZe limpou a vaga 26 do líder winRAR
ADMIN: cloZe limpou a vaga 13 do líder winRAR
AdmCmd: cloZe deu líder da organização: Comando Vermelho Para: cloZe[0].
Jogador: cloZe[0] pediu contas de lider da org:[Comando Vermelho]
Jogador: cloZe[0] pediu contas de lider da org:[Rota]
Jogador: cloZe[0] pediu contas de lider da org:[Taliban]
Jogador: cloZe[0] pediu contas de lider da org:[Exercito]
Jogador: cloZe[0] pediu contas de lider da org:[Assassins]
AdmCmd: cloZe deu líder da organização: Assassins Para: cloZe[0].
ADMIN: cloZe limpou a vaga 23 do líder cloZe
ADMIN: cloZe limpou a vaga 26 do líder cloZe
Jogador: cloZe[0] pediu contas de lider da org:[Los Vagos]
AdmCmd: cloZe deu líder da organização: Los Vagos Para: cloZe[0].
Cofre Org/Org1.cfg
Cofre Org/Org2.cfg
Cofre Org/Org15.cfg
ADMIN: Vgzinn_Zs limpou a vaga 19 do líder cloZe
ADMIN: Vgzinn_Zs limpou a vaga 1 do líder King_Guhh1
Jogador: TT_RAFA[2] pediu contas de lider da org:[Groove Street]
Cofre Org/Org15.cfg
ADMIN: Riquelme_Emanuel limpou a vaga 15 do líder GROVE_BAIXINHOO
Cofre Org/Org15.cfg
Cofre Org/Org23.cfg
ADMIN: Nike_exe limpou a vaga 2 do líder Riquelme_Emanuel
Cofre Org/Org2.cfg
Jogador: Riquelme_Emanuel[2] pediu contas de lider da org:[BOPE]
Cofre Org/Org11.cfg
ADMIN: Riquelme_Emanuel limpou a vaga 15 do líder GROVE_BAIXINN
Jogador: Riquelme_Emanuel[0] pediu contas de lider da org:[PCC]
Cofre Org/Org15.cfg
ADMIN: Nike_exe limpou a vaga 2 do líder Ninguem
ADMIN: Nike_exe limpou a vaga 2 do líder Ninguem
Jogador: Nike_exe[0] pediu contas de lider da org:[BOPE]
Cofre Org/Org11.cfg
Jogador: Nike_exe[0] pediu contas de lider da org:[PCC]
Cofre Org/Org25.cfg
Jogador: Connor.Legends[0] pediu contas de lider da org:[Policia Federal]
ADMIN: Riquelme_Emanuel limpou a vaga 15 do líder Herizera_Silvaa
ADMIN: Riquelme_Emanuel limpou a vaga 15 do líder Ninguem
Cofre Org/Org15.cfg
Cofre Org/Org8.cfg
Cofre Org/Org1.cfg
Jogador: Jaozin_Silva[3] pediu contas de lider da org:[Policia Militar]
Cofre Org/Org11.cfg
Cofre Org/Org20.cfg
ADMIN: Riquelme_Emanuel limpou a vaga 15 do líder Connor.Legends
ADMIN: Riquelme_Emanuel limpou a vaga 25 do líder Connor.Legends
Cofre Org/Org2.cfg
Jogador: Riquelme_Emanuel[8] pediu contas de lider da org:[BOPE]
Cofre Org/Org2.cfg
Jogador: Fumassa[6] pediu contas de lider da org:[Hitmans]
Cofre Org/Org19.cfg
Cofre Org/Org25.cfg
Cofre Org/Org8.cfg
Cofre Org/Org1.cfg
Jogador: Vgzinn[5] pediu contas de lider da org:[Hitmans]
Cofre Org/Org8.cfg
ADMIN: Riquelme_Emanuel limpou a vaga 2 do líder joao_elyebsom17
Cofre Org/Org15.cfg
Cofre Org/Org7.cfg
Cofre Org/Org2.cfg
Jogador: Riquelme_Emanuel[3] pediu contas de lider da org:[BOPE]
ADMIN: Riquelme_Emanuel limpou a vaga 19 do líder Hoso_Santox
Cofre Org/Org19.cfg
Jogador: Natan_Insane[1] pediu contas de lider da org:[Los Vagos]
Cofre Org/Org3.cfg
Cofre Org/Org19.cfg
Cofre Org/Org2.cfg
Cofre Org/Org12.cfg
ADMIN: Riquelme_Emanuel limpou a vaga 8 do líder jao_vral
Cofre Org/Org8.cfg
ADMIN: Riquelme_Emanuel limpou a vaga 15 do líder joao_elyebsom17
Cofre Org/Org15.cfg
Jogador: Riquelme_Emanuel[8] pediu contas de lider da org:[Groove Street]
ADMIN: Riquelme_Emanuel limpou a vaga 8 do líder Terrorista_Mobile
Cofre Org/Org15.cfg
Cofre Org/Org18.cfg
Cofre Org/Org13.cfg
Jogador: Fumassa[0] pediu contas de lider da org:[Governo]
Jogador: Red_beiramar[2] pediu contas de lider da org:[Policia Militar]
Cofre Org/Org22.cfg
Jogador: Red_beiramar[2] pediu contas de lider da org:[Mafia CN]
Cofre Org/Org8.cfg
Cofre Org/Org7.cfg
ADMIN: Riquelme_Emanuel limpou a vaga 2 do líder Demon_Uchiha
Cofre Org/Org2.cfg
Jogador: Riquelme_Emanuel[0] pediu contas de lider da org:[BOPE]
Cofre Org/Org2.cfg
Jogador: Riquelme_Emanuel[0] pediu contas de lider da org:[BOPE]
Cofre Org/Org1.cfg
Cofre Org/Org2.cfg
Cofre Org/Org17.cfg
Jogador: Carlos_Sales[8] pediu contas de lider da org:[PCC]
Cofre Org/Org11.cfg
ADMIN: Vgzinn limpou a vaga 11 do líder texugo_gg
Cofre Org/Org11.cfg
Jogador: leandro_lara[10] pediu contas de lider da org:[BOPE]
Cofre Org/Org2.cfg
Cofre Org/Org9.cfg
Jogador: Riquelme_Emanuel[23] pediu contas de lider da org:[Reporteres]
Cofre Org/Org22.cfg
Cofre Org/Org5.cfg
Cofre Org/Org26.cfg
ADMIN: Riquelme_Emanuel limpou a vaga 25 do líder lipe_araujo
Cofre Org/Org25.cfg
Jogador: MenorzinX_s2[0] pediu contas de lider da org:[Assassins]
ADMIN: Vgzinn limpou a vaga 12 do líder Caique_Lopes
ADMIN: Vgzinn limpou a vaga 13 do líder andre_domi
Cofre Org/Org21.cfg
Cofre Org/Org12.cfg
Cofre Org/Org13.cfg
Cofre Org/Org24.cfg
Cofre Org/Org28.cfg
Jogador: Red_beiramar[6] pediu contas de lider da org:[Hitmans]
Cofre Org/Org27.cfg
Jogador: Caique_Lopes[11] pediu contas de lider da org:[Rota]
Cofre Org/Org8.cfg
ADMIN: Vgzinn limpou a vaga 25 do líder Drackzx_RP
Cofre Org/Org25.cfg
Cofre Org/Org26.cfg
ADMIN: Vgzinn limpou a vaga 28 do líder Vgzinn
Cofre Org/Org28.cfg
ADMIN: Menor_vl limpou a vaga 8 do líder Riquelme_Emanuel
Cofre Org/Org8.cfg
ADMIN: Menor_vl limpou a vaga 20 do líder lukill_4
Cofre Org/Org10.cfg
ADMIN: Vgzinn limpou a vaga 10 do líder Nk_Deivid
Cofre Org/Org12.cfg
Jogador: Bonezinho_TDT[20] pediu contas de lider da org:[Tropa Da Turquia]
ADMIN: Vgzinn limpou a vaga 28 do líder Ninguem
Cofre Org/Org28.cfg
Jogador: Rei_Do_Rolas[28] pediu contas de lider da org:[Sons of Anarchy]
ADMIN: Menor_vl limpou a vaga 17 do líder David_Santos
Jogador: Red_beiramar[19] pediu contas de lider da org:[Tropa Do Enguica]
Cofre Org/Org27.cfg
Cofre Org/Org17.cfg
Cofre Org/Org20.cfg
Cofre Org/Org16.cfg
ADMIN: Menor_vl limpou a vaga 3 do líder zEverton_Silva
ADMIN: Menor_vl limpou a vaga 13 do líder Yuri_deus
Cofre Org/Org13.cfg
Cofre Org/Org3.cfg
Cofre Org/Org6.cfg
Cofre Org/Org4.cfg
Jogador: Gui_Vincent[17] pediu contas de lider da org:[Medicos]
Cofre Org/Org21.cfg
Cofre Org/Org9.cfg
ADMIN: Riquelme_Emanuel limpou a vaga 21 do líder Gui_Vincent
Cofre Org/Org21.cfg
Jogador: Carlos_Sales[22] pediu contas de lider da org:[Reporteres]
ADMIN: Vgzinn limpou a vaga 11 do líder texugo_gg
Cofre Org/Org11.cfg
ADMIN: ICARO_Walker limpou a vaga 13 do líder Fael_Pro
ADMIN: Riquelme_Emanuel limpou a vaga 11 do líder texugo_gg
ADMIN: Riquelme_Emanuel limpou a vaga 11 do líder Ninguem
Cofre Org/Org11.cfg
Cofre Org/Org13.cfg
ADMIN: Menor_vl limpou a vaga 24 do líder Bkey_DuMonster
ADMIN: Menor_vl limpou a vaga 22 do líder Sr_Valzera
ADMIN: Menor_vl limpou a vaga 21 do líder Mandrake_pvp
ADMIN: Menor_vl limpou a vaga 20 do líder Carllos_Souzsa
Jogador: Vinicius_Russef[29] pediu contas de lider da org:[Governo]
Cofre Org/Org20.cfg
ADMIN: Menor_vl limpou a vaga 8 do líder Kauanzin
Cofre Org/Org29.cfg
ADMIN: Vgzinn limpou a vaga 29 do líder Vgzinn
Cofre Org/Org29.cfg
ADMIN: Vgzinn limpou a vaga 29 do líder Vgzinn
Cofre Org/Org8.cfg
Cofre Org/Org29.cfg
ADMIN: Riquelme_Emanuel limpou a vaga 27 do líder Red_beiramar
Jogador: Riquelme_Emanuel[3] pediu contas de lider da org:[PCC]
Cofre Org/Org27.cfg
Jogador: Riquelme_Emanuel[3] pediu contas de lider da org:[Tropa Do Enguica]
Cofre Org/Org27.cfg
Cofre Org/Org11.cfg
Cofre Org/Org7.cfg
Cofre Org/Org22.cfg
ADMIN: Menor_vl limpou a vaga 12 do líder Nk_Deivid
ADMIN: Menor_vl limpou a vaga 15 do líder Terrorista_Mobile
Cofre Org/Org12.cfg
Jogador: Riquelme_Emanuel[18] pediu contas de lider da org:[PCC]
ADMIN: Menor_vl limpou a vaga 27 do líder Red_beiramar
Cofre Org/Org15.cfg
Cofre Org/Org27.cfg
ADMIN: Menor_vl limpou a vaga 25 do líder KINGZIN.Fe
Cofre Org/Org11.cfg
Jogador: Gui_Vincent[26] pediu contas de lider da org:[Sons of Anarchy]
Cofre Org/Org25.cfg
Cofre Org/Org14.cfg
ADMIN: Riquelme_Emanuel limpou a vaga 28 do líder Bonezinho_TDT
Cofre Org/Org28.cfg
Jogador: Riquelme_Emanuel[8] pediu contas de lider da org:[Tropa Da Turquia]
Jogador: playbox_silva[7] pediu contas de lider da org:[Hitmans]
Cofre Org/Org28.cfg
Cofre Org/Org24.cfg
ADMIN: Menor_vl limpou a vaga 12 do líder Will_Black
ADMIN: ICARO_Walker limpou a vaga 27 do líder Dias_DZ7
Cofre Org/Org27.cfg
Jogador: Diax_DZ7[11] pediu contas de lider da org:[Tropa Do Enguica]
ADMIN: Vgzinn limpou a vaga 5 do líder Gefin_DAboca
ADMIN: Vgzinn limpou a vaga 29 do líder Vgzinn
Cofre Org/Org5.cfg
Jogador: Vgzinn[8] pediu contas de lider da org:[Los Aztecas]
ADMIN: Vgzinn limpou a vaga 3 do líder Pedroo_999
Cofre Org/Org12.cfg
ADMIN: Vgzinn limpou a vaga 28 do líder playbox_silva
ADMIN: Vgzinn limpou a vaga 1 do líder Wagner_Barbosa
Cofre Org/Org27.cfg
ADMIN: ICARO_Walker limpou a vaga 27 do líder Red_beiramar
Jogador: ICARO_Walker[7] pediu contas de lider da org:[Governo]
Cofre Org/Org27.cfg
Cofre Org/Org1.cfg
ADMIN: Vgzinn limpou a vaga 2 do líder Maicon_Lopes
Cofre Org/Org2.cfg
ADMIN: Vgzinn limpou a vaga 2 do líder Bkey_DuMonster
Cofre Org/Org3.cfg
Cofre Org/Org2.cfg
Cofre Org/Org8.cfg
Cofre Org/Org28.cfg
ADMIN: Vgzinn limpou a vaga 25 do líder Gui_Vincent
Cofre Org/Org25.cfg
Cofre Org/Org5.cfg
ADMIN: Vgzinn limpou a vaga 18 do líder VIXTOE
Cofre Org/Org18.cfg
ADMIN: Menor_vl limpou a vaga 12 do líder novin_77
ADMIN: Menor_vl limpou a vaga 25 do líder Pedro_MgPK
Cofre Org/Org25.cfg
ADMIN: Menor_vl limpou a vaga 3 do líder Bkey_DuMonster
ADMIN: Menor_vl limpou a vaga 18 do líder Pedroo_999
ADMIN: Menor_vl limpou a vaga 16 do líder Jack_Gaming
Cofre Org/Org12.cfg
Cofre Org/Org3.cfg
ADMIN: Vgzinn limpou a vaga 2 do líder motta_BOPE
Cofre Org/Org2.cfg
ADMIN: Vgzinn limpou a vaga 22 do líder Red_Beiramar.
Cofre Org/Org22.cfg
Cofre Org/Org18.cfg
ADMIN: Vgzinn limpou a vaga 25 do líder caio_marcos
Cofre Org/Org25.cfg
Jogador: Alex_souza_FPS[9] pediu contas de lider da org:[Mecanicos]
Cofre Org/Org9.cfg
ADMIN: Vgzinn limpou a vaga 22 do líder Tioh_TupacTV
Cofre Org/Org22.cfg
Cofre Org/Org7.cfg
ADMIN: Menor_vl limpou a vaga 12 do líder novin_77
Cofre Org/Org12.cfg
Cofre Org/Org29.cfg
ADMIN: ICARO_Walker limpou a vaga 29 do líder Vgzinn
ADMIN: ICARO_Walker limpou a vaga 29 do líder Ninguem
Cofre Org/Org33.cfg
Jogador: ICARO_Walker[0] pediu contas de lider da org:[Tropa Da Lacoste]
Cofre Org/Org32.cfg
Jogador: ICARO_Walker[0] pediu contas de lider da org:[Grota]
Cofre Org/Org31.cfg
Jogador: ICARO_Walker[0] pediu contas de lider da org:[Tropa Da Escocia]
Cofre Org/Org33.cfg
Jogador: ICARO_Walker[0] pediu contas de lider da org:[Tropa Da Lacoste]
Cofre Org/Org30.cfg
Cofre Org/Org29.cfg
ADMIN: ICARO_Walker limpou a vaga 30 do líder WL_[CHEFE_TDJ]
Cofre Org/Org30.cfg
ADMIN: ICARO_Walker limpou a vaga 29 do líder Low_FPSx
ADMIN: ICARO_Walker limpou a vaga 31 do líder Ninguem
Jogador: Vgzinn[13] pediu contas de lider da org:[FPS Team]
Cofre Org/Org32.cfg
Cofre Org/Org29.cfg
Jogador: Ruan_Souza[15] pediu contas de lider da org:[Reporteres]
Cofre Org/Org33.cfg
ADMIN: Vgzinn limpou a vaga 20 do líder Vinicius_Russef
Jogador: Menor_vl[15] pediu contas de lider da org:[Tropa Da Lacoste]
Cofre Org/Org20.cfg
Jogador: Bkey_DuMonster[25] pediu contas de lider da org:[Exercito]
Jogador: Lucas_pinto[13] pediu contas de lider da org:[GATE]
Cofre Org/Org31.cfg
ADMIN: Vgzinn limpou a vaga 15 do líder DANIEL_DO_TREMM
Cofre Org/Org15.cfg
Jogador: Vgzinn[6] pediu contas de lider da org:[Tropa Da Escocia]
Jogador: HARlDADE[11] pediu contas de lider da org:[Los Aztecas]
Cofre Org/Org33.cfg
ADMIN: Vgzinn limpou a vaga 28 do líder Bonezinho_TDT
Cofre Org/Org31.cfg
Jogador: Rei_Do_Rolas[14] pediu contas de lider da org:[Tropa Da Escocia]
Cofre Org/Org28.cfg
Cofre Org/Org5.cfg
Cofre Org/Org31.cfg
Jogador: Low_FPSx[9] pediu contas de lider da org:[FPS Team]
Cofre Org/Org13.cfg
Jogador: Maicon_Lopes[13] pediu contas de lider da org:[BOPE]
Jogador: Haridade[9] pediu contas de lider da org:[Rota]
Cofre Org/Org2.cfg
ADMIN: Vgzinn limpou a vaga 8 do líder Dias_DZ8
Cofre Org/Org8.cfg
ADMIN: Vgzinn limpou a vaga 25 do líder Pedro_MgPK
Cofre Org/Org25.cfg
ADMIN: Vgzinn limpou a vaga 11 do líder KINGZIN.Fe
Cofre Org/Org3.cfg
Cofre Org/Org11.cfg
Jogador: Natan_Insane[13] pediu contas de lider da org:[Los Vagos]
Jogador: ruanno_beiramar[7] pediu contas de lider da org:[Mafia Yakuza]
ADMIN: ICARO_Walker limpou a vaga 5 do líder Guh
Cofre Org/Org5.cfg
Cofre Org/Org12.cfg
Jogador: Vgzinn[2] pediu contas de lider da org:[PCC]
Cofre Org/Org29.cfg
Jogador: Vgzinn[2] pediu contas de lider da org:[R7]
Cofre Org/Org29.cfg
Cofre Org/Org19.cfg
ADMIN: Vgzinn limpou a vaga 3 do líder KINGZIN.Fe
Jogador: Vgzinn[23] pediu contas de lider da org:[Los Vagos]
Cofre Org/Org3.cfg
ADMIN: Vgzinn limpou a vaga 17 do líder Gabrielzin_Maniok
Cofre Org/Org17.cfg
ADMIN: Vgzinn limpou a vaga 3 do líder Vgzinn
Cofre Org/Org3.cfg
Cofre Org/Org11.cfg
Jogador: jaozinho[15] pediu contas de lider da org:[Comando Vermelho]
Cofre Org/Org23.cfg
Jogador: Vgzinn[27] pediu contas de lider da org:[Comando Vermelho]
Cofre Org/Org23.cfg
ADMIN: Vgzinn limpou a vaga 1 do líder Wagner_Barbosa
Cofre Org/Org1.cfg
ADMIN: Vgzinn limpou a vaga 33 do líder HARlDADE
Cofre Org/Org33.cfg
ADMIN: Vgzinn limpou a vaga 11 do líder KERLON24
Cofre Org/Org11.cfg
Jogador: alemao_noguira[35] pediu contas de lider da org:[PCC]
Cofre Org/Org11.cfg
ADMIN: Vgzinn limpou a vaga 15 do líder TZ_SAMP
Cofre Org/Org15.cfg
ADMIN: Vgzinn limpou a vaga 15 do líder Vgzinn
ADMIN: Menor_vl limpou a vaga 31 do líder Kauan_Santos
Cofre Org/Org31.cfg
ADMIN: Menor_vl limpou a vaga 31 do líder Menor_vl
Cofre Org/Org31.cfg
ADMIN: Menor_vl limpou a vaga 27 do líder Red_beiramar
Cofre Org/Org27.cfg
Jogador: Menor_vl[19] pediu contas de lider da org:[Tropa Do Enguica]
Cofre Org/Org27.cfg
Cofre Org/Org14.cfg
PLAYER: WL_[CHEFE_TDJ] pediu contas de lider da org:[Jagata]
Cofre Org/Org30.cfg
ADMIN: Menor_vl limpou a vaga 3 do líder KINGZIN.Fe
Cofre Org/Org3.cfg
Jogador: Menor_vl[2] pediu contas de lider da org:[Exercito]
Cofre Org/Org3.cfg
ADMIN: ICARO_Walker limpou a vaga 8 do líder DBZ_SILVA
Cofre Org/Org8.cfg
ADMIN: apxgui limpou a vaga 27 do líder apxgui
Cofre Org/Org27.cfg
ADMIN: apxgui limpou a vaga 27 do líder apxgui
Cofre Org/Org27.cfg
ADMIN: apxgui limpou a vaga 27 do líder apxgui
Cofre Org/Org15.cfg
Cofre Org/Org3.cfg
ADMIN: Juan_Antonnyy limpou a vaga 1 do líder Ninguem
ADMIN: Juan_Antonnyy limpou a vaga 2 do líder Ninguem
ADMIN: Juan_Antonnyy limpou a vaga 3 do líder Juan_Antonnyy
ADMIN: Apxgui limpou a vaga 15 do líder apxgui
Cofre Org/Org15.cfg
ADMIN: Apxgui limpou a vaga 15 do líder Apxgui
Cofre Org/Org23.cfg
ADMIN: Apxgui limpou a vaga 23 do líder Apxgui
Cofre Org/Org19.cfg
ADMIN: Apxgui limpou a vaga 19 do líder Apxgui
Cofre Org/Org32.cfg
ADMIN: Apxgui limpou a vaga 32 do líder Apxgui
Cofre Org/Org31.cfg
ADMIN: Apxgui limpou a vaga 32 do líder Ninguem
ADMIN: Apxgui limpou a vaga 31 do líder Apxgui
Cofre Org/Org33.cfg
Jogador: Apxgui[0] pediu contas de lider da org:[Tropa Da Franca]
Cofre Org/Org19.cfg
Jogador: Apxgui[0] pediu contas de lider da org:[Los Vagos]
Cofre Org/Org23.cfg
ADMIN: Apxgui limpou a vaga 23 do líder Apxgui
Cofre Org/Org19.cfg
Jogador: Apxgui[0] pediu contas de lider da org:[Los Vagos]
Cofre Org/Org23.cfg
Jogador: apxgui[0] pediu contas de lider da org:[Groove Street]
Cofre Org/Org1.cfg
ADMIN: apxgui limpou a vaga 2 do líder Ninguem
ADMIN: apxgui limpou a vaga 1 do líder apxgui
ADMIN: apxgui limpou a vaga 23 do líder Apxgui
Cofre Org/Org23.cfg
ADMIN: Apxgui limpou a vaga 23 do líder apxgui
Cofre Org/Org2.cfg
Cofre Org/Org21.cfg
Jogador: apxgui[0] pediu contas de lider da org:[Comando Vermelho]
Jogador: Apxgui[0] pediu contas de lider da org:[Sons of Anarchy]
Cofre Org/Org12.cfg
ADMIN: Apxgui limpou a vaga 12 do líder Apxgui
Cofre Org/Org23.cfg
ADMIN: Apx limpou a vaga 23 do líder Apx
Cofre Org/Org2.cfg
ADMIN: Apx limpou a vaga 2 do líder Apx
ADMIN: Junio_Fenomeno limpou a vaga 16 do líder zApxgui_Street
Cofre Org/Org16.cfg
Jogador: Junio_Fenomeno[0] pediu contas de lider da org:[estado islamico]
Cofre Org/Org23.cfg
ADMIN: Junio_Fenomeno limpou a vaga 23 do líder Junio_Fenomeno
Cofre Org/Org15.cfg
ADMIN: Junio_Fenomeno limpou a vaga 25 do líder Ninguem
ADMIN: Junio_Fenomeno limpou a vaga 19 do líder Ninguem
ADMIN: Junio_Fenomeno limpou a vaga 15 do líder Junio_Fenomeno
Cofre Org/Org25.cfg
ADMIN: Junio_Fenomeno limpou a vaga 25 do líder Junio_Fenomeno
Cofre Org/Org32.cfg
ADMIN: Apxgui limpou a vaga 32 do líder Junio_Fenomeno
Cofre Org/Org32.cfg
ADMIN: Apxgui limpou a vaga 32 do líder Apxgui
Cofre Org/Org23.cfg
ADMIN: Apxgui limpou a vaga 23 do líder Apxgui
Cofre Org/Org11.cfg
ADMIN: Apxgui limpou a vaga 11 do líder Apxgui
Cofre Org/Org23.cfg
ADMIN: Apxgui limpou a vaga 23 do líder Apxgui
Cofre Org/Org32.cfg
ADMIN: Apxgui limpou a vaga 23 do líder Ninguem
ADMIN: Apxgui limpou a vaga 32 do líder Apxgui
Cofre Org/Org22.cfg
ADMIN: Apxgui limpou a vaga 22 do líder Apxgui
Cofre Org/Org32.cfg
ADMIN: Apxgui limpou a vaga 32 do líder Apxgui
Cofre Org/Org33.cfg
ADMIN: Apxgui limpou a vaga 33 do líder Apxgui
Cofre Org/Org5.cfg
ADMIN: Apxgui limpou a vaga 7 do líder Ninguem
ADMIN: Apxgui limpou a vaga 11 do líder Ninguem
ADMIN: Apxgui limpou a vaga 6 do líder Ninguem
ADMIN: Apxgui limpou a vaga 8 do líder Ninguem
ADMIN: Apxgui limpou a vaga 1 do líder Ninguem
ADMIN: Apxgui limpou a vaga 5 do líder Apxgui
Cofre Org/Org23.cfg
ADMIN: Apxgui limpou a vaga 23 do líder Apxgui
Cofre Org/Org23.cfg
ADMIN: Apxgui limpou a vaga 23 do líder Apxgui
Cofre Org/Org23.cfg
ADMIN: Apxgui limpou a vaga 23 do líder Apxgui
Cofre Org/Org15.cfg
ADMIN: Apxgui limpou a vaga 15 do líder Apxgui
Cofre Org/Org21.cfg
ADMIN: Apxgui limpou a vaga 21 do líder Apxgui
Cofre Org/Org32.cfg
ADMIN: Apxgui limpou a vaga 32 do líder Apxgui
Cofre Org/Org33.cfg
ADMIN: Apxgui limpou a vaga 33 do líder Apxgui
Cofre Org/Org5.cfg
ADMIN: Apxgui limpou a vaga 5 do líder Apxgui
Cofre Org/Org21.cfg
ADMIN: Apxgui limpou a vaga 22 do líder Ninguem
ADMIN: Apxgui limpou a vaga 21 do líder Apxgui
Cofre Org/Org17.cfg
ADMIN: Apxgui limpou a vaga 17 do líder Apxgui
Cofre Org/Org13.cfg
ADMIN: Apxgui limpou a vaga 22 do líder Ninguem
ADMIN: Apxgui limpou a vaga 21 do líder Ninguem
ADMIN: Apxgui limpou a vaga 27 do líder Ninguem
ADMIN: Apxgui limpou a vaga 13 do líder Apxgui
Cofre Org/Org15.cfg
ADMIN: Apxgui limpou a vaga 15 do líder Apxgui
Cofre Org/Org14.cfg
ADMIN: Apxgui limpou a vaga 14 do líder Apxgui
Cofre Org/Org21.cfg
Cofre Org/Org14.cfg
Jogador: zApxgui_Street[0] pediu contas de lider da org:[estado islamico]
Cofre Org/Org23.cfg
ADMIN: zApxgui_Street limpou a vaga 23 do líder zApxgui_Street
Cofre Org/Org16.cfg
ADMIN: zApxgui_Street limpou a vaga 16 do líder zApxgui_Street
Cofre Org/Org23.cfg
ADMIN: zApxgui_Street limpou a vaga 23 do líder zApxgui_Street
Cofre Org/Org2.cfg
ADMIN: zApxgui_Street limpou a vaga 2 do líder zApxgui_Street
Cofre Org/Org15.cfg
ADMIN: zApxgui_Street limpou a vaga 15 do líder zApxgui_Street
Cofre Org/Org33.cfg
Cofre Org/Org15.cfg
ADMIN: Guilherme_Santiago limpou a vaga 15 do líder Guilherme_Santiago
Cofre Org/Org13.cfg
ADMIN: Guilherme_Santiago limpou a vaga 13 do líder Guilherme_Santiago
ADMIN: zApxgui_Street limpou a vaga 33 do líder zApxgui_Street
ADMIN: zApxgui_Street limpou a vaga 14 do líder Apxgui_Scripterr
Cofre Org/Org14.cfg
ADMIN: zApxgui_Street limpou a vaga 14 do líder zApxgui_Street
Cofre Org/Org12.cfg
ADMIN: zApxgui_Street limpou a vaga 12 do líder zApxgui_Street
Cofre Org/Org15.cfg
ADMIN: zApxgui_Street limpou a vaga 15 do líder zApxgui_Street
Cofre Org/Org1.cfg
ADMIN: zApxgui_Street limpou a vaga 1 do líder zApxgui_Street
Cofre Org/Org31.cfg
ADMIN: zApxgui_Street limpou a vaga 31 do líder zApxgui_Street
Cofre Org/Org5.cfg
ADMIN: zApxgui_Street limpou a vaga 5 do líder zApxgui_Street
Cofre Org/Org25.cfg
ADMIN: zApxgui_Street limpou a vaga 25 do líder zApxgui_Street
Cofre Org/Org18.cfg
ADMIN: zApxgui_Street limpou a vaga 18 do líder zApxgui_Street
Cofre Org/Org4.cfg
ADMIN: zApxgui_Street limpou a vaga 4 do líder zApxgui_Street
Cofre Org/Org8.cfg
ADMIN: zApxgui_Street limpou a vaga 8 do líder zApxgui_Street
Cofre Org/Org31.cfg
ADMIN: zApxgui_Street limpou a vaga 31 do lï¿½der zApxgui_Street
Cofre Org/Org4.cfg
Cofre Org/Org5.cfg
