[26/02/2020 - 22:46:17] - {F4FA58}[Loja VIP] {2ECCFA}O Jogador Diego_Rangel comprou um {2EFE2E}Portão Automatico{2ECCFA}, para adquirir use: /menuvip.
[27/02/2020 - 20:44:18] - {F4FA58}[Loja VIP] {2ECCFA}O Jogador Diego_Rangel comprou {2EFE2E}30 Dias de sócio Diamante{2ECCFA}, para adquirir use: /menuvi
[27/02/2020 - 20:59:44] - {F4FA58}[Loja VIP] {2ECCFA}O Jogador cloZe comprou {2EFE2E}30 Dias de sócio Diamante{2ECCFA}, para adquirir use: /menuvip.
[28/02/2020 - 11:12:23] - {F4FA58}[Loja VIP] {2ECCFA}O Jogador cloZe comprou um {2EFE2E}Level{2ECCFA}, para adquirir use: /menuvip.
[28/02/2020 - 11:12:44] - {F4FA58}[Loja VIP] {2ECCFA}O Jogador cloZe comprou um {2EFE2E}RC Tiger{2ECCFA}, para adquirir use: /menuvip.
[28/02/2020 - 11:13:24] - {F4FA58}[Loja VIP] {2ECCFA}O Jogador cloZe comprou um {2EFE2E}Título Personalizado{2ECCFA}, para adquirir use: /menuvip.
[28/02/2020 - 11:56:39] - {F4FA58}[Loja VIP] {2ECCFA}O Jogador winRAR comprou {2EFE2E}30 Dias de sócio Diamante{2ECCFA}, para adquirir use: /menuvip.
[28/02/2020 - 11:57:31] - {F4FA58}[Loja VIP] {2ECCFA}O Jogador winRAR comprou um {2EFE2E}Subaru de Inventário{2ECCFA}, para adquirir use: /menuvip.
[28/02/2020 - 11:58:12] - {F4FA58}[Loja VIP] {2ECCFA}O Jogador cloZe comprou um {2EFE2E}Subaru de Inventário{2ECCFA}, para adquirir use: /menuvip.
[28/02/2020 - 11:58:54] - {F4FA58}[Loja VIP] {2ECCFA}O Jogador winRAR comprou um {2EFE2E}Carro Fixo{2ECCFA}, para adquirir use: /menuvip.
[28/02/2020 - 12:02:02] - {F4FA58}[Loja VIP] {2ECCFA}O Jogador winRAR comprou {2EFE2E}Kit de Skins permanente{2ECCFA}, para adquirir use: /menuvip.
[28/02/2020 - 12:14:58] - {F4FA58}[Loja VIP] {2ECCFA}O Jogador winRAR comprou um {2EFE2E}Gráfite Personalizado{2ECCFA}, para adquirir use: /menuvip.
[28/02/2020 - 12:15:15] - {F4FA58}[Loja VIP] {2ECCFA}O Jogador winRAR comprou um {2EFE2E}Portão Automatico{2ECCFA}, para adquirir use: /menuvip.
[28/02/2020 - 12:16:26] - {F4FA58}[Loja VIP] {2ECCFA}O Jogador winRAR comprou um {2EFE2E}Portão Automatico{2ECCFA}, para adquirir use: /menuvip.
[28/02/2020 - 12:32:24] - AdmAviso: Jogador [winRAR] adquiriu 30 dias de: [FAMÍLIA VIP Ouro], na Loja Moedas!
[28/02/2020 - 12:33:27] - AdmAviso: Jogador [winRAR] adquiriu 30 dias de: [FAMÍLIA VIP Ouro], na Loja Moedas!
[28/02/2020 - 23:41:58] - {F4FA58}[Loja VIP] {2ECCFA}O Jogador cloZe comprou {2EFE2E}Kit de Skins permanente{2ECCFA}, para adquirir use: /menuvip.
[03/03/2020 - 00:45:55] - {F4FA58}[Loja VIP] {2ECCFA}O Jogador winRAR comprou {2EFE2E}Habilidade detetive nível 5{2ECCFA} para adquirir use: /menuvip.
[16/04/2020 - 18:47:48] - {F4FA58}[Loja VIP] {2ECCFA}O Jogador cloZe comprou {2EFE2E}30 Dias de sócio Diamante{2ECCFA}, para adquirir use: /menuvip.
[01/05/2020 - 23:14:27] - {F4FA58}[Loja VIP]: O Jogador cloZe ativou uma ORG VIP Ouro.
[19/06/2021 - 23:20:13] - {F4FA58}[Loja VIP] {2ECCFA}O Jogador Vgzinn comprou um {2EFE2E}Portão Automatico{2ECCFA}, para adquirir use: /menuvip.
[19/06/2021 - 23:21:24] - {F4FA58}[Loja VIP] {2ECCFA}O Jogador Vgzinn comprou um {2EFE2E}Gráfite Personalizado{2ECCFA}, para adquirir use: /menuvip.
[21/06/2021 - 23:57:08] - {F4FA58}[Loja VIP] {2ECCFA}O Jogador Vgzinn comprou {2EFE2E}30 Dias de sócio Diamante{2ECCFA}, para adquirir use: /menuvip.
[24/06/2021 - 21:44:46] - {F4FA58}[Loja VIP] {2ECCFA}O Jogador Jaozin_Silva comprou {2EFE2E}30 Dias de sócio Diamante{2ECCFA}, para adquirir use: /menuvi
[25/06/2021 - 01:52:12] - {F4FA58}[Loja VIP] {2ECCFA}O Jogador Vgzinn_Zs comprou {2EFE2E}30 Dias de sócio Diamante{2ECCFA}, para adquirir use: /menuvip.
[25/06/2021 - 17:03:08] - {F4FA58}[Loja VIP] {2ECCFA}O Jogador Riquelme_Emanuel comprou {2EFE2E}30 Dias de sócio comum{2ECCFA}, para adquirir use: /menuv
[26/06/2021 - 00:09:20] - {F4FA58}[Loja VIP] {2ECCFA}O Jogador jaozinho comprou {2EFE2E}30 Dias de VIP Comum{2ECCFA}, para adquirir use: /menuvip.
[26/06/2021 - 00:10:40] - {F4FA58}[Loja VIP] {2ECCFA}O Jogador Kira_Do_Moster comprou {2EFE2E}30 Dias de VIP Comum{2ECCFA}, para adquirir use: /menuvip.
[26/06/2021 - 17:23:46] - {F4FA58}[Loja VIP] {2ECCFA}O Jogador Menor_vl comprou {2EFE2E}30 Dias de sócio Diamante{2ECCFA}, para adquirir use: /menuvip.
[27/06/2021 - 00:35:21] - {F4FA58}[Loja VIP] {2ECCFA}O Jogador Fumassa comprou {2EFE2E}30 Dias de VIP Comum{2ECCFA}, para adquirir use: /menuvip.
[27/06/2021 - 00:38:00] - {F4FA58}[Loja VIP] {2ECCFA}O Jogador Menor_vl comprou um {2EFE2E}RC Raider{2ECCFA}, para adquirir use: /menuvip.
[27/06/2021 - 00:39:01] - {F4FA58}[Loja VIP] {2ECCFA}O Jogador Menor_vl comprou um {2EFE2E}RC Baron{2ECCFA}, para adquirir use: /menuvip.
[27/06/2021 - 03:11:25] - {F4FA58}[Loja VIP] {2ECCFA}O Jogador Vgzinn comprou um {2EFE2E}RC Raider{2ECCFA}, para adquirir use: /menuvip.
[27/06/2021 - 03:12:13] - {F4FA58}[Loja VIP] {2ECCFA}O Jogador Menor_vl comprou um {2EFE2E}RC Tiger{2ECCFA}, para adquirir use: /menuvip.
[27/06/2021 - 03:13:09] - {F4FA58}[Loja VIP] {2ECCFA}O Jogador Menor_vl comprou um {2EFE2E}RC Goblin{2ECCFA}, para adquirir use: /menuvip.
[27/06/2021 - 18:43:19] - {F4FA58}[Loja VIP] {2ECCFA}O Jogador Vgzinn comprou {2EFE2E}30 Dias de VIP Premium{2ECCFA}, para adquirir use: /menuvip.
[30/06/2021 - 21:28:54] - {F4FA58}[Loja VIP] {2ECCFA}O Jogador Vgzinn comprou {2EFE2E}30 Dias de sócio Diamante{2ECCFA}, para adquirir use: /menuvip.
[03/07/2021 - 17:37:40] - {F4FA58}[Loja VIP] {2ECCFA}O Jogador Caique_Lopes comprou {2EFE2E}30 Dias de VIP Comum{2ECCFA}, para adquirir use: /menuvip.
[04/07/2021 - 13:58:39] - {F4FA58}[Loja VIP] {2ECCFA}O Jogador pdrinx_zika comprou {2EFE2E}30 Dias de VIP Comum{2ECCFA}, para adquirir use: /menuvip.
[05/07/2021 - 23:14:14] - {F4FA58}[Loja VIP] {2ECCFA}O Jogador Menor_vl comprou um {2EFE2E}Subaru de Inventário{2ECCFA}, para adquirir use: /menuvip.
[07/07/2021 - 20:29:03] - {F4FA58}[Loja VIP] {2ECCFA}O Jogador Bonezinho_TDT comprou {2EFE2E}30 Dias de sócio Diamante{2ECCFA}, para adquirir use: /menuv
[09/07/2021 - 22:31:39] - {F4FA58}[Loja VIP] {2ECCFA}O Jogador Vgzinn comprou uma {2EFE2E}JBL{2ECCFA}, para adquirir use: /menuvip.
[09/07/2021 - 22:31:55] - {F4FA58}[Loja VIP] {2ECCFA}O Jogador Vgzinn comprou uma {2EFE2E}JBL{2ECCFA}, para adquirir use: /menuvip.
[11/07/2021 - 19:03:42] - {F4FA58}[Loja VIP] {2ECCFA}O Jogador ML_santos comprou um {2EFE2E}Sair Da Prisão{2ECCFA}, para adquirir use: /menuvip.
[12/07/2021 - 04:19:58] - {F4FA58}[Loja VIP] {2ECCFA}O Jogador Guh comprou um {2EFE2E}Sair Da Prisão{2ECCFA}, para adquirir use: /menuvip.
[12/07/2021 - 05:20:41] - {F4FA58}[Loja VIP] {2ECCFA}O Jogador Guh comprou um {2EFE2E}Sair Da Prisão{2ECCFA}, para adquirir use: /menuvip.
[13/07/2021 - 18:37:35] - {F4FA58}[Loja VIP] {2ECCFA}O Jogador Vgzinn comprou um {2EFE2E}Zerar Mortes(KD){2ECCFA}, para adquirir use: /menuvip.
[13/07/2021 - 21:33:45] - {F4FA58}[Loja VIP] {2ECCFA}O Jogador Vgzinn comprou um {2EFE2E}JetPack permanente{2ECCFA}, para adquirir use: /menuvip.
[14/07/2021 - 01:29:30] - {F4FA58}[Loja VIP] {2ECCFA}O Jogador tutu_777 comprou um {2EFE2E}Sair Da Prisão{2ECCFA}, para adquirir use: /menuvip.
[14/07/2021 - 03:29:29] - {F4FA58}[Loja VIP] {2ECCFA}O Jogador Guh comprou um {2EFE2E}Sair Da Prisão{2ECCFA}, para adquirir use: /menuvip.
[14/07/2021 - 04:41:30] - {F4FA58}[Loja VIP] {2ECCFA}O Jogador Vgzinn comprou um {2EFE2E}Sair Da Prisão{2ECCFA}, para adquirir use: /menuvip.
[14/07/2021 - 05:03:37] - {F4FA58}[Loja VIP] {2ECCFA}O Jogador Vgzinn comprou um {2EFE2E}Sair Da Prisão{2ECCFA}, para adquirir use: /menuvip.
[14/07/2021 - 20:25:46] - {F4FA58}[Loja VIP] {2ECCFA}O Jogador Vgzinn comprou um {2EFE2E}Título Personalizado{2ECCFA}, para adquirir use: /menuvip.
[15/07/2021 - 03:01:24] - {F4FA58}[Loja VIP] {2ECCFA}O Jogador Vgzinn comprou uma {2EFE2E}JBL{2ECCFA}, para adquirir use: /menuvip.
[15/07/2021 - 21:36:20] - {F4FA58}[Loja VIP] {2ECCFA}O Jogador Vgzinn comprou um {2EFE2E}Kit-Sócio permanente{2ECCFA}, para adquirir use: /menuvip.
[15/07/2021 - 21:37:13] - {F4FA58}[Loja VIP] {2ECCFA}O Jogador Vgzinn comprou {2EFE2E}Habilidade detetive nível 5{2ECCFA} para adquirir use: /menuvip.
[15/07/2021 - 21:56:42] - {F4FA58}[Loja VIP] {2ECCFA}O Jogador Vinicius_Russef comprou uma {2EFE2E}JBL{2ECCFA}, para adquirir use: /menuvip.
[17/07/2021 - 02:20:37] - {F4FA58}[Loja VIP] {2ECCFA}O Jogador Vinicius_Russef comprou uma {2EFE2E}JBL{2ECCFA}, para adquirir use: /menuvip.
[25/05/2024 - 22:55:08] - {FFD700}[Loja VIP] {A020F0}PARABENS Juan_Antonnyy ACABOU DE ADQUIRIR {A020F0}30 DIAS DE SOCIO-DIAMANTE {A020F0}
[07/06/2024 - 15:20:19] - {F4FA58}[Loja VIP] {2ECCFA}O Jogador Bahianinho_do_Picao comprou {2EFE2E}Kit de Skins permanente{2ECCFA}, para adquirir use: /m
[09/06/2024 - 06:43:31] - {F4FA58}[Loja VIP] {2ECCFA}O Jogador Apxgui_do69 comprou uma {2EFE2E}JBL{2ECCFA}, para adquirir use: /menuvip.
[09/06/2024 - 07:23:24] - {F4FA58}[Loja VIP] {2ECCFA}O Jogador Apxgui_do69 comprou uma {2EFE2E}JBL{2ECCFA}, para adquirir use: /menuvip.
[10/06/2024 - 07:07:24] - {FF0000}[Loja Vip] {808080}O Jogador(a) {FFFF00}Apxgui {808080}adquiriu uma jbl item {ADFF2F}RARISSIMO
[11/06/2024 - 11:23:43] - {F4FA58}[Loja VIP] {2ECCFA}O Jogador Apxgui comprou um {2EFE2E}Portão Automatico{2ECCFA}, para adquirir use: /menuvip.
[12/06/2024 - 16:16:38] - {FFD700}[Loja VIP] {A020F0}PARABENS Apxgui12 ACABOU DE ADQUIRIR {A020F0}30 DIAS DE SOCIO-RUBI {A020F0}
[12/06/2024 - 18:03:58] - {A020F0}[Loja VIP] {2ECCFA}O Jogador Apxgui12 comprou um {2EFE2E}Subaru de Inventário
[12/06/2024 - 19:38:39] - {FF0000}[Loja Vip] {808080}O Jogador(a) {FFFF00}Apxgui12 {808080}adquiriu uma jbl item {ADFF2F}RARISSIMO
[15/06/2024 - 12:37:23] - {FF0000}[Loja Vip] {808080}O Jogador(a) {FFFF00}Apx {808080}adquiriu uma jbl item {ADFF2F}RARISSIMO
[15/06/2024 - 13:27:17] - {F4FA58}[Loja VIP] {2ECCFA}O Jogador Apx comprou {2EFE2E}Kit de Skins permanente{2ECCFA}, para adquirir use: /menuvip.
[17/06/2024 - 03:27:03] - {FFD700}[Loja VIP] {A020F0}PARABENS Junio_Fenomeno ACABOU DE ADQUIRIR {A020F0}30 DIAS DE Socio-prime {A020F0}
[20/06/2024 - 01:35:09] - {FF0000}[Loja Vip] {808080}O Jogador(a) {FFFF00}Apxgui {808080}adquiriu uma jbl item {ADFF2F}RARISSIMO
[01/07/2024 - 17:54:37] - {FFD700}[Loja VIP] {A020F0}PARABENS Apxgui ACABOU DE ADQUIRIR {A020F0}30 DIAS DE patrocinador {A020F0}
[18/02/2025 - 08:55:23] - {FFD700}[Loja VIP] {A020F0}PARABENS Guilherme_Antonio ACABOU DE ADQUIRIR {A020F0}30 DIAS DE patrocinador {A020F0}
[24/02/2025 - 16:47:44] - {FFFF00}[VEICULO DE INVENTARIO] {FFFFFF}O Jogador zApxgui_Street comprou um {FF1493}FCR-900 de inventario{FFFFFF}, para adquiri
[14/04/2025 - 01:21:37] - {FFD700}[Loja VIP] {A020F0}PARABENS zApxgui_Street ACABOU DE ADQUIRIR {A020F0}30 DIAS DE patrocinador {A020F0}
