[26/02/2020 - 22:44:33] - O Admin Diego_Rangel deu [100] Coins para o jogador [Diego_Rangel].
[27/02/2020 - 20:44:05] - O Admin Diego_Rangel deu [100] Moedas para o jogador [Diego_Rangel].
[27/02/2020 - 20:59:33] - O Admin cloZe deu [100] Moedas para o jogador [cloZe].
[28/02/2020 - 11:44:49] - O Admin cloZe deu [1000] Moedas para o jogador [winRAR].
[02/03/2020 - 23:37:02] - O Admin cloZe deu [1000] Moedas para o jogador [cloZe].
[19/06/2021 - 23:20:01] - O Admin Vgzinn deu [100] Moedas para o jogador [Vgzinn].
[21/06/2021 - 20:29:38] - O Admin Vgzinn_Zs deu [1000] Moedas para o jogador [Vgzinn_Zs].
[21/06/2021 - 23:55:42] - O Admin Vgzinn deu [1] Moedas para o jogador [Vgzinn].
[21/06/2021 - 23:56:23] - O Admin Vgzinn deu [1000] Moedas para o jogador [Vgzinn].
[24/06/2021 - 21:42:17] - O Admin Vgzinn_Zs deu [40] Moedas para o jogador [Jaozin_Silva].
[25/06/2021 - 17:02:19] - O Admin Vgzinn_Zs deu [20] Moedas para o jogador [Riquelme_Emanuel].
[26/06/2021 - 00:08:34] - O Admin Vgzinn deu [10] Moedas para o jogador [Kira_Do_Moster].
[26/06/2021 - 00:08:42] - O Admin Vgzinn deu [10] Moedas para o jogador [jaozinho].
[26/06/2021 - 17:12:55] - O Admin Menor_vl deu [10000] Moedas para o jogador [Menor_vl].
[27/06/2021 - 00:34:22] - O Admin Vgzinn deu [10] Moedas para o jogador [Fumassa].
[03/07/2021 - 17:36:40] - O Admin Vgzinn deu [10] Moedas para o jogador [Caique_Lopes].
[04/07/2021 - 13:56:34] - O Admin Menor_vl deu [10] Moedas para o jogador [pdrinx_zika].
[07/07/2021 - 20:28:36] - O Admin Vgzinn deu [40] Moedas para o jogador [Bonezinho_TDT].
[11/07/2021 - 19:03:05] - O Admin Vgzinn deu [3] Moedas para o jogador [ML_santos].
[11/07/2021 - 23:41:05] - O Admin Vgzinn deu [20] Moedas para o jogador [F7_NXS].
[12/07/2021 - 04:18:45] - O Admin Vgzinn deu [1] Moedas para o jogador [Guh].
[12/07/2021 - 04:18:52] - O Admin Vgzinn deu [30] Moedas para o jogador [Guh].
[12/07/2021 - 04:19:01] - O Admin Vgzinn deu [30] Moedas para o jogador [bruno_tcp].
[12/07/2021 - 22:05:42] - O Admin ICARO_Walker deu [100] Moedas para o jogador [ICARO_Walker].
[14/07/2021 - 01:28:07] - O Admin Vgzinn deu [3] Moedas para o jogador [tutu_777].
[14/07/2021 - 20:56:00] - O Admin Vgzinn deu [5] Moedas para o jogador [F7_NXS].
[15/07/2021 - 21:56:06] - O Admin Vgzinn deu [15] Moedas para o jogador [Vinicius_Russef].
[17/07/2021 - 02:20:19] - O Admin Russo deu [15] Moedas para o jogador [Vinicius_Russef].
