[28/02/2020 - 11:38:03] - cloZe[0] particular: oi
[28/02/2020 - 11:41:13] - cloZe[0] particular: dsadsa
[28/02/2020 - 22:59:08] - winRAR[0] particular: entra no 40 fps
[21/06/2021 - 22:11:04] - zDogolin[2] particular: OU VEM AQUI
[21/06/2021 - 22:57:35] - zDogolin[1] particular: ME AJUDA
[21/06/2021 - 22:57:48] - zDogolin[1] particular: TO NA PRACA
[22/06/2021 - 00:39:59] - Kauan_Santos[4] particular: oi
[22/06/2021 - 00:40:40] - Kauan_Santos[4] particular: NO /ADMINS Q TO FALANDO CONTIGO
[22/06/2021 - 00:49:19] - Kauan_Santos[4] particular: eae seu totoso kkkkk 
[22/06/2021 - 00:52:35] - Kauan_Santos[4] particular: como falo no chat global
[24/06/2021 - 19:28:38] - Jaozin_Silva[4] particular: q
[25/06/2021 - 02:03:01] - Kauan_Santos[4] particular: OU TENHO UMA DUVIDA
[25/06/2021 - 23:37:23] - MADRAKINHO[4] particular: ou adm poque fui preso
[26/06/2021 - 13:10:26] - Eo_Fabricio[2] particular: oi
[26/06/2021 - 13:11:14] - Eo_Fabricio[2] particular: tem como ser do samu
[26/06/2021 - 14:07:31] - RAFINHA.exe[4] particular: vem k pfv
[26/06/2021 - 22:52:32] - Claudio_Filho[17] particular: tou preso no mercado 
[27/06/2021 - 17:48:29] - Brabo_Fps[9] particular: eai
[27/06/2021 - 20:03:17] - Princesinha_Sky[3] particular: Ola, como faco pra pegar a org de assasinos?
[27/06/2021 - 20:16:53] - Victor_Insanity[2] particular: oiii
[28/06/2021 - 17:24:00] - Victor_Insanity[0] particular: EAE
[29/06/2021 - 01:56:50] - Fumassa[0] particular: DA TP AI
[29/06/2021 - 23:58:37] - Haridade[9] particular: pkde me ajuda cheguei no serve agora
[29/06/2021 - 23:59:54] - Haridade[9] particular: ola pode me ajuda cheguei no serve agora
[30/06/2021 - 01:22:26] - Haridade[1] particular: pode me leva ora conhece algumas coisa no rp
[30/06/2021 - 01:27:11] - Haridade[1] particular: pode me ajuda mano
[30/06/2021 - 01:50:40] - Ana_Clara[5] particular: oie sou nova, queria saber quantas pessoas on?
[30/06/2021 - 02:53:32] - Haridade[2] particular: mano pode vi me ajuda 
[30/06/2021 - 03:02:36] - Haridade[2] particular: pode vim aqui pfavr
[30/06/2021 - 03:03:04] - Haridade[2] particular: oi
[30/06/2021 - 03:04:04] - Haridade[2] particular: mano cade o carro
[30/06/2021 - 03:06:23] - Haridade[2] particular: ola
[30/06/2021 - 03:07:20] - Haridade[2] particular: me espera
[30/06/2021 - 03:36:43] - Haridade[6] particular: ajuda aqui mano
[30/06/2021 - 03:37:12] - Haridade[6] particular: ajuda aqui mano
[30/06/2021 - 03:37:42] - Haridade[6] particular: ajuda aqui mano
[30/06/2021 - 03:49:22] - Haridade[3] particular: opa pode vim aqui
[30/06/2021 - 03:49:50] - Haridade[3] particular: opa pode vim aqui
[30/06/2021 - 05:10:12] - Vinicius_Russef[0] particular: f
[30/06/2021 - 12:51:57] - Haridade[3] particular: pode me leva onde aluga caro
[30/06/2021 - 12:52:32] - Haridade[3] particular: pode me leva onde aluga carro
[30/06/2021 - 12:53:04] - Haridade[3] particular: pode me leva onde aluga carro
[30/06/2021 - 12:55:03] - Haridade[3] particular: pode me leva aonde alugR CARRO
[30/06/2021 - 12:55:32] - Natan_Insane[0] particular: PERIA OK
[30/06/2021 - 12:55:44] - Haridade[3] particular: OK
[30/06/2021 - 13:00:55] - Haridade[3] particular: n ta,dando de come pizza aqui o f ta bugado
[30/06/2021 - 13:07:11] - Haridade[2] particular: pode me leva pro meu carro
[30/06/2021 - 14:18:31] - Terrorista_Mobile[4] particular: como assim?
[30/06/2021 - 14:27:56] - Polar_war[1] particular: da uma sugada
[30/06/2021 - 14:38:34] - Haridade[5] particular: o,cara ta me batemdo sem motivo aqui
[30/06/2021 - 15:10:29] - Fumassa[8] particular: TA BAO AI NO CARANDURO?
[30/06/2021 - 15:24:13] - Fumassa[7] particular: OLHA NRA 
[30/06/2021 - 15:24:22] - Fumassa[7] particular: OLHA NRA MANO
[30/06/2021 - 15:31:49] - Haridade[0] particular: pode vim aqui ajuda uma pessoa e pq ela q entra em uma orgs
[30/06/2021 - 15:32:48] - Haridade[0] particular: pode vim aqui
[30/06/2021 - 15:52:52] - Jaozin_Silva[9] particular: me tira dessa arena aq
[30/06/2021 - 15:53:25] - Jaozin_Silva[9] particular: me tira dessa arena aq?
[30/06/2021 - 16:43:14] - Fumassa[0] particular: PODE MATAR DE SNIPER TMB FECHO
[30/06/2021 - 17:40:15] - VINI_bb[20] particular: mim ajuda  sou novo aqui
[30/06/2021 - 17:50:50] - Haridade[13] particular: vem me pegar
[30/06/2021 - 17:51:32] - Haridade[13] particular: tou aqui ta,crahdo muito
[30/06/2021 - 17:52:17] - Haridade[13] particular: xcade tu
[30/06/2021 - 17:53:26] - VINI_bb[19] particular: mim ajuda sou novo
[30/06/2021 - 17:54:00] - Haridade[4] particular: voutei tinha crachado
[30/06/2021 - 17:59:03] - Haridade[13] particular: voltei
[30/06/2021 - 17:59:34] - Haridade[13] particular: voltei
[30/06/2021 - 18:20:02] - Haridade[4] particular: ainda ta tendo guerra no morru
[30/06/2021 - 18:24:47] - PIUZINHO_PC[15] particular: mano tem orgs/corps gratis?
[30/06/2021 - 18:25:00] - Fumassa[11] particular: SIM NO DS
[30/06/2021 - 18:26:06] - PIUZINHO_PC[15] particular: tem vaga pra staff ou adm?
[30/06/2021 - 18:26:13] - Fumassa[11] particular: SIM NO DS
[30/06/2021 - 18:26:32] - PIUZINHO_PC[15] particular: jae vou la agr
[30/06/2021 - 19:18:35] - Haridade[2] particular: pode vi aqui pfver
[30/06/2021 - 19:19:32] - Haridade[2] particular: pode vim aqui
[30/06/2021 - 19:20:40] - Haridade[2] particular: podevi aqui
[30/06/2021 - 19:21:18] - Haridade[2] particular: ?
[30/06/2021 - 19:21:40] - Fumassa[6] particular: oque quer?
[30/06/2021 - 19:23:28] - Haridade[2] particular: mano pode,vim aqui
[30/06/2021 - 19:26:38] - Haridade[2] particular: pode,me leva aonde aluga cRRRO
[30/06/2021 - 19:56:50] - LIPINHO[3] particular: opa 
[30/06/2021 - 20:51:12] - Haridade[1] particular: mankeu tou preso pq
[30/06/2021 - 20:51:53] - Haridade[1] particular: pode vim aqui tou preso
[30/06/2021 - 20:55:13] - VULGO_BK[8] particular: vem k pit
[30/06/2021 - 20:57:04] - Haridade[10] particular: pode vim aqui
[30/06/2021 - 21:01:09] - Terrorista_Mobile[12] particular: id errado foi mal
[30/06/2021 - 21:01:53] - Haridade[10] particular: pode me tira da cadei me botaram sem motivo
[30/06/2021 - 21:02:42] - Haridade[10] particular: pode me tira da cadei me botaram sem motivo
[30/06/2021 - 21:02:55] - Terrorista_Mobile[12] particular: nao posso apenas fundador
[30/06/2021 - 21:03:47] - VULGO_BK[8] particular: vem k
[30/06/2021 - 21:29:06] - Fumassa[3] particular: PRA AI
[30/06/2021 - 22:17:34] - Sazon[2] particular: ou amigo pd me ajuda
[30/06/2021 - 22:24:30] - Sazon[2] particular: ou mn tem vaga de staff 
[30/06/2021 - 22:40:54] - VULGO_BK[4] particular: vem k
[30/06/2021 - 23:19:02] - Fumassa[12] particular: /bp
[01/07/2021 - 00:51:32] - Drackzx_RP[26] particular: opa sagaz?
[01/07/2021 - 00:51:53] - Terrorista_Mobile[22] particular: sou sagaz n
[01/07/2021 - 02:14:19] - CV_URSO[15] particular: VEM AQUI PRFVR
[01/07/2021 - 02:17:13] - CV_URSO[15] particular: POSSO ENTRA EM UMA ORG PRFVR
[01/07/2021 - 02:17:45] - Terrorista_Mobile[5] particular: vai abordar?
[01/07/2021 - 02:25:56] - CV_URSO[15] particular: VEM AQUI PRFVR FALA COMTIGO 
[01/07/2021 - 11:49:24] - Fumassa[3] particular: VAI GRAVAR E?
[01/07/2021 - 14:30:52] - Terrorista_Mobile[20] particular: dar ratao nele pra ele roda
[01/07/2021 - 15:01:02] - Terrorista_Mobile[19] particular: daqui a pouco pode fazer
[01/07/2021 - 15:01:24] - Carlos_Sales[12] particular: blz
[01/07/2021 - 15:05:43] - Terrorista_Mobile[19] particular: tem  a rota tbm ta ptr
[01/07/2021 - 15:06:07] - Carlos_Sales[12] particular: ent pode fazer?
[01/07/2021 - 15:06:14] - Terrorista_Mobile[19] particular: pode
[01/07/2021 - 15:18:17] - Carlos_Sales[12] particular: agora nao pode mais ne
[01/07/2021 - 15:18:48] - Terrorista_Mobile[19] particular: pode 
[01/07/2021 - 15:23:56] - Terrorista_Mobile[13] particular: quem ter matou?
[01/07/2021 - 15:24:09] - Terrorista_Mobile[13] particular: quem ter matou?
[01/07/2021 - 15:26:19] - Terrorista_Mobile[13] particular: mais voce matou o cara da rota sem motivo
[01/07/2021 - 15:27:01] - David_Santos[2] particular: pode patrulhar sozinho?
[01/07/2021 - 15:27:09] - Terrorista_Mobile[13] particular: ptr de moto pode
[01/07/2021 - 15:27:35] - David_Santos[2] particular: pode prender ne?
[01/07/2021 - 15:27:42] - Terrorista_Mobile[13] particular: tamos falando do cara da rota
[01/07/2021 - 15:27:53] - Terrorista_Mobile[13] particular: sim chama reforco e prender
[01/07/2021 - 15:49:57] - CONNOR_Daboca06[7] particular: me ajude com meu carro e poderia botalo na nossa base ate as motos
[01/07/2021 - 15:51:30] - Rei_Do_Rolas[5] particular: onde a anarchy domina?
[01/07/2021 - 15:51:47] - Fumassa[16] particular: LUGA NENHUM
[01/07/2021 - 15:52:00] - Rei_Do_Rolas[5] particular: ue
[01/07/2021 - 15:52:15] - Rei_Do_Rolas[5] particular: oque nos daz entt?
[01/07/2021 - 16:15:15] - Fumassa[16] particular: LIMPA FICHA ID 16
[01/07/2021 - 16:18:10] - David_Santos[1] particular: OU MAN VER O ID 6 ae FAZENDO ANT RPG
[01/07/2021 - 16:22:16] - David_Santos[1] particular: me puxa pfv
[01/07/2021 - 16:42:05] - David_Santos[1] particular: como rende?
[01/07/2021 - 16:42:24] - David_Santos[1] particular: como rende
[01/07/2021 - 16:48:19] - Fumassa[5] particular: 86 99584 7474
[01/07/2021 - 16:51:21] - Fumassa[5] particular: 86 99584 7474
[01/07/2021 - 16:54:45] - Fumassa[5] particular: 86 99584 7474
[01/07/2021 - 19:09:41] - VULGO_BK[1] particular: man tu eh gay?
[01/07/2021 - 22:16:59] - Haridade[3] particular: mano tou preso por que
[01/07/2021 - 22:17:08] - Haridade[3] particular: n fiz nada
[01/07/2021 - 22:17:19] - Haridade[3] particular: pode vim aqui
[01/07/2021 - 22:18:52] - Fumassa[8] particular: DEXA EU ENTRA NA ORG?
[01/07/2021 - 22:19:06] - Fumassa[8] particular: DEXA EU ENTRA NA ORG?ENGUICA
[01/07/2021 - 22:20:12] - Fumassa[8] particular: SEM PM?
[01/07/2021 - 23:13:56] - Bruce_Men[11] particular: tem vaga pra org?
[01/07/2021 - 23:25:27] - Haridade[3] particular: oi
[01/07/2021 - 23:39:36] - Haridade[3] particular: pode vim me pega aaui mano
[02/07/2021 - 00:22:11] - ViniX_KiLLer[5] particular: qual o discord do servidor ?
[02/07/2021 - 00:22:54] - ViniX_KiLLer[5] particular: qual o discord do servidor ?
[02/07/2021 - 00:59:12] - Bk_dumoster[4] particular: oie vei aqui
[02/07/2021 - 02:03:08] - 157_MTZIN4[3] particular: como e o ang aqui nessa gm
[02/07/2021 - 02:03:26] - batista_TDT[5] particular: mano buguei tem como me ajudar
[02/07/2021 - 02:11:33] - Rei_Do_Rolas[5] particular: NATHAM DA TP
[02/07/2021 - 02:31:00] - Rei_Do_Rolas[5] particular: VISAO]
[02/07/2021 - 02:31:22] - Natan_Insane[6] particular: VISAO CRIA
[02/07/2021 - 02:31:46] - Rei_Do_Rolas[5] particular: COMO FAZ ALIANÇA?
[02/07/2021 - 02:32:09] - Natan_Insane[6] particular: SO FALAR COM ALGUM LIDER DE ORG E DEU 
[02/07/2021 - 02:32:56] - Rei_Do_Rolas[5] particular: JA TEM AQUI SO QUE TEM COMO MANDAR CONVITE DA ALIANÇA?
[02/07/2021 - 03:35:23] - batista_TDT[1] particular: estou bugado pd ajd
[02/07/2021 - 03:37:28] - batista_TDT[1] particular: ajuda pfv
[02/07/2021 - 04:31:11] - Parlota_Lcs[1] particular: me ajuda to bugado
[02/07/2021 - 13:09:33] - batista_TDT[11] particular: ajuda eu pfv
[02/07/2021 - 13:59:51] - batista_TDT[1] particular: opa,ajuda pfv
[02/07/2021 - 14:00:43] - Parlota_Lcs[14] particular: ou me ajuda ae
[02/07/2021 - 14:02:16] - batista_TDT[1] particular: me puxa dnv
[02/07/2021 - 14:17:14] - batista_TDT[12] particular: ajuda pfv
[02/07/2021 - 14:22:05] - Parlota_Lcs[5] particular: mano ta bugado aki me ajuda
[02/07/2021 - 14:28:12] - Parlota_Lcs[1] particular: ta bugado ainda
[02/07/2021 - 14:28:33] - batista_TDT[7] particular: ajuda pfv
[02/07/2021 - 16:56:00] - Fumassa[20] particular: SIM
[02/07/2021 - 17:00:18] - Fumassa[20] particular: POSSI TE PUXAR RED?
[02/07/2021 - 17:39:44] - gustzera_5[15] particular: COMO COMPRO COMIDAAAA
[02/07/2021 - 17:54:39] - vitin_TDT[25] particular: pode me ajuda to bugado aqui natdt
[02/07/2021 - 18:36:00] - LP_BRABO[19] particular: opa mano pode vi ate a mim
[02/07/2021 - 18:36:07] - vitin_TDT[9] particular: me leva para minha favela
[02/07/2021 - 18:36:24] - vitin_TDT[9] particular: me colocaram em las venturas
[02/07/2021 - 18:36:59] - LP_BRABO[19] particular: opa mano pode vi ate a mim
[02/07/2021 - 18:37:04] - batista_TDT[20] particular: ajudabpfv
[02/07/2021 - 18:39:19] - LP_BRABO[19] particular: ajudaaaaaaa
[02/07/2021 - 19:13:09] - batista_TDT[12] particular: apareceu uma esrela de,procurado do nada
[02/07/2021 - 19:29:48] - batista_TDT[8] particular: ajuda pfv
[02/07/2021 - 19:32:26] - batista_TDT[8] particular: ouu
[02/07/2021 - 19:39:18] - batista_TDT[8] particular: opa ajuda eu pfv
[02/07/2021 - 19:53:09] - batista_TDT[16] particular: pode,me ajudar?
[02/07/2021 - 19:54:13] - batista_TDT[16] particular: ajuda pfv
[03/07/2021 - 00:10:41] - Fumassa[15] particular: CHAMA VAGOS AI
[03/07/2021 - 00:42:33] - Fumassa[40] particular: TEM AS MOYINHA
[03/07/2021 - 00:52:06] - Parlota_Lcs[43] particular: vem ca rapito
[03/07/2021 - 00:53:26] - batista_TDT[10] particular: ajudarapidoooo pfv
[03/07/2021 - 00:53:36] - batista_TDT[10] particular: ajudaaa pfv
[03/07/2021 - 01:10:25] - Terrorista_Mobile[16] particular: sim
[03/07/2021 - 01:19:53] - DANIEL_DO_TREMM[7] particular: opa
[03/07/2021 - 02:05:48] - kurt_444[20] particular: mano pode vim aqui
[03/07/2021 - 03:44:27] - batista_TDT[22] particular: opa tudo bem pode,respawnar os veiculos da tdt?
[03/07/2021 - 05:03:31] - Lzinn_07[1] particular: ei pode me tirar algums duvidas?
[03/07/2021 - 05:05:28] - Lzinn_07[1] particular: ei pode me tirar algums duvidas?
[03/07/2021 - 05:10:39] - Lzinn_07[1] particular: ei pode me tirar algums duvidas?
[03/07/2021 - 05:22:14] - Lzinn_07[1] particular: nem me ajdou blza
[03/07/2021 - 14:44:59] - Eric_Silva[19] particular: tp
[03/07/2021 - 14:46:33] - Parlota_Lcs[16] particular: spawna os carro na tdt pfv pai
[03/07/2021 - 15:31:00] - batista_TDT[0] particular: respawna noss veiculos pfv
[03/07/2021 - 15:44:27] - Fumassa[12] particular: 30k 
[03/07/2021 - 16:17:00] - David_Santos[25] particular: eu poss aborda um carro com 2 pessoas e eu em 1??
[03/07/2021 - 16:47:05] - Parlota_Lcs[16] particular: vem ca men
[03/07/2021 - 17:00:58] - batista_TDT[25] particular: opa podeme ajudar com uma duvida
[03/07/2021 - 17:03:25] - batista_TDT[1] particular: opa td bem me ajuda pfv eu crashei 
[03/07/2021 - 19:52:02] - 157_MTZIN4[13] particular: ME AJUDA POR FAVOR
[03/07/2021 - 20:09:47] - 157_MTZIN4[48] particular: QUAL E O COMANDO QUE PODE FALAR QJE AGENTE ESTA EM HONDA?
[03/07/2021 - 20:31:33] - fla_dogao[10] particular: opa
[03/07/2021 - 20:31:49] - Kauan_Santos[18] particular: eae
[03/07/2021 - 20:32:13] - fla_dogao[10] particular: as orgs e pagas?
[03/07/2021 - 20:32:36] - Kauan_Santos[18] particular: n  orgs acabo eu acho
[03/07/2021 - 20:32:49] - Kauan_Santos[18] particular: SO TEM CORPS WU ACHO
[03/07/2021 - 20:36:07] - Kauan_Santos[18] particular: oi
[03/07/2021 - 20:37:30] - Kauan_Santos[18] particular: ata
[03/07/2021 - 20:37:35] - Kauan_Santos[18] particular: da /par
[03/07/2021 - 20:42:41] - Parlota_Lcs[14] particular: vem ca spawnar carro pai
[03/07/2021 - 23:48:11] - Haridade[20] particular: o,cara ta me batedo sem motivo 
[03/07/2021 - 23:48:44] - Haridade[20] particular: id 7
[03/07/2021 - 23:50:14] - Wizz[15] particular: me ajuda
[03/07/2021 - 23:50:58] - Wizz[15] particular: me ajuda
[03/07/2021 - 23:51:43] - Wizz[15] particular: me ajuda
[03/07/2021 - 23:51:49] - Wizz[15] particular: me ajuda
[03/07/2021 - 23:53:01] - Wizz[15] particular: me ajuda?
[04/07/2021 - 00:01:00] - HARIDADE_BEIRARMAR[12] particular: opa d vim aq pfv
[04/07/2021 - 00:06:36] - Haridade[17] particular: ta dudo envisivel
[04/07/2021 - 00:52:44] - euGabriielLShoT[7] particular: eae
[04/07/2021 - 00:52:57] - euGabriielLShoT[7] particular: pode me ajudar
[04/07/2021 - 01:31:33] - batista_TDT[10] particular: pode respawnar os veiculos da turquia
[04/07/2021 - 01:45:17] - HARIDADE_BEIRARMAR[3] particular: pd vir aq
[04/07/2021 - 02:00:39] - HARIDADE_BEIRARMAR[3] particular: mn ja dei /occ la e agr faz la e me chama pa cv
[04/07/2021 - 02:04:40] - HARIDADE_BEIRARMAR[3] particular: mn e agr cd chama pa cv 
[04/07/2021 - 02:07:37] - HARIDADE_BEIRARMAR[3] particular: vem aq pfv
[04/07/2021 - 02:12:27] - HARIDADE_BEIRARMAR[3] particular: mn nmrl chama pa cv 
[04/07/2021 - 02:30:27] - Carlos_Sales[23] particular: VLW SAGAZ TMJ KKKK ZOUAS
[04/07/2021 - 03:08:37] - Carlos_Sales[19] particular: KAUAN VEM AQUI
[04/07/2021 - 03:57:20] - Haridade[1] particular: pode vim me pegar o jogo lagou e tou em outra cidade
[04/07/2021 - 03:57:57] - Haridade[1] particular: pode vim me pegar o jogo lagou e tou em outra cidade
[04/07/2021 - 03:59:35] - Haridade[1] particular: meu jogo ta bugado aparece eu voando me leva pra ciyt ai
[04/07/2021 - 04:02:50] - Haridade[1] particular: pode vim pegar aqui do nada foi pra outra ciyt
[04/07/2021 - 04:09:26] - batista_TDT[9] particular: pode rezpawnar os veiculos da tdt?
[04/07/2021 - 12:59:42] - Fumassa[3] particular: OPA
[04/07/2021 - 13:00:13] - Fumassa[3] particular: TRABALHAR ;-;
[04/07/2021 - 13:00:42] - Fumassa[3] particular: VAI NA PREFEITURA
[04/07/2021 - 15:10:11] - Fumassa[10] particular: NS?
[04/07/2021 - 15:17:23] - Bonezinho_TDT[30] particular: visao
[04/07/2021 - 18:40:37] - Bonezinho_TDT[2] particular: dar tp
[04/07/2021 - 21:25:51] - Fumassa[7] particular: VAI ADD AINDA
[04/07/2021 - 21:26:02] - Fumassa[7] particular: MAIS AGORA JA TEM CONCE
[04/07/2021 - 23:04:07] - Ezequiel_Saffo[0] particular: mano... tah ocupado?
[04/07/2021 - 23:08:26] - Texuguin_[14] particular: ME AJUDA AQ PFV A TELIBAN MUDOU DE BASE
[04/07/2021 - 23:17:33] - Ezequiel_Saffo[0] particular: manooo.. tah ocupado???
[05/07/2021 - 01:16:25] - Bonezinho_TDT[6] particular: dar tp
[05/07/2021 - 01:17:17] - Haridade[8] particular: pode,vim aqui na turquia
[05/07/2021 - 04:07:36] - Scarface04[16] particular: como estaciona o carro
[05/07/2021 - 04:09:03] - Scarface04[16] particular: como estaciona o carro
[05/07/2021 - 04:10:35] - Scarface04[16] particular: como estaciona o carro
[05/07/2021 - 05:45:39] - JpX_Do_Pevepas[12] particular: como entro em uma org ??
[05/07/2021 - 05:49:21] - JpX_Do_Pevepas[12] particular: me ajuda pfv to sem carro num lugar longe
[05/07/2021 - 05:57:19] - JpX_Do_Pevepas[12] particular: nem pra deixar a moto pra mim :(
[05/07/2021 - 06:01:32] - JpX_Do_Pevepas[12] particular: como pego o lixo?
[05/07/2021 - 06:01:58] - Kauan_Churritos[7] particular: da /mlixo
[05/07/2021 - 06:10:58] - JpX_Do_Pevepas[12] particular: me recruta pra pcc mn pfv
[05/07/2021 - 12:40:25] - batista_TDT[0] particular: ? tura nunk?
[05/07/2021 - 13:07:27] - Parlota_Lcs[8] particular: vem ca men
[05/07/2021 - 13:10:16] - Parlota_Lcs[8] particular: vem ca cara meu carro bugo
[05/07/2021 - 13:20:54] - Parlota_Lcs[14] particular: vem man te chamei 3 vezes :(
[05/07/2021 - 13:25:01] - Parlota_Lcs[14] particular: vem ca
[05/07/2021 - 13:25:50] - Parlota_Lcs[14] particular: vem ca
[05/07/2021 - 13:29:30] - Parlota_Lcs[14] particular: vem ca
[05/07/2021 - 13:42:26] - Rony_TT_900[22] particular: man como estaciona um carro /ooc?
[05/07/2021 - 13:50:44] - Parlota_Lcs[14] particular: vem ca
[05/07/2021 - 14:25:21] - Rei_Do_Rolas[8] particular: da tp
[05/07/2021 - 14:47:37] - ICARO_Walker[10] particular: OU FALA CHAT LOCAL
[05/07/2021 - 14:48:01] - ICARO_Walker[10] particular: NAO E TODOS QUE TA NO EVENTO PO
[05/07/2021 - 14:48:12] - Riquelme_Emanuel[23] particular: tavam fazendo dm
[05/07/2021 - 15:03:26] - Marquinhos_Silv4[26] particular: ou man ta em qual org se nao quiser me contratar pode me fal um emprego baum
[05/07/2021 - 15:04:57] - Marquinhos_Silv4[26] particular: ou man ta em qual org se nao quiser me contratar pode me fal um emprego baum
[05/07/2021 - 15:20:56] - Marquinhos_Silv4[19] particular: ou man me bota como menbro da tua org
[05/07/2021 - 15:21:30] - Marquinhos_Silv4[19] particular: vlw
[05/07/2021 - 16:01:05] - Wagner_Barbosa[16] particular: o vem ca rapidao caso grave
[05/07/2021 - 17:03:52] - Parlota_Lcs[38] particular: vem ca
[05/07/2021 - 17:07:51] - MEKLOV_Style[42] particular: o game foi resetado
[05/07/2021 - 17:38:12] - alemao_noguira[30] particular: seta eu ai
[05/07/2021 - 18:34:00] - itz_eduardo[49] particular: po eu comprei o carro e estacionei e perdi 
[05/07/2021 - 18:36:31] - itz_eduardo[49] particular: opa pode me ajudar 
[05/07/2021 - 19:16:56] - Kauan_Santos[12] particular: DOIS NO SPAWN DA CV
[05/07/2021 - 19:48:12] - MEKLOV_Style[44] particular: invasao sem ang
[05/07/2021 - 21:22:24] - DANIEL_DO_TREMM[14] particular: e pai colar aqui
[05/07/2021 - 21:32:23] - Victor_Insanity[7] particular: vem aqui
[05/07/2021 - 21:36:43] - Ratao_[31] particular: MNO BOA NOITE SE USAR HACK PEGA BAn.?
[05/07/2021 - 21:37:01] - Jesus_Staff[13] particular: pode me da uma org ai a grove estrit
[05/07/2021 - 23:34:25] - Haridade_Scott[18] particular: tem org pra setar?
[05/07/2021 - 23:40:16] - Haridade_Scott[18] particular: me coloca lider da policia rodoviaria
[06/07/2021 - 01:45:26] - OUSADO_TVV[1] particular: opa td bem como pego uma org
[06/07/2021 - 03:27:11] - Terrorista_Mobile[30] particular: to telando
[06/07/2021 - 15:33:21] - DANIEL_DO_TREMM[9] particular: DA RC AI BB
[06/07/2021 - 16:57:09] - WL_[CHEFE_TDJ][1] particular: oi man
[06/07/2021 - 20:54:43] - Leonardo_Beiramar[15] particular: aiiiiiiiiii pode me tirar uma duvida?????
[06/07/2021 - 22:38:13] - Motta[9] particular: DA RC
[07/07/2021 - 00:26:34] - Luska_silva[8] particular: oi ademir lindu
[07/07/2021 - 00:28:26] - Luska_silva[8] particular: gostoso
[07/07/2021 - 01:54:49] - Ghostzin[6] particular: um cara roubou meu carro em area safe
[07/07/2021 - 02:12:58] - CaiqolaS438[8] particular: opa preciso de ajuda ak n consigo pega ro lixo
[07/07/2021 - 04:46:37] - Duda_Safadinha[3] particular: vc poderia me mostrar o serve
[07/07/2021 - 07:11:13] - RADIMXLz[3] particular: mano eu cheguei agora na cit tem como voce mim ajuda
[07/07/2021 - 07:12:07] - RADIMXLz[3] particular: mano tem como voce mim da algum dinheiro
[07/07/2021 - 16:39:11] - Ghostzin[4] particular: to bugado dentro de um carro me ajuda aq atras da prefeitura
[07/07/2021 - 18:41:36] - Alex_souza_FPS[10] particular: seta meu adm de helper amigo
[07/07/2021 - 19:16:17] - Pivete_ne[18] particular: mano tras uma vtr pq a nos desapareceu
[07/07/2021 - 19:17:10] - Pivete_ne[18] particular: mano tras uma vtr pq a nos desapareceu
[07/07/2021 - 21:50:07] - CJ_DO_PNEU[15] particular: OQ
[07/07/2021 - 22:04:30] - DANIEL_DO_TREMM[17] particular: rc
[07/07/2021 - 22:07:34] - DANIEL_DO_TREMM[17] particular: rc
[07/07/2021 - 22:59:47] - CJ_DO_PNEU[8] particular: PODE VIM AQUI PRFVR
[07/07/2021 - 23:00:43] - CJ_DO_PNEU[8] particular: MINHA ORG TA SEM LIDER POSSO SER
[07/07/2021 - 23:01:12] - CJ_DO_PNEU[8] particular: MINHA ORG TA SEM LIDER POSSO SER
[07/07/2021 - 23:01:28] - Alex_souza_FPS[15] particular: negativo
[07/07/2021 - 23:01:34] - CJ_DO_PNEU[8] particular: PORQ 
[07/07/2021 - 23:01:57] - Alex_souza_FPS[15] particular: nao e assim que funciona pcr
[07/07/2021 - 23:02:20] - CJ_DO_PNEU[8] particular: CM FASSO ENT
[07/07/2021 - 23:02:35] - Alex_souza_FPS[15] particular: fala com fundador
[07/07/2021 - 23:02:46] - CJ_DO_PNEU[8] particular: BLZ
[07/07/2021 - 23:02:57] - CJ_DO_PNEU[8] particular: PODE VIM AQUI PRFVR
[07/07/2021 - 23:03:30] - CJ_DO_PNEU[8] particular: PODE VIM AQUI PRFVR
[08/07/2021 - 00:34:44] - batista_TDT[16] particular: opa vim oarar na prisao depois q eu crasheu
[08/07/2021 - 00:52:52] - Bkey_DuMonster[15] particular: opa poderia vir aqui por favor no id 15
[08/07/2021 - 02:59:40] - Haridade[29] particular: pode,vim aqui rapidin
[08/07/2021 - 03:18:27] - Haridade[6] particular: iacuza a tropelando adm
[08/07/2021 - 03:20:33] - Haridade[6] particular: vc viu adm
[08/07/2021 - 03:51:51] - Haridade[6] particular: pode,vim aqui rapidi
[08/07/2021 - 03:51:55] - Low_FPSx[10] particular: MUDA CLIMA PFV
[08/07/2021 - 03:52:48] - Haridade[6] particular: pode,me leva pra minha hq minha moto sumiu
[08/07/2021 - 05:22:01] - Replause_Silva[5] particular: me AJUDA VEM ATE EU
[08/07/2021 - 13:30:04] - Rei_Do_Rolas[8] particular: ta vendo esse mk de hack n?
[08/07/2021 - 13:30:22] - Parlota_Lcs[6] particular: vem rapitin
[08/07/2021 - 14:41:20] - Pedro_MgPK[14] particular: seta eu na pf pow
[08/07/2021 - 14:42:25] - Pedro_MgPK[14] particular: SETA EU, JA TO SETADO NO DC /OCC
[08/07/2021 - 16:35:33] - Haridade[7] particular: pode,vim,aqui
[08/07/2021 - 16:35:54] - Haridade[7] particular: .
[08/07/2021 - 16:36:39] - Haridade[7] particular: textugu matando area sanfe adm
[08/07/2021 - 16:37:18] - Haridade[7] particular: textugu matando area sanfe adm
[08/07/2021 - 16:37:57] - Haridade[7] particular: pode,vim aqui
[08/07/2021 - 17:35:43] - Pedro_MgPK[0] particular: SETA EUU
[08/07/2021 - 17:37:24] - Pedro_MgPK[0] particular: SETA EUUUUU
[08/07/2021 - 17:39:14] - Haridade[8] particular: pode vim aqui rapindii
[08/07/2021 - 18:09:26] - Pedro_MgPK[14] particular: SETA EU
[08/07/2021 - 19:35:21] - Haridade[21] particular: vem aqui
[08/07/2021 - 19:50:00] - Gabrielzin_Maniok[11] particular: VEM CA POR FAVOR 
[08/07/2021 - 20:10:34] - Carlos_Sales[18] particular: deixa sao uns kids brigando ai
[08/07/2021 - 20:52:41] - Menorzin_Trem[13] particular: /q
[08/07/2021 - 20:54:44] - Menorzin_Trem[13] particular: d
[08/07/2021 - 23:46:57] - Kauan_Santos[25] particular: u
[08/07/2021 - 23:47:01] - Kauan_Santos[25] particular: eu
[08/07/2021 - 23:47:44] - eliseu_DaNike[18] particular: como consigo uma org?
[08/07/2021 - 23:48:07] - Kauan_Santos[25] particular: 7 INVITES
[09/07/2021 - 00:13:37] - Haridade[3] particular: pode,vim aqui
[09/07/2021 - 00:14:37] - Alex_souza_FPS[1] particular: to aki ja
[09/07/2021 - 01:25:52] - DaNikee_[11] particular: gm do blc? k
[09/07/2021 - 01:34:20] - Natan_Insane[17] particular: A LETICIA TA NA POLICIA CIVIL AINDA?
[09/07/2021 - 03:46:39] - Menorzin_Trem[4] particular: ROLA
[09/07/2021 - 05:02:57] - Haridade[6] particular: pode,vim aqui
[09/07/2021 - 05:03:35] - Haridade[6] particular: pode,vim aqui
[09/07/2021 - 14:20:35] - Natan_Insane[1] particular: 7 PESSOAS GANHA UMA ORG 5 PESSOAS GANHA UMA CORP
[09/07/2021 - 15:01:39] - batista_TDT[8] particular: opa pode me ajudar
[09/07/2021 - 17:00:31] - ML_santos[9] particular: MANO DERO DV NA MINHA VTR
[09/07/2021 - 17:01:06] - ML_santos[9] particular: KKKKKKKKKK
[09/07/2021 - 17:02:37] - Carlos_Sales[8] particular: HELPER TEM COMO COLOCAR A MSG NA TELA ?
[09/07/2021 - 17:03:13] - Carlos_Sales[8] particular: e como fala nesse chat kkkk
[09/07/2021 - 17:49:21] - Carlos_Sales[8] particular: ele ta preso zz
[09/07/2021 - 18:08:49] - batista_TDT[11] particular: opa pode respawnaros veiculos da turwuia
[09/07/2021 - 23:14:28] - Terrorista_Mobile[5] particular: da membro da rota ae kkkk
[09/07/2021 - 23:24:32] - Haridade[15] particular: pode,vim aqui
[09/07/2021 - 23:25:13] - Haridade[15] particular: pode vim aqui
[09/07/2021 - 23:26:00] - Haridade[15] particular: pode vim aqui
[09/07/2021 - 23:26:43] - Haridade[15] particular: vem aqui
[09/07/2021 - 23:58:12] - Low_FPSx[4] particular: GAJO CHAMA O CAIO PRA ME SETAA
[09/07/2021 - 23:58:23] - Low_FPSx[4] particular: GAJO CHAMA O CAIO PRA ME SETA
[09/07/2021 - 23:58:30] - Low_FPSx[4] particular: GAJO CHAMA O CAIO PRA ME SETA
[10/07/2021 - 00:03:29] - Haridade[6] particular: pode,vik aqui
[10/07/2021 - 00:04:05] - Haridade[6] particular: pode,vik aqui
[10/07/2021 - 04:33:59] - Low_FPSx[6] particular: DA RC AI PFV OS CARROS SUMIRU TUDO
[10/07/2021 - 15:32:59] - Henrique_Games[7] particular: MANO
[10/07/2021 - 15:41:31] - Carlos_Sales[6] particular: opa vc que falou pra eu te chamar no pv ontem?
[10/07/2021 - 15:42:00] - Low_FPSx[5] particular: COMO ASSIM?
[10/07/2021 - 19:00:50] - Haridade[10] particular: pode,vim,aqui
[10/07/2021 - 19:01:31] - Haridade[10] particular: pode,vim,aqui
[10/07/2021 - 19:30:09] - CJ_DO_PNEU[17] particular: PODE LIMPA A FICHA DO MEU AMIGO PRA ELE ENTRA NA ORG PRFVR
[10/07/2021 - 19:33:11] - CJ_DO_PNEU[17] particular: LIMPA A FICHA 8 PRA ELE ENTRA NA ORG
[10/07/2021 - 19:33:49] - CJ_DO_PNEU[17] particular: LIMPA A FICHA 8 PRA ELE ENTRA NA ORG
[10/07/2021 - 20:48:56] - Guizinx_exe$[8] particular: PODE MIN AJUDAR
[10/07/2021 - 20:54:33] - Guizinx_exe$[8] particular: man como vou trabalhar si todos serviso precissa de level
[10/07/2021 - 20:55:14] - Guizinx_exe$[8] particular: vem ca dnv pfv
[10/07/2021 - 21:37:54] - zFTC_RUAN[19] particular: OI ADM SO SUPORTE NO DS TBM PODE DA ROUPA 294 PQ T COM  ROUPA DE,PM
[11/07/2021 - 01:03:16] - Haridade[9] particular: pode,vim aqui
[11/07/2021 - 01:04:04] - Haridade[9] particular: vem logo o cara ta passando por cima aqui
[11/07/2021 - 01:57:38] - Low_FPSx[27] particular: sorta aq da cadeia to faz maix de 1 hr:(
[11/07/2021 - 02:20:12] - Low_FPSx[1] particular: DA /CADEIA 1 0 A
[11/07/2021 - 02:35:40] - HL_FPSx[7] particular: Como sai da binco?
[11/07/2021 - 02:35:57] - Carlos_Sales[6] particular: vai um pouco pra tras da porta
[11/07/2021 - 02:36:40] - HL_FPSx[7] particular: NAO Vai
[11/07/2021 - 05:12:49] - Haridade[1] particular: kabuto matou eu e replause nois tava convessando
[11/07/2021 - 05:21:04] - Replause_Silva[3] particular: cai num buraco
[11/07/2021 - 05:21:37] - Haridade[1] particular: tou bugado adm vem aqui
[11/07/2021 - 05:49:54] - Replause_Silva[3] particular: como,vejo se tem players on,memo
[11/07/2021 - 05:50:14] - alemao_noguira[16] particular: /playerson
[11/07/2021 - 06:10:58] - VULGO_BK[4] particular: man, me puxa la na praca?
[11/07/2021 - 15:09:06] - Alex_souza_FPS[15] particular: .
[11/07/2021 - 15:43:44] - Carlos_Sales[4] particular: to telando blz
[11/07/2021 - 15:44:06] - Carlos_Sales[4] particular: to telando blz
[11/07/2021 - 15:44:24] - Carlos_Sales[4] particular: to telando blz
[11/07/2021 - 15:44:33] - Carlos_Sales[4] particular: se eu ver ja e de ban
[11/07/2021 - 15:44:58] - Yakame_FPSx[6] particular: tou bugado no carro
[11/07/2021 - 16:09:13] - Alemao_Do0800[17] particular: pode vir aqui urgente ?
[11/07/2021 - 19:12:20] - zYamashita_[15] particular: VEM AKI PFVR
[11/07/2021 - 19:46:30] - ALEMAO_[26] particular: pode vir aq  ? urgente
[11/07/2021 - 19:47:54] - ALEMAO_[26] particular: seta lider PF 
[11/07/2021 - 19:48:15] - ALEMAO_[26] particular: pode ver la no ds sou lider da PF pelo icaro
[11/07/2021 - 19:50:28] - ALEMAO_[26] particular: opa pode vir aq ? e urgente
[11/07/2021 - 20:09:25] - ALEMAO_[32] particular: ai vem aq pfr ajuda eu
[11/07/2021 - 20:21:50] - ALEMAO_[25] particular: ai namoral fz mo,cota q eu chamo e vcs n vem da pra me atender
[11/07/2021 - 20:24:11] - ALEMAO_[25] particular: PF TA RECRUTANDOOO
[11/07/2021 - 21:21:18] - Haridade[7] particular: pode,vim aqui
[11/07/2021 - 21:59:18] - Parlota_Lcs[18] particular: vem ca
[11/07/2021 - 22:00:22] - Parlota_Lcs[18] particular: vem ca
[11/07/2021 - 22:00:52] - Parlota_Lcs[18] particular: vem ca
[11/07/2021 - 23:40:11] - ML_santos[1] particular: TU NAO PODE MI DAR 3MOEDAS NAO
[11/07/2021 - 23:40:57] - Alex_souza_FPS[31] particular: NAO POSSO SETAR MOEDAS NAO TENHO PERMISSAO FALA COM UM CARGO ALTO
[11/07/2021 - 23:41:17] - Alex_souza_FPS[31] particular: NAO TENHO PERMISSAO
[11/07/2021 - 23:41:27] - ML_santos[1] particular: JAE
[11/07/2021 - 23:42:08] - ML_santos[1] particular: MANO PODE MIDAR 3MOEDAS
[12/07/2021 - 07:49:22] - Low_FPSx[4] particular: n troca
[12/07/2021 - 14:28:16] - ALEMAO_[5] particular: vem aq pfr
[12/07/2021 - 16:42:48] - The_ghost[6] particular: pode vir aqui?
[12/07/2021 - 16:43:12] - The_ghost[6] particular: pode vir aqui?
[12/07/2021 - 17:16:01] - jaozinho[14] particular: bora caixinha
[12/07/2021 - 17:16:26] - Kauan_Santos[7] particular: br
[12/07/2021 - 18:04:01] - jaozinho[12] particular: MANO TEM UM CARA QUE QEUR AJUDA
[12/07/2021 - 18:22:38] - alemao_noguira[12] particular: e o botao de,sai do carro normal
[12/07/2021 - 21:13:55] - Rafinha_Brabo[9] particular: ae tem,como vc me dar tds as minha licencas?
[12/07/2021 - 21:14:44] - Rafinha_Brabo[9] particular: ae tem,como vc me dar tds as minha licencas?
[12/07/2021 - 21:15:22] - Rafinha_Brabo[9] particular: ae tem,como vc me dar tds as minha licencas?
[12/07/2021 - 21:15:41] - Rafinha_Brabo[9] particular: ordens do lider prf
[12/07/2021 - 21:21:40] - Rafinha_Brabo[9] particular: presciso falar com vc
[12/07/2021 - 21:21:56] - Kauan_Churritos[15] particular: diga
[12/07/2021 - 21:22:20] - Rafinha_Brabo[9] particular: olha o lider pf ia chamar o ycaro(adm) mais ele n tava on
[12/07/2021 - 21:22:46] - Rafinha_Brabo[9] particular: era pra mim dar tds minhas licencas tem como vc setar elas ?
[12/07/2021 - 21:23:42] - Rafinha_Brabo[9] particular: quando ele tiver on pode falar com ele
[12/07/2021 - 21:25:10] - Rafinha_Brabo[9] particular: pufavo ceta ae manin
[12/07/2021 - 22:07:46] - alemao_noguira[10] particular: puxaeu
[12/07/2021 - 23:37:19] - alemao_noguira[22] particular: esta rec?
[12/07/2021 - 23:43:23] - Rafinha_Brabo[26] particular: vem ate eu ae adm por favor
[12/07/2021 - 23:44:52] - Carlos_Sales[7] particular: DA /MENUCAR
[12/07/2021 - 23:46:26] - Carlos_Sales[7] particular: e da /menucar localizar e procura
[12/07/2021 - 23:47:02] - Carlos_Sales[7] particular: vai em um mv ent
[12/07/2021 - 23:47:26] - Carlos_Sales[7] particular: e so da /gps
[12/07/2021 - 23:49:44] - Carlos_Sales[7] particular: tenta spawnar agora
[12/07/2021 - 23:49:56] - jaozinho[10] particular: o vg o cara com com problema com o carr
[12/07/2021 - 23:50:15] - Carlos_Sales[7] particular: /MENUCAR
[13/07/2021 - 03:37:40] - Rei_Do_Rolas[15] particular: DA TP AE
[13/07/2021 - 06:05:07] - Kauan_Santos[3] particular: vai tu kkk
[13/07/2021 - 13:59:40] - Rafinha_Brabo[3] particular: adm qual comando q sobe de lvl
[13/07/2021 - 14:00:11] - Carlos_Sales[6] particular: ou vou vc compra level ou espera os respeitos do payday
[13/07/2021 - 14:01:37] - Rafinha_Brabo[3] particular: adm como pega o lider de uma org  queria ser da los vagos
[13/07/2021 - 14:01:58] - Carlos_Sales[6] particular: TRAZ 7 PESSOAS PRO SERVER QUE VC PEGA
[13/07/2021 - 14:02:13] - Rafinha_Brabo[3] particular: blz
[13/07/2021 - 14:04:22] - Rodiguin[3] particular: opa vim pelo rafinha_brabo mais vou ter q sair
[13/07/2021 - 14:06:16] - ratinho_lok[3] particular: opaaaaaa vim pelo rafinha_braboooo
[13/07/2021 - 14:06:27] - Carlos_Sales[6] particular: MAN VC ACHA QUE EU SOU TROXA
[13/07/2021 - 14:09:02] - Los_brabos[3] particular: opa,sou o ultimo kkkkk mais tem como vc dar o lider vagos pra ele o rafinha brabo ele merece mn
[13/07/2021 - 14:09:30] - Carlos_Sales[6] particular: QUANDO OS 7 FICAREM ON AO MESMO TEMPO
[13/07/2021 - 14:10:39] - Rafinha_Brabo[3] particular: pronto agr tem como me dar o lider vagos?
[13/07/2021 - 14:11:28] - Rafinha_Brabo[3] particular: tem vaga ae  na tropa da lacoste?
[13/07/2021 - 14:11:49] - Rafinha_Brabo[3] particular: eae cd o lider vagos???
[13/07/2021 - 14:12:11] - Carlos_Sales[0] particular: CADE OS 7 ON AO MESMO TEMPO?
[13/07/2021 - 14:12:41] - Rafinha_Brabo[3] particular: eles tiveram q sair eles vao pra praia
[13/07/2021 - 14:12:56] - Rafinha_Brabo[3] particular: mais confia eu tenho minha palavra de homen
[13/07/2021 - 14:14:01] - Rafinha_Brabo[3] particular: rapaz,confie ne mim eu tenho minha palavra de honra homi
[13/07/2021 - 14:14:59] - Rafinha_Brabo[3] particular: po mn t n vai dar n mn
[13/07/2021 - 14:18:46] - Rafinha_Brabo[3] particular: por favor mn posso pedir contas pra  vc me seta como lider vagos?
[13/07/2021 - 14:31:09] - Rafinha_Brabo[3] particular: natan tem vaga ae na lacoste?
[13/07/2021 - 15:33:14] - Muniz_[17] particular: opaa vem ca
[13/07/2021 - 17:21:47] - Duartex_[22] particular: pode da tp?
[13/07/2021 - 18:50:56] - Vgzinn[8] particular: sao 7 a 10
[13/07/2021 - 19:08:45] - Vgzinn[8] particular: /bp
[13/07/2021 - 19:19:35] - jaozinho[7] particular: nn
[13/07/2021 - 19:39:08] - Rafinha_Brabo[4] particular: po natan traiu o movimento da escocia
[13/07/2021 - 20:14:49] - DACUNHA[13] particular: eu limpo se vc quiser
[13/07/2021 - 20:25:10] - DACUNHA[13] particular: da rc ai pfv
[13/07/2021 - 20:37:24] - Rafinha_Brabo[25] particular: eae kauan
[13/07/2021 - 20:44:55] - Luiz_Seregio[28] particular: dn
[13/07/2021 - 21:43:48] - zFTC_RUAN[7] particular: DESBUGA ID 25 
[13/07/2021 - 21:43:55] - zFTC_RUAN[7] particular: DESBUGA ID 25 
[13/07/2021 - 21:44:02] - zFTC_RUAN[7] particular: /ADMINS
[13/07/2021 - 23:45:28] - Kauan_Santos[29] particular: x1?
[13/07/2021 - 23:45:44] - Kauan_Santos[29] particular: x1?
[13/07/2021 - 23:47:43] - Eric_Silva[23] particular: me ajudaa
[13/07/2021 - 23:52:51] - Kauan_Santos[29] particular: ANIM DO ROLAS
[13/07/2021 - 23:53:00] - Kauan_Santos[29] particular: ANIM DO ROLAS TE MANDO DPS
[13/07/2021 - 23:54:35] - Kauan_Santos[29] particular: TE 
[13/07/2021 - 23:54:40] - Kauan_Santos[29] particular: ANIM DO ROLAS
[13/07/2021 - 23:54:43] - Kauan_Santos[29] particular: ANIM DO ROLAS
[14/07/2021 - 02:46:45] - fabri_rp[22] particular: minha prissao nao ta passando  so almenda
[14/07/2021 - 03:29:27] - zFTC_RUAN[12] particular: ADM ID 0 NO CAIXA SEM BATER CARTAO
[14/07/2021 - 04:29:30] - alemao_noguira[5] particular: /bp
[14/07/2021 - 04:40:30] - SilverL[7] particular: vcs edita rg?
[14/07/2021 - 16:25:57] - Vgzinn[23] particular: VOLTO?
[14/07/2021 - 16:48:29] - insane_ruan[16] particular: quero falar com vc sobre org
[14/07/2021 - 17:36:01] - Rafinha_Brabo[30] particular: ae eu quero ser lider vagos como faz?
[14/07/2021 - 18:29:54] - WL_[CHEFE_TDJ][3] particular: bota os veiculos na base da jagata
[14/07/2021 - 18:30:06] - Kauan_Santos[5] particular: n
[14/07/2021 - 18:30:28] - WL_[CHEFE_TDJ][3] particular: ta sem carro
[14/07/2021 - 19:52:43] - ALEMAO_[10] particular: adm vem aq pfr
[14/07/2021 - 21:41:34] - jaozinho[22] particular: COMO FASSO PRA SUBIR DE CARGO NO GAME 
[14/07/2021 - 21:41:54] - Vgzinn[27] particular: dando uma sugada JKKKJJK
[14/07/2021 - 21:58:19] - alemao_noguira[31] particular: tira essa anim ai
[14/07/2021 - 22:20:41] - Rafinha_Brabo[34] particular: ele mandou pau no seu cu id 20
[14/07/2021 - 22:37:21] - Rafinha_Brabo[20] particular: ae me coloca perto do dacunha
[14/07/2021 - 23:21:37] - jaozinho[22] particular: OLHA A MERDA QUE TA DANDO NESSA INVASAO KKKKKKK
[15/07/2021 - 00:45:09] - jaozinho[22] particular: TIRA PRINT E DENUCIA 
[15/07/2021 - 01:03:58] - Wesley_Bezerra[33] particular: MUDA O CLIMA TA BUGAAAAAADOOOOOOO
[15/07/2021 - 01:04:14] - Wesley_Bezerra[33] particular: MUDA O CLIMA TA BUGAAAAAADOOOOOOO
[15/07/2021 - 01:06:29] - Wesley_Bezerra[33] particular: MUDA O CLIMA TA BUGAAAAAADOOOOOOO
[15/07/2021 - 01:06:44] - Wesley_Bezerra[33] particular: MUDA O CLIMA TA BUGAAAAAADOOOOOOO
[15/07/2021 - 01:09:15] - Wesley_Bezerra[33] particular: MUDA O CLIMA TA BUGAAAAAADOOOOOOO
[15/07/2021 - 01:10:28] - Wesley_Bezerra[33] particular: MUDA O CLIMA TA BUGAAAAAADOOOOOOO
[15/07/2021 - 01:10:36] - Wesley_Bezerra[33] particular: MUDA O CLIMA TA BUGAAAAAADOOOOOOO
[15/07/2021 - 01:11:18] - Wesley_Bezerra[33] particular: MUDA O CLIMA TA BUGAAAAAADOOOOOOO
[15/07/2021 - 01:11:34] - jaozinho[35] particular: sua data
[15/07/2021 - 01:11:55] - Wesley_Bezerra[33] particular: MUDA O CLIMA TA BUGAAAAAADOOOOOOO
[15/07/2021 - 01:18:25] - jaozinho[35] particular: vai de pe
[15/07/2021 - 01:18:40] - jaozinho[35] particular: flw
[15/07/2021 - 01:40:59] - Vgzinn[32] particular: ?
[15/07/2021 - 01:43:18] - Wesley_Bezerra[28] particular: DA RC MAN TA RUIM Q NA BASE O
[15/07/2021 - 01:44:16] - Arcanjo_Leal[35] particular: PODE ME AJUDAR POR FAVOR
[15/07/2021 - 01:52:42] - GABRIEL_SAMP[35] particular: me seta na rota ai eu sai prq fiquei co drepessao hj e bravo tbm sou irmao do joao 
[15/07/2021 - 02:17:59] - L7_TA_TRISTE1[39] particular: amigao
[15/07/2021 - 02:28:52] - Mascara.exe[37] particular: ou mano tira prisao favor ze
[15/07/2021 - 02:29:25] - Mascara.exe[37] particular: vem em mim to 1 hora
[15/07/2021 - 02:58:12] - Arcanjo_Leal[12] particular: me ajuda por favor rapidinho
[15/07/2021 - 03:19:06] - Vgzinn[19] particular: se tiver 4 pm s
[15/07/2021 - 04:36:58] - Trax_JK[26] particular: MARKOLA EU POSSO PEGA O SULTAN PRA IR PEGAR A,MOTO? ELA TA LA NUM Caixa
[15/07/2021 - 15:04:28] - RAPOZA_BB[1] particular: qual e o ip
[15/07/2021 - 16:28:29] - NK_Duart[18] particular: da rc pfv
[15/07/2021 - 16:28:48] - NK_Duart[18] particular: da rc pfv
[15/07/2021 - 18:48:03] - jaozinho[3] particular: vg me mostra a jbl fucionando ?
[15/07/2021 - 19:05:52] - Wesley_Bezerra[12] particular: PODE FAZER PTR DE SULTAN?
[15/07/2021 - 20:53:15] - Haridade[4] particular: vem aqui
[15/07/2021 - 20:54:57] - alemao_noguira[14] particular: vaza agora
[15/07/2021 - 20:55:21] - Duartex_[11] particular: vem aki se der
[15/07/2021 - 21:45:32] - Vgzinn[33] particular: isso seria sem motivo
[15/07/2021 - 21:45:47] - Vgzinn[33] particular: motivo por ser grosso KKKKK ai n ne caray
[15/07/2021 - 21:45:55] - Vgzinn[33] particular: bandido q e esse
[15/07/2021 - 21:53:48] - JONATAS_RP[18] particular: ADM EU COMPREI UM CARRO MAS DOO COMANDO PRA LOCALIZAR DIZ Q NAO TENHO
[15/07/2021 - 21:59:05] - Duartex_[8] particular: desculpa adm ok? sabia n
[15/07/2021 - 23:23:53] - VULGO_BK[34] particular: churrasco vem k
[15/07/2021 - 23:30:48] - zFTC_RUAN[7] particular: NATAN ME CONVIDA AI MN TO NA TDL TO ATE NA CALL CAIXINHA 1 ,
[15/07/2021 - 23:39:08] - mitozin_9k[17] particular: DA RC PF
[15/07/2021 - 23:40:46] - mitozin_9k[17] particular: DA RC PF
[15/07/2021 - 23:40:55] - DAVI_FPS[21] particular: ADM DA RC SUMIU O CARROS DA MINHA ORG
[15/07/2021 - 23:41:01] - mitozin_9k[17] particular: DA RC PF
[15/07/2021 - 23:41:09] - GRT_kn[6] particular: opa mano pode mudar o clima ai pfv tela cinza
[15/07/2021 - 23:41:21] - vulgo_135[27] particular: vem 
[15/07/2021 - 23:44:16] - GRT_kn[6] particular: opa mano pode mudar o clima ai pfv tela cinza
[15/07/2021 - 23:44:40] - GRT_kn[6] particular: opa mano pode mudar o clima ai pfv tela cinza
[16/07/2021 - 01:02:30] - alemao_noguira[32] particular: se voce sai da cadeia dnv com cmd de staff vai se ferrar
[16/07/2021 - 01:03:47] - GRT_kn[27] particular: man tem como mudad o clima pfv e q eu uso txt e a tela ta cinza
[16/07/2021 - 01:08:16] - Duartex_[36] particular: LIMPA MINHA FICHA URGENCIA!!
[16/07/2021 - 01:08:23] - chavao[8] particular: me leva na conce sou novo , pfv
[16/07/2021 - 01:10:02] - chavao[8] particular: me leva naa conce pfv
[16/07/2021 - 01:38:33] - Duartex_[18] particular: PUXA EU CAI LIMBO
[16/07/2021 - 01:38:50] - Duartex_[18] particular: puxa eu cai limbo
[16/07/2021 - 01:39:12] - Duartex_[18] particular: CAI NO LIMBO
[16/07/2021 - 01:45:38] - R7_PATRAO[12] particular: me da um carro nmrl
[16/07/2021 - 02:14:19] - Duartex_[11] particular: fui prezo du nada
[16/07/2021 - 02:14:32] - Duartex_[11] particular: solta eu
[16/07/2021 - 13:16:00] - Natan_Insane[8] particular: SO VAI UM POUCO ATRAS DA PORTA
[16/07/2021 - 16:06:00] - Duartex_[21] particular: como liga radio?
[16/07/2021 - 16:41:02] - Duartex_[5] particular: me leva pra,ls pfvr ksksks
[16/07/2021 - 17:20:18] - Duartex_[18] particular: me puxa pra ls
[16/07/2021 - 17:20:29] - Duartex_[18] particular: me puxa prabls
[16/07/2021 - 17:28:48] - Carlos_Sales[24] particular: /PLAYERSON
[16/07/2021 - 17:33:07] - Carlos_Sales[24] particular: DE DUAS PESSOAS DA MESMA ORG SIM
[16/07/2021 - 18:08:15] - Russo[13] particular: S
[16/07/2021 - 18:27:57] - Duartex_[6] particular: vem k
[16/07/2021 - 18:42:42] - TEJOTA_JUNIOR[21] particular: opa tem como ligar o radinho do voip se tiver manda particular
[16/07/2021 - 19:52:34] - Duartex_[9] particular: perdoa eu foi mal
[16/07/2021 - 19:52:46] - Duartex_[9] particular: sabia que era adm nao
[16/07/2021 - 19:53:15] - Duartex_[9] particular: PLMNS SE PERDOA,NOIS
[16/07/2021 - 19:53:30] - Duartex_[9] particular: OU NAO? foi sem intencao
[16/07/2021 - 20:19:56] - Carlos_Sales[22] particular: vc tlgd que eu sou o carlin do dc
[16/07/2021 - 20:23:14] - Duartex_[3] particular: SOLTA EU
[16/07/2021 - 20:23:53] - Duartex_[3] particular:  SOLTA,EU
[16/07/2021 - 20:24:57] - Carlos_Sales[8] particular: depois me convida pra org
[16/07/2021 - 20:25:35] - Duartex_[3] particular: solta eu pfvr prometo nao erra dnv
[16/07/2021 - 20:26:42] - Duartex_[3] particular: pfvr bobi alivia essa
[16/07/2021 - 20:39:12] - Carlos_Sales[8] particular: nao pode sair do carandiru
[16/07/2021 - 20:49:51] - Carlos_Sales[13] particular: me da tag no dc
[16/07/2021 - 20:51:11] - Duartex_[3] particular: Mereco Recompensa por esse erro nao 2k plmns?
[16/07/2021 - 21:45:59] - Duartex_[13] particular: da rc
[16/07/2021 - 22:33:52] - Duartex_[0] particular: RC
[16/07/2021 - 23:00:21] - kaiozinbnf[6] particular: ei adm vem ca eu comprei um carro mais nao aparece e perdi 1kk
[16/07/2021 - 23:01:21] - kaiozinbnf[6] particular: ei adm comprei um carro mas  nao aparece e perdi 1kk
[16/07/2021 - 23:01:53] - kaiozinbnf[6] particular: ei adm chega aq
[16/07/2021 - 23:13:38] - kaiozinbnf[6] particular: ei adm chega aq
[17/07/2021 - 00:57:45] - kaiozinbnf[17] particular: em adm cola aq
[17/07/2021 - 00:58:34] - kaiozinbnf[17] particular: ei adm cola aq
[17/07/2021 - 01:29:00] - kaiozinbnf[9] particular: ei adm cola aq
[17/07/2021 - 01:34:52] - kaiozinbnf[9] particular: vem ca dnv
[17/07/2021 - 01:35:53] - kaiozinbnf[9] particular: ver se consigui
[17/07/2021 - 02:50:11] - Brunox_PvP[16] particular: como faco para entrar em org?
[17/07/2021 - 02:50:26] - Carlos_Sales[3] particular: recrutento no dc
[07/06/2024 - 13:24:43] - Apxgui[0] particular: %
[07/06/2024 - 13:25:29] - Apxgui[0] particular: ola eu sou o %
[07/06/2024 - 13:25:45] - Apxgui[0] particular: %i
