[26/02/2020 - 22:44:36] - O jogador  Diego_Rangel recebeu [100] Coins.
[27/02/2020 - 20:44:09] - O jogador  Diego_Rangel recebeu [100] Moedas.
[27/02/2020 - 20:59:38] - O jogador  cloZe recebeu [100] Moedas.
[28/02/2020 - 11:45:09] - O jogador  winRAR recebeu [1000] Moedas.
[04/03/2020 - 20:06:08] - O jogador  cloZe recebeu [1000] Moedas.
[19/06/2021 - 23:20:07] - O jogador  Vgzinn recebeu [100] Moedas.
[21/06/2021 - 20:29:46] - O jogador  Vgzinn_Zs recebeu [1000] Moedas.
[21/06/2021 - 23:56:17] - O jogador  Vgzinn recebeu [1] Moedas.
[21/06/2021 - 23:56:54] - O jogador  Vgzinn recebeu [1000] Moedas.
[24/06/2021 - 21:42:36] - O jogador  Jaozin_Silva recebeu [40] Moedas.
[25/06/2021 - 17:02:48] - O jogador  Riquelme_Emanuel recebeu [20] Moedas.
[26/06/2021 - 00:09:11] - O jogador  jaozinho recebeu [10] Moedas.
[26/06/2021 - 00:09:29] - O jogador  Kira_Do_Moster recebeu [10] Moedas.
[26/06/2021 - 17:23:40] - O jogador  Menor_vl recebeu [10000] Moedas.
[27/06/2021 - 00:34:31] - O jogador  Fumassa recebeu [10] Moedas.
[03/07/2021 - 17:37:25] - O jogador  Caique_Lopes recebeu [10] Moedas.
[04/07/2021 - 13:57:36] - O jogador  pdrinx_zika recebeu [10] Moedas.
[07/07/2021 - 20:28:56] - O jogador  Bonezinho_TDT recebeu [40] Moedas.
[11/07/2021 - 19:03:14] - O jogador  ML_santos recebeu [3] Moedas.
[11/07/2021 - 23:44:45] - O jogador  F7_NXS recebeu [20] Moedas.
[12/07/2021 - 04:19:45] - O jogador  Guh recebeu [31] Moedas.
[12/07/2021 - 05:20:40] - O jogador  bruno_tcp recebeu [30] Moedas.
[12/07/2021 - 22:05:52] - O jogador  ICARO_Walker recebeu [100] Moedas.
[14/07/2021 - 01:29:00] - O jogador  tutu_777 recebeu [3] Moedas.
[14/07/2021 - 21:08:39] - O jogador  F7_NXS recebeu [5] Moedas.
[15/07/2021 - 21:56:23] - O jogador  Vinicius_Russef recebeu [15] Moedas.
[17/07/2021 - 02:20:24] - O jogador  Vinicius_Russef recebeu [15] Moedas.
[12/06/2024 - 16:06:00] - O jogador  Apxgui12 recebeu [100] Diamantes.
[30/06/2024 - 09:58:54] - O jogador  Apxgui recebeu [50] Coins.
[30/06/2024 - 14:21:37] - O jogador  Apxgui recebeu [1] Coins.
