[25/06/2021 - 15:35:19] - SMS: visao , enviou: jaozinho - CEL:[3514]
[25/06/2021 - 15:47:05] - SMS: ROUBA ELE E DPS PASSA ELE, enviou: Fumassa - CEL:[32428]
[25/06/2021 - 15:47:42] - SMS: JAJ ENTRO /OCC, enviou: Fumassa - CEL:[32428]
[25/06/2021 - 17:28:29] - SMS: VEM HQ PCF RAPIDO TODOS, enviou: Fumassa - CEL:[32428]
[25/06/2021 - 17:28:56] - SMS: ?, enviou: Kira_Do_Moster - CEL:[6414]
[25/06/2021 - 17:54:04] - SMS: cv, enviou: Kira_Do_Moster - CEL:[6414]
[25/06/2021 - 18:23:59] - SMS: ACABOU MSM?, enviou: Fumassa - CEL:[32428]
[25/06/2021 - 18:24:02] - SMS: ACABOU MSM?NE, enviou: Fumassa - CEL:[32428]
[25/06/2021 - 18:24:11] - SMS: ss, enviou: jaozinho - CEL:[3514]
[25/06/2021 - 18:24:13] - SMS: ACABOU MSM?NE PQ VO FECHAR COM OUTRA AQUI, enviou: Fumassa - CEL:[32428]
[25/06/2021 - 18:24:20] - SMS: ss, enviou: jaozinho - CEL:[3514]
[25/06/2021 - 18:24:31] - SMS: SEIS QUE TAO PERDENDO MSM, enviou: Fumassa - CEL:[32428]
[25/06/2021 - 21:33:30] - SMS: ta ocupado ?, enviou: jaozinho - CEL:[3514]
[26/06/2021 - 03:52:39] - SMS: slv, enviou: jaozinho - CEL:[3514]
[26/06/2021 - 04:53:49] - SMS: opa, enviou: jaozinho - CEL:[3514]
[26/06/2021 - 17:24:42] - SMS: viu o contrato ?, enviou: jaozinho - CEL:[3514]
[26/06/2021 - 22:01:39] - SMS: VENDAS ON?, enviou: Fumassa - CEL:[32428]
[26/06/2021 - 22:17:20] - SMS: PODE VIM N TEM NINGUEM AQUI MAIS, enviou: Fumassa - CEL:[32428]
[26/06/2021 - 22:26:18] - SMS: VAI PIER, enviou: Fumassa - CEL:[32428]
[26/06/2021 - 22:26:58] - SMS: O DA RODA GIGANTE, enviou: Fumassa - CEL:[32428]
[27/06/2021 - 16:31:30] - SMS: man o rapoza e soldado?, enviou: Eric_Silva - CEL:[4040]
[28/06/2021 - 16:02:56] - SMS: ou devolve o carro do meu chefe, enviou: Kira_Do_Moster - CEL:[6414]
[29/06/2021 - 13:22:02] - SMS: TAO ATAS DE TU ?, enviou: Kira_Do_Moster - CEL:[6414]
[29/06/2021 - 13:22:47] - SMS: passa en ferta a prefeitura, enviou: Kira_Do_Moster - CEL:[6414]
[29/06/2021 - 13:24:57] - SMS: VEM MINHA BASE E ENTRA NO MEU CARRO, enviou: Kira_Do_Moster - CEL:[6414]
[29/06/2021 - 18:30:23] - SMS: TIVER QUE RECUSAR TUA DENUNCIA CONTRA O RED OOC, enviou: Fumassa - CEL:[32428]
[29/06/2021 - 18:30:42] - SMS: PQ TAO DIZENDO QUE TO PEGANDO NO PE DELES OOC, enviou: Fumassa - CEL:[32428]
[01/07/2021 - 15:10:21] - SMS: ae mina que se encontrar comigo, enviou: texugo_gg - CEL:[1006]
[01/07/2021 - 20:11:58] - SMS: OPA, enviou: Rei_Do_Rolas - CEL:[7417]
[01/07/2021 - 20:38:00] - SMS: man q drogas vc tem ?, enviou: KABUTO_TRALHA - CEL:[4925]
[01/07/2021 - 20:44:10] - SMS: ei, enviou: jaozinho - CEL:[3514]
[01/07/2021 - 20:44:19] - SMS: a pm vai invadir, enviou: jaozinho - CEL:[3514]
[01/07/2021 - 22:06:53] - SMS: ANT RP MLK, enviou: Rei_Do_Rolas - CEL:[7417]
[01/07/2021 - 23:07:35] - SMS: ta sem armar, enviou: Paulinho_Davi - CEL:[1497]
[02/07/2021 - 02:09:45] - SMS: visao loirin aqui, enviou: Rei_Do_Rolas - CEL:[7417]
[02/07/2021 - 05:00:30] - SMS: VISAO, enviou: Rei_Do_Rolas - CEL:[7417]
[02/07/2021 - 13:16:49] - SMS: CASADO?, enviou: Rei_Do_Rolas - CEL:[7417]
[02/07/2021 - 13:25:33] - SMS: ola, enviou: kaiozinff - CEL:[7063]
[02/07/2021 - 13:25:46] - SMS: opa, enviou: Sr_Valzera - CEL:[2947]
[02/07/2021 - 19:08:40] - SMS: VISAO, enviou: Rei_Do_Rolas - CEL:[7417]
[02/07/2021 - 19:09:49] - SMS: fala tu mn, enviou: SMOKE_ZX - CEL:[61340]
[02/07/2021 - 19:10:31] - SMS: VISAO CRIA, enviou: Rei_Do_Rolas - CEL:[7417]
[02/07/2021 - 19:10:56] - SMS: mn passa a visao ai q to dando fuga, enviou: SMOKE_ZX - CEL:[61340]
[02/07/2021 - 19:11:40] - SMS: QUANDO TERMINAR FALA PRA NOS CONVERSAR SUA FAVELA, enviou: Rei_Do_Rolas - CEL:[7417]
[03/07/2021 - 00:09:43] - SMS: brotei cria, enviou: Rei_Do_Rolas - CEL:[7417]
[03/07/2021 - 00:10:18] - SMS: id 28, enviou: Rei_Do_Rolas - CEL:[7417]
[03/07/2021 - 00:51:16] - SMS: qualtos pm, enviou: kaiozinff - CEL:[7063]
[03/07/2021 - 04:40:37] - SMS: MATOU PRQ?, enviou: Rei_Do_Rolas - CEL:[7417]
[03/07/2021 - 05:08:19] - SMS: visao negociar a cabeca do meu cria ae, enviou: Bonezinho_TDT - CEL:[7304]
[03/07/2021 - 14:12:09] - SMS: voltou prq?, enviou: Rei_Do_Rolas - CEL:[7417]
[03/07/2021 - 14:46:45] - SMS: visao, enviou: Rei_Do_Rolas - CEL:[7417]
[03/07/2021 - 17:06:09] - SMS: eae irmao blz? podemos conversa?, enviou: playbox_silva - CEL:[8040]
[03/07/2021 - 17:07:13] - SMS: eae irmao blz? podemos ser ver pra mim conversa um bagulho cntg, enviou: playbox_silva - CEL:[8040]
[03/07/2021 - 17:13:27] - SMS: eae mam mim encontra prefeitura, enviou: playbox_silva - CEL:[8040]
[03/07/2021 - 17:21:09] - SMS: eae mam, enviou: playbox_silva - CEL:[8040]
[03/07/2021 - 17:22:25] - SMS: eae , enviou: playbox_silva - CEL:[8040]
[03/07/2021 - 19:38:54] - SMS: bora ronda eu e tu pm e rota sou c1, enviou: Lzinn_07 - CEL:[1002]
[03/07/2021 - 19:39:15] - SMS: vamo po vem dp ls, enviou: Zuerim_Bahiano - CEL:[7934]
[03/07/2021 - 19:39:33] - SMS: to pref, enviou: Lzinn_07 - CEL:[1002]
[03/07/2021 - 19:41:30] - SMS: vem dp aqui mano, enviou: Zuerim_Bahiano - CEL:[7934]
[03/07/2021 - 19:41:46] - SMS: okok a caminho, enviou: Lzinn_07 - CEL:[1002]
[03/07/2021 - 19:42:05] - SMS: ok, enviou: Zuerim_Bahiano - CEL:[7934]
[03/07/2021 - 19:59:40] - SMS: vem dp, enviou: Zuerim_Bahiano - CEL:[7934]
[03/07/2021 - 19:59:52] - SMS: ok, enviou: Lzinn_07 - CEL:[1002]
[03/07/2021 - 20:01:13] - SMS: vem dp ls , enviou: Zuerim_Bahiano - CEL:[7934]
[03/07/2021 - 20:02:15] - SMS: vem dp ls , enviou: Zuerim_Bahiano - CEL:[7934]
[03/07/2021 - 20:02:29] - SMS: ok ta mei longe, enviou: Lzinn_07 - CEL:[1002]
[03/07/2021 - 20:02:43] - SMS: ta vindo de vtr?, enviou: Zuerim_Bahiano - CEL:[7934]
[03/07/2021 - 20:03:03] - SMS: nao posso pegar vtr, enviou: Lzinn_07 - CEL:[1002]
[03/07/2021 - 20:03:22] - SMS: entendi, enviou: Zuerim_Bahiano - CEL:[7934]
[03/07/2021 - 20:19:01] - SMS: pode vir QG ROTA?, enviou: Lzinn_07 - CEL:[1002]
[03/07/2021 - 20:20:02] - SMS: pode vir QG ROTA?, enviou: Lzinn_07 - CEL:[1002]
[03/07/2021 - 20:21:57] - SMS: pode vir QG ROTA?, enviou: Lzinn_07 - CEL:[1002]
[03/07/2021 - 20:23:49] - SMS: ta ae?, enviou: Zuerim_Bahiano - CEL:[7934]
[03/07/2021 - 20:24:04] - SMS: SIM, enviou: Lzinn_07 - CEL:[1002]
[03/07/2021 - 20:24:17] - SMS: vem dp , enviou: Zuerim_Bahiano - CEL:[7934]
[03/07/2021 - 21:16:31] - SMS: POSSO INVADIR????, enviou: Rei_Do_Rolas - CEL:[7417]
[03/07/2021 - 21:34:22] - SMS: POSSO DOMINAR AE?, enviou: Rei_Do_Rolas - CEL:[7417]
[03/07/2021 - 22:49:09] - SMS: vlw, enviou: Scarface04 - CEL:[7357]
[03/07/2021 - 22:51:35] - SMS: precisa de q so biblia, enviou: Scarface04 - CEL:[7357]
[04/07/2021 - 00:12:25] - SMS: VAI DICAR VINDO MATAR AQUUI?, enviou: Rei_Do_Rolas - CEL:[7417]
[04/07/2021 - 14:36:02] - SMS: eae mano, enviou: Scarface04 - CEL:[7357]
[04/07/2021 - 15:38:05] - SMS: SERIO RED?, enviou: Rei_Do_Rolas - CEL:[7417]
[04/07/2021 - 17:55:55] - SMS: visao, enviou: Rei_Do_Rolas - CEL:[7417]
[04/07/2021 - 17:56:10] - SMS: bagui que falei proc n foi proc n, enviou: Rei_Do_Rolas - CEL:[7417]
[04/07/2021 - 17:56:21] - SMS: mais desculpa qualquer coisa, enviou: Rei_Do_Rolas - CEL:[7417]
[04/07/2021 - 17:56:46] - SMS: se entendeu algo de errado., enviou: Rei_Do_Rolas - CEL:[7417]
[04/07/2021 - 17:57:09] - SMS: VCS VAO AJUDA NA INVASAO ?, enviou: jaozinho - CEL:[3514]
[04/07/2021 - 17:57:14] - SMS: VCS VAO AJUDA NA INVASAO ?, enviou: jaozinho - CEL:[3514]
[04/07/2021 - 17:58:11] - SMS: invasao? onde?, enviou: Ezequiel_Saffo - CEL:[6472]
[04/07/2021 - 21:26:05] - SMS: oi mn, enviou: ERIMAX_OLH_PCC - CEL:[5933]
[04/07/2021 - 21:27:08] - SMS: oi mn vc mim recruta, enviou: ERIMAX_OLH_PCC - CEL:[5933]
[04/07/2021 - 21:30:28] - SMS: oi mn vc mim recruta, enviou: ERIMAX_OLH_PCC - CEL:[5933]
[04/07/2021 - 22:14:57] - SMS: CASADO?, enviou: Rei_Do_Rolas - CEL:[7417]
[04/07/2021 - 22:26:10] - SMS: A TALIBAN TA RECRUTANDO E UMA ORG, enviou: Texuguin_ - CEL:[4184]
[05/07/2021 - 05:36:25] - SMS: aonde tu ta quero comprar, enviou: mau_mau - CEL:[9205]
[05/07/2021 - 05:36:51] - SMS: favela turquia, enviou: Bonezinho_TDT - CEL:[7304]
[05/07/2021 - 05:37:43] - SMS: se for vim avisa pra eu te esperar  na porta, enviou: Bonezinho_TDT - CEL:[7304]
[05/07/2021 - 05:38:01] - SMS: vem pier, enviou: mau_mau - CEL:[9205]
[05/07/2021 - 05:38:30] - SMS: a caminho, enviou: Bonezinho_TDT - CEL:[7304]
[05/07/2021 - 05:40:40] - SMS: chegando, enviou: Bonezinho_TDT - CEL:[7304]
[05/07/2021 - 05:40:59] - SMS: to na porta, enviou: mau_mau - CEL:[9205]
[05/07/2021 - 05:44:14] - SMS: tive um avc, enviou: Bonezinho_TDT - CEL:[7304]
[05/07/2021 - 05:44:36] - SMS: ta aonde vou te buscar, enviou: mau_mau - CEL:[9205]
[05/07/2021 - 05:44:46] - SMS: rlx to chegando, enviou: Bonezinho_TDT - CEL:[7304]
[05/07/2021 - 05:45:55] - SMS: vou sacar mais grana se tj chegar fica na porta, enviou: mau_mau - CEL:[9205]
[05/07/2021 - 05:46:07] - SMS: chegguei, enviou: Bonezinho_TDT - CEL:[7304]
[05/07/2021 - 05:47:35] - SMS: estou aqui no final do pier, enviou: Bonezinho_TDT - CEL:[7304]
[05/07/2021 - 05:48:27] - SMS: ta chegando ?, enviou: Bonezinho_TDT - CEL:[7304]
[05/07/2021 - 07:46:54] - SMS: opq, enviou: F7_NXS - CEL:[6479]
[05/07/2021 - 07:47:06] - SMS: nem da o darkizin, enviou: F7_NXS - CEL:[6479]
[05/07/2021 - 07:47:21] - SMS: kkkkkkkkkk, enviou: Bonezinho_TDT - CEL:[7304]
[05/07/2021 - 07:48:35] - SMS: :( fiquei a madruga toda, enviou: F7_NXS - CEL:[6479]
[05/07/2021 - 07:48:58] - SMS: to quase dormindo aqui kkkk, enviou: Bonezinho_TDT - CEL:[7304]
[05/07/2021 - 07:49:25] - SMS: tbm kk, enviou: F7_NXS - CEL:[6479]
[05/07/2021 - 07:55:33] - SMS: vem dc pista, enviou: F7_NXS - CEL:[6479]
[05/07/2021 - 07:57:35] - SMS: vem dc pista, enviou: F7_NXS - CEL:[6479]
[05/07/2021 - 07:58:20] - SMS: vem dc pista, enviou: F7_NXS - CEL:[6479]
[05/07/2021 - 08:03:35] - SMS: ta loko area safe, enviou: F7_NXS - CEL:[6479]
[05/07/2021 - 08:03:39] - SMS: ta loko area safe, enviou: F7_NXS - CEL:[6479]
[05/07/2021 - 08:03:42] - SMS: ta loko area safe, enviou: F7_NXS - CEL:[6479]
[05/07/2021 - 13:57:07] - SMS: posso entrar pda policia, enviou: LITTLE_cyp - CEL:[8595]
[05/07/2021 - 14:16:18] - SMS: posso entrar, enviou: LITTLE_cyp - CEL:[8595]
[05/07/2021 - 14:16:46] - SMS: brota dc da org e manda mensagem  la pfvr , enviou: playbox_silva - CEL:[8040]
[05/07/2021 - 15:28:30] - SMS: TA ONDE?, enviou: Rei_Do_Rolas - CEL:[7417]
[05/07/2021 - 17:30:14] - SMS: eae mam, enviou: playbox_silva - CEL:[8040]
[05/07/2021 - 17:43:52] - SMS: eae mano ta ai?, enviou: Eric_Silva - CEL:[4040]
[05/07/2021 - 17:53:21] - SMS: POSSO IR AE?, enviou: Rei_Do_Rolas - CEL:[7417]
[05/07/2021 - 19:03:23] - SMS: EAE MAM VCS ESTAO ATRAS DE  ALIANCA?, enviou: playbox_silva - CEL:[8040]
[05/07/2021 - 20:27:30] - SMS: atende ai, enviou: Eric_Silva - CEL:[4040]
[06/07/2021 - 00:34:54] - SMS: coloca o titulo , enviou: Carlos_Sales - CEL:[2376]
[06/07/2021 - 02:15:24] - SMS: eae mam vc que fecha uma alianca com  a minha?, enviou: playbox_silva - CEL:[8040]
[06/07/2021 - 02:15:48] - SMS: SOU DE CORP ZE, enviou: Lucas_pinto - CEL:[9920]
[06/07/2021 - 02:16:10] - SMS: n falei cntg n mam, enviou: playbox_silva - CEL:[8040]
[06/07/2021 - 02:20:22] - SMS: cuidado ta tendo muito assalto por aqui, enviou: Zuerim_Bahiano - CEL:[7934]
[06/07/2021 - 02:52:32] - SMS: FAZ MEU CONTRATO, enviou: Carlos_Sales - CEL:[2376]
[06/07/2021 - 02:52:55] - SMS: ok, enviou: mau_mau - CEL:[9205]
[06/07/2021 - 02:53:12] - SMS: ele ta on?, enviou: mau_mau - CEL:[9205]
[06/07/2021 - 02:53:30] - SMS: TA, enviou: Carlos_Sales - CEL:[2376]
[06/07/2021 - 02:53:55] - SMS: qual nome dele, enviou: mau_mau - CEL:[9205]
[06/07/2021 - 02:54:03] - SMS: TEXUGO, enviou: Carlos_Sales - CEL:[2376]
[06/07/2021 - 15:23:08] - SMS: AIIIN , enviou: Lucas_KiLLer - CEL:[3120]
[06/07/2021 - 15:35:11] - SMS: calma real ontem um cara tomo 1/3 por chingamento, enviou: Carlos_Sales - CEL:[2376]
[06/07/2021 - 15:35:22] - SMS: so quero teu bem man, enviou: Carlos_Sales - CEL:[2376]
[06/07/2021 - 18:43:28] - SMS: MATOU PRQ?, enviou: Rei_Do_Rolas - CEL:[7417]
[07/07/2021 - 04:57:48] - SMS: mim botar na sua org, enviou: Bk_dumoster - CEL:[7053]
[07/07/2021 - 04:58:31] - SMS: mim botar na sua org, enviou: Bk_dumoster - CEL:[7053]
[07/07/2021 - 05:00:32] - SMS: vc passou teste?, enviou: Zuerim_Bahiano - CEL:[7934]
[07/07/2021 - 19:01:33] - SMS: PA, enviou: Rei_Do_Rolas - CEL:[7417]
[07/07/2021 - 21:07:43] - SMS: ai me busca aqui no,morro pfv, enviou: Carlos_Sales - CEL:[2376]
[07/07/2021 - 21:42:11] - SMS: mano pago 100k pra vc limpar minha fixa, enviou: texugo_gg - CEL:[1006]
[07/07/2021 - 21:44:30] - SMS: mano pago 100k pra vc limpar minha fixa, enviou: texugo_gg - CEL:[1006]
[07/07/2021 - 21:46:08] - SMS: mano pago 100k pra vc limpar minha fixa, enviou: texugo_gg - CEL:[1006]
[08/07/2021 - 01:02:13] - SMS: tao fazendo contrato pra vc mas eu nao vo te matar, enviou: texugo_gg - CEL:[1006]
[08/07/2021 - 16:14:38] - SMS: ei da /gp vai em hq e vem na taliban min busca pfv se de, enviou: texugo_gg - CEL:[1006]
[08/07/2021 - 16:15:01] - SMS: /gps, enviou: texugo_gg - CEL:[1006]
[08/07/2021 - 16:42:32] - SMS: quer droga MAN, enviou: RAPOZA_BB - CEL:[4062]
[08/07/2021 - 16:43:55] - SMS: QUER DROGA SE QUISER VEM PISTA, enviou: RAPOZA_BB - CEL:[4062]
[08/07/2021 - 16:44:32] - SMS: QUER DROGA SE QUISER VEM PISTA, enviou: RAPOZA_BB - CEL:[4062]
[09/07/2021 - 20:45:20] - SMS: opa ta presizando de soldado , enviou: DaNike.PvP - CEL:[8105]
[10/07/2021 - 03:16:15] - SMS: ;-;, enviou: Rei_Do_Rolas - CEL:[7417]
[10/07/2021 - 15:20:08] - SMS: me seta ae 6eis capa na voz ;-;, enviou: Rei_Do_Rolas - CEL:[7417]
[10/07/2021 - 16:52:18] - SMS: ME CHAMA PRA ORG 6EIS CAPA AQUI, enviou: Rei_Do_Rolas - CEL:[7417]
[10/07/2021 - 18:07:05] - SMS: opa, enviou: RAPOZA_BB - CEL:[4062]
[11/07/2021 - 01:15:07] - SMS: limpa ficha?, enviou: Lucas_pinto - CEL:[9920]
[11/07/2021 - 02:34:20] - SMS: /ANIMLIST, enviou: Rei_Do_Rolas - CEL:[7417]
[11/07/2021 - 03:27:35] - SMS: VEDEM OQUE AE?, enviou: Rei_Do_Rolas - CEL:[7417]
[11/07/2021 - 03:28:50] - SMS: QUANDO QUE TA 500 PEDRA?, enviou: Rei_Do_Rolas - CEL:[7417]
[11/07/2021 - 03:29:12] - SMS: DE CRACK, enviou: Rei_Do_Rolas - CEL:[7417]
[11/07/2021 - 12:12:06] - SMS: bom diaa vida, enviou: Rei_Do_Rolas - CEL:[7417]
[11/07/2021 - 12:19:00] - SMS: AOBA, enviou: Rei_Do_Rolas - CEL:[7417]
[11/07/2021 - 12:20:04] - SMS: opa, enviou: Gust4_FPSx - CEL:[1381]
[11/07/2021 - 13:19:28] - SMS: OUU VC E DOR EXERCITO?, enviou: Rei_Do_Rolas - CEL:[7417]
[11/07/2021 - 13:19:57] - SMS: eu nao sei o low mw convdou, enviou: Gust4_FPSx - CEL:[1381]
[11/07/2021 - 13:20:03] - SMS: eu nao sei o low mw convidou, enviou: Gust4_FPSx - CEL:[1381]
[11/07/2021 - 13:22:45] - SMS: QUER QUANTO PRA LIMPAR MINHA FICHA?, enviou: Rei_Do_Rolas - CEL:[7417]
[11/07/2021 - 15:48:46] - SMS: VAGA AE MAN?, enviou: Rei_Do_Rolas - CEL:[7417]
[11/07/2021 - 15:49:08] - SMS: POSITIVO, enviou: WL_[CHEFE_TDJ] - CEL:[5835]
[11/07/2021 - 15:50:29] - SMS: POSITIVO, enviou: WL_[CHEFE_TDJ] - CEL:[5835]
[11/07/2021 - 20:32:36] - SMS: ;-;, enviou: Rei_Do_Rolas - CEL:[7417]
[11/07/2021 - 20:32:50] - SMS: vem aqui na hq da groove rapido, enviou: TZ_SAMP - CEL:[6676]
[11/07/2021 - 20:33:57] - SMS: vai hq da pcc , enviou: TZ_SAMP - CEL:[6676]
[12/07/2021 - 14:51:43] - SMS: opa mano , enviou: Miguel_Donquixote - CEL:[35845]
[12/07/2021 - 16:00:22] - SMS: aoba quanto ta 500 lsd?, enviou: Rei_Do_Rolas - CEL:[7417]
[12/07/2021 - 16:00:57] - SMS: 65k mn, enviou: TZ_SAMP - CEL:[6676]
[12/07/2021 - 16:01:16] - SMS: onde e a biqueira?, enviou: Rei_Do_Rolas - CEL:[7417]
[12/07/2021 - 16:01:25] - SMS: pista de sket, enviou: TZ_SAMP - CEL:[6676]
[12/07/2021 - 16:01:41] - SMS: indo buscar, enviou: Rei_Do_Rolas - CEL:[7417]
[12/07/2021 - 16:01:50] - SMS: dmr, enviou: TZ_SAMP - CEL:[6676]
[12/07/2021 - 16:12:40] - SMS: vem e mata ele, enviou: Rei_Do_Rolas - CEL:[7417]
[12/07/2021 - 16:13:16] - SMS: ele me deu um tiro e nem foi capa, enviou: TZ_SAMP - CEL:[6676]
[12/07/2021 - 16:13:55] - SMS: vem dnv espera ele ficar parad, enviou: Rei_Do_Rolas - CEL:[7417]
[12/07/2021 - 16:14:11] - SMS: to aqui, enviou: TZ_SAMP - CEL:[6676]
[12/07/2021 - 16:14:29] - SMS: vai ele ta parado, enviou: Rei_Do_Rolas - CEL:[7417]
[12/07/2021 - 16:15:14] - SMS: to viu ne, enviou: TZ_SAMP - CEL:[6676]
[13/07/2021 - 00:47:38] - SMS: eai irmao, enviou: Markola - CEL:[1976]
[13/07/2021 - 00:48:31] - SMS: eai , enviou: Markola - CEL:[1976]
[13/07/2021 - 05:12:18] - SMS: EAE, enviou: Joaozinx_ff - CEL:[9846]
[13/07/2021 - 05:12:34] - SMS: opa, enviou: Low_FPSx - CEL:[4288]
[13/07/2021 - 05:12:58] - SMS: CAIXINHA DA BINCO TA SENDK ROUBADO, enviou: Joaozinx_ff - CEL:[9846]
[13/07/2021 - 05:13:21] - SMS: POSSO FZR PTR COM VCS?, enviou: Joaozinx_ff - CEL:[9846]
[13/07/2021 - 05:13:22] - SMS: AI E FODA FORCOU RP , enviou: Low_FPSx - CEL:[4288]
[13/07/2021 - 05:13:42] - SMS: EU ACABEI DE PASSAR ALI DOIDL, enviou: Joaozinx_ff - CEL:[9846]
[13/07/2021 - 05:13:43] - SMS: PD SIM, enviou: Low_FPSx - CEL:[4288]
[13/07/2021 - 05:13:57] - SMS: ATE ME POCARA, enviou: Joaozinx_ff - CEL:[9846]
[13/07/2021 - 06:08:38] - SMS: EAE, enviou: Joaozinx_ff - CEL:[9846]
[13/07/2021 - 06:09:02] - SMS: TA EM,PTR DE MOTO?, enviou: Joaozinx_ff - CEL:[9846]
[13/07/2021 - 06:09:56] - SMS: ESTOU DE ROCAM, enviou: Isaac_David - CEL:[6794]
[13/07/2021 - 06:10:32] - SMS: ROCAM PODE FAZER PTR SOLO! ESTA NAS REGRAS, enviou: Isaac_David - CEL:[6794]
[13/07/2021 - 06:11:13] - SMS: nao so tava perfuntando mesmo, enviou: Joaozinx_ff - CEL:[9846]
[13/07/2021 - 06:11:47] - SMS: nao estou entendendo, enviou: Isaac_David - CEL:[6794]
[13/07/2021 - 06:12:17] - SMS: nao so tava perguntando porque se nao ia fazer ptr cntg, enviou: Joaozinx_ff - CEL:[9846]
[13/07/2021 - 06:24:44] - SMS: OU BR FAZER PTR?, enviou: Joaozinx_ff - CEL:[9846]
[13/07/2021 - 06:25:02] - SMS: BORA, enviou: Isaac_David - CEL:[6794]
[13/07/2021 - 06:25:27] - SMS: NA SUA BASE TEM OUTRA MOTO?, enviou: Joaozinx_ff - CEL:[9846]
[13/07/2021 - 06:26:00] - SMS: sim mas acho que nao da pra voce pegar, enviou: Isaac_David - CEL:[6794]
[13/07/2021 - 06:26:25] - SMS: PQ MINHA BASE TA SEM MOTO , enviou: Joaozinx_ff - CEL:[9846]
[13/07/2021 - 06:26:54] - SMS: fica aonde voce ta, enviou: Isaac_David - CEL:[6794]
[13/07/2021 - 06:27:19] - SMS: TO NA MINHA BASE, enviou: Joaozinx_ff - CEL:[9846]
[13/07/2021 - 06:27:25] - SMS: vai caixinha, enviou: Isaac_David - CEL:[6794]
[13/07/2021 - 06:27:50] - SMS: TO SOZINHO, enviou: Joaozinx_ff - CEL:[9846]
[13/07/2021 - 15:02:11] - SMS: tem vaga ae, enviou: Rafinha_Brabo - CEL:[1155]
[13/07/2021 - 17:51:40] - SMS: amg , enviou: TZ_SAMP - CEL:[6676]
[13/07/2021 - 17:52:04] - SMS: quer troca de org, enviou: TZ_SAMP - CEL:[6676]
[13/07/2021 - 17:52:21] - SMS: so lide da groove mas quero muito o cv, enviou: TZ_SAMP - CEL:[6676]
[13/07/2021 - 19:40:07] - SMS: ae eu quero me entregar, enviou: Rafinha_Brabo - CEL:[1155]
[13/07/2021 - 19:40:40] - SMS: quero me entregar, enviou: Rafinha_Brabo - CEL:[1155]
[13/07/2021 - 19:40:53] - SMS: quero me entregar, enviou: Rafinha_Brabo - CEL:[1155]
[13/07/2021 - 19:40:54] - SMS: ok vc precisa ter 50 mil e vir na base da rota e eu limpo sua f, enviou: GABRIEL_SAMP - CEL:[1472]
[13/07/2021 - 19:42:48] - SMS: opa como vai o cv, enviou: Rafinha_Brabo - CEL:[1155]
[13/07/2021 - 20:08:12] - SMS: tem vaga no cv?, enviou: Rafinha_Brabo - CEL:[1155]
[13/07/2021 - 20:15:07] - SMS: boa tava testando mira lindao, enviou: Rafinha_Brabo - CEL:[1155]
[13/07/2021 - 20:34:31] - SMS: tem vaga ae, enviou: Rafinha_Brabo - CEL:[1155]
[13/07/2021 - 20:34:43] - SMS: tem sim, enviou: jaozinho - CEL:[64570]
[13/07/2021 - 20:34:56] - SMS: quero teste, enviou: Rafinha_Brabo - CEL:[1155]
[13/07/2021 - 20:35:12] - SMS: ta no dc , enviou: jaozinho - CEL:[64570]
[13/07/2021 - 20:35:28] - SMS: no do cv n, enviou: Rafinha_Brabo - CEL:[1155]
[13/07/2021 - 20:35:35] - SMS: me chama nno pv no dc mh nome e helper jaozinho, enviou: jaozinho - CEL:[64570]
[13/07/2021 - 20:35:53] - SMS: o fala com o kira , enviou: jaozinho - CEL:[64570]
[13/07/2021 - 20:36:03] - SMS: pq vou sair agr, enviou: jaozinho - CEL:[64570]
[13/07/2021 - 20:36:15] - SMS: kira quero teste, enviou: Rafinha_Brabo - CEL:[1155]
[13/07/2021 - 20:36:30] - SMS: tava falando aq com o joaozin, enviou: Rafinha_Brabo - CEL:[1155]
[13/07/2021 - 20:37:04] - SMS: tem vaga ae, enviou: Rafinha_Brabo - CEL:[1155]
[13/07/2021 - 20:40:42] - SMS: tem vaga ae na turquia, enviou: Rafinha_Brabo - CEL:[1155]
[13/07/2021 - 20:41:02] - SMS: SO PRA MENINA, enviou: Rei_Do_Rolas - CEL:[7417]
[13/07/2021 - 20:41:19] - SMS: OXE E O FRESCO E, enviou: Rafinha_Brabo - CEL:[1155]
[13/07/2021 - 20:41:32] - SMS: MAI NE FODA, enviou: Rafinha_Brabo - CEL:[1155]
[13/07/2021 - 20:41:42] - SMS: UE, enviou: Rei_Do_Rolas - CEL:[7417]
[13/07/2021 - 20:42:11] - SMS: ue pq eu n posso entra, enviou: Rafinha_Brabo - CEL:[1155]
[13/07/2021 - 20:44:30] - SMS: vai mn eu quero teste, enviou: Rafinha_Brabo - CEL:[1155]
[13/07/2021 - 20:46:11] - SMS: tem vag ae, enviou: Rafinha_Brabo - CEL:[1155]
[13/07/2021 - 20:46:19] - SMS: tem vaga ae, enviou: Rafinha_Brabo - CEL:[1155]
[13/07/2021 - 20:46:37] - SMS: tem vaga ae, enviou: Rafinha_Brabo - CEL:[1155]
[14/07/2021 - 01:20:50] - SMS: tu me demitiu pq, enviou: Rafinha_Brabo - CEL:[1155]
[14/07/2021 - 01:42:53] - SMS: tapete vem nunka, enviou: ALEMAO_ - CEL:[8956]
[14/07/2021 - 03:09:17] - SMS: TA ONDE MANO, enviou: Joaozinx_ff - CEL:[9846]
[14/07/2021 - 17:27:45] - SMS: opaaa tem vaga ae mn, enviou: Rafinha_Brabo - CEL:[1155]
[14/07/2021 - 17:28:02] - SMS: tem, enviou: Eric_Silva - CEL:[4040]
[14/07/2021 - 17:28:11] - SMS: quero teste, enviou: Rafinha_Brabo - CEL:[1155]
[14/07/2021 - 17:29:01] - SMS: vou onde pra pegar vaga, enviou: Rafinha_Brabo - CEL:[1155]
[14/07/2021 - 17:36:16] - SMS: tem vaga no pcc , enviou: Rafinha_Brabo - CEL:[1155]
[14/07/2021 - 17:40:09] - SMS: cd o teste, enviou: Rafinha_Brabo - CEL:[1155]
[14/07/2021 - 17:40:23] - SMS: quero ser da rota como q faz?, enviou: Rafinha_Brabo - CEL:[1155]
[14/07/2021 - 17:40:32] - SMS: quero ser da rota, enviou: Rafinha_Brabo - CEL:[1155]
[14/07/2021 - 17:41:02] - SMS: vai no dc da rota e vamos fazer o teste com c, enviou: GABRIEL_SAMP - CEL:[1472]
[14/07/2021 - 17:41:39] - SMS: me manda o link me nome no dc   e e o rafa ne vida?, enviou: Rafinha_Brabo - CEL:[1155]
[14/07/2021 - 17:42:12] - SMS: qual e teu nome la mo dc, enviou: Rafinha_Brabo - CEL:[1155]
[14/07/2021 - 17:42:22] - SMS: vai no dc do bvl, enviou: GABRIEL_SAMP - CEL:[1472]
[14/07/2021 - 17:42:24] - SMS: OI SOU LIDER DA ROTA, enviou: DACUNHA - CEL:[3201]
[14/07/2021 - 17:42:32] - SMS: GABRIE MOBILE, enviou: GABRIEL_SAMP - CEL:[1472]
[14/07/2021 - 17:42:43] - SMS: to falando com seu sub aq o gabriel sam, enviou: Rafinha_Brabo - CEL:[1155]
[14/07/2021 - 18:08:43] - SMS: atende o cell e rapido, enviou: Rafinha_Brabo - CEL:[1155]
[14/07/2021 - 18:14:07] - SMS: to la,na ultima sala entra la pra fazer teste cmg , enviou: Rafinha_Brabo - CEL:[1155]
[14/07/2021 - 19:09:33] - SMS: vce da pm?, enviou: MIN3_MIC4 - CEL:[1474]
[14/07/2021 - 20:14:53] - SMS: tem vaga ae, enviou: Rafinha_Brabo - CEL:[1155]
[15/07/2021 - 00:28:07] - SMS: onde fica a r7, enviou: Kaue_R - CEL:[9236]
[15/07/2021 - 07:09:07] - SMS: OII BB , enviou: Joaozinx_ff - CEL:[9846]
[15/07/2021 - 07:14:26] - SMS: EI ESSE VULGO TEM CANCER CONTAGIOSO NAO FICA PERTO DELE, enviou: Joaozinx_ff - CEL:[9846]
[15/07/2021 - 11:46:29] - SMS: aoba, enviou: Rei_Do_Rolas - CEL:[7417]
[15/07/2021 - 13:23:55] - SMS: EI VEM PRACA JA TO AQUI JA, enviou: Sr_Nescau - CEL:[5994]
[15/07/2021 - 15:22:55] - SMS: bora call, enviou: texugo_gg - CEL:[1006]
[15/07/2021 - 22:18:23] - SMS: TU SAIU FOI, enviou: texugo_gg - CEL:[1006]
[15/07/2021 - 22:18:36] - SMS: DA OND ?, enviou: jaozinho - CEL:[64570]
[16/07/2021 - 00:53:33] - SMS: OII BB, enviou: Joaozinx_ff - CEL:[9846]
[16/07/2021 - 14:45:28] - SMS: ME CONVIDA PRA ORG, enviou: Joaozinx_ff - CEL:[9846]
[16/07/2021 - 14:46:35] - SMS: ME DA O CARGO 3 AGR, enviou: Joaozinx_ff - CEL:[9846]
[16/07/2021 - 16:02:25] - SMS: vaga rota?, enviou: Lipe_Nobre - CEL:[7611]
[16/07/2021 - 16:04:20] - SMS: chama eu pa rota =], enviou: Lipe_Nobre - CEL:[7611]
[16/07/2021 - 19:56:30] - SMS: eae mano, enviou: Eric_Silva - CEL:[4040]
[16/07/2021 - 20:01:53] - SMS: vc e de org?, enviou: Eric_Silva - CEL:[4040]
[16/07/2021 - 21:06:04] - SMS: ATIRA EM AMIGO BLZ, enviou: Scarface04 - CEL:[7357]
[17/07/2021 - 00:41:29] - SMS: FAZ REC NO JG?, enviou: DANIEL_DO_TREMM - CEL:[8269]
[17/07/2021 - 00:44:56] - SMS: QUAL ORG?, enviou: DANIEL_DO_TREMM - CEL:[8269]
[17/07/2021 - 00:45:09] - SMS: pc, enviou: Scarface04 - CEL:[7357]
[17/07/2021 - 00:45:34] - SMS: FAZ REC COMIGO, enviou: DANIEL_DO_TREMM - CEL:[8269]
[17/07/2021 - 00:45:51] - SMS: vem base, enviou: Scarface04 - CEL:[7357]
[17/07/2021 - 00:46:37] - SMS: TO PRAÇA PAI BUSCA?, enviou: DANIEL_DO_TREMM - CEL:[6177]
[17/07/2021 - 00:48:41] - SMS: OPA, enviou: DANIEL_DO_TREMM - CEL:[6177]
[17/07/2021 - 00:48:55] - SMS: eae, enviou: playbox_silva - CEL:[8040]
[17/07/2021 - 00:49:12] - SMS: FAZ REEC?, enviou: DANIEL_DO_TREMM - CEL:[6177]
[17/07/2021 - 00:49:22] - SMS: sim, enviou: playbox_silva - CEL:[8040]
[17/07/2021 - 01:57:59] - SMS: EAE TAPETE, enviou: Joaozinx_ff - CEL:[9846]
[17/07/2021 - 01:59:08] - SMS: EAE TAPETE, enviou: Joaozinx_ff - CEL:[9846]
