[28/02/2020 - 13:34:17] - [VENDAS]: winRAR aceitou uma negociação, item: Coração, com 1 unidades por R$0 do jogador cloZe
[25/06/2021 - 15:02:40] - [VENDAS]: texugo_gg aceitou uma negociação, item: Deset Eagle, com 131 unidades por R$0 do jogador lukill_4
[25/06/2021 - 15:56:20] - [VENDAS]: lukill_4 aceitou uma negociação, item: Maconha, com 0 unidades por R$0 do jogador jaozinho
[25/06/2021 - 16:00:33] - [VENDAS]: Kira_Do_Moster aceitou uma negociação, item: MP5, com 90 unidades por R$0 do jogador lukill_4
[25/06/2021 - 16:37:36] - [VENDAS]: iilegal_elemts aceitou uma negociação, item: Maconha, com 0 unidades por R$0 do jogador jaozinho
[25/06/2021 - 17:41:26] - [VENDAS]: iilegal_elemts aceitou uma negociação, item: MP5, com 90 unidades por R$0 do jogador Kira_Do_Moster
[25/06/2021 - 18:37:43] - [VENDAS]: iilegal_elemts aceitou uma negociação, item: Maconha, com 0 unidades por R$0 do jogador Kira_Do_Moster
[26/06/2021 - 06:02:13] - [VENDAS]: itz_eduardo aceitou uma negociação, item: Pizza, com 1 unidades por R$0 do jogador Alerrandro_Cunha
[27/06/2021 - 16:18:12] - [VENDAS]: iilegal_elemts aceitou uma negociação, item: Respeito, com 1 unidades por R$0 do jogador Kira_Do_Moster
[27/06/2021 - 16:28:09] - [VENDAS]: MADRAKINHO aceitou uma negociação, item: Dinheiro, com 8946 unidades por R$0 do jogador Kira_Do_Moster
[27/06/2021 - 19:16:52] - [VENDAS]: Kira_Do_Moster aceitou uma negociação, item: Maconha, com 162 unidades por R$0 do jogador Ezequiel_Saffo
[28/06/2021 - 15:51:12] - [VENDAS]: andre_domi aceitou uma negociação, item: M4, com 249 unidades por R$0 do jogador RAPOZA_BB
[28/06/2021 - 23:33:01] - [VENDAS]: MADRAKINHO aceitou uma negociação, item: LSD, com 100 unidades por R$0 do jogador texugo_gg
[29/06/2021 - 13:12:24] - [VENDAS]: Menor_vl aceitou uma negociação, item: Maconha, com 341 unidades por R$0 do jogador texugo_gg
[29/06/2021 - 13:12:50] - [VENDAS]: Menor_vl aceitou uma negociação, item: Maconha, com 350 unidades por R$0 do jogador texugo_gg
[29/06/2021 - 13:13:13] - [VENDAS]: Menor_vl aceitou uma negociação, item: Maconha, com 329 unidades por R$0 do jogador texugo_gg
[29/06/2021 - 14:41:00] - [VENDAS]: MANDRAKA aceitou uma negociação, item: M4, com 32 unidades por R$0 do jogador jaozinho
[29/06/2021 - 22:58:27] - [VENDAS]: zEverton_Silva aceitou uma negociação, item: Deset Eagle, com 170 unidades por R$0 do jogador Scarface04
[29/06/2021 - 23:04:11] - [VENDAS]: Scarface04 aceitou uma negociação, item: Dinheiro, com 13308 unidades por R$0 do jogador zEverton_Silva
[30/06/2021 - 05:25:47] - [VENDAS]: Vinicius_Russef aceitou uma negociação, item: Maconha, com 366 unidades por R$0 do jogador texugo_gg
[30/06/2021 - 13:21:55] - [VENDAS]: Natan_Insane aceitou uma negociação, item: M4, com 65 unidades por R$0 do jogador Vulgo_Malvadao
[30/06/2021 - 15:22:16] - [VENDAS]: Victor_Insanity aceitou uma negociação, item: Pizza, com 10 unidades por R$0 do jogador Pedrin_.
[30/06/2021 - 15:37:33] - [VENDAS]: Kauan_Santos aceitou uma negociação, item: Pizza, com 10 unidades por R$0 do jogador Pedrin_.
[30/06/2021 - 15:52:24] - [VENDAS]: KPZIN_EXE aceitou uma negociação, item: Maconha, com 1 unidades por R$0 do jogador iilegal_elemts
[01/07/2021 - 13:09:38] - [VENDAS]: Surtado_ff aceitou uma negociação, item: Pizza, com 1 unidades por R$0 do jogador Natan_sousa
[01/07/2021 - 13:10:37] - [VENDAS]: Surtado_ff aceitou uma negociação, item: Garrafa d'água, com 1 unidades por R$0 do jogador Natan_sousa
[01/07/2021 - 14:31:09] - [VENDAS]: jaozinho aceitou uma negociação, item: Respeito, com 2 unidades por R$0 do jogador MANDRAKA
[01/07/2021 - 14:32:35] - [VENDAS]: jaozinho aceitou uma negociação, item: Respeito, com 2 unidades por R$0 do jogador MANDRAKA
[01/07/2021 - 16:34:50] - [VENDAS]: Wagner_Barbosa aceitou uma negociação, item: Maconha, com 40 unidades por R$0 do jogador Sazon
[01/07/2021 - 16:35:09] - [VENDAS]: Wagner_Barbosa aceitou uma negociação, item: Maconha, com 20 unidades por R$0 do jogador Sazon
[01/07/2021 - 16:56:28] - [VENDAS]: VULGO_BK aceitou uma negociação, item: Skin 14, com 1 unidades por R$0 do jogador LITTLE_cyp
[01/07/2021 - 17:12:34] - [VENDAS]: Rei_Jesus aceitou uma negociação, item: Skin 14, com 1 unidades por R$0 do jogador Gefin_DAboca
[01/07/2021 - 17:14:01] - [VENDAS]: Rei_Jesus aceitou uma negociação, item: Skin 16, com 1 unidades por R$0 do jogador Gefin_DAboca
[01/07/2021 - 20:19:51] - [VENDAS]: errieme aceitou uma negociação, item: LSD, com 9 unidades por R$0 do jogador LITTLE_cyp
[01/07/2021 - 20:20:36] - [VENDAS]: errieme aceitou uma negociação, item: LSD, com 2 unidades por R$0 do jogador LITTLE_cyp
[01/07/2021 - 20:41:33] - [VENDAS]: KABUTO_TRALHA aceitou uma negociação, item: Maconha, com 99 unidades por R$0 do jogador Sr_Valzera
[01/07/2021 - 20:45:47] - [VENDAS]: CELUH_GLRT aceitou uma negociação, item: Skin 17, com 1 unidades por R$0 do jogador Gefin_DAboca
[01/07/2021 - 20:45:48] - [VENDAS]: Gabriel_costa aceitou uma negociação, item: Dinamite, com 1 unidades por R$0 do jogador Natan_sousa
[01/07/2021 - 21:44:44] - [VENDAS]: MANDRAK_DELA$ aceitou uma negociação, item: Maconha, com 99 unidades por R$0 do jogador Sr_Valzera
[01/07/2021 - 21:45:02] - [VENDAS]: MANDRAK_DELA$ aceitou uma negociação, item: Maconha, com 99 unidades por R$0 do jogador Sr_Valzera
[01/07/2021 - 21:45:21] - [VENDAS]: MANDRAK_DELA$ aceitou uma negociação, item: Maconha, com 99 unidades por R$0 do jogador Sr_Valzera
[01/07/2021 - 22:55:41] - [VENDAS]: LUFFY aceitou uma negociação, item: Skin 117, com 1 unidades por R$0 do jogador Gefin_DAboca
[01/07/2021 - 22:57:05] - [VENDAS]: LUFFY aceitou uma negociação, item: Skin 115, com 1 unidades por R$0 do jogador Gefin_DAboca
[02/07/2021 - 03:33:42] - [VENDAS]: Nevasca_TDT aceitou uma negociação, item: Garrafa d'água, com 1 unidades por R$0 do jogador Rei_Do_Rolas
[02/07/2021 - 03:35:03] - [VENDAS]: Nevasca_TDT aceitou uma negociação, item: Pizza, com 1 unidades por R$0 do jogador Bonezinho_TDT
[02/07/2021 - 03:35:26] - [VENDAS]: Bonezinho_TDT aceitou uma negociação, item: Maconha, com 1 unidades por R$0 do jogador Rei_Do_Rolas
[02/07/2021 - 03:53:43] - [VENDAS]: Emerson_Monster aceitou uma negociação, item: Maconha, com 1 unidades por R$0 do jogador Rei_Do_Rolas
[02/07/2021 - 04:01:17] - [VENDAS]: Nevasca_TDT aceitou uma negociação, item: Garrafa d'água, com 1 unidades por R$0 do jogador Bonezinho_TDT
[02/07/2021 - 04:01:39] - [VENDAS]: KAKA_TDT aceitou uma negociação, item: Garrafa d'água, com 1 unidades por R$0 do jogador Bonezinho_TDT
[02/07/2021 - 04:02:01] - [VENDAS]: KAKA_TDT aceitou uma negociação, item: Garrafa d'água, com 1 unidades por R$0 do jogador Bonezinho_TDT
[02/07/2021 - 04:06:38] - [VENDAS]: Nevasca_TDT aceitou uma negociação, item: Pizza, com 1 unidades por R$0 do jogador Bonezinho_TDT
[02/07/2021 - 04:06:51] - [VENDAS]: Nevasca_TDT aceitou uma negociação, item: Pizza, com 1 unidades por R$0 do jogador Bonezinho_TDT
[02/07/2021 - 04:07:24] - [VENDAS]: Nevasca_TDT aceitou uma negociação, item: Pizza, com 1 unidades por R$0 do jogador Bonezinho_TDT
[02/07/2021 - 04:26:16] - [VENDAS]: Parlota_Lcs aceitou uma negociação, item: Maconha, com 1 unidades por R$0 do jogador Rei_Do_Rolas
[02/07/2021 - 07:00:41] - [VENDAS]: F7_NXS aceitou uma negociação, item: Garrafa d'água, com 1 unidades por R$1 do jogador Bonezinho_TDT
[02/07/2021 - 07:00:59] - [VENDAS]: F7_NXS aceitou uma negociação, item: Garrafa d'água, com 1 unidades por R$1 do jogador Bonezinho_TDT
[02/07/2021 - 07:49:03] - [VENDAS]: F7_NXS aceitou uma negociação, item: Deset Eagle, com 74 unidades por R$1 do jogador Bonezinho_TDT
[02/07/2021 - 13:30:07] - [VENDAS]: Maicon_Lopes aceitou uma negociação, item: Pizza, com 2 unidades por R$1 do jogador VULGO_BK
[02/07/2021 - 13:34:34] - [VENDAS]: Menor_vl aceitou uma negociação, item: Maconha, com 10 unidades por R$0 do jogador Sr_Valzera
[02/07/2021 - 13:46:37] - [VENDAS]: Red_beiramar aceitou uma negociação, item: Dinamite, com 1 unidades por R$0 do jogador Menor_vl
[02/07/2021 - 16:11:36] - [VENDAS]: jaozinho aceitou uma negociação, item: Dinamite, com 1 unidades por R$0 do jogador Kira_Do_Moster
[02/07/2021 - 18:37:38] - [VENDAS]: jaozinho aceitou uma negociação, item: Dinamite, com 1 unidades por R$0 do jogador Menor_vl
[03/07/2021 - 01:05:44] - [VENDAS]: batista_TDT aceitou uma negociação, item: Pizza, com 1 unidades por R$0 do jogador KAKA_TDT
[03/07/2021 - 01:07:00] - [VENDAS]: batista_TDT aceitou uma negociação, item: Garrafa d'água, com 1 unidades por R$0 do jogador KAKA_TDT
[03/07/2021 - 01:07:19] - [VENDAS]: Sam_TDT aceitou uma negociação, item: Pizza, com 1 unidades por R$0 do jogador KAKA_TDT
[03/07/2021 - 01:07:34] - [VENDAS]: Sam_TDT aceitou uma negociação, item: Garrafa d'água, com 1 unidades por R$0 do jogador KAKA_TDT
[03/07/2021 - 01:11:33] - [VENDAS]: Jack_Gaming aceitou uma negociação, item: Shotgun, com 1100 unidades por R$0 do jogador jaozinho
[03/07/2021 - 02:48:38] - [VENDAS]: KAKA_TDT aceitou uma negociação, item: Deset Eagle, com 170 unidades por R$0 do jogador Sam_TDT
[03/07/2021 - 03:25:16] - [VENDAS]: cleber aceitou uma negociação, item: Maconha, com 0 unidades por R$0 do jogador gabe_fril
[03/07/2021 - 12:58:21] - [VENDAS]: Luffy_los aceitou uma negociação, item: Skin 115, com 1 unidades por R$0 do jogador Gefin_DAboca
[03/07/2021 - 13:42:58] - [VENDAS]: Madara_uchirra00 aceitou uma negociação, item: Dinamite, com 1 unidades por R$0 do jogador Jhony_hd
[03/07/2021 - 14:43:33] - [VENDAS]: Luffy_los aceitou uma negociação, item: Dinamite, com 1 unidades por R$0 do jogador Gefin_DAboca
[03/07/2021 - 17:42:41] - [VENDAS]: IGOR_12 aceitou uma negociação, item: Skin 19, com 1 unidades por R$0 do jogador Rei_Do_Rolas
[03/07/2021 - 18:26:16] - [VENDAS]: Rei_Do_Rolas aceitou uma negociação, item: Garrafa d'água, com 1 unidades por R$0 do jogador KAKA_TDT
[03/07/2021 - 18:26:45] - [VENDAS]: Rei_Do_Rolas aceitou uma negociação, item: Garrafa d'água, com 1 unidades por R$0 do jogador KAKA_TDT
[03/07/2021 - 20:13:01] - [VENDAS]: BKINHO_TDT aceitou uma negociação, item: Skin 264, com 1 unidades por R$0 do jogador MELIODAS_444
[03/07/2021 - 20:16:29] - [VENDAS]: vitin_TDT aceitou uma negociação, item: RPG Teleguiado, com 198 unidades por R$0 do jogador batista_TDT
[03/07/2021 - 20:23:40] - [VENDAS]: jc04 aceitou uma negociação, item: M4, com 999 unidades por R$0 do jogador Red_beiramar
[03/07/2021 - 20:59:44] - [VENDAS]: Parlota_Lcs aceitou uma negociação, item: Pizza, com 1 unidades por R$0 do jogador KAKA_TDT
[03/07/2021 - 20:59:56] - [VENDAS]: Parlota_Lcs aceitou uma negociação, item: Pizza, com 1 unidades por R$0 do jogador KAKA_TDT
[03/07/2021 - 21:00:27] - [VENDAS]: Parlota_Lcs aceitou uma negociação, item: Pizza, com 1 unidades por R$0 do jogador KAKA_TDT
[03/07/2021 - 21:00:46] - [VENDAS]: Parlota_Lcs aceitou uma negociação, item: Pizza, com 1 unidades por R$0 do jogador KAKA_TDT
[03/07/2021 - 21:01:04] - [VENDAS]: Parlota_Lcs aceitou uma negociação, item: Garrafa d'água, com 1 unidades por R$0 do jogador KAKA_TDT
[03/07/2021 - 21:01:19] - [VENDAS]: batista_TDT aceitou uma negociação, item: Pizza, com 1 unidades por R$0 do jogador KAKA_TDT
[03/07/2021 - 21:01:38] - [VENDAS]: batista_TDT aceitou uma negociação, item: Garrafa d'água, com 1 unidades por R$0 do jogador KAKA_TDT
[04/07/2021 - 00:29:31] - [VENDAS]: jc04 aceitou uma negociação, item: M4, com 457 unidades por R$0 do jogador SMOKE_ZX
[04/07/2021 - 00:50:39] - [VENDAS]: Atrit_Abaddon aceitou uma negociação, item: MedKit, com 1 unidades por R$0 do jogador KAKA_TDT
[04/07/2021 - 00:52:34] - [VENDAS]: ruanno_beiramar aceitou uma negociação, item: MedKit, com 1 unidades por R$0 do jogador SMOKE_ZX
[04/07/2021 - 05:48:51] - [VENDAS]: renan_viana aceitou uma negociação, item: Pizza, com 10 unidades por R$0 do jogador Ares
[04/07/2021 - 15:33:09] - [VENDAS]: Haridade aceitou uma negociação, item: AK-47, com 400 unidades por R$1 do jogador Atrit_Abaddon
[04/07/2021 - 15:33:51] - [VENDAS]: Haridade aceitou uma negociação, item: M4, com 300 unidades por R$1 do jogador Atrit_Abaddon
[04/07/2021 - 15:34:20] - [VENDAS]: Atrit_Abaddon aceitou uma negociação, item: M4, com 300 unidades por R$1 do jogador Haridade
[04/07/2021 - 15:36:29] - [VENDAS]: Parlota_Lcs aceitou uma negociação, item: Sniper, com 50 unidades por R$1 do jogador Atrit_Abaddon
[04/07/2021 - 15:36:49] - [VENDAS]: Parlota_Lcs aceitou uma negociação, item: M4, com 181 unidades por R$1 do jogador Atrit_Abaddon
[04/07/2021 - 16:19:03] - [VENDAS]: OROCHI_RP aceitou uma negociação, item: Skin 115, com 1 unidades por R$0 do jogador Gefin_DAboca
[04/07/2021 - 16:20:57] - [VENDAS]: OROCHI_RP aceitou uma negociação, item: Desconhecido, com 1 unidades por R$0 do jogador Gefin_DAboca
[04/07/2021 - 16:23:26] - [VENDAS]: Kauan_Santos aceitou uma negociação, item: MedKit, com 1 unidades por R$0 do jogador VULGO_BK
[04/07/2021 - 16:31:32] - [VENDAS]: KPZIN_EXE aceitou uma negociação, item: MedKit, com 1 unidades por R$0 do jogador SMOKE_ZX
[04/07/2021 - 17:00:35] - [VENDAS]: LITTLE_cyp aceitou uma negociação, item: Deset Eagle, com 100 unidades por R$0 do jogador RAFORI_yt
[04/07/2021 - 17:13:39] - [VENDAS]: Haridade aceitou uma negociação, item: Sniper, com 25 unidades por R$0 do jogador Parlota_Lcs
[04/07/2021 - 17:21:21] - [VENDAS]: Alexx_Tururu aceitou uma negociação, item: MedKit, com 1 unidades por R$0 do jogador VULGO_BK
[04/07/2021 - 17:56:47] - [VENDAS]: Jvzin_Zoldick aceitou uma negociação, item: Garrafa d'água, com 2 unidades por R$0 do jogador VULGO_BK
[04/07/2021 - 18:13:52] - [VENDAS]: lukill_ aceitou uma negociação, item: MP5, com 100 unidades por R$0 do jogador wesley_uchiha
[04/07/2021 - 18:13:57] - [VENDAS]: lukill_ aceitou uma negociação, item: Deset Eagle, com 250 unidades por R$0 do jogador Haridade
[04/07/2021 - 18:56:34] - [VENDAS]: Haridade aceitou uma negociação, item: Pizza, com 1 unidades por R$0 do jogador batista_TDT
[04/07/2021 - 21:34:59] - [VENDAS]: Red_beiramar aceitou uma negociação, item: Pizza, com 1 unidades por R$0 do jogador batista_TDT
[04/07/2021 - 21:35:18] - [VENDAS]: Red_beiramar aceitou uma negociação, item: Garrafa d'água, com 1 unidades por R$0 do jogador batista_TDT
[04/07/2021 - 22:15:12] - [VENDAS]: Vgzinn aceitou uma negociação, item: Maconha, com 500 unidades por R$0 do jogador Gefin_DAboca
[04/07/2021 - 22:15:30] - [VENDAS]: Vgzinn aceitou uma negociação, item: Maconha, com 500 unidades por R$0 do jogador Gefin_DAboca
[04/07/2021 - 22:15:51] - [VENDAS]: Vgzinn aceitou uma negociação, item: Maconha, com 500 unidades por R$0 do jogador Gefin_DAboca
[04/07/2021 - 22:16:04] - [VENDAS]: Vgzinn aceitou uma negociação, item: Maconha, com 500 unidades por R$0 do jogador Gefin_DAboca
[04/07/2021 - 22:16:19] - [VENDAS]: Vgzinn aceitou uma negociação, item: Maconha, com 500 unidades por R$0 do jogador Gefin_DAboca
[04/07/2021 - 22:16:32] - [VENDAS]: Vgzinn aceitou uma negociação, item: Maconha, com 500 unidades por R$0 do jogador Gefin_DAboca
[04/07/2021 - 22:16:55] - [VENDAS]: Vgzinn aceitou uma negociação, item: Maconha, com 500 unidades por R$0 do jogador Gefin_DAboca
[04/07/2021 - 22:17:18] - [VENDAS]: Vgzinn aceitou uma negociação, item: Maconha, com 500 unidades por R$0 do jogador Gefin_DAboca
[04/07/2021 - 22:17:30] - [VENDAS]: Vgzinn aceitou uma negociação, item: Maconha, com 500 unidades por R$0 do jogador Gefin_DAboca
[04/07/2021 - 22:17:43] - [VENDAS]: Vgzinn aceitou uma negociação, item: Maconha, com 500 unidades por R$0 do jogador Gefin_DAboca
[04/07/2021 - 22:17:58] - [VENDAS]: Vgzinn aceitou uma negociação, item: Maconha, com 500 unidades por R$0 do jogador Gefin_DAboca
[04/07/2021 - 22:18:10] - [VENDAS]: Vgzinn aceitou uma negociação, item: Maconha, com 500 unidades por R$0 do jogador Gefin_DAboca
[04/07/2021 - 22:18:24] - [VENDAS]: Vgzinn aceitou uma negociação, item: Maconha, com 500 unidades por R$0 do jogador Gefin_DAboca
[04/07/2021 - 22:18:40] - [VENDAS]: Vgzinn aceitou uma negociação, item: Maconha, com 500 unidades por R$0 do jogador Gefin_DAboca
[04/07/2021 - 22:23:05] - [VENDAS]: jaozinho aceitou uma negociação, item: Pizza, com 1 unidades por R$0 do jogador VULGO_BK
[04/07/2021 - 22:23:24] - [VENDAS]: jaozinho aceitou uma negociação, item: Pizza, com 2 unidades por R$0 do jogador VULGO_BK
[04/07/2021 - 22:24:01] - [VENDAS]: jaozinho aceitou uma negociação, item: Skin 293, com 1 unidades por R$0 do jogador VULGO_BK
[04/07/2021 - 22:27:32] - [VENDAS]: carioca_zk aceitou uma negociação, item: Dinamite, com 1 unidades por R$0 do jogador OROCHI_RP
[04/07/2021 - 22:27:43] - [VENDAS]: carioca_zk aceitou uma negociação, item: Maconha, com 500 unidades por R$0 do jogador Gefin_DAboca
[04/07/2021 - 22:29:02] - [VENDAS]: carioca_zk aceitou uma negociação, item: Skin 115, com 1 unidades por R$0 do jogador Gefin_DAboca
[05/07/2021 - 00:06:41] - [VENDAS]: Pedro_Kaua aceitou uma negociação, item: Skin 115, com 1 unidades por R$0 do jogador Gefin_DAboca
[05/07/2021 - 00:10:24] - [VENDAS]: Gefin_DAboca aceitou uma negociação, item: Caixa Supresa Bronze, com 1 unidades por R$0 do jogador Luffy_los
[05/07/2021 - 04:08:11] - [VENDAS]: Zuerim_Bahiano aceitou uma negociação, item: Skin 285, com 1 unidades por R$0 do jogador cleberson_pinto
[05/07/2021 - 05:51:28] - [VENDAS]: mau_mau aceitou uma negociação, item: RPG Teleguiado, com 5 unidades por R$0 do jogador Bonezinho_TDT
[05/07/2021 - 05:51:59] - [VENDAS]: Rei_Do_Rolas aceitou uma negociação, item: Garrafa d'água, com 1 unidades por R$0 do jogador lukill_
[05/07/2021 - 05:55:51] - [VENDAS]: mau_mau aceitou uma negociação, item: Respeito, com 2 unidades por R$0 do jogador Bonezinho_TDT
[05/07/2021 - 05:56:19] - [VENDAS]: mau_mau aceitou uma negociação, item: Deset Eagle, com 980 unidades por R$0 do jogador Bonezinho_TDT
[05/07/2021 - 07:15:09] - [VENDAS]: F7_NXS aceitou uma negociação, item: Skin 289, com 1 unidades por R$0 do jogador kauan_da_GROTA
[05/07/2021 - 08:04:22] - [VENDAS]: Bonezinho_TDT aceitou uma negociação, item: Maconha, com 316 unidades por R$0 do jogador mau_mau
[05/07/2021 - 08:04:42] - [VENDAS]: Bonezinho_TDT aceitou uma negociação, item: Maconha, com 322 unidades por R$0 do jogador mau_mau
[05/07/2021 - 12:25:07] - [VENDAS]: alfa_go aceitou uma negociação, item: Maconha, com 50 unidades por R$0 do jogador Gefin_DAboca
[05/07/2021 - 12:26:06] - [VENDAS]: alfa_go aceitou uma negociação, item: MP5, com 200 unidades por R$0 do jogador Gefin_DAboca
[05/07/2021 - 15:18:45] - [VENDAS]: Gefin_DAboca aceitou uma negociação, item: Caixa Supresa Bronze, com 1 unidades por R$0 do jogador Luffy_los
[05/07/2021 - 15:35:04] - [VENDAS]: OROCHI_RP aceitou uma negociação, item: Skin 115, com 1 unidades por R$0 do jogador Gefin_DAboca
[05/07/2021 - 16:25:50] - [VENDAS]: BOBI.ImT aceitou uma negociação, item: Deset Eagle, com 150 unidades por R$0 do jogador Texuguin_
[05/07/2021 - 16:45:34] - [VENDAS]: Vnx aceitou uma negociação, item: Deset Eagle, com 20 unidades por R$0 do jogador VULGO_BK
[05/07/2021 - 18:11:49] - [VENDAS]: carioca_zk aceitou uma negociação, item: Garrafa d'água, com 1 unidades por R$0 do jogador OROCHI_RP
[05/07/2021 - 21:07:42] - [VENDAS]: BOBI.ImT aceitou uma negociação, item: Respeito, com 1 unidades por R$0 do jogador Texuguin_
[05/07/2021 - 22:43:03] - [VENDAS]: Leonardo_Beiramar aceitou uma negociação, item: Dinheiro, com 13045 unidades por R$0 do jogador Gabrielzin_Maniok
[05/07/2021 - 23:04:30] - [VENDAS]: kayk aceitou uma negociação, item: Skin 115, com 1 unidades por R$0 do jogador Gefin_DAboca
[05/07/2021 - 23:04:50] - [VENDAS]: Moreno_DAboca aceitou uma negociação, item: Skin 115, com 1 unidades por R$0 do jogador Gefin_DAboca
[06/07/2021 - 02:06:11] - [VENDAS]: Gabrielzin_Maniok aceitou uma negociação, item: M4, com 300 unidades por R$0 do jogador Leticia_maniok
[06/07/2021 - 03:03:54] - [VENDAS]: Luffy_los aceitou uma negociação, item: Maconha, com 50 unidades por R$0 do jogador Moreno_DAboca
[06/07/2021 - 03:04:10] - [VENDAS]: Luffy_los aceitou uma negociação, item: Maconha, com 47 unidades por R$0 do jogador Moreno_DAboca
[06/07/2021 - 03:04:20] - [VENDAS]: Luffy_los aceitou uma negociação, item: Maconha, com 50 unidades por R$0 do jogador Moreno_DAboca
[06/07/2021 - 03:04:32] - [VENDAS]: Luffy_los aceitou uma negociação, item: Maconha, com 50 unidades por R$0 do jogador Moreno_DAboca
[06/07/2021 - 03:04:41] - [VENDAS]: Luffy_los aceitou uma negociação, item: Maconha, com 50 unidades por R$0 do jogador Moreno_DAboca
[06/07/2021 - 03:04:51] - [VENDAS]: Luffy_los aceitou uma negociação, item: Maconha, com 50 unidades por R$0 do jogador Moreno_DAboca
[06/07/2021 - 03:37:27] - [VENDAS]: Luska_silva aceitou uma negociação, item: Dinamite, com 1 unidades por R$0 do jogador kurt_444
[06/07/2021 - 03:56:34] - [VENDAS]: kurt_444 aceitou uma negociação, item: Dinamite, com 1 unidades por R$0 do jogador Luska_silva
[06/07/2021 - 17:29:01] - [VENDAS]: WL_[CHEFE_TDJ] aceitou uma negociação, item: Maconha, com 50 unidades por R$0 do jogador OROCHI_RP
[06/07/2021 - 18:57:43] - [VENDAS]: Leticia_maniok aceitou uma negociação, item: Dinheiro, com 12184 unidades por R$0 do jogador Gabrielzin_Maniok
[06/07/2021 - 18:58:01] - [VENDAS]: Leticia_maniok aceitou uma negociação, item: Garrafa d'água, com 1 unidades por R$0 do jogador Gabrielzin_Maniok
[06/07/2021 - 22:58:59] - [VENDAS]: GRINGOGG aceitou uma negociação, item: M4, com 150 unidades por R$0 do jogador HARlDADE
[07/07/2021 - 04:12:40] - [VENDAS]: Elton aceitou uma negociação, item: Skin 154, com 1 unidades por R$0 do jogador VULGO_BK
[07/07/2021 - 04:13:02] - [VENDAS]: BKZINHO_RP aceitou uma negociação, item: Skin 19, com 1 unidades por R$0 do jogador VULGO_BK
[07/07/2021 - 16:47:54] - [VENDAS]: vrauvia aceitou uma negociação, item: MP5, com 282 unidades por R$0 do jogador kaiozinff
[07/07/2021 - 17:02:22] - [VENDAS]: vrauvia aceitou uma negociação, item: Pizza, com 1 unidades por R$0 do jogador kaiozinff
[07/07/2021 - 22:04:11] - [VENDAS]: Carneiro aceitou uma negociação, item: Dinamite, com 1 unidades por R$0 do jogador VULGO_C4
[08/07/2021 - 01:09:41] - [VENDAS]: KAKAZINHO_TDT aceitou uma negociação, item: Skin 119, com 1 unidades por R$0 do jogador Rei_Do_Rolas
[08/07/2021 - 01:56:41] - [VENDAS]: SAMUEL_GC aceitou uma negociação, item: M4, com 341 unidades por R$0 do jogador Borges_Escobar
[08/07/2021 - 04:23:00] - [VENDAS]: Miguel_Donquixote aceitou uma negociação, item: CB, com 1 unidades por R$0 do jogador Pedroo_999
[08/07/2021 - 04:42:41] - [VENDAS]: vinicius aceitou uma negociação, item: Sniper, com 100 unidades por R$0 do jogador JOSE_CUNHA
[08/07/2021 - 04:43:09] - [VENDAS]: vinicius aceitou uma negociação, item: Deset Eagle, com 250 unidades por R$0 do jogador JOSE_CUNHA
[08/07/2021 - 04:43:21] - [VENDAS]: vinicius aceitou uma negociação, item: MP5, com 300 unidades por R$0 do jogador JOSE_CUNHA
[08/07/2021 - 04:43:41] - [VENDAS]: vinicius aceitou uma negociação, item: M4, com 300 unidades por R$0 do jogador JOSE_CUNHA
[08/07/2021 - 18:54:43] - [VENDAS]: vulgo_135 aceitou uma negociação, item: Dinamite, com 1 unidades por R$0 do jogador HARlDADE
[08/07/2021 - 19:54:31] - [VENDAS]: Rei_Do_Rolas aceitou uma negociação, item: Dinamite, com 1 unidades por R$0 do jogador VULGO_C4
[09/07/2021 - 00:50:20] - [VENDAS]: Pedro_MgPK aceitou uma negociação, item: Respeito, com 2 unidades por R$0 do jogador Real_Train
[09/07/2021 - 00:50:38] - [VENDAS]: Pedro_MgPK aceitou uma negociação, item: Respeito, com 1 unidades por R$0 do jogador Real_Train
[09/07/2021 - 02:34:57] - [VENDAS]: SNOOPY.sx aceitou uma negociação, item: Shotgun, com 110 unidades por R$0 do jogador novin_77
[09/07/2021 - 03:39:31] - [VENDAS]: Trem_balaXD aceitou uma negociação, item: Deset Eagle, com 250 unidades por R$0 do jogador HARlDADE
[09/07/2021 - 05:20:35] - [VENDAS]: HARlDADE aceitou uma negociação, item: Deset Eagle, com 250 unidades por R$0 do jogador Trem_balaXD
[09/07/2021 - 17:19:03] - [VENDAS]: Real_Train aceitou uma negociação, item: Caixa Supresa Prata, com 1 unidades por R$0 do jogador BKZINN_014
[09/07/2021 - 17:19:47] - [VENDAS]: Real_Train aceitou uma negociação, item: Caixa Supresa Prata, com 1 unidades por R$0 do jogador BKZINN_014
[09/07/2021 - 17:22:04] - [VENDAS]: Real_Train aceitou uma negociação, item: Caixa Supresa Ouro, com 1 unidades por R$0 do jogador BKZINN_014
[09/07/2021 - 17:22:27] - [VENDAS]: Real_Train aceitou uma negociação, item: Caixa Supresa Ouro, com 1 unidades por R$0 do jogador BKZINN_014
[09/07/2021 - 18:02:03] - [VENDAS]: mau_mau aceitou uma negociação, item: M4, com 493 unidades por R$0 do jogador JOAO_VITOR_YT
[10/07/2021 - 02:54:45] - [VENDAS]: vulgo_135 aceitou uma negociação, item: Maconha, com 50 unidades por R$0 do jogador Trem_balaXD
[10/07/2021 - 17:28:16] - [VENDAS]: Low_FPSx aceitou uma negociação, item: Maconha, com 9 unidades por R$0 do jogador Crazy_FPSx
[10/07/2021 - 18:14:30] - [VENDAS]: KPZIN_EXE aceitou uma negociação, item: Maconha, com 0 unidades por R$0 do jogador exe_sad
[10/07/2021 - 21:16:12] - [VENDAS]: Crazy_FPSx aceitou uma negociação, item: Spray, com 4000 unidades por R$0 do jogador Rafael_FPSx
[10/07/2021 - 21:57:51] - [VENDAS]: Crazy_FPSx aceitou uma negociação, item: Spray, com 5994 unidades por R$0 do jogador Rafael_FPSx
[10/07/2021 - 22:27:11] - [VENDAS]: Lucas_pinto aceitou uma negociação, item: Maconha, com 49 unidades por R$0 do jogador Trem_balaXD
[11/07/2021 - 00:43:47] - [VENDAS]: VULGO_BK aceitou uma negociação, item: Cocaina, com 100 unidades por R$0 do jogador RAPOZA_BB
[11/07/2021 - 00:44:21] - [VENDAS]: RAPOZA_BB aceitou uma negociação, item: Cocaina, com 100 unidades por R$0 do jogador VULGO_BK
[11/07/2021 - 01:20:38] - [VENDAS]: Lucas_pinto aceitou uma negociação, item: RPG Teleguiado, com 5 unidades por R$0 do jogador HARlDADE
[11/07/2021 - 01:59:21] - [VENDAS]: Lucas_pinto aceitou uma negociação, item: Maconha, com 41 unidades por R$0 do jogador vulgo_135
[11/07/2021 - 01:59:43] - [VENDAS]: Lucas_pinto aceitou uma negociação, item: Maconha, com 50 unidades por R$0 do jogador vulgo_135
[11/07/2021 - 01:59:55] - [VENDAS]: Lucas_pinto aceitou uma negociação, item: Maconha, com 50 unidades por R$0 do jogador vulgo_135
[11/07/2021 - 02:00:26] - [VENDAS]: Lucas_pinto aceitou uma negociação, item: Maconha, com 50 unidades por R$0 do jogador vulgo_135
[11/07/2021 - 07:26:30] - [VENDAS]: eduardo aceitou uma negociação, item: M4, com 256 unidades por R$0 do jogador Joaozinx_ff
[11/07/2021 - 18:02:12] - [VENDAS]: Trashzx_gta3 aceitou uma negociação, item: Dinamite, com 1 unidades por R$0 do jogador KINGZIN.Fe
[11/07/2021 - 19:42:06] - [VENDAS]: Joaozinx_ff aceitou uma negociação, item: Dinamite, com 1 unidades por R$0 do jogador KINGZIN.Fe
[11/07/2021 - 21:37:14] - [VENDAS]: NK_Duart aceitou uma negociação, item: M4, com 25 unidades por R$0 do jogador Kauan_Churritos
[12/07/2021 - 00:39:37] - [VENDAS]: TDT_MAndrakinho aceitou uma negociação, item: Deset Eagle, com 199 unidades por R$0 do jogador Pelezin_Walker
[12/07/2021 - 00:40:14] - [VENDAS]: TDT_MAndrakinho aceitou uma negociação, item: M4, com 200 unidades por R$0 do jogador Pelezin_Walker
[12/07/2021 - 00:40:32] - [VENDAS]: TDT_MAndrakinho aceitou uma negociação, item: MP5, com 200 unidades por R$0 do jogador Pelezin_Walker
[12/07/2021 - 00:41:02] - [VENDAS]: TDT_MAndrakinho aceitou uma negociação, item: Shotgun, com 150 unidades por R$0 do jogador Pelezin_Walker
[12/07/2021 - 16:07:07] - [VENDAS]: Rei_Do_Rolas aceitou uma negociação, item: LSD, com 100 unidades por R$0 do jogador TZ_SAMP
[12/07/2021 - 16:07:19] - [VENDAS]: Rei_Do_Rolas aceitou uma negociação, item: LSD, com 100 unidades por R$0 do jogador TZ_SAMP
[12/07/2021 - 16:07:42] - [VENDAS]: Rei_Do_Rolas aceitou uma negociação, item: LSD, com 100 unidades por R$0 do jogador TZ_SAMP
[12/07/2021 - 16:07:53] - [VENDAS]: Rei_Do_Rolas aceitou uma negociação, item: LSD, com 100 unidades por R$0 do jogador TZ_SAMP
[12/07/2021 - 16:38:18] - [VENDAS]: Rei_Do_Rolas aceitou uma negociação, item: Cocaina, com 100 unidades por R$0 do jogador TZ_SAMP
[12/07/2021 - 16:38:33] - [VENDAS]: Red_beiramar aceitou uma negociação, item: Cocaina, com 100 unidades por R$0 do jogador TZ_SAMP
[12/07/2021 - 16:38:52] - [VENDAS]: Rei_Do_Rolas aceitou uma negociação, item: Cocaina, com 100 unidades por R$0 do jogador TZ_SAMP
[12/07/2021 - 16:39:04] - [VENDAS]: Rei_Do_Rolas aceitou uma negociação, item: Cocaina, com 100 unidades por R$0 do jogador TZ_SAMP
[12/07/2021 - 16:39:15] - [VENDAS]: Rei_Do_Rolas aceitou uma negociação, item: Cocaina, com 100 unidades por R$0 do jogador TZ_SAMP
[12/07/2021 - 16:56:41] - [VENDAS]: FALIDIN_FPS aceitou uma negociação, item: Maconha, com 0 unidades por R$0 do jogador ruanno_beiramar
[12/07/2021 - 21:35:00] - [VENDAS]: WL_[CHEFE_TDJ] aceitou uma negociação, item: RPG Teleguiado, com 241 unidades por R$0 do jogador Willifergam
[12/07/2021 - 23:39:34] - [VENDAS]: Rei_Do_Rolas aceitou uma negociação, item: Maconha, com 100 unidades por R$0 do jogador TZ_SAMP
[12/07/2021 - 23:39:44] - [VENDAS]: Rei_Do_Rolas aceitou uma negociação, item: Maconha, com 100 unidades por R$0 do jogador TZ_SAMP
[12/07/2021 - 23:39:53] - [VENDAS]: Rei_Do_Rolas aceitou uma negociação, item: Maconha, com 1 unidades por R$0 do jogador TZ_SAMP
[12/07/2021 - 23:40:05] - [VENDAS]: Rei_Do_Rolas aceitou uma negociação, item: Maconha, com 100 unidades por R$0 do jogador TZ_SAMP
[12/07/2021 - 23:40:22] - [VENDAS]: Rei_Do_Rolas aceitou uma negociação, item: Maconha, com 100 unidades por R$0 do jogador TZ_SAMP
[12/07/2021 - 23:40:32] - [VENDAS]: Rei_Do_Rolas aceitou uma negociação, item: Maconha, com 100 unidades por R$0 do jogador TZ_SAMP
[13/07/2021 - 04:22:32] - [VENDAS]: Phablo_pikaseca aceitou uma negociação, item: MP5, com 100 unidades por R$0 do jogador Rodinei_pikaseca
[13/07/2021 - 05:39:40] - [VENDAS]: TZ_SAMP aceitou uma negociação, item: Dinamite, com 1 unidades por R$0 do jogador Jhonatan_Ribeiro
[13/07/2021 - 06:26:04] - [VENDAS]: Jhonatan_Ribeiro aceitou uma negociação, item: Maconha, com 92 unidades por R$0 do jogador TZ_SAMP
[13/07/2021 - 16:35:40] - [VENDAS]: lucas_tralha aceitou uma negociação, item: Nenhum Item, com 0 unidades por R$0 do jogador Guilherme_Tralha
[13/07/2021 - 18:58:24] - [VENDAS]: Luckyn_Beiramar aceitou uma negociação, item: Skin 17, com 1 unidades por R$0 do jogador Trem_balaXD
[13/07/2021 - 18:59:40] - [VENDAS]: Luckyn_Beiramar aceitou uma negociação, item: Skin 25, com 1 unidades por R$0 do jogador Trem_balaXD
[13/07/2021 - 19:34:08] - [VENDAS]: Bkey_DuMonster aceitou uma negociação, item: Caixa Supresa Ouro, com 1 unidades por R$0 do jogador jaozinho
[13/07/2021 - 21:43:40] - [VENDAS]: Kaique_Jhonatann aceitou uma negociação, item: Caixa Supresa Prata, com 1 unidades por R$0 do jogador FX_baiano
[13/07/2021 - 23:39:30] - [VENDAS]: MIN3_MIC4 aceitou uma negociação, item: Dinamite, com 1 unidades por R$0 do jogador Jhonatan_Ribeiro
[14/07/2021 - 00:13:03] - [VENDAS]: tutu_777 aceitou uma negociação, item: Maconha, com 1 unidades por R$0 do jogador Sr_Nescau
[14/07/2021 - 02:55:20] - [VENDAS]: TZ_SAMP aceitou uma negociação, item: Maconha, com 1 unidades por R$0 do jogador Jhonatan_Ribeiro
[14/07/2021 - 04:36:14] - [VENDAS]: SilverL aceitou uma negociação, item: RPG Teleguiado, com 5 unidades por R$0 do jogador Joaozinx_ff
[14/07/2021 - 04:38:26] - [VENDAS]: SilverL aceitou uma negociação, item: Faca, com 1 unidades por R$0 do jogador Joaozinx_ff
[14/07/2021 - 04:53:29] - [VENDAS]: SilverL aceitou uma negociação, item: Respeito, com 1 unidades por R$0 do jogador Joaozinx_ff
[14/07/2021 - 04:53:45] - [VENDAS]: SilverL aceitou uma negociação, item: Respeito, com 2 unidades por R$0 do jogador Joaozinx_ff
[14/07/2021 - 04:54:04] - [VENDAS]: SilverL aceitou uma negociação, item: Dinheiro, com 14851 unidades por R$0 do jogador Joaozinx_ff
[14/07/2021 - 15:10:13] - [VENDAS]: careca aceitou uma negociação, item: MP5, com 80 unidades por R$0 do jogador Scarface04
[14/07/2021 - 15:31:24] - [VENDAS]: Mascara.exe aceitou uma negociação, item: Skin 293, com 1 unidades por R$0 do jogador Joaozinx_ff
[14/07/2021 - 15:52:30] - [VENDAS]: careca aceitou uma negociação, item: Dinamite, com 1 unidades por R$0 do jogador fabri_rp
[14/07/2021 - 17:48:48] - [VENDAS]: Isaac_David aceitou uma negociação, item: Pau Roxo, com 5 unidades por R$0 do jogador FX_baiano
[14/07/2021 - 17:54:58] - [VENDAS]: MICA aceitou uma negociação, item: Skin 294, com 1 unidades por R$0 do jogador Americ_Samp
[14/07/2021 - 17:56:07] - [VENDAS]: Americ_Samp aceitou uma negociação, item: Skin 294, com 1 unidades por R$0 do jogador MICA
[14/07/2021 - 17:56:31] - [VENDAS]: MICA aceitou uma negociação, item: Skin 293, com 1 unidades por R$0 do jogador Americ_Samp
[14/07/2021 - 18:25:45] - [VENDAS]: WL_[CHEFE_TDJ] aceitou uma negociação, item: RPG Teleguiado, com 50 unidades por R$0 do jogador Mascara.exe
[14/07/2021 - 20:22:47] - [VENDAS]: Gago.du.pvpaxx.$ aceitou uma negociação, item: Skin 289, com 1 unidades por R$0 do jogador Fanho.du.pvpaxx.$
[14/07/2021 - 20:39:54] - [VENDAS]: fabri_rp aceitou uma negociação, item: M4, com 999 unidades por R$0 do jogador Markola
[14/07/2021 - 20:40:09] - [VENDAS]: Gago.du.pvpaxx.$ aceitou uma negociação, item: Deset Eagle, com 964 unidades por R$0 do jogador Markola
[14/07/2021 - 21:01:07] - [VENDAS]: Fanho.du.pvpaxx.$ aceitou uma negociação, item: Deset Eagle, com 820 unidades por R$0 do jogador fabri_rp
[14/07/2021 - 21:02:05] - [VENDAS]: Gago.du.pvpaxx.$ aceitou uma negociação, item: M4, com 999 unidades por R$0 do jogador Fanho.du.pvpaxx.$
[14/07/2021 - 21:13:43] - [VENDAS]: Fanho.du.pvpaxx.$ aceitou uma negociação, item: Deset Eagle, com 998 unidades por R$0 do jogador Gago.du.pvpaxx.$
[14/07/2021 - 21:36:32] - [VENDAS]: Gago.du.pvpaxx.$ aceitou uma negociação, item: Skin 294, com 1 unidades por R$0 do jogador Fanho.du.pvpaxx.$
[14/07/2021 - 22:35:59] - [VENDAS]: Gago.du.pvpaxx.$ aceitou uma negociação, item: Deset Eagle, com 998 unidades por R$0 do jogador Fanho.du.pvpaxx.$
[14/07/2021 - 22:52:11] - [VENDAS]: Fanho.du.pvpaxx.$ aceitou uma negociação, item: Maconha, com 1 unidades por R$0 do jogador Gago.du.pvpaxx.$
[14/07/2021 - 23:13:28] - [VENDAS]: ruanno_beiramar aceitou uma negociação, item: Pizza, com 1 unidades por R$0 do jogador JILSU_bruxo
[14/07/2021 - 23:13:41] - [VENDAS]: ruanno_beiramar aceitou uma negociação, item: Pizza, com 1 unidades por R$0 do jogador JILSU_bruxo
[14/07/2021 - 23:54:30] - [VENDAS]: Trax_JK aceitou uma negociação, item: Caixa Supresa Prata, com 1 unidades por R$0 do jogador jaozinho
[15/07/2021 - 00:26:18] - [VENDAS]: David_Moura aceitou uma negociação, item: Dinamite, com 1 unidades por R$0 do jogador LUCKYN_BEIRAMAR
[15/07/2021 - 00:41:19] - [VENDAS]: David_Moura aceitou uma negociação, item: Deset Eagle, com 999 unidades por R$0 do jogador LUCKYN_BEIRAMAR
[15/07/2021 - 00:41:34] - [VENDAS]: David_Moura aceitou uma negociação, item: M4, com 999 unidades por R$0 do jogador LUCKYN_BEIRAMAR
[15/07/2021 - 01:31:45] - [VENDAS]: WL_[CHEFE_TDJ] aceitou uma negociação, item: Caixa Supresa Bronze, com 1 unidades por R$0 do jogador Patrick_GG
[15/07/2021 - 02:35:34] - [VENDAS]: MenorM aceitou uma negociação, item: Maconha, com 0 unidades por R$0 do jogador Kaue_R
[15/07/2021 - 02:38:29] - [VENDAS]: MenorM aceitou uma negociação, item: Deset Eagle, com 100 unidades por R$0 do jogador Kaue_R
[15/07/2021 - 02:48:03] - [VENDAS]: ALEx_AMARAL aceitou uma negociação, item: Dinamite, com 1 unidades por R$0 do jogador Markola
[15/07/2021 - 02:57:06] - [VENDAS]: fabri_rp aceitou uma negociação, item: Dinamite, com 1 unidades por R$0 do jogador Markola
[15/07/2021 - 04:29:48] - [VENDAS]: JOAOZIN_SAMP aceitou uma negociação, item: Pizza, com 1 unidades por R$0 do jogador Markola
[15/07/2021 - 04:30:07] - [VENDAS]: DK_BERLIN aceitou uma negociação, item: Pizza, com 1 unidades por R$0 do jogador Markola
[15/07/2021 - 04:43:39] - [VENDAS]: Kauan_Churritos aceitou uma negociação, item: Maconha, com 347 unidades por R$0 do jogador edu_play
[15/07/2021 - 05:45:56] - [VENDAS]: TZ_SAMP aceitou uma negociação, item: Dinamite, com 1 unidades por R$0 do jogador POZE_DO_RODO
[15/07/2021 - 06:05:02] - [VENDAS]: JONATAS_RP aceitou uma negociação, item: Dinamite, com 1 unidades por R$0 do jogador TZ_SAMP
[15/07/2021 - 06:30:43] - [VENDAS]: vulgo_135 aceitou uma negociação, item: Pizza, com 1 unidades por R$0 do jogador Joaozinx_ff
[15/07/2021 - 06:39:33] - [VENDAS]: TZ_SAMP aceitou uma negociação, item: Dinamite, com 1 unidades por R$0 do jogador POZE_DO_RODO
[15/07/2021 - 07:21:01] - [VENDAS]: vulgo_135 aceitou uma negociação, item: Faca, com 1 unidades por R$0 do jogador Joaozinx_ff
[15/07/2021 - 09:50:05] - [VENDAS]: CV_ninja aceitou uma negociação, item: Vara, com 4 unidades por R$0 do jogador FX_baiano
[15/07/2021 - 13:58:03] - [VENDAS]: Smb_DuMoster aceitou uma negociação, item: Kit De Reparo, com 1 unidades por R$5000 do jogador DACUNHA
[15/07/2021 - 17:00:29] - [VENDAS]: Sr_Nescau aceitou uma negociação, item: Maconha, com 50 unidades por R$0 do jogador Djonatan_Silva
[15/07/2021 - 17:55:17] - [VENDAS]: DANILO_CASTRO aceitou uma negociação, item: Dinamite, com 1 unidades por R$0 do jogador POZE_DO_RODO
[15/07/2021 - 17:56:33] - [VENDAS]: DANILO_CASTRO aceitou uma negociação, item: Dinamite, com 1 unidades por R$0 do jogador TZ_SAMP
[15/07/2021 - 19:45:56] - [VENDAS]: KABUTO_TRALHA aceitou uma negociação, item: Dinamite, com 1 unidades por R$0 do jogador JILSU_ELETROPAUU
[15/07/2021 - 20:14:23] - [VENDAS]: R7_PATRAO aceitou uma negociação, item: Caixa Supresa Prata, com 1 unidades por R$0 do jogador R7_PATROA
[15/07/2021 - 20:22:13] - [VENDAS]: R7_PATROA aceitou uma negociação, item: Skin 90, com 1 unidades por R$0 do jogador R7_PATRAO
[15/07/2021 - 20:22:24] - [VENDAS]: jaozinho aceitou uma negociação, item: Caixa Supresa Ouro, com 1 unidades por R$0 do jogador Kira_Do_Moster
[15/07/2021 - 20:23:53] - [VENDAS]: R7_PATRAO aceitou uma negociação, item: Skin 0, com 1 unidades por R$0 do jogador R7_PATROA
[15/07/2021 - 20:33:10] - [VENDAS]: Mascara.exe2 aceitou uma negociação, item: Sniper, com 46 unidades por R$0 do jogador Patrick_GG
[15/07/2021 - 22:50:38] - [VENDAS]: F7_NXS aceitou uma negociação, item: R1, com 1 unidades por R$0 do jogador Vgzinn
[15/07/2021 - 22:55:33] - [VENDAS]: mel_tralha aceitou uma negociação, item: Pizza, com 3 unidades por R$0 do jogador VULGO_BK
[15/07/2021 - 23:24:26] - [VENDAS]: Kauan_Churritos aceitou uma negociação, item: Kit De Reparo, com 1 unidades por R$0 do jogador Joaozinx_ff
[15/07/2021 - 23:35:52] - [VENDAS]: careca aceitou uma negociação, item: Maconha, com 1 unidades por R$0 do jogador Sr_Nescau
[16/07/2021 - 00:45:20] - [VENDAS]: Borges_Escobar aceitou uma negociação, item: Dinamite, com 1 unidades por R$0 do jogador KINGZIN.Fe
[16/07/2021 - 01:14:48] - [VENDAS]: Muniz_ aceitou uma negociação, item: Skin 21, com 1 unidades por R$0 do jogador Joaozinx_ff
[16/07/2021 - 01:15:40] - [VENDAS]: Muniz_ aceitou uma negociação, item: Skin 294, com 1 unidades por R$0 do jogador Patrick_GG
[16/07/2021 - 02:59:12] - [VENDAS]: Isaac_David aceitou uma negociação, item: Kit De Reparo, com 1 unidades por R$0 do jogador FX_baiano
[16/07/2021 - 02:59:28] - [VENDAS]: Isaac_David aceitou uma negociação, item: Kit De Reparo, com 1 unidades por R$0 do jogador FX_baiano
[16/07/2021 - 02:59:47] - [VENDAS]: Isaac_David aceitou uma negociação, item: Kit De Reparo, com 1 unidades por R$0 do jogador FX_baiano
[16/07/2021 - 03:06:06] - [VENDAS]: FX_baiano aceitou uma negociação, item: Para-Quedas, com 1 unidades por R$0 do jogador Isaac_David
[16/07/2021 - 03:06:41] - [VENDAS]: Isaac_David aceitou uma negociação, item: RPG Teleguiado, com 1 unidades por R$0 do jogador FX_baiano
[16/07/2021 - 06:21:47] - [VENDAS]: R7_PATRAO aceitou uma negociação, item: Skin 230, com 1 unidades por R$0 do jogador VULGO_BK
[16/07/2021 - 17:08:45] - [VENDAS]: FX_baiano aceitou uma negociação, item: Kit De Reparo, com 1 unidades por R$0 do jogador Isaac_David
[16/07/2021 - 19:00:17] - [VENDAS]: Derek_3838 aceitou uma negociação, item: Dinamite, com 1 unidades por R$0 do jogador LUCKYN_BEIRAMAR
[16/07/2021 - 23:58:19] - [VENDAS]: luiz_fabiano aceitou uma negociação, item: Para-Quedas, com 1 unidades por R$0 do jogador Isaac_David
[16/07/2021 - 23:59:32] - [VENDAS]: Theuzin_mta aceitou uma negociação, item: Deset Eagle, com 199 unidades por R$0 do jogador Gago.du.pvpaxx.$
[17/07/2021 - 00:01:55] - [VENDAS]: FX_baiano aceitou uma negociação, item: Para-Quedas, com 1 unidades por R$0 do jogador Isaac_David
[17/07/2021 - 00:18:08] - [VENDAS]: DBZ_TRALHA aceitou uma negociação, item: Skin 89, com 1 unidades por R$0 do jogador mel_tralha
[17/07/2021 - 01:09:32] - [VENDAS]: zFTC_RUAN aceitou uma negociação, item: Skin 289, com 1 unidades por R$0 do jogador cjzinho_cj
[17/07/2021 - 01:22:07] - [VENDAS]: playbox_silva aceitou uma negociação, item: Dinamite, com 1 unidades por R$0 do jogador cjzinho_cj
[17/07/2021 - 01:24:50] - [VENDAS]: Isaac_David aceitou uma negociação, item: RPG Teleguiado, com 1 unidades por R$0 do jogador FX_baiano
[17/07/2021 - 01:25:17] - [VENDAS]: HARlDADE aceitou uma negociação, item: RPG Teleguiado, com 1 unidades por R$0 do jogador FX_baiano
[17/07/2021 - 03:09:55] - [VENDAS]: Dr4XxX aceitou uma negociação, item: R1, com 1 unidades por R$0 do jogador F7_NXS
